#
# There is insufficient memory for the Java Runtime Environment to continue.
# Native memory allocation (mmap) failed to map 566231040 bytes. Error detail: G1 virtual space
# Possible reasons:
#   The system is out of physical RAM or swap space
#   This process is running with CompressedOops enabled, and the Java Heap may be blocking the growth of the native heap
# Possible solutions:
#   Reduce memory load on the system
#   Increase physical memory or swap space
#   Check if swap backing store is full
#   Decrease Java heap size (-Xmx/-Xms)
#   Decrease number of Java threads
#   Decrease Java thread stack sizes (-Xss)
#   Set larger code cache with -XX:ReservedCodeCacheSize=
#   JVM is running with Zero Based Compressed Oops mode in which the Java heap is
#     placed in the first 32GB address space. The Java Heap base address is the
#     maximum limit for the native heap growth. Please use -XX:HeapBaseMinAddress
#     to set the Java Heap base and to place the Java Heap above 32GB virtual address.
# This output file may be truncated or incomplete.
#
#  Out of Memory Error (os_windows.cpp:3583), pid=19644, tid=1088
#
# JRE version: Java(TM) SE Runtime Environment (26.0.1+8) (build 26.0.1+8-34)
# Java VM: Java HotSpot(TM) 64-Bit Server VM (26.0.1+8-34, mixed mode, sharing, tiered, compressed oops, compressed class ptrs, g1 gc, windows-amd64)
# No core dump will be written. Minidumps are not enabled by default on client versions of Windows
#

---------------  S U M M A R Y ------------

Command Line: --add-opens=java.base/java.lang=ALL-UNNAMED --add-opens=java.base/java.lang.invoke=ALL-UNNAMED --add-opens=java.base/java.util=ALL-UNNAMED --add-opens=java.prefs/java.util.prefs=ALL-UNNAMED --add-exports=jdk.compiler/com.sun.tools.javac.api=ALL-UNNAMED --add-exports=jdk.compiler/com.sun.tools.javac.util=ALL-UNNAMED --add-opens=java.base/java.util=ALL-UNNAMED --add-opens=java.prefs/java.util.prefs=ALL-UNNAMED --add-opens=java.base/java.nio.charset=ALL-UNNAMED --add-opens=java.base/java.net=ALL-UNNAMED --add-opens=java.base/java.util.concurrent=ALL-UNNAMED --add-opens=java.base/java.util.concurrent.atomic=ALL-UNNAMED --add-opens=java.xml/javax.xml.namespace=ALL-UNNAMED --add-opens=java.base/java.time=ALL-UNNAMED --enable-native-access=ALL-UNNAMED -XX:MaxMetaspaceSize=512m -XX:+HeapDumpOnOutOfMemoryError -Xmx4096m -Dfile.encoding=UTF-8 -Duser.country=US -Duser.language=en -Duser.variant -javaagent:C:\Users\lenovo\.gradle\wrapper\dists\gradle-9.4.1-bin\arn2x92ynaizyzdaamcbpbhtj\gradle-9.4.1\lib\agents\gradle-instrumentation-agent-9.4.1.jar org.gradle.launcher.daemon.bootstrap.GradleDaemon 9.4.1

Host: 11th Gen Intel(R) Core(TM) i5-1135G7 @ 2.40GHz, 8 cores, 3G,  Windows 11 , 64 bit Build 26100 (10.0.26100.8737)
Time: Thu Jul 16 02:01:08 2026 E. Africa Standard Time elapsed time: 210.380504 seconds (0d 0h 3m 30s)

---------------  T H R E A D  ---------------

Current thread (0x0000022b1c061370):  VMThread "VM Thread"          [id=1088, stack(0x0000006fd3700000,0x0000006fd3800000) (1024K)]

Stack: [0x0000006fd3700000,0x0000006fd3800000]
Native frames: (J=compiled Java code, j=interpreted, Vv=VM code, C=native code)
V  [jvm.dll+0x7d5879]  (no source info available)
V  [jvm.dll+0x7a37dd]  (no source info available)
V  [jvm.dll+0x9b0c10]  (no source info available)
V  [jvm.dll+0x9b3061]  (no source info available)
V  [jvm.dll+0x9b3773]  (no source info available)
V  [jvm.dll+0x30df76]  (no source info available)
V  [jvm.dll+0x7d4d45]  (no source info available)
V  [jvm.dll+0x7c7f07]  (no source info available)
V  [jvm.dll+0x4087e8]  (no source info available)
V  [jvm.dll+0x410b56]  (no source info available)
V  [jvm.dll+0x3fcef4]  (no source info available)
V  [jvm.dll+0x3fd1e5]  (no source info available)
V  [jvm.dll+0x3d3b6f]  (no source info available)
V  [jvm.dll+0x3d6ddc]  (no source info available)
V  [jvm.dll+0x4223ec]  (no source info available)
V  [jvm.dll+0x420d33]  (no source info available)
V  [jvm.dll+0x3d3308]  (no source info available)
V  [jvm.dll+0x4200f3]  (no source info available)
V  [jvm.dll+0x9b9c21]  (no source info available)
V  [jvm.dll+0x9babeb]  (no source info available)
V  [jvm.dll+0x9bb0fc]  (no source info available)
V  [jvm.dll+0x9bb579]  (no source info available)
V  [jvm.dll+0x9bb823]  (no source info available)
V  [jvm.dll+0x94f649]  (no source info available)
V  [jvm.dll+0x7d7358]  (no source info available)
C  [ucrtbase.dll+0x2cd30]  (no source info available)
C  [KERNEL32.DLL+0x2e957]  (no source info available)
C  [ntdll.dll+0xaad6c]  (no source info available)

VM_Operation (0x0000006fd4ef0958): G1CollectForAllocation, mode: safepoint, requested by thread 0x0000022b2113c590


---------------  P R O C E S S  ---------------

Threads class SMR info:
_java_thread_list=0x0000022b237db3d0, length=33, elements={
0x0000022b79c34d50, 0x0000022b1c075220, 0x0000022b1c076540, 0x0000022b79ce7890,
0x0000022b1c083300, 0x0000022b1c082b30, 0x0000022b1c084a70, 0x0000022b1c093a70,
0x0000022b1c0a0e00, 0x0000022b1c0888f0, 0x0000022b1c088120, 0x0000022b1c08a060,
0x0000022b1cbdf100, 0x0000022b1cbe3750, 0x0000022b1cbe4ec0, 0x0000022b1cbe2f80,
0x0000022b1cbe5690, 0x0000022b2113a650, 0x0000022b2113c590, 0x0000022b21138ee0,
0x0000022b2113bdc0, 0x0000022b1c81a5f0, 0x0000022b1c817ee0, 0x0000022b1c81c530,
0x0000022b1c81d4d0, 0x0000022b232e08a0, 0x0000022b232e3780, 0x0000022b232e2fb0,
0x0000022b232e4ef0, 0x0000022b232e4720, 0x0000022b232e56c0, 0x0000022b232e5e90,
0x0000022b232e7600
}

Java Threads: ( => current thread )
  0x0000022b79c34d50 JavaThread "main"                              [_thread_blocked, id=3328, stack(0x0000006fd2f00000,0x0000006fd3000000) (1024K)]
  0x0000022b1c075220 JavaThread "Reference Handler"          daemon [_thread_blocked, id=15648, stack(0x0000006fd3800000,0x0000006fd3900000) (1024K)]
  0x0000022b1c076540 JavaThread "Finalizer"                  daemon [_thread_blocked, id=15032, stack(0x0000006fd3900000,0x0000006fd3a00000) (1024K)]
  0x0000022b79ce7890 JavaThread "Signal Dispatcher"          daemon [_thread_blocked, id=13760, stack(0x0000006fd3a00000,0x0000006fd3b00000) (1024K)]
  0x0000022b1c083300 JavaThread "Attach Listener"            daemon [_thread_blocked, id=16288, stack(0x0000006fd3b00000,0x0000006fd3c00000) (1024K)]
  0x0000022b1c082b30 JavaThread "Service Thread"             daemon [_thread_blocked, id=12716, stack(0x0000006fd3c00000,0x0000006fd3d00000) (1024K)]
  0x0000022b1c084a70 JavaThread "Monitor Deflation Thread"   daemon [_thread_blocked, id=9804, stack(0x0000006fd3d00000,0x0000006fd3e00000) (1024K)]
  0x0000022b1c093a70 JavaThread "C2 CompilerThread0"         daemon [_thread_blocked, id=20208, stack(0x0000006fd3e00000,0x0000006fd3f00000) (1024K)]
  0x0000022b1c0a0e00 JavaThread "C1 CompilerThread0"         daemon [_thread_blocked, id=14080, stack(0x0000006fd3f00000,0x0000006fd4000000) (1024K)]
  0x0000022b1c0888f0 JavaThread "Common-Cleaner"             daemon [_thread_blocked, id=14644, stack(0x0000006fd4000000,0x0000006fd4100000) (1024K)]
  0x0000022b1c088120 JavaThread "Notification Thread"        daemon [_thread_blocked, id=16232, stack(0x0000006fd4100000,0x0000006fd4200000) (1024K)]
  0x0000022b1c08a060 JavaThread "Daemon health stats"               [_thread_blocked, id=20008, stack(0x0000006fd4300000,0x0000006fd4400000) (1024K)]
  0x0000022b1cbdf100 JavaThread "Incoming local TCP Connector on port 62642"        [_thread_in_native, id=19468, stack(0x0000006fd4400000,0x0000006fd4500000) (1024K)]
  0x0000022b1cbe3750 JavaThread "Daemon periodic checks"            [_thread_blocked, id=4136, stack(0x0000006fd4900000,0x0000006fd4a00000) (1024K)]
  0x0000022b1cbe4ec0 JavaThread "InnocuousThread-1"          daemon [_thread_blocked, id=2508, stack(0x0000006fd4a00000,0x0000006fd4b00000) (1024K)]
  0x0000022b1cbe2f80 JavaThread "Daemon"                            [_thread_blocked, id=9540, stack(0x0000006fd4b00000,0x0000006fd4c00000) (1024K)]
  0x0000022b1cbe5690 JavaThread "Handler for socket connection from /127.0.0.1:62642 to /127.0.0.1:62643"        [_thread_in_native, id=4932, stack(0x0000006fd4c00000,0x0000006fd4d00000) (1024K)]
  0x0000022b2113a650 JavaThread "Cancel handler"                    [_thread_blocked, id=4184, stack(0x0000006fd4d00000,0x0000006fd4e00000) (1024K)]
  0x0000022b2113c590 JavaThread "Daemon worker"                     [_thread_blocked, id=13900, stack(0x0000006fd4e00000,0x0000006fd4f00000) (1024K)]
  0x0000022b21138ee0 JavaThread "Asynchronous log dispatcher for DefaultDaemonConnection: socket connection from /127.0.0.1:62642 to /127.0.0.1:62643"        [_thread_blocked, id=6372, stack(0x0000006fd4f00000,0x0000006fd5000000) (1024K)]
  0x0000022b2113bdc0 JavaThread "Stdin handler"                     [_thread_blocked, id=11600, stack(0x0000006fd5000000,0x0000006fd5100000) (1024K)]
  0x0000022b1c81a5f0 JavaThread "Daemon client event forwarder"        [_thread_blocked, id=8780, stack(0x0000006fd5100000,0x0000006fd5200000) (1024K)]
  0x0000022b1c817ee0 JavaThread "Cache worker for journal cache (C:\Users\lenovo\.gradle\caches\journal-1)"        [_thread_blocked, id=19288, stack(0x0000006fd5400000,0x0000006fd5500000) (1024K)]
  0x0000022b1c81c530 JavaThread "File lock request listener"        [_thread_in_native, id=10716, stack(0x0000006fd5500000,0x0000006fd5600000) (1024K)]
  0x0000022b1c81d4d0 JavaThread "Cache worker for file hash cache (C:\Users\lenovo\.gradle\caches\9.4.1\fileHashes)"        [_thread_blocked, id=11244, stack(0x0000006fd5600000,0x0000006fd5700000) (1024K)]
  0x0000022b232e08a0 JavaThread "Cache worker for file hash cache (C:\Users\lenovo\Projects\Transport simulation\TransportsimAndroid\.gradle\9.4.1\fileHashes)"        [_thread_blocked, id=8808, stack(0x0000006fd5700000,0x0000006fd5800000) (1024K)]
  0x0000022b232e3780 JavaThread "Cache worker for Build Output Cleanup Cache (C:\Users\lenovo\Projects\Transport simulation\TransportsimAndroid\.gradle\buildOutputCleanup)"        [_thread_blocked, id=11508, stack(0x0000006fd5800000,0x0000006fd5900000) (1024K)]
  0x0000022b232e2fb0 JavaThread "File watcher server"        daemon [_thread_in_native, id=2368, stack(0x0000006fd5900000,0x0000006fd5a00000) (1024K)]
  0x0000022b232e4ef0 JavaThread "File watcher consumer"      daemon [_thread_blocked, id=12692, stack(0x0000006fd5a00000,0x0000006fd5b00000) (1024K)]
  0x0000022b232e4720 JavaThread "Cache worker for file content cache (C:\Users\lenovo\.gradle\caches\9.4.1\fileContent)"        [_thread_blocked, id=13284, stack(0x0000006fd5b00000,0x0000006fd5c00000) (1024K)]
  0x0000022b232e56c0 JavaThread "Cache worker for checksums cache (C:\Users\lenovo\Projects\Transport simulation\TransportsimAndroid\.gradle\9.4.1\checksums)"        [_thread_blocked, id=13936, stack(0x0000006fd5c00000,0x0000006fd5d00000) (1024K)]
  0x0000022b232e5e90 JavaThread "Cache worker for cache directory md-supplier (C:\Users\lenovo\.gradle\caches\9.4.1\md-supplier)"        [_thread_blocked, id=14912, stack(0x0000006fd2d00000,0x0000006fd2e00000) (1024K)]
  0x0000022b232e7600 JavaThread "Cache worker for cache directory md-rule (C:\Users\lenovo\.gradle\caches\9.4.1\md-rule)"        [_thread_blocked, id=19956, stack(0x0000006fd2e00000,0x0000006fd2f00000) (1024K)]
Total: 33

Other Threads:
=>0x0000022b1c061370 VMThread "VM Thread"                           [id=1088, stack(0x0000006fd3700000,0x0000006fd3800000) (1024K)]
  0x0000022b1c0515f0 WatcherThread "VM Periodic Task Thread"        [id=10652, stack(0x0000006fd3600000,0x0000006fd3700000) (1024K)]
  0x0000022b79c82f90 WorkerThread "GC Thread#0"                     [id=13096, stack(0x0000006fd3000000,0x0000006fd3100000) (1024K)]
  0x0000022b1c376d20 WorkerThread "GC Thread#1"                     [id=8888, stack(0x0000006fd4200000,0x0000006fd4300000) (1024K)]
  0x0000022b21122110 WorkerThread "GC Thread#2"                     [id=2072, stack(0x0000006fd4500000,0x0000006fd4600000) (1024K)]
  0x0000022b226bb6b0 WorkerThread "GC Thread#3"                     [id=4600, stack(0x0000006fd4600000,0x0000006fd4700000) (1024K)]
  0x0000022b226bc7f0 WorkerThread "GC Thread#4"                     [id=5788, stack(0x0000006fd4700000,0x0000006fd4800000) (1024K)]
  0x0000022b226bb260 WorkerThread "GC Thread#5"                     [id=16524, stack(0x0000006fd4800000,0x0000006fd4900000) (1024K)]
  0x0000022b226ba120 WorkerThread "GC Thread#6"                     [id=1488, stack(0x0000006fd5200000,0x0000006fd5300000) (1024K)]
  0x0000022b226bbb00 WorkerThread "GC Thread#7"                     [id=9844, stack(0x0000006fd5300000,0x0000006fd5400000) (1024K)]
  0x0000022b79c9d060 ConcurrentGCThread "G1 Main Marker"            [id=8680, stack(0x0000006fd3100000,0x0000006fd3200000) (1024K)]
  0x0000022b79c9f0f0 WorkerThread "G1 Conc#0"                       [id=13212, stack(0x0000006fd3200000,0x0000006fd3300000) (1024K)]
  0x0000022b226bae10 WorkerThread "G1 Conc#1"                       [id=18124, stack(0x0000006fd2c00000,0x0000006fd2d00000) (1024K)]
  0x0000022b79ce01f0 WorkerThread "G1 Refinement Workers#0"         [id=16624, stack(0x0000006fd3400000,0x0000006fd3500000) (1024K)]
  0x0000022b79cdd570 ConcurrentGCThread "G1 Refine Control"         [id=16984, stack(0x0000006fd3300000,0x0000006fd3400000) (1024K)]
  0x0000022b79ce2590 ConcurrentGCThread "G1 Service"                [id=3948, stack(0x0000006fd3500000,0x0000006fd3600000) (1024K)]
Total: 16

Threads with active compile tasks:
C2 CompilerThread0  213672 6664   !   4       org.jetbrains.kotlin.metadata.ProtoBuf$Function::<init> (1811 bytes)
Total: 1

VM state: at safepoint (normal execution)

VM Mutex/Monitor currently owned by a thread:  ([mutex/lock_event])
[0x00007ffd9f64ed08] Threads_lock - owner thread: 0x0000022b1c061370
[0x00007ffd9f64ef88] Heap_lock - owner thread: 0x0000022b2113c590

Heap address: 0x0000000700000000, size: 4096 MB, Compressed Oops mode: Zero based, Oop shift amount: 3

CDS archive(s) mapped at: [0x0000000030000000-0x0000000030de0000-0x0000000030de0000), size 14548992, SharedBaseAddress: 0x0000000030000000, ArchiveRelocationMode: 1.
Compressed class space mapped at: 0x0000000031000000-0x000000004b000000, reserved size: 436207616
UseCompressedClassPointers 1, UseCompactObjectHeaders 0
Narrow klass pointer bits 32, Max shift 3
Narrow klass base: 0x0000000030000000, Narrow klass shift: 0
Encoding Range: [0x0000000030000000 - 0x0000000130000000), (4294967296 bytes)
Klass Range:    [0x0000000030000000 - 0x000000004b000000), (452984832 bytes)
Klass ID Range:  [8 - 452984825) (452984817)
Protection zone: [0x0000000030000000 - 0x0000000030010000), (65536 bytes)

GC Precious Log:
 CardTable entry size: 512
 Card Set container configuration: InlinePtr #cards 4 size 8 Array Of Cards #cards 16 size 48 Howl #buckets 8 coarsen threshold 3686 Howl Bitmap #cards 512 size 80 coarsen threshold 460 Card regions per heap region 1 cards per card region 4096
 CPUs: 8 total, 8 available
 Memory: 3895M
 Large Page Support: Disabled
 NUMA Support: Disabled
 Compressed Oops: Enabled (Zero based)
 Heap Region Size: 2M
 Heap Min Capacity: 8M
 Heap Initial Capacity: 8M
 Heap Max Capacity: 4G
 Pre-touch: Disabled
 Parallel Workers: 8
 Concurrent Workers: 2
 Concurrent Refinement Workers: 8
 Periodic GC: Disabled

Heap:
 garbage-first heap   total reserved 4194304K, committed 276480K, used 82482K [0x0000000700000000, 0x0000000800000000)
  region size 2M, 0 eden (0M), 4 survivor (8M), 35 old (70M), 2 humongous (4M), 94 free (188M)

Heap Regions: E=young(eden), S=young(survivor), O=old, HS=humongous(starts), HC=humongous(continues), CS=collection set, F=free, TAMS=top-at-mark-start, PB=parsable bottom
|    0|0x0000000700000000, 0x0000000700200000, 0x0000000700200000|100%|HS|  |TAMS 0x0000000700000000| PB 0x0000000700000000| Complete  |  0
|    1|0x0000000700200000, 0x0000000700400000, 0x0000000700400000|100%|HC|  |TAMS 0x0000000700200000| PB 0x0000000700200000| Complete  |  0
|    2|0x0000000700400000, 0x0000000700600000, 0x0000000700600000|100%| O|  |TAMS 0x0000000700400000| PB 0x0000000700400000| Untracked |  0
|    3|0x0000000700600000, 0x0000000700800000, 0x0000000700800000|100%| O|  |TAMS 0x0000000700600000| PB 0x0000000700600000| Untracked |  0
|    4|0x0000000700800000, 0x0000000700a00000, 0x0000000700a00000|100%| O|  |TAMS 0x0000000700800000| PB 0x0000000700800000| Untracked |  0
|    5|0x0000000700a00000, 0x0000000700c00000, 0x0000000700c00000|100%| O|  |TAMS 0x0000000700a00000| PB 0x0000000700a00000| Untracked |  0
|    6|0x0000000700c00000, 0x0000000700e00000, 0x0000000700e00000|100%| O|  |TAMS 0x0000000700c00000| PB 0x0000000700c00000| Untracked |  0
|    7|0x0000000700e00000, 0x0000000701000000, 0x0000000701000000|100%| O|  |TAMS 0x0000000700e00000| PB 0x0000000700e00000| Untracked |  0
|    8|0x0000000701000000, 0x0000000701200000, 0x0000000701200000|100%| O|  |TAMS 0x0000000701000000| PB 0x0000000701000000| Untracked |  0
|    9|0x0000000701200000, 0x0000000701400000, 0x0000000701400000|100%| O|  |TAMS 0x0000000701200000| PB 0x0000000701200000| Untracked |  0
|   10|0x0000000701400000, 0x0000000701600000, 0x0000000701600000|100%| O|  |TAMS 0x0000000701400000| PB 0x0000000701400000| Untracked |  0
|   11|0x0000000701600000, 0x0000000701800000, 0x0000000701800000|100%| O|  |TAMS 0x0000000701600000| PB 0x0000000701600000| Untracked |  0
|   12|0x0000000701800000, 0x0000000701a00000, 0x0000000701a00000|100%| O|  |TAMS 0x0000000701800000| PB 0x0000000701800000| Untracked |  0
|   13|0x0000000701a00000, 0x0000000701c00000, 0x0000000701c00000|100%| O|  |TAMS 0x0000000701a00000| PB 0x0000000701a00000| Untracked |  0
|   14|0x0000000701c00000, 0x0000000701e00000, 0x0000000701e00000|100%| O|  |TAMS 0x0000000701c00000| PB 0x0000000701c00000| Untracked |  0
|   15|0x0000000701e00000, 0x0000000702000000, 0x0000000702000000|100%| O|  |TAMS 0x0000000701e00000| PB 0x0000000701e00000| Untracked |  0
|   16|0x0000000702000000, 0x0000000702200000, 0x0000000702200000|100%| O|  |TAMS 0x0000000702000000| PB 0x0000000702000000| Untracked |  0
|   17|0x0000000702200000, 0x0000000702400000, 0x0000000702400000|100%| O|  |TAMS 0x0000000702200000| PB 0x0000000702200000| Untracked |  0
|   18|0x0000000702400000, 0x0000000702600000, 0x0000000702600000|100%| O|  |TAMS 0x0000000702400000| PB 0x0000000702400000| Untracked |  0
|   19|0x0000000702600000, 0x0000000702800000, 0x0000000702800000|100%| O|  |TAMS 0x0000000702600000| PB 0x0000000702600000| Untracked |  0
|   20|0x0000000702800000, 0x0000000702a00000, 0x0000000702a00000|100%| O|  |TAMS 0x0000000702800000| PB 0x0000000702800000| Untracked |  0
|   21|0x0000000702a00000, 0x0000000702c00000, 0x0000000702c00000|100%| O|  |TAMS 0x0000000702a00000| PB 0x0000000702a00000| Untracked |  0
|   22|0x0000000702c00000, 0x0000000702e00000, 0x0000000702e00000|100%| O|  |TAMS 0x0000000702c00000| PB 0x0000000702c00000| Untracked |  0
|   23|0x0000000702e00000, 0x0000000703000000, 0x0000000703000000|100%| O|  |TAMS 0x0000000702e00000| PB 0x0000000702e00000| Untracked |  0
|   24|0x0000000703000000, 0x0000000703200000, 0x0000000703200000|100%| O|  |TAMS 0x0000000703000000| PB 0x0000000703000000| Untracked |  0
|   25|0x0000000703200000, 0x0000000703400000, 0x0000000703400000|100%| O|  |TAMS 0x0000000703200000| PB 0x0000000703200000| Untracked |  0
|   26|0x0000000703400000, 0x0000000703600000, 0x0000000703600000|100%| O|  |TAMS 0x0000000703400000| PB 0x0000000703400000| Untracked |  0
|   27|0x0000000703600000, 0x0000000703800000, 0x0000000703800000|100%| O|  |TAMS 0x0000000703600000| PB 0x0000000703600000| Untracked |  0
|   28|0x0000000703800000, 0x0000000703a00000, 0x0000000703a00000|100%| O|  |TAMS 0x0000000703800000| PB 0x0000000703800000| Untracked |  0
|   29|0x0000000703a00000, 0x0000000703c00000, 0x0000000703c00000|100%| O|  |TAMS 0x0000000703a00000| PB 0x0000000703a00000| Untracked |  0
|   30|0x0000000703c00000, 0x0000000703e00000, 0x0000000703e00000|100%| O|  |TAMS 0x0000000703c00000| PB 0x0000000703c00000| Untracked |  0
|   31|0x0000000703e00000, 0x0000000704000000, 0x0000000704000000|100%| O|  |TAMS 0x0000000703e00000| PB 0x0000000703e00000| Untracked |  0
|   32|0x0000000704000000, 0x0000000704200000, 0x0000000704200000|100%| O|  |TAMS 0x0000000704000000| PB 0x0000000704000000| Untracked |  0
|   33|0x0000000704200000, 0x0000000704400000, 0x0000000704400000|100%| O|  |TAMS 0x0000000704200000| PB 0x0000000704200000| Untracked |  0
|   34|0x0000000704400000, 0x0000000704600000, 0x0000000704600000|100%| O|  |TAMS 0x0000000704400000| PB 0x0000000704400000| Untracked |  0
|   35|0x0000000704600000, 0x0000000704800000, 0x0000000704800000|100%| O|  |TAMS 0x0000000704600000| PB 0x0000000704600000| Untracked |  0
|   36|0x0000000704800000, 0x000000070488caa0, 0x0000000704a00000| 27%| O|  |TAMS 0x0000000704800000| PB 0x0000000704800000| Untracked |  0
|   37|0x0000000704a00000, 0x0000000704a00000, 0x0000000704c00000|  0%| F|  |TAMS 0x0000000704a00000| PB 0x0000000704a00000| Untracked |  0
|   38|0x0000000704c00000, 0x0000000704c00000, 0x0000000704e00000|  0%| F|  |TAMS 0x0000000704c00000| PB 0x0000000704c00000| Untracked |  0
|   39|0x0000000704e00000, 0x0000000704e00000, 0x0000000705000000|  0%| F|  |TAMS 0x0000000704e00000| PB 0x0000000704e00000| Untracked |  0
|   40|0x0000000705000000, 0x0000000705000000, 0x0000000705200000|  0%| F|  |TAMS 0x0000000705000000| PB 0x0000000705000000| Untracked |  0
|   41|0x0000000705200000, 0x0000000705200000, 0x0000000705400000|  0%| F|  |TAMS 0x0000000705200000| PB 0x0000000705200000| Untracked |  0
|   42|0x0000000705400000, 0x0000000705400000, 0x0000000705600000|  0%| F|  |TAMS 0x0000000705400000| PB 0x0000000705400000| Untracked |  0
|   43|0x0000000705600000, 0x0000000705600000, 0x0000000705800000|  0%| F|  |TAMS 0x0000000705600000| PB 0x0000000705600000| Untracked |  0
|   44|0x0000000705800000, 0x0000000705800000, 0x0000000705a00000|  0%| F|  |TAMS 0x0000000705800000| PB 0x0000000705800000| Untracked |  0
|   45|0x0000000705a00000, 0x0000000705a00000, 0x0000000705c00000|  0%| F|  |TAMS 0x0000000705a00000| PB 0x0000000705a00000| Untracked |  0
|   46|0x0000000705c00000, 0x0000000705c00000, 0x0000000705e00000|  0%| F|  |TAMS 0x0000000705c00000| PB 0x0000000705c00000| Untracked |  0
|   47|0x0000000705e00000, 0x0000000705e00000, 0x0000000706000000|  0%| F|  |TAMS 0x0000000705e00000| PB 0x0000000705e00000| Untracked |  0
|   48|0x0000000706000000, 0x0000000706000000, 0x0000000706200000|  0%| F|  |TAMS 0x0000000706000000| PB 0x0000000706000000| Untracked |  0
|   49|0x0000000706200000, 0x0000000706200000, 0x0000000706400000|  0%| F|  |TAMS 0x0000000706200000| PB 0x0000000706200000| Untracked |  0
|   50|0x0000000706400000, 0x0000000706400000, 0x0000000706600000|  0%| F|  |TAMS 0x0000000706400000| PB 0x0000000706400000| Untracked |  0
|   51|0x0000000706600000, 0x0000000706600000, 0x0000000706800000|  0%| F|  |TAMS 0x0000000706600000| PB 0x0000000706600000| Untracked |  0
|   52|0x0000000706800000, 0x0000000706800000, 0x0000000706a00000|  0%| F|  |TAMS 0x0000000706800000| PB 0x0000000706800000| Untracked |  0
|   53|0x0000000706a00000, 0x0000000706a00000, 0x0000000706c00000|  0%| F|  |TAMS 0x0000000706a00000| PB 0x0000000706a00000| Untracked |  0
|   54|0x0000000706c00000, 0x0000000706c00000, 0x0000000706e00000|  0%| F|  |TAMS 0x0000000706c00000| PB 0x0000000706c00000| Untracked |  0
|   55|0x0000000706e00000, 0x0000000706e00000, 0x0000000707000000|  0%| F|  |TAMS 0x0000000706e00000| PB 0x0000000706e00000| Untracked |  0
|   56|0x0000000707000000, 0x0000000707000000, 0x0000000707200000|  0%| F|  |TAMS 0x0000000707000000| PB 0x0000000707000000| Untracked |  0
|   57|0x0000000707200000, 0x0000000707200000, 0x0000000707400000|  0%| F|  |TAMS 0x0000000707200000| PB 0x0000000707200000| Untracked |  0
|   58|0x0000000707400000, 0x0000000707400000, 0x0000000707600000|  0%| F|  |TAMS 0x0000000707400000| PB 0x0000000707400000| Untracked |  0
|   59|0x0000000707600000, 0x0000000707600000, 0x0000000707800000|  0%| F|  |TAMS 0x0000000707600000| PB 0x0000000707600000| Untracked |  0
|   60|0x0000000707800000, 0x0000000707800000, 0x0000000707a00000|  0%| F|  |TAMS 0x0000000707800000| PB 0x0000000707800000| Untracked |  0
|   61|0x0000000707a00000, 0x0000000707a00000, 0x0000000707c00000|  0%| F|  |TAMS 0x0000000707a00000| PB 0x0000000707a00000| Untracked |  0
|   62|0x0000000707c00000, 0x0000000707c00000, 0x0000000707e00000|  0%| F|  |TAMS 0x0000000707c00000| PB 0x0000000707c00000| Untracked |  0
|   63|0x0000000707e00000, 0x0000000707e00000, 0x0000000708000000|  0%| F|  |TAMS 0x0000000707e00000| PB 0x0000000707e00000| Untracked |  0
|   64|0x0000000708000000, 0x0000000708000000, 0x0000000708200000|  0%| F|  |TAMS 0x0000000708000000| PB 0x0000000708000000| Untracked |  0
|   65|0x0000000708200000, 0x0000000708200000, 0x0000000708400000|  0%| F|  |TAMS 0x0000000708200000| PB 0x0000000708200000| Untracked |  0
|   66|0x0000000708400000, 0x0000000708400000, 0x0000000708600000|  0%| F|  |TAMS 0x0000000708400000| PB 0x0000000708400000| Untracked |  0
|   67|0x0000000708600000, 0x0000000708600000, 0x0000000708800000|  0%| F|  |TAMS 0x0000000708600000| PB 0x0000000708600000| Untracked |  0
|   68|0x0000000708800000, 0x0000000708800000, 0x0000000708a00000|  0%| F|  |TAMS 0x0000000708800000| PB 0x0000000708800000| Untracked |  0
|   69|0x0000000708a00000, 0x0000000708a00000, 0x0000000708c00000|  0%| F|  |TAMS 0x0000000708a00000| PB 0x0000000708a00000| Untracked |  0
|   70|0x0000000708c00000, 0x0000000708c00000, 0x0000000708e00000|  0%| F|  |TAMS 0x0000000708c00000| PB 0x0000000708c00000| Untracked |  0
|   71|0x0000000708e00000, 0x0000000708e00000, 0x0000000709000000|  0%| F|  |TAMS 0x0000000708e00000| PB 0x0000000708e00000| Untracked |  0
|   72|0x0000000709000000, 0x0000000709000000, 0x0000000709200000|  0%| F|  |TAMS 0x0000000709000000| PB 0x0000000709000000| Untracked |  0
|   73|0x0000000709200000, 0x0000000709200000, 0x0000000709400000|  0%| F|  |TAMS 0x0000000709200000| PB 0x0000000709200000| Untracked |  0
|   74|0x0000000709400000, 0x0000000709400000, 0x0000000709600000|  0%| F|  |TAMS 0x0000000709400000| PB 0x0000000709400000| Untracked |  0
|   75|0x0000000709600000, 0x0000000709600000, 0x0000000709800000|  0%| F|  |TAMS 0x0000000709600000| PB 0x0000000709600000| Untracked |  0
|   76|0x0000000709800000, 0x0000000709800000, 0x0000000709a00000|  0%| F|  |TAMS 0x0000000709800000| PB 0x0000000709800000| Untracked |  0
|   77|0x0000000709a00000, 0x0000000709a00000, 0x0000000709c00000|  0%| F|  |TAMS 0x0000000709a00000| PB 0x0000000709a00000| Untracked |  0
|   78|0x0000000709c00000, 0x0000000709c00000, 0x0000000709e00000|  0%| F|  |TAMS 0x0000000709c00000| PB 0x0000000709c00000| Untracked |  0
|   79|0x0000000709e00000, 0x0000000709e00000, 0x000000070a000000|  0%| F|  |TAMS 0x0000000709e00000| PB 0x0000000709e00000| Untracked |  0
|   80|0x000000070a000000, 0x000000070a000000, 0x000000070a200000|  0%| F|  |TAMS 0x000000070a000000| PB 0x000000070a000000| Untracked |  0
|   81|0x000000070a200000, 0x000000070a200000, 0x000000070a400000|  0%| F|  |TAMS 0x000000070a200000| PB 0x000000070a200000| Untracked |  0
|   82|0x000000070a400000, 0x000000070a400000, 0x000000070a600000|  0%| F|  |TAMS 0x000000070a400000| PB 0x000000070a400000| Untracked |  0
|   83|0x000000070a600000, 0x000000070a600000, 0x000000070a800000|  0%| F|  |TAMS 0x000000070a600000| PB 0x000000070a600000| Untracked |  0
|   84|0x000000070a800000, 0x000000070a800000, 0x000000070aa00000|  0%| F|  |TAMS 0x000000070a800000| PB 0x000000070a800000| Untracked |  0
|   85|0x000000070aa00000, 0x000000070aa00000, 0x000000070ac00000|  0%| F|  |TAMS 0x000000070aa00000| PB 0x000000070aa00000| Untracked |  0
|   86|0x000000070ac00000, 0x000000070ac00000, 0x000000070ae00000|  0%| F|  |TAMS 0x000000070ac00000| PB 0x000000070ac00000| Untracked |  0
|   87|0x000000070ae00000, 0x000000070ae00000, 0x000000070b000000|  0%| F|  |TAMS 0x000000070ae00000| PB 0x000000070ae00000| Untracked |  0
|   88|0x000000070b000000, 0x000000070b000000, 0x000000070b200000|  0%| F|  |TAMS 0x000000070b000000| PB 0x000000070b000000| Untracked |  0
|   89|0x000000070b200000, 0x000000070b200000, 0x000000070b400000|  0%| F|  |TAMS 0x000000070b200000| PB 0x000000070b200000| Untracked |  0
|   90|0x000000070b400000, 0x000000070b400000, 0x000000070b600000|  0%| F|  |TAMS 0x000000070b400000| PB 0x000000070b400000| Untracked |  0
|   91|0x000000070b600000, 0x000000070b600000, 0x000000070b800000|  0%| F|  |TAMS 0x000000070b600000| PB 0x000000070b600000| Untracked |  0
|   92|0x000000070b800000, 0x000000070b800000, 0x000000070ba00000|  0%| F|  |TAMS 0x000000070b800000| PB 0x000000070b800000| Untracked |  0
|   93|0x000000070ba00000, 0x000000070ba00000, 0x000000070bc00000|  0%| F|  |TAMS 0x000000070ba00000| PB 0x000000070ba00000| Untracked |  0
|   94|0x000000070bc00000, 0x000000070bc00000, 0x000000070be00000|  0%| F|  |TAMS 0x000000070bc00000| PB 0x000000070bc00000| Untracked |  0
|   95|0x000000070be00000, 0x000000070be00000, 0x000000070c000000|  0%| F|  |TAMS 0x000000070be00000| PB 0x000000070be00000| Untracked |  0
|   96|0x000000070c000000, 0x000000070c000000, 0x000000070c200000|  0%| F|  |TAMS 0x000000070c000000| PB 0x000000070c000000| Untracked |  0
|   97|0x000000070c200000, 0x000000070c200000, 0x000000070c400000|  0%| F|  |TAMS 0x000000070c200000| PB 0x000000070c200000| Untracked |  0
|   98|0x000000070c400000, 0x000000070c400000, 0x000000070c600000|  0%| F|  |TAMS 0x000000070c400000| PB 0x000000070c400000| Untracked |  0
|   99|0x000000070c600000, 0x000000070c600000, 0x000000070c800000|  0%| F|  |TAMS 0x000000070c600000| PB 0x000000070c600000| Untracked |  0
|  100|0x000000070c800000, 0x000000070c800000, 0x000000070ca00000|  0%| F|  |TAMS 0x000000070c800000| PB 0x000000070c800000| Untracked |  0
|  101|0x000000070ca00000, 0x000000070ca00000, 0x000000070cc00000|  0%| F|  |TAMS 0x000000070ca00000| PB 0x000000070ca00000| Untracked |  0
|  102|0x000000070cc00000, 0x000000070cc00000, 0x000000070ce00000|  0%| F|  |TAMS 0x000000070cc00000| PB 0x000000070cc00000| Untracked |  0
|  103|0x000000070ce00000, 0x000000070ce00000, 0x000000070d000000|  0%| F|  |TAMS 0x000000070ce00000| PB 0x000000070ce00000| Untracked |  0
|  104|0x000000070d000000, 0x000000070d000000, 0x000000070d200000|  0%| F|  |TAMS 0x000000070d000000| PB 0x000000070d000000| Untracked |  0
|  105|0x000000070d200000, 0x000000070d400000, 0x000000070d400000|100%| S|CS|TAMS 0x000000070d200000| PB 0x000000070d200000| Complete  |  0
|  106|0x000000070d400000, 0x000000070d600000, 0x000000070d600000|100%| S|CS|TAMS 0x000000070d400000| PB 0x000000070d400000| Complete  |  0
|  107|0x000000070d600000, 0x000000070d800000, 0x000000070d800000|100%| S|CS|TAMS 0x000000070d600000| PB 0x000000070d600000| Complete  |  0
|  108|0x000000070d800000, 0x000000070da00000, 0x000000070da00000|100%| S|CS|TAMS 0x000000070d800000| PB 0x000000070d800000| Complete  |  0
|  109|0x000000070da00000, 0x000000070da00000, 0x000000070dc00000|  0%| F|  |TAMS 0x000000070da00000| PB 0x000000070da00000| Untracked |  0
|  110|0x000000070dc00000, 0x000000070dc00000, 0x000000070de00000|  0%| F|  |TAMS 0x000000070dc00000| PB 0x000000070dc00000| Untracked |  0
|  111|0x000000070de00000, 0x000000070de00000, 0x000000070e000000|  0%| F|  |TAMS 0x000000070de00000| PB 0x000000070de00000| Untracked |  0
|  112|0x000000070e000000, 0x000000070e000000, 0x000000070e200000|  0%| F|  |TAMS 0x000000070e000000| PB 0x000000070e000000| Untracked |  0
|  113|0x000000070e200000, 0x000000070e200000, 0x000000070e400000|  0%| F|  |TAMS 0x000000070e200000| PB 0x000000070e200000| Untracked |  0
|  114|0x000000070e400000, 0x000000070e400000, 0x000000070e600000|  0%| F|  |TAMS 0x000000070e400000| PB 0x000000070e400000| Untracked |  0
|  115|0x000000070e600000, 0x000000070e600000, 0x000000070e800000|  0%| F|  |TAMS 0x000000070e600000| PB 0x000000070e600000| Untracked |  0
|  116|0x000000070e800000, 0x000000070e800000, 0x000000070ea00000|  0%| F|  |TAMS 0x000000070e800000| PB 0x000000070e800000| Untracked |  0
|  117|0x000000070ea00000, 0x000000070ea00000, 0x000000070ec00000|  0%| F|  |TAMS 0x000000070ea00000| PB 0x000000070ea00000| Untracked |  0
|  118|0x000000070ec00000, 0x000000070ec00000, 0x000000070ee00000|  0%| F|  |TAMS 0x000000070ec00000| PB 0x000000070ec00000| Untracked |  0
|  119|0x000000070ee00000, 0x000000070ee00000, 0x000000070f000000|  0%| F|  |TAMS 0x000000070ee00000| PB 0x000000070ee00000| Untracked |  0
|  120|0x000000070f000000, 0x000000070f000000, 0x000000070f200000|  0%| F|  |TAMS 0x000000070f000000| PB 0x000000070f000000| Untracked |  0
|  121|0x000000070f200000, 0x000000070f200000, 0x000000070f400000|  0%| F|  |TAMS 0x000000070f200000| PB 0x000000070f200000| Untracked |  0
|  122|0x000000070f400000, 0x000000070f400000, 0x000000070f600000|  0%| F|  |TAMS 0x000000070f400000| PB 0x000000070f400000| Untracked |  0
|  123|0x000000070f600000, 0x000000070f600000, 0x000000070f800000|  0%| F|  |TAMS 0x000000070f600000| PB 0x000000070f600000| Untracked |  0
|  124|0x000000070f800000, 0x000000070f800000, 0x000000070fa00000|  0%| F|  |TAMS 0x000000070f800000| PB 0x000000070f800000| Untracked |  0
|  125|0x000000070fa00000, 0x000000070fa00000, 0x000000070fc00000|  0%| F|  |TAMS 0x000000070fa00000| PB 0x000000070fa00000| Untracked |  0
|  126|0x000000070fc00000, 0x000000070fc00000, 0x000000070fe00000|  0%| F|  |TAMS 0x000000070fc00000| PB 0x000000070fc00000| Untracked |  0
|  127|0x000000070fe00000, 0x000000070fe00000, 0x0000000710000000|  0%| F|  |TAMS 0x000000070fe00000| PB 0x000000070fe00000| Untracked |  0
|  128|0x0000000710000000, 0x0000000710000000, 0x0000000710200000|  0%| F|  |TAMS 0x0000000710000000| PB 0x0000000710000000| Untracked |  0
|  129|0x0000000710200000, 0x0000000710200000, 0x0000000710400000|  0%| F|  |TAMS 0x0000000710200000| PB 0x0000000710200000| Untracked |  0
|  130|0x0000000710400000, 0x0000000710400000, 0x0000000710600000|  0%| F|  |TAMS 0x0000000710400000| PB 0x0000000710400000| Untracked |  0
|  131|0x0000000710600000, 0x0000000710600000, 0x0000000710800000|  0%| F|  |TAMS 0x0000000710600000| PB 0x0000000710600000| Untracked |  0
|  132|0x0000000710800000, 0x0000000710800000, 0x0000000710a00000|  0%| F|  |TAMS 0x0000000710800000| PB 0x0000000710800000| Untracked |  0
|  133|0x0000000710a00000, 0x0000000710a00000, 0x0000000710c00000|  0%| F|  |TAMS 0x0000000710a00000| PB 0x0000000710a00000| Untracked |  0
| 2047|0x00000007ffe00000, 0x00000007ffe00000, 0x0000000800000000|  0%| F|  |TAMS 0x00000007ffe00000| PB 0x00000007ffe00000| Untracked |  0

Card table byte_map: [0x0000022b7d1c0000,0x0000022b7d9c0000] _byte_map_base: 0x0000022b799c0000
Refinement table byte_map: [0x0000022b7c9c0000,0x0000022b7d1c0000] _byte_map_base: 0x0000022b791c0000

Marking Bits: (CMBitMap*) 0x0000022b79c83710
 Bits: [0x0000022b17c00000, 0x0000022b1bc00000)

Polling page: 0x0000022b7a020000

Metaspace:
Metaspace        used 78932K, committed 80512K, reserved 557056K
 class space     used 10891K, committed 11648K, reserved 425984K

Usage:
  Non-class:     66.45 MB used.
      Class:     10.64 MB used.
       Both:     77.08 MB used.

Virtual space:
  Non-class space:      128.00 MB reserved,      67.25 MB ( 53%) committed,  2 nodes.
      Class space:      416.00 MB reserved,      11.38 MB (  3%) committed,  1 nodes.
             Both:      544.00 MB reserved,      78.62 MB ( 14%) committed. 

Chunk freelists:
   Non-Class:  12.47 MB
       Class:  4.66 MB
        Both:  17.12 MB

MaxMetaspaceSize: 512.00 MB
CompressedClassSpaceSize: 416.00 MB
Initial GC threshold: 21.00 MB
Current GC threshold: 99.00 MB
CDS: on
 - commit_granule_bytes: 65536.
 - commit_granule_words: 8192.
 - virtual_space_node_default_size: 8388608.
 - enlarge_chunks_in_place: 1.
UseCompressedClassPointers 1, UseCompactObjectHeaders 0
Narrow klass pointer bits 32, Max shift 3
Narrow klass base: 0x0000000030000000, Narrow klass shift: 0
Encoding Range: [0x0000000030000000 - 0x0000000130000000), (4294967296 bytes)
Klass Range:    [0x0000000030000000 - 0x000000004b000000), (452984832 bytes)
Klass ID Range:  [8 - 452984825) (452984817)
Protection zone: [0x0000000030000000 - 0x0000000030010000), (65536 bytes)


Internal statistics:

num_allocs_failed_limit: 15.
num_arena_births: 2646.
num_arena_deaths: 0.
num_vsnodes_births: 3.
num_vsnodes_deaths: 0.
num_space_committed: 1258.
num_space_uncommitted: 0.
num_chunks_returned_to_freelist: 15.
num_chunks_taken_from_freelist: 5806.
num_chunk_merges: 12.
num_chunk_splits: 4143.
num_chunks_enlarged: 2995.
num_inconsistent_stats: 0.

CodeHeap 'non-profiled nmethods': size=120064Kb used=2530Kb max_used=2530Kb free=117533Kb
 bounds [0x0000022b106c0000, 0x0000022b10940000, 0x0000022b17c00000]
CodeHeap 'profiled nmethods': size=120064Kb used=9776Kb max_used=9776Kb free=110287Kb
 bounds [0x0000022b08be0000, 0x0000022b09570000, 0x0000022b10120000]
CodeHeap 'non-nmethods': size=5760Kb used=2257Kb max_used=2333Kb free=3502Kb
 bounds [0x0000022b10120000, 0x0000022b10390000, 0x0000022b106c0000]
CodeCache: size=245888Kb, used=14563Kb, max_used=14639Kb, free=231322Kb
 total_blobs=7210, nmethods=6324, adapters=790, full_count=0
Compilation: enabled, stopped_count=0, restarted_count=0

Compilation events (20 events):
Event: 209.913 Thread 0x0000022b1c0a0e00 7022       1       org.jetbrains.kotlin.fir.expressions.builder.FirAnnotationBuilder::getSource (5 bytes)
Event: 209.914 Thread 0x0000022b1c0a0e00 nmethod 7022 0x0000022b10938108 code [0x0000022b10938200, 0x0000022b109382b8]
Event: 209.915 Thread 0x0000022b1c0a0e00 7033       1       org.jetbrains.kotlin.fir.resolve.calls.candidate.CallInfo::getCallKind (5 bytes)
Event: 209.918 Thread 0x0000022b1c0a0e00 nmethod 7033 0x0000022b10938408 code [0x0000022b10938500, 0x0000022b109385b8]
Event: 209.918 Thread 0x0000022b1c0a0e00 7039       3       java.util.concurrent.ConcurrentHashMap$ValuesView::iterator (34 bytes)
Event: 209.921 Thread 0x0000022b1c0a0e00 nmethod 7039 0x0000022b09568408 code [0x0000022b09568500, 0x0000022b09568718]
Event: 209.921 Thread 0x0000022b1c0a0e00 7040       3       java.util.concurrent.ConcurrentHashMap$ValueIterator::<init> (12 bytes)
Event: 209.923 Thread 0x0000022b1c0a0e00 nmethod 7040 0x0000022b09568788 code [0x0000022b09568880, 0x0000022b095689a8]
Event: 209.925 Thread 0x0000022b1c0a0e00 7041       3       org.jetbrains.kotlin.fir.types.ConeTypeContext::asFlexibleType (25 bytes)
Event: 209.930 Thread 0x0000022b1c0a0e00 nmethod 7041 0x0000022b09568a88 code [0x0000022b09568b80, 0x0000022b09569420]
Event: 209.930 Thread 0x0000022b1c0a0e00 7042       3       org.jetbrains.kotlin.fir.types.ConeTypeUtilsKt::isMarkedNullable (171 bytes)
Event: 209.943 Thread 0x0000022b1c0a0e00 nmethod 7042 0x0000022b09569488 code [0x0000022b09569580, 0x0000022b0956afb8]
Event: 209.944 Thread 0x0000022b1c0a0e00 7044       3       kotlin.coroutines.jvm.internal.ContinuationImpl::<init> (21 bytes)
Event: 209.950 Thread 0x0000022b1c0a0e00 nmethod 7044 0x0000022b0956b008 code [0x0000022b0956b100, 0x0000022b0956b508]
Event: 209.951 Thread 0x0000022b1c0a0e00 7045       3       kotlin.coroutines.jvm.internal.ContinuationImpl::<init> (11 bytes)
Event: 209.953 Thread 0x0000022b1c0a0e00 nmethod 7045 0x0000022b0956b588 code [0x0000022b0956b680, 0x0000022b0956b8e8]
Event: 209.954 Thread 0x0000022b1c0a0e00 7046       1       org.jetbrains.kotlin.fir.resolve.dfa.DataFlowAnalyzerContext::getGraphBuilder$resolve (5 bytes)
Event: 209.954 Thread 0x0000022b1c0a0e00 nmethod 7046 0x0000022b10938708 code [0x0000022b10938800, 0x0000022b109388b8]
Event: 209.955 Thread 0x0000022b1c0a0e00 7043       3       org.jetbrains.kotlin.load.java.typeEnhancement.TypeComponentPositionKt::shouldEnhance (19 bytes)
Event: 209.962 Thread 0x0000022b1c0a0e00 nmethod 7043 0x0000022b0956b908 code [0x0000022b0956ba00, 0x0000022b0956c008]

GC Heap Usage History (20 events):
Event: 129.964 {heap After GC invocations=21 (full 0):
 garbage-first heap   total reserved 4194304K, committed 276480K, used 35039K [0x0000000700000000, 0x0000000800000000)
  region size 2M, 0 eden (0M), 2 survivor (4M), 14 old (28M), 2 humongous (4M), 117 free (234M)
}
Event: 148.345 {heap Before GC invocations=21 (full 0):
 garbage-first heap   total reserved 4194304K, committed 276480K, used 96479K [0x0000000700000000, 0x0000000800000000)
  region size 2M, 30 eden (60M), 2 survivor (4M), 14 old (28M), 2 humongous (4M), 87 free (174M)
}
Event: 148.479 {heap After GC invocations=22 (full 0):
 garbage-first heap   total reserved 4194304K, committed 276480K, used 39819K [0x0000000700000000, 0x0000000800000000)
  region size 2M, 0 eden (0M), 4 survivor (8M), 14 old (28M), 2 humongous (4M), 115 free (230M)
}
Event: 149.645 {heap Before GC invocations=22 (full 0):
 garbage-first heap   total reserved 4194304K, committed 276480K, used 50059K [0x0000000700000000, 0x0000000800000000)
  region size 2M, 5 eden (10M), 4 survivor (8M), 14 old (28M), 2 humongous (4M), 110 free (220M)
}
Event: 149.778 {heap After GC invocations=23 (full 0):
 garbage-first heap   total reserved 4194304K, committed 276480K, used 46077K [0x0000000700000000, 0x0000000800000000)
  region size 2M, 0 eden (0M), 2 survivor (4M), 19 old (38M), 2 humongous (4M), 112 free (224M)
}
Event: 150.671 {heap Before GC invocations=23 (full 0):
 garbage-first heap   total reserved 4194304K, committed 276480K, used 66557K [0x0000000700000000, 0x0000000800000000)
  region size 2M, 10 eden (20M), 2 survivor (4M), 19 old (38M), 2 humongous (4M), 102 free (204M)
}
Event: 150.769 {heap After GC invocations=24 (full 0):
 garbage-first heap   total reserved 4194304K, committed 276480K, used 52426K [0x0000000700000000, 0x0000000800000000)
  region size 2M, 0 eden (0M), 2 survivor (4M), 22 old (44M), 2 humongous (4M), 109 free (218M)
}
Event: 156.038 {heap Before GC invocations=24 (full 0):
 garbage-first heap   total reserved 4194304K, committed 276480K, used 77002K [0x0000000700000000, 0x0000000800000000)
  region size 2M, 12 eden (24M), 2 survivor (4M), 22 old (44M), 2 humongous (4M), 97 free (194M)
}
Event: 156.102 {heap After GC invocations=25 (full 0):
 garbage-first heap   total reserved 4194304K, committed 276480K, used 56487K [0x0000000700000000, 0x0000000800000000)
  region size 2M, 0 eden (0M), 2 survivor (4M), 24 old (48M), 2 humongous (4M), 107 free (214M)
}
Event: 159.033 {heap Before GC invocations=25 (full 0):
 garbage-first heap   total reserved 4194304K, committed 276480K, used 70823K [0x0000000700000000, 0x0000000800000000)
  region size 2M, 8 eden (16M), 2 survivor (4M), 24 old (48M), 2 humongous (4M), 99 free (198M)
}
Event: 159.113 {heap After GC invocations=26 (full 0):
 garbage-first heap   total reserved 4194304K, committed 276480K, used 56469K [0x0000000700000000, 0x0000000800000000)
  region size 2M, 0 eden (0M), 2 survivor (4M), 24 old (48M), 2 humongous (4M), 107 free (214M)
}
Event: 167.134 {heap Before GC invocations=27 (full 0):
 garbage-first heap   total reserved 4194304K, committed 276480K, used 89237K [0x0000000700000000, 0x0000000800000000)
  region size 2M, 17 eden (34M), 2 survivor (4M), 24 old (48M), 2 humongous (4M), 90 free (180M)
}
Event: 167.256 {heap After GC invocations=28 (full 0):
 garbage-first heap   total reserved 4194304K, committed 276480K, used 60410K [0x0000000700000000, 0x0000000800000000)
  region size 2M, 0 eden (0M), 3 survivor (6M), 26 old (52M), 2 humongous (4M), 104 free (208M)
}
Event: 174.136 {heap Before GC invocations=28 (full 0):
 garbage-first heap   total reserved 4194304K, committed 276480K, used 89082K [0x0000000700000000, 0x0000000800000000)
  region size 2M, 15 eden (30M), 3 survivor (6M), 26 old (52M), 2 humongous (4M), 89 free (178M)
}
Event: 174.254 {heap After GC invocations=29 (full 0):
 garbage-first heap   total reserved 4194304K, committed 276480K, used 61350K [0x0000000700000000, 0x0000000800000000)
  region size 2M, 0 eden (0M), 1 survivor (2M), 28 old (56M), 2 humongous (4M), 104 free (208M)
}
Event: 188.409 {heap Before GC invocations=29 (full 0):
 garbage-first heap   total reserved 4194304K, committed 276480K, used 116646K [0x0000000700000000, 0x0000000800000000)
  region size 2M, 28 eden (56M), 1 survivor (2M), 28 old (56M), 2 humongous (4M), 76 free (152M)
}
Event: 188.563 {heap After GC invocations=30 (full 0):
 garbage-first heap   total reserved 4194304K, committed 276480K, used 67494K [0x0000000700000000, 0x0000000800000000)
  region size 2M, 0 eden (0M), 4 survivor (8M), 28 old (56M), 2 humongous (4M), 101 free (202M)
}
Event: 197.791 {heap Before GC invocations=30 (full 0):
 garbage-first heap   total reserved 4194304K, committed 276480K, used 96166K [0x0000000700000000, 0x0000000800000000)
  region size 2M, 14 eden (28M), 4 survivor (8M), 28 old (56M), 2 humongous (4M), 87 free (174M)
}
Event: 198.014 {heap After GC invocations=31 (full 0):
 garbage-first heap   total reserved 4194304K, committed 276480K, used 68968K [0x0000000700000000, 0x0000000800000000)
  region size 2M, 0 eden (0M), 1 survivor (2M), 31 old (62M), 2 humongous (4M), 101 free (202M)
}
Event: 209.962 {heap Before GC invocations=31 (full 0):
 garbage-first heap   total reserved 4194304K, committed 276480K, used 120168K [0x0000000700000000, 0x0000000800000000)
  region size 2M, 25 eden (50M), 1 survivor (2M), 31 old (62M), 2 humongous (4M), 76 free (152M)
}

Metaspace Usage History (20 events):
Event: 129.964 {metaspace After GC invocations=21 (full 0):
 Metaspace       used 45221K, committed 46720K, reserved 491520K
  class space    used 7022K, committed 7744K, reserved 425984K
}
Event: 148.346 {metaspace Before GC invocations=21 (full 0):
 Metaspace       used 53337K, committed 54784K, reserved 491520K
  class space    used 8028K, committed 8704K, reserved 425984K
}
Event: 148.479 {metaspace After GC invocations=22 (full 0):
 Metaspace       used 53337K, committed 54784K, reserved 491520K
  class space    used 8028K, committed 8704K, reserved 425984K
}
Event: 149.645 {metaspace Before GC invocations=22 (full 0):
 Metaspace       used 53356K, committed 54784K, reserved 491520K
  class space    used 8030K, committed 8704K, reserved 425984K
}
Event: 149.778 {metaspace After GC invocations=23 (full 0):
 Metaspace       used 53356K, committed 54784K, reserved 491520K
  class space    used 8030K, committed 8704K, reserved 425984K
}
Event: 150.672 {metaspace Before GC invocations=23 (full 0):
 Metaspace       used 53370K, committed 54848K, reserved 491520K
  class space    used 8032K, committed 8704K, reserved 425984K
}
Event: 150.771 {metaspace After GC invocations=24 (full 0):
 Metaspace       used 53370K, committed 54848K, reserved 491520K
  class space    used 8032K, committed 8704K, reserved 425984K
}
Event: 156.038 {metaspace Before GC invocations=24 (full 0):
 Metaspace       used 56202K, committed 57792K, reserved 491520K
  class space    used 8334K, committed 9088K, reserved 425984K
}
Event: 156.103 {metaspace After GC invocations=25 (full 0):
 Metaspace       used 56202K, committed 57792K, reserved 491520K
  class space    used 8334K, committed 9088K, reserved 425984K
}
Event: 159.033 {metaspace Before GC invocations=25 (full 0):
 Metaspace       used 58545K, committed 60096K, reserved 491520K
  class space    used 8579K, committed 9344K, reserved 425984K
}
Event: 159.114 {metaspace After GC invocations=26 (full 0):
 Metaspace       used 58545K, committed 60096K, reserved 491520K
  class space    used 8579K, committed 9344K, reserved 425984K
}
Event: 167.134 {metaspace Before GC invocations=27 (full 0):
 Metaspace       used 61867K, committed 63424K, reserved 491520K
  class space    used 8975K, committed 9728K, reserved 425984K
}
Event: 167.256 {metaspace After GC invocations=28 (full 0):
 Metaspace       used 61867K, committed 63424K, reserved 491520K
  class space    used 8975K, committed 9728K, reserved 425984K
}
Event: 174.136 {metaspace Before GC invocations=28 (full 0):
 Metaspace       used 66323K, committed 67968K, reserved 491520K
  class space    used 9397K, committed 10176K, reserved 425984K
}
Event: 174.254 {metaspace After GC invocations=29 (full 0):
 Metaspace       used 66323K, committed 67968K, reserved 491520K
  class space    used 9397K, committed 10176K, reserved 425984K
}
Event: 188.409 {metaspace Before GC invocations=29 (full 0):
 Metaspace       used 72529K, committed 74048K, reserved 491520K
  class space    used 10065K, committed 10816K, reserved 425984K
}
Event: 188.564 {metaspace After GC invocations=30 (full 0):
 Metaspace       used 72529K, committed 74048K, reserved 491520K
  class space    used 10065K, committed 10816K, reserved 425984K
}
Event: 197.793 {metaspace Before GC invocations=30 (full 0):
 Metaspace       used 76834K, committed 78464K, reserved 557056K
  class space    used 10622K, committed 11392K, reserved 425984K
}
Event: 198.014 {metaspace After GC invocations=31 (full 0):
 Metaspace       used 76834K, committed 78464K, reserved 557056K
  class space    used 10622K, committed 11392K, reserved 425984K
}
Event: 209.962 {metaspace Before GC invocations=31 (full 0):
 Metaspace       used 78932K, committed 80512K, reserved 557056K
  class space    used 10891K, committed 11648K, reserved 425984K
}

Dll operation events (20 events):
Event: 1.612 Attempting to load shared library C:\Program Files\Java\jdk-26.0.1\bin\nio.dll
Event: 1.620 Loaded shared library C:\Program Files\Java\jdk-26.0.1\bin\nio.dll
Event: 1.679 Attempting to load shared library C:\Program Files\Java\jdk-26.0.1\bin\zip.dll
Event: 1.679 Loaded shared library C:\Program Files\Java\jdk-26.0.1\bin\zip.dll
Event: 5.412 Attempting to load shared library C:\Program Files\Java\jdk-26.0.1\bin\jimage.dll
Event: 5.412 Loaded shared library C:\Program Files\Java\jdk-26.0.1\bin\jimage.dll
Event: 9.124 Attempting to load shared library C:\Program Files\Java\jdk-26.0.1\bin\verify.dll
Event: 9.132 Loaded shared library C:\Program Files\Java\jdk-26.0.1\bin\verify.dll
Event: 9.557 Attempting to load shared library C:\Users\lenovo\.gradle\native\660c5614fbf4a5f2a75b1949f50a0caf5cd603558e7d8a26e50b933a0cfb79d1\windows-amd64\native-platform.dll
Event: 9.567 Loaded shared library C:\Users\lenovo\.gradle\native\660c5614fbf4a5f2a75b1949f50a0caf5cd603558e7d8a26e50b933a0cfb79d1\windows-amd64\native-platform.dll
Event: 9.733 Attempting to load shared library C:\Users\lenovo\.gradle\native\0.2.8\x86_64-windows-gnu\gradle-fileevents.dll
Event: 9.772 Loaded shared library C:\Users\lenovo\.gradle\native\0.2.8\x86_64-windows-gnu\gradle-fileevents.dll
Event: 26.388 Attempting to load shared library C:\Program Files\Java\jdk-26.0.1\bin\management.dll
Event: 26.395 Loaded shared library C:\Program Files\Java\jdk-26.0.1\bin\management.dll
Event: 26.420 Attempting to load shared library C:\Program Files\Java\jdk-26.0.1\bin\management_ext.dll
Event: 26.431 Loaded shared library C:\Program Files\Java\jdk-26.0.1\bin\management_ext.dll
Event: 29.425 Attempting to load shared library C:\Program Files\Java\jdk-26.0.1\bin\extnet.dll
Event: 29.432 Loaded shared library C:\Program Files\Java\jdk-26.0.1\bin\extnet.dll
Event: 36.583 Attempting to load shared library C:\Program Files\Java\jdk-26.0.1\bin\sunmscapi.dll
Event: 36.655 Loaded shared library C:\Program Files\Java\jdk-26.0.1\bin\sunmscapi.dll

Deoptimization events (20 events):
Event: 206.503 Thread 0x0000022b2113c590 DEOPT PACKING pc=0x0000022b08e58c39 sp=0x0000006fd4ef0150
Event: 206.504 Thread 0x0000022b2113c590 DEOPT UNPACKING pc=0x0000022b101715a2 sp=0x0000006fd4eef5e0 mode 0
Event: 206.506 Thread 0x0000022b2113c590 DEOPT PACKING pc=0x0000022b09400da9 sp=0x0000006fd4eef990
Event: 206.507 Thread 0x0000022b2113c590 DEOPT UNPACKING pc=0x0000022b101715a2 sp=0x0000006fd4eeedf8 mode 0
Event: 206.528 Thread 0x0000022b2113c590 DEOPT PACKING pc=0x0000022b093ff827 sp=0x0000006fd4ef06f0
Event: 206.528 Thread 0x0000022b2113c590 DEOPT UNPACKING pc=0x0000022b101715a2 sp=0x0000006fd4eefbc8 mode 0
Event: 206.689 Thread 0x0000022b2113c590 DEOPT PACKING pc=0x0000022b09400da9 sp=0x0000006fd4eef990
Event: 206.689 Thread 0x0000022b2113c590 DEOPT UNPACKING pc=0x0000022b101715a2 sp=0x0000006fd4eeedf8 mode 0
Event: 206.697 Thread 0x0000022b2113c590 DEOPT PACKING pc=0x0000022b093ff827 sp=0x0000006fd4ef06f0
Event: 206.698 Thread 0x0000022b2113c590 DEOPT UNPACKING pc=0x0000022b101715a2 sp=0x0000006fd4eefbc8 mode 0
Event: 206.799 Thread 0x0000022b2113c590 DEOPT PACKING pc=0x0000022b09400da9 sp=0x0000006fd4eef990
Event: 206.800 Thread 0x0000022b2113c590 DEOPT UNPACKING pc=0x0000022b101715a2 sp=0x0000006fd4eeedf8 mode 0
Event: 206.812 Thread 0x0000022b2113c590 DEOPT PACKING pc=0x0000022b093ff827 sp=0x0000006fd4ef06f0
Event: 206.812 Thread 0x0000022b2113c590 DEOPT UNPACKING pc=0x0000022b101715a2 sp=0x0000006fd4eefbc8 mode 0
Event: 207.005 Thread 0x0000022b2113c590 DEOPT PACKING pc=0x0000022b08e58c39 sp=0x0000006fd4ef0150
Event: 207.005 Thread 0x0000022b2113c590 DEOPT UNPACKING pc=0x0000022b101715a2 sp=0x0000006fd4eef5e0 mode 0
Event: 207.234 Thread 0x0000022b2113c590 DEOPT PACKING pc=0x0000022b093ff827 sp=0x0000006fd4ef06f0
Event: 207.235 Thread 0x0000022b2113c590 DEOPT UNPACKING pc=0x0000022b101715a2 sp=0x0000006fd4eefbc8 mode 0
Event: 207.252 Thread 0x0000022b2113c590 DEOPT PACKING pc=0x0000022b09400da9 sp=0x0000006fd4eef990
Event: 207.253 Thread 0x0000022b2113c590 DEOPT UNPACKING pc=0x0000022b101715a2 sp=0x0000006fd4eeedf8 mode 0

Classes loaded (20 events):
Event: 171.151 Loading class java/util/AbstractList$ListItr
Event: 171.154 Loading class java/util/AbstractList$ListItr done
Event: 175.849 Loading class java/text/StringCharacterIterator
Event: 175.853 Loading class java/text/CharacterIterator
Event: 175.855 Loading class java/text/CharacterIterator done
Event: 175.856 Loading class java/text/StringCharacterIterator done
Event: 178.846 Loading class java/util/PriorityQueue
Event: 178.855 Loading class java/util/PriorityQueue done
Event: 179.369 Loading class java/util/ArrayList$ListItr
Event: 179.374 Loading class java/util/ArrayList$ListItr done
Event: 192.875 Loading class java/lang/classfile/CodeModel
Event: 192.878 Loading class java/lang/classfile/CodeModel done
Event: 194.861 Loading class java/util/AbstractList$SubList
Event: 194.865 Loading class java/util/AbstractList$SubList done
Event: 194.866 Loading class java/util/AbstractList$SubList$1
Event: 194.868 Loading class java/util/AbstractList$SubList$1 done
Event: 197.636 Loading class java/util/AbstractList$RandomAccessSubList
Event: 197.638 Loading class java/util/AbstractList$RandomAccessSubList done
Event: 208.297 Loading class java/util/ArrayList$SubList$1
Event: 208.301 Loading class java/util/ArrayList$SubList$1 done

Classes unloaded (0 events):
No events

Classes redefined (0 events):
No events

Internal exceptions (20 events):
Event: 129.327 Thread 0x0000022b2113c590 Exception <a 'java/lang/NoSuchMethodError'{0x0000000702c16988}: 'java.lang.Object java.lang.invoke.DirectMethodHandle$Holder.invokeStatic(java.lang.Object, java.lang.Object, int, java.lang.Object, int)'> (0x0000000702c16988) 
thrown [s\open\src\hotspot\share\interpreter\linkResolver.cpp, line 804]
Event: 139.308 Thread 0x0000022b2113c590 Implicit null exception at 0x0000022b107cc681 to 0x0000022b107cc994
Event: 139.331 Thread 0x0000022b2113c590 Exception <a 'java/lang/NoSuchMethodError'{0x000000070f17bb40}: 'java.lang.Object java.lang.invoke.DirectMethodHandle$Holder.invokeStatic(java.lang.Object, java.lang.Object, java.lang.Object, java.lang.Object, int)'> (0x000000070f17bb40) 
thrown [s\open\src\hotspot\share\interpreter\linkResolver.cpp, line 804]
Event: 139.342 Thread 0x0000022b2113c590 Exception <a 'java/lang/NoSuchMethodError'{0x000000070f18e0b0}: 'long java.lang.invoke.DirectMethodHandle$Holder.invokeStatic(java.lang.Object, java.lang.Object, int)'> (0x000000070f18e0b0) 
thrown [s\open\src\hotspot\share\interpreter\linkResolver.cpp, line 804]
Event: 139.348 Thread 0x0000022b2113c590 Exception <a 'java/lang/NoSuchMethodError'{0x000000070f19fe38}: 'long java.lang.invoke.DelegatingMethodHandle$Holder.reinvoke_L(java.lang.Object, java.lang.Object, int)'> (0x000000070f19fe38) 
thrown [s\open\src\hotspot\share\interpreter\linkResolver.cpp, line 804]
Event: 139.360 Thread 0x0000022b2113c590 Exception <a 'java/lang/NoSuchMethodError'{0x000000070f1b9b68}: 'java.lang.Object java.lang.invoke.DelegatingMethodHandle$Holder.reinvoke_L(java.lang.Object, int, long, java.lang.Object, java.lang.Object, int, java.lang.Object)'> (0x000000070f1b9b68) 
thrown [s\open\src\hotspot\share\interpreter\linkResolver.cpp, line 804]
Event: 144.264 Thread 0x0000022b2113c590 Exception <a 'java/lang/NoSuchMethodError'{0x000000070e1fdf38}: 'java.lang.Object java.lang.invoke.Invokers$Holder.invokeExact_MT(java.lang.Object, java.lang.Object, long, java.lang.Object)'> (0x000000070e1fdf38) 
thrown [s\open\src\hotspot\share\interpreter\linkResolver.cpp, line 804]
Event: 146.786 Thread 0x0000022b2113c590 Exception <a 'java/lang/NoSuchMethodError'{0x000000070d658008}: 'java.lang.Object java.lang.invoke.DirectMethodHandle$Holder.invokeStatic(java.lang.Object, java.lang.Object, long, long)'> (0x000000070d658008) 
thrown [s\open\src\hotspot\share\interpreter\linkResolver.cpp, line 804]
Event: 146.895 Thread 0x0000022b2113c590 Exception <a 'java/lang/NoSuchMethodError'{0x000000070d6b9ed8}: 'java.lang.Object java.lang.invoke.DirectMethodHandle$Holder.newInvokeSpecial(java.lang.Object, java.lang.Object, java.lang.Object, long)'> (0x000000070d6b9ed8) 
thrown [s\open\src\hotspot\share\interpreter\linkResolver.cpp, line 804]
Event: 146.899 Thread 0x0000022b2113c590 Exception <a 'java/lang/NoSuchMethodError'{0x000000070d6c36d0}: 'java.lang.Object java.lang.invoke.Invokers$Holder.linkToTargetMethod(java.lang.Object, java.lang.Object, long, java.lang.Object)'> (0x000000070d6c36d0) 
thrown [s\open\src\hotspot\share\interpreter\linkResolver.cpp, line 804]
Event: 150.473 Thread 0x0000022b2113c590 Implicit null exception at 0x0000022b10890a84 to 0x0000022b10890e90
Event: 173.815 Thread 0x0000022b2113c590 Exception <a 'java/lang/NoSuchMethodError'{0x000000070f096aa8}: 'java.lang.Object java.lang.invoke.DirectMethodHandle$Holder.newInvokeSpecial(java.lang.Object, java.lang.Object, java.lang.Object, int, java.lang.Object)'> (0x000000070f096aa8) 
thrown [s\open\src\hotspot\share\interpreter\linkResolver.cpp, line 804]
Event: 173.823 Thread 0x0000022b2113c590 Exception <a 'java/lang/NoSuchMethodError'{0x000000070f0a0bb0}: 'java.lang.Object java.lang.invoke.DirectMethodHandle$Holder.invokeSpecial(java.lang.Object, java.lang.Object, java.lang.Object, java.lang.Object, int, java.lang.Object)'> (0x000000070f0a0bb0) 
thrown [s\open\src\hotspot\share\interpreter\linkResolver.cpp, line 804]
Event: 173.828 Thread 0x0000022b2113c590 Exception <a 'java/lang/NoSuchMethodError'{0x000000070f0aa540}: 'java.lang.Object java.lang.invoke.Invokers$Holder.linkToTargetMethod(java.lang.Object, java.lang.Object, int, java.lang.Object, java.lang.Object)'> (0x000000070f0aa540) 
thrown [s\open\src\hotspot\share\interpreter\linkResolver.cpp, line 804]
Event: 174.558 Thread 0x0000022b2113c590 Exception <a 'java/lang/NoSuchMethodError'{0x00000007fff698f0}: 'java.lang.Object java.lang.invoke.DirectMethodHandle$Holder.newInvokeSpecial(java.lang.Object, java.lang.Object, java.lang.Object, java.lang.Object, int)'> (0x00000007fff698f0) 
thrown [s\open\src\hotspot\share\interpreter\linkResolver.cpp, line 804]
Event: 174.561 Thread 0x0000022b2113c590 Exception <a 'java/lang/NoSuchMethodError'{0x00000007fff73a98}: 'java.lang.Object java.lang.invoke.DirectMethodHandle$Holder.invokeSpecial(java.lang.Object, java.lang.Object, java.lang.Object, java.lang.Object, java.lang.Object, int)'> (0x00000007fff73a98) 
thrown [s\open\src\hotspot\share\interpreter\linkResolver.cpp, line 804]
Event: 174.563 Thread 0x0000022b2113c590 Exception <a 'java/lang/NoSuchMethodError'{0x00000007fff7d428}: 'java.lang.Object java.lang.invoke.Invokers$Holder.linkToTargetMethod(java.lang.Object, java.lang.Object, java.lang.Object, int, java.lang.Object)'> (0x00000007fff7d428) 
thrown [s\open\src\hotspot\share\interpreter\linkResolver.cpp, line 804]
Event: 196.585 Thread 0x0000022b2113c590 Exception <a 'java/lang/NoSuchMethodError'{0x000000070f6daf28}: 'java.lang.Object java.lang.invoke.DirectMethodHandle$Holder.newInvokeSpecial(java.lang.Object, int, java.lang.Object, java.lang.Object)'> (0x000000070f6daf28) 
thrown [s\open\src\hotspot\share\interpreter\linkResolver.cpp, line 804]
Event: 198.982 Thread 0x0000022b2113c590 Exception <a 'java/lang/NoSuchMethodError'{0x0000000710bd2a28}: 'java.lang.Object java.lang.invoke.DirectMethodHandle$Holder.newInvokeSpecial(java.lang.Object, int, java.lang.Object)'> (0x0000000710bd2a28) 
thrown [s\open\src\hotspot\share\interpreter\linkResolver.cpp, line 804]
Event: 200.036 Thread 0x0000022b2113c590 Exception <a 'java/lang/NoSuchMethodError'{0x00000007106f2a40}: 'java.lang.Object java.lang.invoke.DirectMethodHandle$Holder.invokeStaticInit(java.lang.Object, java.lang.Object, java.lang.Object, java.lang.Object)'> (0x00000007106f2a40) 
thrown [s\open\src\hotspot\share\interpreter\linkResolver.cpp, line 804]

VM Operations (20 events):
Event: 174.255 Executing safepoint VM operation: G1CollectForAllocation (G1 Evacuation Pause) done
Event: 179.387 Executing non-safepoint VM operation: HandshakeAllThreads (Deoptimize)
Event: 179.388 Executing non-safepoint VM operation: HandshakeAllThreads (Deoptimize) done
Event: 180.620 Executing non-safepoint VM operation: HandshakeAllThreads (DeflationHandshakeClosure)
Event: 180.624 Executing non-safepoint VM operation: HandshakeAllThreads (DeflationHandshakeClosure) done
Event: 180.625 Executing non-safepoint VM operation: RendezvousGCThreads
Event: 180.625 Executing non-safepoint VM operation: RendezvousGCThreads done
Event: 185.160 Executing non-safepoint VM operation: HandshakeAllThreads (Deoptimize)
Event: 185.161 Executing non-safepoint VM operation: HandshakeAllThreads (Deoptimize) done
Event: 188.408 Executing safepoint VM operation: G1CollectForAllocation (G1 Evacuation Pause)
Event: 188.564 Executing safepoint VM operation: G1CollectForAllocation (G1 Evacuation Pause) done
Event: 189.972 Executing non-safepoint VM operation: HandshakeAllThreads (Deoptimize)
Event: 189.979 Executing non-safepoint VM operation: HandshakeAllThreads (Deoptimize) done
Event: 194.427 Executing non-safepoint VM operation: HandshakeAllThreads (Deoptimize)
Event: 194.428 Executing non-safepoint VM operation: HandshakeAllThreads (Deoptimize) done
Event: 195.644 Executing non-safepoint VM operation: HandshakeAllThreads (Deoptimize)
Event: 195.645 Executing non-safepoint VM operation: HandshakeAllThreads (Deoptimize) done
Event: 197.790 Executing safepoint VM operation: G1CollectForAllocation (G1 Evacuation Pause)
Event: 198.015 Executing safepoint VM operation: G1CollectForAllocation (G1 Evacuation Pause) done
Event: 209.962 Executing safepoint VM operation: G1CollectForAllocation (G1 Evacuation Pause)

Memory protections (0 events):
No events

Nmethod flushes (20 events):
Event: 160.672 Thread 0x0000022b1c061370 flushing  nmethod 0x0000022b08d10808
Event: 160.672 Thread 0x0000022b1c061370 flushing  nmethod 0x0000022b08db2d08
Event: 160.672 Thread 0x0000022b1c061370 flushing  nmethod 0x0000022b08e32908
Event: 160.672 Thread 0x0000022b1c061370 flushing  nmethod 0x0000022b08ffdb88
Event: 160.672 Thread 0x0000022b1c061370 flushing  nmethod 0x0000022b08ffde88
Event: 160.672 Thread 0x0000022b1c061370 flushing  nmethod 0x0000022b09005908
Event: 160.672 Thread 0x0000022b1c061370 flushing  nmethod 0x0000022b09151388
Event: 160.672 Thread 0x0000022b1c061370 flushing  nmethod 0x0000022b09158d88
Event: 160.672 Thread 0x0000022b1c061370 flushing  nmethod 0x0000022b09159c08
Event: 160.672 Thread 0x0000022b1c061370 flushing  nmethod 0x0000022b0915fc08
Event: 160.672 Thread 0x0000022b1c061370 flushing  nmethod 0x0000022b1072a288
Event: 160.672 Thread 0x0000022b1c061370 flushing  nmethod 0x0000022b08be2b08
Event: 160.672 Thread 0x0000022b1c061370 flushing  nmethod 0x0000022b08be8788
Event: 160.672 Thread 0x0000022b1c061370 flushing  nmethod 0x0000022b08e34588
Event: 160.672 Thread 0x0000022b1c061370 flushing  nmethod 0x0000022b08e35408
Event: 160.673 Thread 0x0000022b1c061370 flushing  nmethod 0x0000022b08e9df88
Event: 160.673 Thread 0x0000022b1c061370 flushing  nmethod 0x0000022b0900ef08
Event: 160.673 Thread 0x0000022b1c061370 flushing  nmethod 0x0000022b09054c88
Event: 160.673 Thread 0x0000022b1c061370 flushing  nmethod 0x0000022b090c8788
Event: 160.673 Thread 0x0000022b1c061370 flushing  nmethod 0x0000022b090c8b08

Events (20 events):
Event: 34.726 Thread 0x0000022b79c34d50 Thread added: 0x0000022b1cbe3750
Event: 34.739 Thread 0x0000022b1cbdf100 Thread added: 0x0000022b1cbe4ec0
Event: 37.763 Thread 0x0000022b1cbdf100 Thread added: 0x0000022b1cbe2f80
Event: 37.889 Thread 0x0000022b1cbe2f80 Thread added: 0x0000022b1cbe5690
Event: 38.646 Thread 0x0000022b1cbe2f80 Thread added: 0x0000022b2113a650
Event: 38.860 Thread 0x0000022b1cbe2f80 Thread added: 0x0000022b2113c590
Event: 39.077 Thread 0x0000022b2113c590 Thread added: 0x0000022b21138ee0
Event: 39.885 Thread 0x0000022b2113c590 Thread added: 0x0000022b2113bdc0
Event: 40.057 Thread 0x0000022b2113c590 Thread added: 0x0000022b1c81a5f0
Event: 53.246 Thread 0x0000022b2113c590 Thread added: 0x0000022b1c817ee0
Event: 53.412 Thread 0x0000022b2113c590 Thread added: 0x0000022b1c81c530
Event: 57.759 Thread 0x0000022b2113c590 Thread added: 0x0000022b1c81d4d0
Event: 76.768 Thread 0x0000022b2113c590 Thread added: 0x0000022b232e08a0
Event: 77.061 Thread 0x0000022b2113c590 Thread added: 0x0000022b232e3780
Event: 81.787 Thread 0x0000022b2113c590 Thread added: 0x0000022b232e2fb0
Event: 81.937 Thread 0x0000022b2113c590 Thread added: 0x0000022b232e4ef0
Event: 86.686 Thread 0x0000022b2113c590 Thread added: 0x0000022b232e4720
Event: 89.309 Thread 0x0000022b2113c590 Thread added: 0x0000022b232e56c0
Event: 96.627 Thread 0x0000022b2113c590 Thread added: 0x0000022b232e5e90
Event: 98.066 Thread 0x0000022b2113c590 Thread added: 0x0000022b232e7600


Dynamic libraries:
0x00007ff62f240000 - 0x00007ff62f250000 	C:\Program Files\Java\jdk-26.0.1\bin\java.exe
0x00007ffe31ca0000 - 0x00007ffe31f06000 	C:\WINDOWS\SYSTEM32\ntdll.dll
0x00007ffe30f60000 - 0x00007ffe31029000 	C:\WINDOWS\System32\KERNEL32.DLL
0x00007ffe2f3b0000 - 0x00007ffe2f7b0000 	C:\WINDOWS\System32\KERNELBASE.dll
0x00007ffe2f7c0000 - 0x00007ffe2f90c000 	C:\WINDOWS\System32\ucrtbase.dll
0x00007ffe07cf0000 - 0x00007ffe07d07000 	C:\Program Files\Java\jdk-26.0.1\bin\jli.dll
0x00007ffe03380000 - 0x00007ffe0339e000 	C:\Program Files\Java\jdk-26.0.1\bin\VCRUNTIME140.dll
0x00007ffe317e0000 - 0x00007ffe319a7000 	C:\WINDOWS\System32\USER32.dll
0x00007ffe19f80000 - 0x00007ffe1a212000 	C:\WINDOWS\WinSxS\amd64_microsoft.windows.common-controls_6595b64144ccf1df_6.0.26100.8737_none_3e092eaee333b772\COMCTL32.dll
0x00007ffe2eec0000 - 0x00007ffe2eee7000 	C:\WINDOWS\System32\win32u.dll
0x00007ffe31730000 - 0x00007ffe317d9000 	C:\WINDOWS\System32\msvcrt.dll
0x00007ffe319b0000 - 0x00007ffe319db000 	C:\WINDOWS\System32\GDI32.dll
0x00007ffe2eef0000 - 0x00007ffe2f019000 	C:\WINDOWS\System32\gdi32full.dll
0x00007ffe2f920000 - 0x00007ffe2f9c3000 	C:\WINDOWS\System32\msvcp_win.dll
0x00007ffe30bf0000 - 0x00007ffe30c22000 	C:\WINDOWS\System32\IMM32.DLL
0x00007ffe1eb20000 - 0x00007ffe1eb2c000 	C:\Program Files\Java\jdk-26.0.1\bin\vcruntime140_1.dll
0x00007ffdf1d00000 - 0x00007ffdf1d8d000 	C:\Program Files\Java\jdk-26.0.1\bin\msvcp140.dll
0x00007ffd9e870000 - 0x00007ffd9f73e000 	C:\Program Files\Java\jdk-26.0.1\bin\server\jvm.dll
0x00007ffe30ea0000 - 0x00007ffe30f57000 	C:\WINDOWS\System32\ADVAPI32.dll
0x00007ffe314f0000 - 0x00007ffe3159a000 	C:\WINDOWS\System32\sechost.dll
0x00007ffe313d0000 - 0x00007ffe314e8000 	C:\WINDOWS\System32\RPCRT4.dll
0x00007ffe316a0000 - 0x00007ffe31720000 	C:\WINDOWS\System32\WS2_32.dll
0x00007ffe2ed20000 - 0x00007ffe2ed7e000 	C:\WINDOWS\SYSTEM32\POWRPROF.dll
0x00007ffe25d10000 - 0x00007ffe25d46000 	C:\WINDOWS\SYSTEM32\WINMM.dll
0x00007ffe20890000 - 0x00007ffe2089b000 	C:\WINDOWS\SYSTEM32\VERSION.dll
0x00007ffe2ed00000 - 0x00007ffe2ed14000 	C:\WINDOWS\SYSTEM32\UMPDC.dll
0x00007ffe2dba0000 - 0x00007ffe2dbbb000 	C:\WINDOWS\SYSTEM32\kernel.appcore.dll
0x00007ffe17070000 - 0x00007ffe1707a000 	C:\Program Files\Java\jdk-26.0.1\bin\jimage.dll
0x00007ffe2c3b0000 - 0x00007ffe2c5f2000 	C:\WINDOWS\SYSTEM32\DBGHELP.DLL
0x00007ffe30810000 - 0x00007ffe30b93000 	C:\WINDOWS\System32\combase.dll
0x00007ffe31030000 - 0x00007ffe31109000 	C:\WINDOWS\System32\OLEAUT32.dll
0x00007ffe15610000 - 0x00007ffe1564b000 	C:\WINDOWS\SYSTEM32\dbgcore.DLL
0x00007ffe2f0e0000 - 0x00007ffe2f18c000 	C:\WINDOWS\System32\bcryptPrimitives.dll
0x00007ffe07da0000 - 0x00007ffe07db0000 	C:\Program Files\Java\jdk-26.0.1\bin\instrument.dll
0x00007ffe03340000 - 0x00007ffe0335f000 	C:\Program Files\Java\jdk-26.0.1\bin\java.dll
0x00007ffe319e0000 - 0x00007ffe31b79000 	C:\WINDOWS\System32\ole32.dll
0x00007ffe30070000 - 0x00007ffe30802000 	C:\WINDOWS\System32\SHELL32.dll
0x00007ffe2c980000 - 0x00007ffe2d212000 	C:\WINDOWS\SYSTEM32\windows.storage.dll
0x00007ffe30c30000 - 0x00007ffe30d27000 	C:\WINDOWS\System32\SHCORE.dll
0x00007ffe31bf0000 - 0x00007ffe31c57000 	C:\WINDOWS\System32\shlwapi.dll
0x00007ffe2ede0000 - 0x00007ffe2ee09000 	C:\WINDOWS\SYSTEM32\profapi.dll
0x00007ffe00060000 - 0x00007ffe00077000 	C:\Program Files\Java\jdk-26.0.1\bin\zip.dll
0x00007ffe03250000 - 0x00007ffe03262000 	C:\Program Files\Java\jdk-26.0.1\bin\net.dll
0x00007ffe2e150000 - 0x00007ffe2e1bc000 	C:\WINDOWS\system32\mswsock.dll
0x00007ffe031e0000 - 0x00007ffe031f6000 	C:\Program Files\Java\jdk-26.0.1\bin\nio.dll
0x00007ffe07db0000 - 0x00007ffe07dc0000 	C:\Program Files\Java\jdk-26.0.1\bin\verify.dll
0x00007ffe11770000 - 0x00007ffe11797000 	C:\Users\lenovo\.gradle\native\660c5614fbf4a5f2a75b1949f50a0caf5cd603558e7d8a26e50b933a0cfb79d1\windows-amd64\native-platform.dll
0x00007ffdf1c40000 - 0x00007ffdf1cb7000 	C:\Users\lenovo\.gradle\native\0.2.8\x86_64-windows-gnu\gradle-fileevents.dll
0x00007ffe117a0000 - 0x00007ffe117aa000 	C:\Program Files\Java\jdk-26.0.1\bin\management.dll
0x00007ffe0b5b0000 - 0x00007ffe0b5bc000 	C:\Program Files\Java\jdk-26.0.1\bin\management_ext.dll
0x00007ffe2f9f0000 - 0x00007ffe2f9f8000 	C:\WINDOWS\System32\PSAPI.DLL
0x00007ffe2d620000 - 0x00007ffe2d653000 	C:\WINDOWS\SYSTEM32\IPHLPAPI.DLL
0x00007ffe31be0000 - 0x00007ffe31bea000 	C:\WINDOWS\System32\NSI.dll
0x00007ffe07dc0000 - 0x00007ffe07dc9000 	C:\Program Files\Java\jdk-26.0.1\bin\extnet.dll
0x00007ffe2e450000 - 0x00007ffe2e46b000 	C:\WINDOWS\SYSTEM32\CRYPTSP.dll
0x00007ffe2db00000 - 0x00007ffe2db39000 	C:\WINDOWS\system32\rsaenh.dll
0x00007ffe2e210000 - 0x00007ffe2e242000 	C:\WINDOWS\SYSTEM32\USERENV.dll
0x00007ffe2edb0000 - 0x00007ffe2edda000 	C:\WINDOWS\SYSTEM32\bcrypt.dll
0x00007ffe2e470000 - 0x00007ffe2e47c000 	C:\WINDOWS\SYSTEM32\CRYPTBASE.dll
0x00007ffe07d90000 - 0x00007ffe07d9e000 	C:\Program Files\Java\jdk-26.0.1\bin\sunmscapi.dll
0x00007ffe2f230000 - 0x00007ffe2f3a8000 	C:\WINDOWS\System32\CRYPT32.dll
0x00007ffe2e690000 - 0x00007ffe2e6c0000 	C:\WINDOWS\SYSTEM32\ncrypt.dll
0x00007ffe2e640000 - 0x00007ffe2e67f000 	C:\WINDOWS\SYSTEM32\NTASN1.dll
0x00007ffe20190000 - 0x00007ffe20198000 	C:\WINDOWS\system32\wshunix.dll

JVMTI agents:
C:\Users\lenovo\.gradle\wrapper\dists\gradle-9.4.1-bin\arn2x92ynaizyzdaamcbpbhtj\gradle-9.4.1\lib\agents\gradle-instrumentation-agent-9.4.1.jar path:C:\Program Files\Java\jdk-26.0.1\bin\instrument.dll, loaded, initialized, instrumentlib options:none

dbghelp: loaded successfully - version: 4.0.5 - missing functions: none
symbol engine: initialized successfully - sym options: 0x614 - pdb path: .;C:\Program Files\Java\jdk-26.0.1\bin;C:\WINDOWS\SYSTEM32;C:\WINDOWS\WinSxS\amd64_microsoft.windows.common-controls_6595b64144ccf1df_6.0.26100.8737_none_3e092eaee333b772;C:\Program Files\Java\jdk-26.0.1\bin\server;C:\Users\lenovo\.gradle\native\660c5614fbf4a5f2a75b1949f50a0caf5cd603558e7d8a26e50b933a0cfb79d1\windows-amd64;C:\Users\lenovo\.gradle\native\0.2.8\x86_64-windows-gnu

VM Arguments:
jvm_args: --add-opens=java.base/java.lang=ALL-UNNAMED --add-opens=java.base/java.lang.invoke=ALL-UNNAMED --add-opens=java.base/java.util=ALL-UNNAMED --add-opens=java.prefs/java.util.prefs=ALL-UNNAMED --add-exports=jdk.compiler/com.sun.tools.javac.api=ALL-UNNAMED --add-exports=jdk.compiler/com.sun.tools.javac.util=ALL-UNNAMED --add-opens=java.base/java.util=ALL-UNNAMED --add-opens=java.prefs/java.util.prefs=ALL-UNNAMED --add-opens=java.base/java.nio.charset=ALL-UNNAMED --add-opens=java.base/java.net=ALL-UNNAMED --add-opens=java.base/java.util.concurrent=ALL-UNNAMED --add-opens=java.base/java.util.concurrent.atomic=ALL-UNNAMED --add-opens=java.xml/javax.xml.namespace=ALL-UNNAMED --add-opens=java.base/java.time=ALL-UNNAMED --enable-native-access=ALL-UNNAMED -XX:MaxMetaspaceSize=512m -XX:+HeapDumpOnOutOfMemoryError -Xmx4096m -Dfile.encoding=UTF-8 -Duser.country=US -Duser.language=en -Duser.variant -javaagent:C:\Users\lenovo\.gradle\wrapper\dists\gradle-9.4.1-bin\arn2x92ynaizyzdaamcbpbhtj\gradle-9.4.1\lib\agents\gradle-instrumentation-agent-9.4.1.jar 
java_command: org.gradle.launcher.daemon.bootstrap.GradleDaemon 9.4.1
java_class_path (initial): C:\Users\lenovo\.gradle\wrapper\dists\gradle-9.4.1-bin\arn2x92ynaizyzdaamcbpbhtj\gradle-9.4.1\lib\gradle-daemon-main-9.4.1.jar
Launcher Type: SUN_STANDARD

[Global flags]
     bool AOTAdapterCaching                        = false                                  {diagnostic} {ergonomic}
     bool AOTInvokeDynamicLinking                  = false                                  {diagnostic} {ergonomic}
     bool AOTRecordTraining                        = false                                  {diagnostic} {ergonomic}
     bool AOTReplayTraining                        = false                                  {diagnostic} {ergonomic}
     bool AOTStubCaching                           = false                                  {diagnostic} {ergonomic}
     intx CICompilerCount                          = 4                                         {product} {ergonomic}
   size_t CompressedClassSpaceSize                 = 436207616                                 {product} {ergonomic}
     uint ConcGCThreads                            = 2                                         {product} {ergonomic}
     uint G1ConcRefinementThreads                  = 8                                         {product} {ergonomic}
     uint G1EagerReclaimRemSetThreshold            = 16                                   {experimental} {ergonomic}
   size_t G1HeapRegionSize                         = 2097152                                   {product} {ergonomic}
     uint G1RemSetArrayOfCardsEntries              = 16                                   {experimental} {ergonomic}
     uint G1RemSetHowlMaxNumBuckets                = 8                                    {experimental} {ergonomic}
     uint G1RemSetHowlNumBuckets                   = 8                                    {experimental} {ergonomic}
     bool HeapDumpOnOutOfMemoryError               = true                                   {manageable} {command line}
   size_t InitialHeapSize                          = 8388608                                   {product} {ergonomic}
     bool IntelJccErratumMitigation                = false                             {ARCH diagnostic} {ergonomic}
   size_t MarkStackSize                            = 4194304                                   {product} {ergonomic}
   size_t MarkStackSizeMax                         = 536870912                                 {product} {ergonomic}
   size_t MaxHeapSize                              = 4294967296                                {product} {command line}
   size_t MaxMetaspaceSize                         = 536870912                                 {product} {command line}
   size_t MaxNewSize                               = 2575302656                                {product} {ergonomic}
 uint64_t MaxRAM                                   = 4084523008                                {product} {ergonomic}
   size_t MinHeapDeltaBytes                        = 2097152                                   {product} {ergonomic}
   size_t MinHeapSize                              = 8388608                                   {product} {ergonomic}
   size_t NonNMethodCodeHeapSize                   = 5898240                                {pd product} {ergonomic}
   size_t NonProfiledCodeHeapSize                  = 122945536                              {pd product} {ergonomic}
   size_t ProfiledCodeHeapSize                     = 122945536                              {pd product} {ergonomic}
   size_t ReservedCodeCacheSize                    = 251789312                              {pd product} {ergonomic}
     bool SegmentedCodeCache                       = true                                      {product} {ergonomic}
   size_t SoftMaxHeapSize                          = 4294967296                             {manageable} {ergonomic}
     bool UseCompressedOops                        = true                           {product lp64_product} {ergonomic}
     bool UseCondCardMark                          = true                                      {product} {ergonomic}
     bool UseFastUnorderedTimeStamps               = true                                 {experimental} {ergonomic}
     bool UseG1GC                                  = true                                      {product} {ergonomic}
     bool UseLargePagesIndividualAllocation        = false                                  {pd product} {ergonomic}
      int X86ICacheSync                            = 3                                 {ARCH diagnostic} {ergonomic}

Logging:
Log output configuration:
 #0: stdout all=warning uptime,level,tags foldmultilines=false
 #1: stderr all=off uptime,level,tags foldmultilines=false

Release file:
IMPLEMENTOR="Oracle Corporation" 
JAVA_RUNTIME_VERSION="26.0.1+8-34" 
JAVA_VERSION="26.0.1" 
JAVA_VERSION_DATE="2026-04-21" 
LIBC="default" 
MODULES="java.base java.compiler java.datatransfer java.xml java.prefs java.desktop java.instrument java.logging java.management java.security.sasl java.naming java.rmi java.management.rmi java.net.http java.scripting java.security.jgss java.transaction.xa java.sql java.sql.rowset java.xml.crypto java.se java.smartcardio jdk.accessibility jdk.internal.jvmstat jdk.attach jdk.charsets jdk.internal.opt jdk.zipfs jdk.compiler jdk.crypto.cryptoki jdk.crypto.ec jdk.crypto.mscapi jdk.dynalink jdk.internal.ed jdk.editpad jdk.internal.vm.ci jdk.graal.compiler jdk.graal.compiler.management jdk.hotspot.agent jdk.httpserver jdk.incubator.vector jdk.internal.le jdk.internal.md jdk.jartool jdk.javadoc jdk.jcmd jdk.management jdk.management.agent jdk.jconsole jdk.jdeps jdk.jdwp.agent jdk.jdi jdk.jfr jdk.jlink jdk.jpackage jdk.jshell jdk.jstatd jdk.localedata jdk.management.jfr jdk.naming.dns jdk.naming.rmi jdk.net jdk.nio.mapmode jdk.sctp jdk.security.auth jdk.security.jgss jdk.unsupported jdk.unsupported.desktop jdk.xml.dom" 
OS_ARCH="x86_64" 
OS_NAME="Windows" 
SOURCE=".:git:8fcde8268d22 open:git:fcc00fc4aee7" 

Environment Variables:
PATH=C:\Program Files\Common Files\Oracle\Java\javapath;C:\Python314\Scripts\;C:\Python314\;C:\WINDOWS\system32;C:\WINDOWS;C:\WINDOWS\System32\Wbem;C:\WINDOWS\System32\WindowsPowerShell\v1.0\;C:\WINDOWS\System32\OpenSSH\;C:\Program Files\Git\cmd;C:\Program Files\nodejs\;C:\ProgramData\chocolatey\bin;C:\Program Files\Microsoft SQL Server\170\Tools\Binn\;C:\Program Files\Microsoft SQL Server\Client SDK\ODBC\170\Tools\Binn\;C:\Program Files (x86)\IncrediBuild;C:\Program Files (x86)\Windows Kits\10\Windows Performance Toolkit\;C:\Program Files\tre-command\bin\;C:\Program Files (x86)\Google\Cloud SDK\google-cloud-sdk\bin;C:\Program Files\dotnet\;C:\Program Files\Go\bin;C:\Users\lenovo\AppData\Local\Programs\Python\Python312\Scripts\;C:\Users\lenovo\AppData\Local\Programs\Python\Python312\;C:\Users\lenovo\AppData\Local\Microsoft\WindowsApps;C:\Users\lenovo\AppData\Roaming\npm;C:\Users\lenovo\AppData\Local\Programs\Microsoft VS Code\bin;C:\Users\lenovo\AppData\Local\Programs\Microsoft VS Code Insiders\bin;C:\Users\lenovo\AppData\Local\Python\bin;C:\Users\lenovo\AppData\Local\Programs\Antigravity\bin;C:\Users\lenovo\.dotnet\tools;C:\Users\lenovo\go\bin;C:\Program Files\Android\Android Studio\plugins\android\resources\android-cli\bin
USERNAME=lenovo
OS=Windows_NT
PROCESSOR_IDENTIFIER=Intel64 Family 6 Model 140 Stepping 1, GenuineIntel
TMP=C:\Users\lenovo\AppData\Local\Temp
TEMP=C:\Users\lenovo\AppData\Local\Temp




Compilation memory statistics disabled.

Periodic native trim disabled

---------------  S Y S T E M  ---------------

OS:
 Windows 11 , 64 bit Build 26100 (10.0.26100.8737)
OS uptime: 2 days 10:35 hours

CPU: total 8 (initial active 8) (4 cores per cpu, 2 threads per core) family 6 model 140 stepping 1 microcode 0x8a, cx8, cmov, fxsr, ht, mmx, 3dnowpref, sse, sse2, sse3, ssse3, sse4.1, sse4.2, popcnt, lzcnt, tsc, tscinvbit, avx, avx2, aes, erms, clmul, bmi1, bmi2, adx, avx512f, avx512dq, avx512cd, avx512bw, avx512vl, sha, fma, vzeroupper, avx512_vpopcntdq, avx512_vpclmulqdq, avx512_vaes, avx512_vnni, clflush, clflushopt, clwb, avx512_vbmi2, avx512_vbmi, rdtscp, rdpid, fsrm, gfni, avx512_bitalg, f16c, pku, cet_ibt, cet_ss, avx512_ifma
Processor Information for processor 0
  Max Mhz: 2419, Current Mhz: 1209, Mhz Limit: 2419
Processor Information for processor 1
  Max Mhz: 2419, Current Mhz: 2419, Mhz Limit: 2419
Processor Information for processor 2
  Max Mhz: 2419, Current Mhz: 1209, Mhz Limit: 2419
Processor Information for processor 3
  Max Mhz: 2419, Current Mhz: 1209, Mhz Limit: 2419
Processor Information for processor 4
  Max Mhz: 2419, Current Mhz: 2419, Mhz Limit: 2419
Processor Information for processor 5
  Max Mhz: 2419, Current Mhz: 1209, Mhz Limit: 2419
Processor Information for processor 6
  Max Mhz: 2419, Current Mhz: 2419, Mhz Limit: 2419
Processor Information for processor 7
  Max Mhz: 2419, Current Mhz: 1209, Mhz Limit: 2419

Memory: 4k page, system-wide physical 3895M (116M free)
TotalPageFile size 15671M (AvailPageFile size 518M)
current process WorkingSet (physical memory assigned to process): 232M, peak: 256M
current process commit charge ("private bytes"): 520M, peak: 1057M

vm_info: Java HotSpot(TM) 64-Bit Server VM (26.0.1+8-34) for windows-amd64 JRE (26.0.1+8-34), built on 2026-03-10T17:24:10Z with MS VC++ 17.13 (VS2022)

END.
