#
# There is insufficient memory for the Java Runtime Environment to continue.
# Native memory allocation (mmap) failed to map 197132288 bytes. Error detail: G1 virtual space
# Possible reasons:
#   The system is out of physical RAM or swap space
#   This process is running with CompressedOops enabled, and the Java Heap may be blocking the growth of the native heap
# Possible solutions:
#   Reduce memory load on the system
#   Increase physical memory or swap space
#   Check if swap backing store is full
#   Decrease Java heap size (-Xmx/-Xms)
#   Decrease number of Java threads
#   Decrease Java thread stack sizes (-Xss)
#   Set larger code cache with -XX:ReservedCodeCacheSize=
#   JVM is running with Zero Based Compressed Oops mode in which the Java heap is
#     placed in the first 32GB address space. The Java Heap base address is the
#     maximum limit for the native heap growth. Please use -XX:HeapBaseMinAddress
#     to set the Java Heap base and to place the Java Heap above 32GB virtual address.
# This output file may be truncated or incomplete.
#
#  Out of Memory Error (os_windows.cpp:3583), pid=4676, tid=14520
#
# JRE version: Java(TM) SE Runtime Environment (26.0.1+8) (build 26.0.1+8-34)
# Java VM: Java HotSpot(TM) 64-Bit Server VM (26.0.1+8-34, mixed mode, sharing, tiered, compressed oops, compressed class ptrs, g1 gc, windows-amd64)
# No core dump will be written. Minidumps are not enabled by default on client versions of Windows
#

---------------  S U M M A R Y ------------

Command Line: --add-opens=java.base/java.lang=ALL-UNNAMED --add-opens=java.base/java.lang.invoke=ALL-UNNAMED --add-opens=java.base/java.util=ALL-UNNAMED --add-opens=java.prefs/java.util.prefs=ALL-UNNAMED --add-exports=jdk.compiler/com.sun.tools.javac.api=ALL-UNNAMED --add-exports=jdk.compiler/com.sun.tools.javac.util=ALL-UNNAMED --add-opens=java.base/java.util=ALL-UNNAMED --add-opens=java.prefs/java.util.prefs=ALL-UNNAMED --add-opens=java.base/java.nio.charset=ALL-UNNAMED --add-opens=java.base/java.net=ALL-UNNAMED --add-opens=java.base/java.util.concurrent=ALL-UNNAMED --add-opens=java.base/java.util.concurrent.atomic=ALL-UNNAMED --add-opens=java.xml/javax.xml.namespace=ALL-UNNAMED --add-opens=java.base/java.time=ALL-UNNAMED --enable-native-access=ALL-UNNAMED -XX:MaxMetaspaceSize=512m -XX:+HeapDumpOnOutOfMemoryError -Xmx4096m -Dfile.encoding=UTF-8 -Duser.country=US -Duser.language=en -Duser.variant -javaagent:C:\Users\lenovo\.gradle\wrapper\dists\gradle-9.4.1-bin\arn2x92ynaizyzdaamcbpbhtj\gradle-9.4.1\lib\agents\gradle-instrumentation-agent-9.4.1.jar org.gradle.launcher.daemon.bootstrap.GradleDaemon 9.4.1

Host: 11th Gen Intel(R) Core(TM) i5-1135G7 @ 2.40GHz, 8 cores, 3G,  Windows 11 , 64 bit Build 26100 (10.0.26100.8737)
Time: Thu Jul 16 04:46:39 2026 E. Africa Standard Time elapsed time: 111.848531 seconds (0d 0h 1m 51s)

---------------  T H R E A D  ---------------

Current thread (0x0000018ffdc9f5b0):  VMThread "VM Thread"          [id=14520, stack(0x00000056d7000000,0x00000056d7100000) (1024K)]

Stack: [0x00000056d7000000,0x00000056d7100000]
Native frames: (J=compiled Java code, j=interpreted, Vv=VM code, C=native code)
V  [jvm.dll+0x7d5879]  (no source info available)
V  [jvm.dll+0x7a37dd]  (no source info available)
V  [jvm.dll+0x9b0c10]  (no source info available)
V  [jvm.dll+0x9b3061]  (no source info available)
V  [jvm.dll+0x9b3773]  (no source info available)
V  [jvm.dll+0x30df76]  (no source info available)
V  [jvm.dll+0x7d4d45]  (no source info available)
V  [jvm.dll+0x7c7f07]  (no source info available)
V  [jvm.dll+0x4087e8]  (no source info available)
V  [jvm.dll+0x410b56]  (no source info available)
V  [jvm.dll+0x3fcef4]  (no source info available)
V  [jvm.dll+0x3fd1e5]  (no source info available)
V  [jvm.dll+0x3d3b6f]  (no source info available)
V  [jvm.dll+0x3d6ddc]  (no source info available)
V  [jvm.dll+0x4223ec]  (no source info available)
V  [jvm.dll+0x420d33]  (no source info available)
V  [jvm.dll+0x3d3308]  (no source info available)
V  [jvm.dll+0x4200f3]  (no source info available)
V  [jvm.dll+0x9b9c21]  (no source info available)
V  [jvm.dll+0x9babeb]  (no source info available)
V  [jvm.dll+0x9bb0fc]  (no source info available)
V  [jvm.dll+0x9bb579]  (no source info available)
V  [jvm.dll+0x9bb823]  (no source info available)
V  [jvm.dll+0x94f649]  (no source info available)
V  [jvm.dll+0x7d7358]  (no source info available)
C  [ucrtbase.dll+0x2cd30]  (no source info available)
C  [KERNEL32.DLL+0x2e957]  (no source info available)
C  [ntdll.dll+0xaad6c]  (no source info available)

VM_Operation (0x00000056d7ffee18): G1CollectForAllocation, mode: safepoint, requested by thread 0x0000018f946ef240


---------------  P R O C E S S  ---------------

Threads class SMR info:
_java_thread_list=0x0000018f96888250, length=34, elements={
0x0000018fec9f28f0, 0x0000018ffdcb3c00, 0x0000018ffdcb5070, 0x0000018ffdcbb7f0,
0x0000018ffdcc19c0, 0x0000018ffdcc2170, 0x0000018ffdcc3c30, 0x0000018ffdcc58f0,
0x0000018ffdccac90, 0x0000018f8f189090, 0x0000018f8f25d920, 0x0000018f941a1430,
0x0000018f8fb9ac60, 0x0000018f946ef240, 0x0000018f946efd50, 0x0000018f941bdfc0,
0x0000018f956ab710, 0x0000018f956ac6b0, 0x0000018f956ade20, 0x0000018f956aedc0,
0x0000018f953a0320, 0x0000018f953a1a90, 0x0000018f953a12c0, 0x0000018f953a2a30,
0x0000018f954bc580, 0x0000018f954ba640, 0x0000018f954be4c0, 0x0000018f954bec90,
0x0000018f954bf460, 0x0000018f954c0400, 0x0000018f96b1fe60, 0x0000018f96b23ce0,
0x0000018f96b244b0, 0x0000018f954101e0
}

Java Threads: ( => current thread )
  0x0000018fec9f28f0 JavaThread "main"                              [_thread_blocked, id=5800, stack(0x00000056d6800000,0x00000056d6900000) (1024K)]
  0x0000018ffdcb3c00 JavaThread "Reference Handler"          daemon [_thread_blocked, id=11612, stack(0x00000056d7100000,0x00000056d7200000) (1024K)]
  0x0000018ffdcb5070 JavaThread "Finalizer"                  daemon [_thread_blocked, id=15756, stack(0x00000056d7200000,0x00000056d7300000) (1024K)]
  0x0000018ffdcbb7f0 JavaThread "Signal Dispatcher"          daemon [_thread_blocked, id=19148, stack(0x00000056d7300000,0x00000056d7400000) (1024K)]
  0x0000018ffdcc19c0 JavaThread "Attach Listener"            daemon [_thread_blocked, id=9356, stack(0x00000056d7400000,0x00000056d7500000) (1024K)]
  0x0000018ffdcc2170 JavaThread "Service Thread"             daemon [_thread_blocked, id=17248, stack(0x00000056d7500000,0x00000056d7600000) (1024K)]
  0x0000018ffdcc3c30 JavaThread "Monitor Deflation Thread"   daemon [_thread_blocked, id=14160, stack(0x00000056d7600000,0x00000056d7700000) (1024K)]
  0x0000018ffdcc58f0 JavaThread "C2 CompilerThread0"         daemon [_thread_blocked, id=6616, stack(0x00000056d7700000,0x00000056d7800000) (1024K)]
  0x0000018ffdccac90 JavaThread "C1 CompilerThread0"         daemon [_thread_blocked, id=20332, stack(0x00000056d7800000,0x00000056d7900000) (1024K)]
  0x0000018f8f189090 JavaThread "Common-Cleaner"             daemon [_thread_blocked, id=14060, stack(0x00000056d7900000,0x00000056d7a00000) (1024K)]
  0x0000018f8f25d920 JavaThread "Notification Thread"        daemon [_thread_blocked, id=16608, stack(0x00000056d7a00000,0x00000056d7b00000) (1024K)]
  0x0000018f941a1430 JavaThread "Daemon health stats"               [_thread_blocked, id=6064, stack(0x00000056d7d00000,0x00000056d7e00000) (1024K)]
  0x0000018f8fb9ac60 JavaThread "Incoming local TCP Connector on port 60372"        [_thread_in_native, id=9960, stack(0x00000056d7e00000,0x00000056d7f00000) (1024K)]
  0x0000018f946ef240 JavaThread "Daemon periodic checks"            [_thread_blocked, id=5508, stack(0x00000056d7f00000,0x00000056d8000000) (1024K)]
  0x0000018f946efd50 JavaThread "InnocuousThread-1"          daemon [_thread_blocked, id=2756, stack(0x00000056d8000000,0x00000056d8100000) (1024K)]
  0x0000018f941bdfc0 JavaThread "Daemon"                            [_thread_blocked, id=11820, stack(0x00000056d8100000,0x00000056d8200000) (1024K)]
  0x0000018f956ab710 JavaThread "Handler for socket connection from /127.0.0.1:60372 to /127.0.0.1:60373"        [_thread_in_native, id=10300, stack(0x00000056d8200000,0x00000056d8300000) (1024K)]
  0x0000018f956ac6b0 JavaThread "Cancel handler"                    [_thread_blocked, id=14856, stack(0x00000056d8900000,0x00000056d8a00000) (1024K)]
  0x0000018f956ade20 JavaThread "Daemon worker"                     [_thread_blocked, id=19512, stack(0x00000056d8a00000,0x00000056d8b00000) (1024K)]
  0x0000018f956aedc0 JavaThread "Asynchronous log dispatcher for DefaultDaemonConnection: socket connection from /127.0.0.1:60372 to /127.0.0.1:60373"        [_thread_blocked, id=8340, stack(0x00000056d8b00000,0x00000056d8c00000) (1024K)]
  0x0000018f953a0320 JavaThread "Stdin handler"                     [_thread_blocked, id=13296, stack(0x00000056d8c00000,0x00000056d8d00000) (1024K)]
  0x0000018f953a1a90 JavaThread "Daemon client event forwarder"        [_thread_blocked, id=17396, stack(0x00000056d8d00000,0x00000056d8e00000) (1024K)]
  0x0000018f953a12c0 JavaThread "Cache worker for journal cache (C:\Users\lenovo\.gradle\caches\journal-1)"        [_thread_blocked, id=11344, stack(0x00000056d8e00000,0x00000056d8f00000) (1024K)]
  0x0000018f953a2a30 JavaThread "File lock request listener"        [_thread_in_native, id=14576, stack(0x00000056d8f00000,0x00000056d9000000) (1024K)]
  0x0000018f954bc580 JavaThread "Cache worker for file hash cache (C:\Users\lenovo\.gradle\caches\9.4.1\fileHashes)"        [_thread_blocked, id=7944, stack(0x00000056d9000000,0x00000056d9100000) (1024K)]
  0x0000018f954ba640 JavaThread "Cache worker for file hash cache (C:\Users\lenovo\Projects\Transport simulation\TransportsimAndroid\.gradle\9.4.1\fileHashes)"        [_thread_blocked, id=17184, stack(0x00000056d6700000,0x00000056d6800000) (1024K)]
  0x0000018f954be4c0 JavaThread "Cache worker for Build Output Cleanup Cache (C:\Users\lenovo\Projects\Transport simulation\TransportsimAndroid\.gradle\buildOutputCleanup)"        [_thread_blocked, id=5600, stack(0x00000056d9100000,0x00000056d9200000) (1024K)]
  0x0000018f954bec90 JavaThread "File watcher server"        daemon [_thread_in_native, id=16528, stack(0x00000056d9200000,0x00000056d9300000) (1024K)]
  0x0000018f954bf460 JavaThread "File watcher consumer"      daemon [_thread_blocked, id=18140, stack(0x00000056d9300000,0x00000056d9400000) (1024K)]
  0x0000018f954c0400 JavaThread "Cache worker for file content cache (C:\Users\lenovo\.gradle\caches\9.4.1\fileContent)"        [_thread_blocked, id=18172, stack(0x00000056d9500000,0x00000056d9600000) (1024K)]
  0x0000018f96b1fe60 JavaThread "Cache worker for checksums cache (C:\Users\lenovo\Projects\Transport simulation\TransportsimAndroid\.gradle\9.4.1\checksums)"        [_thread_blocked, id=16708, stack(0x00000056d9600000,0x00000056d9700000) (1024K)]
  0x0000018f96b23ce0 JavaThread "Cache worker for cache directory md-supplier (C:\Users\lenovo\.gradle\caches\9.4.1\md-supplier)"        [_thread_blocked, id=7456, stack(0x00000056d9400000,0x00000056d9500000) (1024K)]
  0x0000018f96b244b0 JavaThread "Cache worker for cache directory md-rule (C:\Users\lenovo\.gradle\caches\9.4.1\md-rule)"        [_thread_blocked, id=2820, stack(0x00000056d9700000,0x00000056d9800000) (1024K)]
  0x0000018f954101e0 JavaThread "C2 CompilerThread1"         daemon [_thread_blocked, id=17996, stack(0x00000056d6500000,0x00000056d6600000) (1024K)]
Total: 34

Other Threads:
=>0x0000018ffdc9f5b0 VMThread "VM Thread"                           [id=14520, stack(0x00000056d7000000,0x00000056d7100000) (1024K)]
  0x0000018ffdc8c510 WatcherThread "VM Periodic Task Thread"        [id=12936, stack(0x00000056d6f00000,0x00000056d7000000) (1024K)]
  0x0000018feca3f670 WorkerThread "GC Thread#0"                     [id=5588, stack(0x00000056d6900000,0x00000056d6a00000) (1024K)]
  0x0000018f8f282170 WorkerThread "GC Thread#1"                     [id=13072, stack(0x00000056d7b00000,0x00000056d7c00000) (1024K)]
  0x0000018f956b58d0 WorkerThread "GC Thread#2"                     [id=15208, stack(0x00000056d8300000,0x00000056d8400000) (1024K)]
  0x0000018f956b3650 WorkerThread "GC Thread#3"                     [id=11488, stack(0x00000056d8400000,0x00000056d8500000) (1024K)]
  0x0000018f956b2510 WorkerThread "GC Thread#4"                     [id=6100, stack(0x00000056d8500000,0x00000056d8600000) (1024K)]
  0x0000018f956b5030 WorkerThread "GC Thread#5"                     [id=7212, stack(0x00000056d8600000,0x00000056d8700000) (1024K)]
  0x0000018f956b2db0 WorkerThread "GC Thread#6"                     [id=12088, stack(0x00000056d8700000,0x00000056d8800000) (1024K)]
  0x0000018f956b4790 WorkerThread "GC Thread#7"                     [id=14108, stack(0x00000056d8800000,0x00000056d8900000) (1024K)]
  0x0000018feca58730 ConcurrentGCThread "G1 Main Marker"            [id=4396, stack(0x00000056d6a00000,0x00000056d6b00000) (1024K)]
  0x0000018feca592b0 WorkerThread "G1 Conc#0"                       [id=11092, stack(0x00000056d6b00000,0x00000056d6c00000) (1024K)]
  0x0000018f8fb3b4b0 WorkerThread "G1 Conc#1"                       [id=8836, stack(0x00000056d7c00000,0x00000056d7d00000) (1024K)]
  0x0000018feca92c40 WorkerThread "G1 Refinement Workers#0"         [id=17888, stack(0x00000056d6d00000,0x00000056d6e00000) (1024K)]
  0x0000018feca918e0 ConcurrentGCThread "G1 Refine Control"         [id=3788, stack(0x00000056d6c00000,0x00000056d6d00000) (1024K)]
  0x0000018feca95610 ConcurrentGCThread "G1 Service"                [id=15456, stack(0x00000056d6e00000,0x00000056d6f00000) (1024K)]
Total: 16

Threads with active compile tasks:
C2 CompilerThread0  113127 5119       4       org.jetbrains.kotlin.cli.jvm.compiler.jarfs.FastJarHandler::createFile (81 bytes)
C2 CompilerThread1  113127 5135       4       org.jetbrains.kotlin.cli.jvm.compiler.jarfs.ZipImplementationKt::parseCentralDirectory$lambda$0 (458 bytes)
Total: 2

VM state: at safepoint (normal execution)

VM Mutex/Monitor currently owned by a thread:  ([mutex/lock_event])
[0x00007ffd9e89ed08] Threads_lock - owner thread: 0x0000018ffdc9f5b0
[0x00007ffd9e89ef88] Heap_lock - owner thread: 0x0000018f946ef240

Heap address: 0x0000000700000000, size: 4096 MB, Compressed Oops mode: Zero based, Oop shift amount: 3

CDS archive(s) mapped at: [0x000000008f000000-0x000000008fde0000-0x000000008fde0000), size 14548992, SharedBaseAddress: 0x000000008f000000, ArchiveRelocationMode: 1.
Compressed class space mapped at: 0x0000000090000000-0x00000000aa000000, reserved size: 436207616
UseCompressedClassPointers 1, UseCompactObjectHeaders 0
Narrow klass pointer bits 32, Max shift 3
Narrow klass base: 0x000000008f000000, Narrow klass shift: 0
Encoding Range: [0x000000008f000000 - 0x000000018f000000), (4294967296 bytes)
Klass Range:    [0x000000008f000000 - 0x00000000aa000000), (452984832 bytes)
Klass ID Range:  [8 - 452984825) (452984817)
Protection zone: [0x000000008f000000 - 0x000000008f010000), (65536 bytes)

GC Precious Log:
 CardTable entry size: 512
 Card Set container configuration: InlinePtr #cards 4 size 8 Array Of Cards #cards 16 size 48 Howl #buckets 8 coarsen threshold 3686 Howl Bitmap #cards 512 size 80 coarsen threshold 460 Card regions per heap region 1 cards per card region 4096
 CPUs: 8 total, 8 available
 Memory: 3895M
 Large Page Support: Disabled
 NUMA Support: Disabled
 Compressed Oops: Enabled (Zero based)
 Heap Region Size: 2M
 Heap Min Capacity: 8M
 Heap Initial Capacity: 8M
 Heap Max Capacity: 4G
 Pre-touch: Disabled
 Parallel Workers: 8
 Concurrent Workers: 2
 Concurrent Refinement Workers: 8
 Periodic GC: Disabled

Heap:
 garbage-first heap   total reserved 4194304K, committed 96256K, used 51150K [0x0000000700000000, 0x0000000800000000)
  region size 2M, 0 eden (0M), 3 survivor (6M), 20 old (40M), 2 humongous (4M), 22 free (44M)

Heap Regions: E=young(eden), S=young(survivor), O=old, HS=humongous(starts), HC=humongous(continues), CS=collection set, F=free, TAMS=top-at-mark-start, PB=parsable bottom
|    0|0x0000000700000000, 0x0000000700200000, 0x0000000700200000|100%|HS|  |TAMS 0x0000000700000000| PB 0x0000000700000000| Complete  |  0
|    1|0x0000000700200000, 0x0000000700400000, 0x0000000700400000|100%|HC|  |TAMS 0x0000000700200000| PB 0x0000000700200000| Complete  |  0
|    2|0x0000000700400000, 0x0000000700600000, 0x0000000700600000|100%| O|  |TAMS 0x0000000700400000| PB 0x0000000700400000| Untracked |  0
|    3|0x0000000700600000, 0x0000000700800000, 0x0000000700800000|100%| O|  |TAMS 0x0000000700600000| PB 0x0000000700600000| Untracked |  0
|    4|0x0000000700800000, 0x0000000700a00000, 0x0000000700a00000|100%| O|  |TAMS 0x0000000700800000| PB 0x0000000700800000| Untracked |  0
|    5|0x0000000700a00000, 0x0000000700c00000, 0x0000000700c00000|100%| O|  |TAMS 0x0000000700a00000| PB 0x0000000700a00000| Untracked |  0
|    6|0x0000000700c00000, 0x0000000700e00000, 0x0000000700e00000|100%| O|  |TAMS 0x0000000700c00000| PB 0x0000000700c00000| Untracked |  0
|    7|0x0000000700e00000, 0x0000000701000000, 0x0000000701000000|100%| O|  |TAMS 0x0000000700e00000| PB 0x0000000700e00000| Untracked |  0
|    8|0x0000000701000000, 0x0000000701200000, 0x0000000701200000|100%| O|  |TAMS 0x0000000701000000| PB 0x0000000701000000| Untracked |  0
|    9|0x0000000701200000, 0x0000000701400000, 0x0000000701400000|100%| O|  |TAMS 0x0000000701200000| PB 0x0000000701200000| Untracked |  0
|   10|0x0000000701400000, 0x0000000701600000, 0x0000000701600000|100%| O|  |TAMS 0x0000000701400000| PB 0x0000000701400000| Untracked |  0
|   11|0x0000000701600000, 0x0000000701800000, 0x0000000701800000|100%| O|  |TAMS 0x0000000701600000| PB 0x0000000701600000| Untracked |  0
|   12|0x0000000701800000, 0x0000000701a00000, 0x0000000701a00000|100%| O|  |TAMS 0x0000000701800000| PB 0x0000000701800000| Untracked |  0
|   13|0x0000000701a00000, 0x0000000701c00000, 0x0000000701c00000|100%| O|  |TAMS 0x0000000701a00000| PB 0x0000000701a00000| Untracked |  0
|   14|0x0000000701c00000, 0x0000000701e00000, 0x0000000701e00000|100%| O|  |TAMS 0x0000000701c00000| PB 0x0000000701c00000| Untracked |  0
|   15|0x0000000701e00000, 0x0000000702000000, 0x0000000702000000|100%| O|  |TAMS 0x0000000701e00000| PB 0x0000000701e00000| Untracked |  0
|   16|0x0000000702000000, 0x0000000702200000, 0x0000000702200000|100%| S|CS|TAMS 0x0000000702000000| PB 0x0000000702000000| Complete  |  0
|   17|0x0000000702200000, 0x0000000702200000, 0x0000000702400000|  0%| F|  |TAMS 0x0000000702200000| PB 0x0000000702200000| Untracked |  0
|   18|0x0000000702400000, 0x0000000702600000, 0x0000000702600000|100%| O|  |TAMS 0x0000000702400000| PB 0x0000000702400000| Untracked |  0
|   19|0x0000000702600000, 0x0000000702600000, 0x0000000702800000|  0%| F|  |TAMS 0x0000000702600000| PB 0x0000000702600000| Untracked |  0
|   20|0x0000000702800000, 0x0000000702a00000, 0x0000000702a00000|100%| S|CS|TAMS 0x0000000702800000| PB 0x0000000702800000| Complete  |  0
|   21|0x0000000702a00000, 0x0000000702c00000, 0x0000000702c00000|100%| S|CS|TAMS 0x0000000702a00000| PB 0x0000000702a00000| Complete  |  0
|   22|0x0000000702c00000, 0x0000000702c00000, 0x0000000702e00000|  0%| F|  |TAMS 0x0000000702c00000| PB 0x0000000702c00000| Untracked |  0
|   23|0x0000000702e00000, 0x0000000702e00000, 0x0000000703000000|  0%| F|  |TAMS 0x0000000702e00000| PB 0x0000000702e00000| Untracked |  0
|   24|0x0000000703000000, 0x0000000703000000, 0x0000000703200000|  0%| F|  |TAMS 0x0000000703000000| PB 0x0000000703000000| Untracked |  0
|   25|0x0000000703200000, 0x0000000703200000, 0x0000000703400000|  0%| F|  |TAMS 0x0000000703200000| PB 0x0000000703200000| Untracked |  0
|   26|0x0000000703400000, 0x0000000703400000, 0x0000000703600000|  0%| F|  |TAMS 0x0000000703400000| PB 0x0000000703400000| Untracked |  0
|   27|0x0000000703600000, 0x0000000703600000, 0x0000000703800000|  0%| F|  |TAMS 0x0000000703600000| PB 0x0000000703600000| Untracked |  0
|   28|0x0000000703800000, 0x0000000703800000, 0x0000000703a00000|  0%| F|  |TAMS 0x0000000703800000| PB 0x0000000703800000| Untracked |  0
|   29|0x0000000703a00000, 0x0000000703a00000, 0x0000000703c00000|  0%| F|  |TAMS 0x0000000703a00000| PB 0x0000000703a00000| Untracked |  0
|   30|0x0000000703c00000, 0x0000000703c00000, 0x0000000703e00000|  0%| F|  |TAMS 0x0000000703c00000| PB 0x0000000703c00000| Untracked |  0
|   31|0x0000000703e00000, 0x0000000703e00000, 0x0000000704000000|  0%| F|  |TAMS 0x0000000703e00000| PB 0x0000000703e00000| Untracked |  0
|   32|0x0000000704000000, 0x0000000704000000, 0x0000000704200000|  0%| F|  |TAMS 0x0000000704000000| PB 0x0000000704000000| Untracked |  0
|   33|0x0000000704200000, 0x0000000704200000, 0x0000000704400000|  0%| F|  |TAMS 0x0000000704200000| PB 0x0000000704200000| Untracked |  0
|   34|0x0000000704400000, 0x0000000704400000, 0x0000000704600000|  0%| F|  |TAMS 0x0000000704400000| PB 0x0000000704400000| Untracked |  0
|   35|0x0000000704600000, 0x0000000704600000, 0x0000000704800000|  0%| F|  |TAMS 0x0000000704600000| PB 0x0000000704600000| Untracked |  0
|   36|0x0000000704800000, 0x0000000704800000, 0x0000000704a00000|  0%| F|  |TAMS 0x0000000704800000| PB 0x0000000704800000| Untracked |  0
|   37|0x0000000704a00000, 0x0000000704a00000, 0x0000000704c00000|  0%| F|  |TAMS 0x0000000704a00000| PB 0x0000000704a00000| Untracked |  0
|   38|0x0000000704c00000, 0x0000000704c00000, 0x0000000704e00000|  0%| F|  |TAMS 0x0000000704c00000| PB 0x0000000704c00000| Untracked |  0
|   39|0x0000000704e00000, 0x0000000704e00000, 0x0000000705000000|  0%| F|  |TAMS 0x0000000704e00000| PB 0x0000000704e00000| Untracked |  0
|   40|0x0000000705000000, 0x0000000705000000, 0x0000000705200000|  0%| F|  |TAMS 0x0000000705000000| PB 0x0000000705000000| Untracked |  0
| 2042|0x00000007ff400000, 0x00000007ff5f3bc0, 0x00000007ff600000| 97%| O|  |TAMS 0x00000007ff400000| PB 0x00000007ff400000| Untracked |  0
| 2043|0x00000007ff600000, 0x00000007ff800000, 0x00000007ff800000|100%| O|  |TAMS 0x00000007ff600000| PB 0x00000007ff600000| Untracked |  0
| 2044|0x00000007ff800000, 0x00000007ffa00000, 0x00000007ffa00000|100%| O|  |TAMS 0x00000007ff800000| PB 0x00000007ff800000| Untracked |  0
| 2045|0x00000007ffa00000, 0x00000007ffc00000, 0x00000007ffc00000|100%| O|  |TAMS 0x00000007ffa00000| PB 0x00000007ffa00000| Untracked |  0
| 2046|0x00000007ffc00000, 0x00000007ffe00000, 0x00000007ffe00000|100%| O|  |TAMS 0x00000007ffc00000| PB 0x00000007ffc00000| Untracked |  0
| 2047|0x00000007ffe00000, 0x00000007ffe00000, 0x0000000800000000|  0%| F|  |TAMS 0x00000007ffe00000| PB 0x00000007ffe00000| Untracked |  0

Card table byte_map: [0x0000018ff62d0000,0x0000018ff6ad0000] _byte_map_base: 0x0000018ff2ad0000
Refinement table byte_map: [0x0000018ff6ad0000,0x0000018ff72d0000] _byte_map_base: 0x0000018ff32d0000

Marking Bits: (CMBitMap*) 0x0000018feca3fdf0
 Bits: [0x0000018ff72d0000, 0x0000018ffb2d0000)

Polling page: 0x0000018fea7f0000

Metaspace:
Metaspace        used 53342K, committed 54912K, reserved 491520K
 class space     used 8059K, committed 8768K, reserved 425984K

Usage:
  Non-class:     44.22 MB used.
      Class:      7.87 MB used.
       Both:     52.09 MB used.

Virtual space:
  Non-class space:       64.00 MB reserved,      45.06 MB ( 70%) committed,  1 nodes.
      Class space:      416.00 MB reserved,       8.56 MB (  2%) committed,  1 nodes.
             Both:      480.00 MB reserved,      53.62 MB ( 11%) committed. 

Chunk freelists:
   Non-Class:  2.98 MB
       Class:  7.41 MB
        Both:  10.39 MB

MaxMetaspaceSize: 512.00 MB
CompressedClassSpaceSize: 416.00 MB
Initial GC threshold: 21.00 MB
Current GC threshold: 58.69 MB
CDS: on
 - commit_granule_bytes: 65536.
 - commit_granule_words: 8192.
 - virtual_space_node_default_size: 8388608.
 - enlarge_chunks_in_place: 1.
UseCompressedClassPointers 1, UseCompactObjectHeaders 0
Narrow klass pointer bits 32, Max shift 3
Narrow klass base: 0x000000008f000000, Narrow klass shift: 0
Encoding Range: [0x000000008f000000 - 0x000000018f000000), (4294967296 bytes)
Klass Range:    [0x000000008f000000 - 0x00000000aa000000), (452984832 bytes)
Klass ID Range:  [8 - 452984825) (452984817)
Protection zone: [0x000000008f000000 - 0x000000008f010000), (65536 bytes)


Internal statistics:

num_allocs_failed_limit: 6.
num_arena_births: 2628.
num_arena_deaths: 0.
num_vsnodes_births: 2.
num_vsnodes_deaths: 0.
num_space_committed: 858.
num_space_uncommitted: 0.
num_chunks_returned_to_freelist: 6.
num_chunks_taken_from_freelist: 4923.
num_chunk_merges: 3.
num_chunk_splits: 3335.
num_chunks_enlarged: 2225.
num_inconsistent_stats: 0.

CodeHeap 'non-profiled nmethods': size=120064Kb used=1849Kb max_used=1849Kb free=118214Kb
 bounds [0x0000018f87ae0000, 0x0000018f87d50000, 0x0000018f8f020000]
CodeHeap 'profiled nmethods': size=120064Kb used=7003Kb max_used=7003Kb free=113060Kb
 bounds [0x0000018f80000000, 0x0000018f806e0000, 0x0000018f87540000]
CodeHeap 'non-nmethods': size=5760Kb used=2124Kb max_used=2188Kb free=3635Kb
 bounds [0x0000018f87540000, 0x0000018f877b0000, 0x0000018f87ae0000]
CodeCache: size=245888Kb, used=10976Kb, max_used=11040Kb, free=234909Kb
 total_blobs=5458, nmethods=4671, adapters=690, full_count=0
Compilation: enabled, stopped_count=0, restarted_count=0

Compilation events (20 events):
Event: 111.032 Thread 0x0000018f954101e0 5118       4       org.jetbrains.kotlin.cli.jvm.compiler.jarfs.FastJarHandler::getOrCreateDirectory (106 bytes)
Event: 111.087 Thread 0x0000018ffdccac90 nmethod 5120% 0x0000018f806c4888 code [0x0000018f806c49a0, 0x0000018f806c9ec8]
Event: 111.089 Thread 0x0000018ffdccac90 5121   !   3       org.jetbrains.kotlin.cli.jvm.compiler.jarfs.FastJarHandler::<init> (551 bytes)
Event: 111.118 Thread 0x0000018ffdcc58f0 nmethod 5114 0x0000018f87caa888 code [0x0000018f87caa980, 0x0000018f87cab090]
Event: 111.118 Thread 0x0000018ffdcc58f0 5117       4       org.jetbrains.kotlin.cli.jvm.compiler.jarfs.FastJarVirtualFile::<init> (93 bytes)
Event: 111.146 Thread 0x0000018ffdccac90 nmethod 5121 0x0000018f806c9f88 code [0x0000018f806ca0a0, 0x0000018f806ceed8]
Event: 111.212 Thread 0x0000018ffdcc58f0 nmethod 5117 0x0000018f87cab108 code [0x0000018f87cab200, 0x0000018f87cabe08]
Event: 111.213 Thread 0x0000018ffdcc58f0 5122       4       java.util.HashMap::put (13 bytes)
Event: 111.342 Thread 0x0000018ffdcc58f0 nmethod 5122 0x0000018f87cabe88 code [0x0000018f87cabf80, 0x0000018f87cac7a0]
Event: 111.342 Thread 0x0000018ffdcc58f0 5119       4       org.jetbrains.kotlin.cli.jvm.compiler.jarfs.FastJarHandler::createFile (81 bytes)
Event: 111.388 Thread 0x0000018ffdccac90 5123       3       org.jetbrains.kotlin.cli.jvm.compiler.jarfs.FastJarVirtualFile::initChildrenArrayFromList (39 bytes)
Event: 111.391 Thread 0x0000018ffdccac90 nmethod 5123 0x0000018f806cef88 code [0x0000018f806cf080, 0x0000018f806cf5c8]
Event: 111.463 Thread 0x0000018ffdccac90 5127       3       org.jetbrains.kotlin.cli.jvm.compiler.jarfs.ZipImplementationKt::parseCentralDirectory$lambda$0 (458 bytes)
Event: 111.510 Thread 0x0000018ffdccac90 nmethod 5127 0x0000018f806cf608 code [0x0000018f806cf700, 0x0000018f806d33f8]
Event: 111.510 Thread 0x0000018ffdccac90 5129  s    3       org.jetbrains.kotlin.cli.jvm.compiler.jarfs.LargeDynamicMappedBuffer::withMappedRange (350 bytes)
Event: 111.537 Thread 0x0000018ffdccac90 nmethod 5129 0x0000018f806d3488 code [0x0000018f806d3580, 0x0000018f806d57a0]
Event: 111.620 Thread 0x0000018f954101e0 nmethod 5118 0x0000018f87cac808 code [0x0000018f87cac900, 0x0000018f87cae4d0]
Event: 111.620 Thread 0x0000018f954101e0 5135       4       org.jetbrains.kotlin.cli.jvm.compiler.jarfs.ZipImplementationKt::parseCentralDirectory$lambda$0 (458 bytes)
Event: 111.622 Thread 0x0000018ffdccac90 5136       3       org.jetbrains.kotlin.cli.jvm.compiler.jarfs.FastJarVirtualFile::<init> (93 bytes)
Event: 111.636 Thread 0x0000018ffdccac90 nmethod 5136 0x0000018f806d5808 code [0x0000018f806d5900, 0x0000018f806d6e18]

GC Heap Usage History (20 events):
Event: 30.676 {heap After GC invocations=10 (full 0):
 garbage-first heap   total reserved 4194304K, committed 86016K, used 17297K [0x0000000700000000, 0x0000000800000000)
  region size 2M, 0 eden (0M), 1 survivor (2M), 7 old (14M), 2 humongous (4M), 32 free (64M)
}
Event: 43.512 {heap Before GC invocations=11 (full 0):
 garbage-first heap   total reserved 4194304K, committed 86016K, used 45969K [0x0000000700000000, 0x0000000800000000)
  region size 2M, 14 eden (28M), 1 survivor (2M), 7 old (14M), 2 humongous (4M), 18 free (36M)
}
Event: 43.579 {heap After GC invocations=12 (full 0):
 garbage-first heap   total reserved 4194304K, committed 86016K, used 20653K [0x0000000700000000, 0x0000000800000000)
  region size 2M, 0 eden (0M), 2 survivor (4M), 7 old (14M), 2 humongous (4M), 31 free (62M)
}
Event: 57.728 {heap Before GC invocations=12 (full 0):
 garbage-first heap   total reserved 4194304K, committed 86016K, used 65709K [0x0000000700000000, 0x0000000800000000)
  region size 2M, 23 eden (46M), 2 survivor (4M), 7 old (14M), 2 humongous (4M), 8 free (16M)
}
Event: 57.886 {heap After GC invocations=13 (full 0):
 garbage-first heap   total reserved 4194304K, committed 86016K, used 23009K [0x0000000700000000, 0x0000000800000000)
  region size 2M, 0 eden (0M), 3 survivor (6M), 7 old (14M), 2 humongous (4M), 30 free (60M)
}
Event: 62.239 {heap Before GC invocations=13 (full 0):
 garbage-first heap   total reserved 4194304K, committed 86016K, used 41441K [0x0000000700000000, 0x0000000800000000)
  region size 2M, 11 eden (22M), 3 survivor (6M), 7 old (14M), 2 humongous (4M), 19 free (38M)
}
Event: 62.345 {heap After GC invocations=14 (full 0):
 garbage-first heap   total reserved 4194304K, committed 86016K, used 24369K [0x0000000700000000, 0x0000000800000000)
  region size 2M, 0 eden (0M), 2 survivor (4M), 9 old (18M), 2 humongous (4M), 29 free (58M)
}
Event: 71.262 {heap Before GC invocations=15 (full 0):
 garbage-first heap   total reserved 4194304K, committed 86016K, used 71473K [0x0000000700000000, 0x0000000800000000)
  region size 2M, 23 eden (46M), 2 survivor (4M), 9 old (18M), 2 humongous (4M), 6 free (12M)
}
Event: 71.332 {heap After GC invocations=16 (full 0):
 garbage-first heap   total reserved 4194304K, committed 86016K, used 27049K [0x0000000700000000, 0x0000000800000000)
  region size 2M, 0 eden (0M), 4 survivor (8M), 9 old (18M), 2 humongous (4M), 27 free (54M)
}
Event: 78.898 {heap Before GC invocations=16 (full 0):
 garbage-first heap   total reserved 4194304K, committed 86016K, used 70057K [0x0000000700000000, 0x0000000800000000)
  region size 2M, 21 eden (42M), 4 survivor (8M), 9 old (18M), 2 humongous (4M), 6 free (12M)
}
Event: 78.997 {heap After GC invocations=17 (full 0):
 garbage-first heap   total reserved 4194304K, committed 86016K, used 29021K [0x0000000700000000, 0x0000000800000000)
  region size 2M, 0 eden (0M), 3 survivor (6M), 10 old (20M), 2 humongous (4M), 27 free (54M)
}
Event: 84.191 {heap Before GC invocations=17 (full 0):
 garbage-first heap   total reserved 4194304K, committed 86016K, used 49501K [0x0000000700000000, 0x0000000800000000)
  region size 2M, 12 eden (24M), 3 survivor (6M), 10 old (20M), 2 humongous (4M), 15 free (30M)
}
Event: 84.333 {heap After GC invocations=18 (full 0):
 garbage-first heap   total reserved 4194304K, committed 86016K, used 31120K [0x0000000700000000, 0x0000000800000000)
  region size 2M, 0 eden (0M), 3 survivor (6M), 12 old (24M), 2 humongous (4M), 25 free (50M)
}
Event: 91.997 {heap Before GC invocations=19 (full 0):
 garbage-first heap   total reserved 4194304K, committed 86016K, used 72080K [0x0000000700000000, 0x0000000800000000)
  region size 2M, 21 eden (42M), 3 survivor (6M), 12 old (24M), 2 humongous (4M), 4 free (8M)
}
Event: 92.067 {heap After GC invocations=20 (full 0):
 garbage-first heap   total reserved 4194304K, committed 86016K, used 33575K [0x0000000700000000, 0x0000000800000000)
  region size 2M, 0 eden (0M), 3 survivor (6M), 13 old (26M), 2 humongous (4M), 24 free (48M)
}
Event: 100.241 {heap Before GC invocations=20 (full 0):
 garbage-first heap   total reserved 4194304K, committed 86016K, used 74535K [0x0000000700000000, 0x0000000800000000)
  region size 2M, 20 eden (40M), 3 survivor (6M), 13 old (26M), 2 humongous (4M), 4 free (8M)
}
Event: 100.308 {heap After GC invocations=21 (full 0):
 garbage-first heap   total reserved 4194304K, committed 86016K, used 35019K [0x0000000700000000, 0x0000000800000000)
  region size 2M, 0 eden (0M), 2 survivor (4M), 14 old (28M), 2 humongous (4M), 24 free (48M)
}
Event: 108.321 {heap Before GC invocations=21 (full 0):
 garbage-first heap   total reserved 4194304K, committed 86016K, used 75979K [0x0000000700000000, 0x0000000800000000)
  region size 2M, 20 eden (40M), 2 survivor (4M), 14 old (28M), 2 humongous (4M), 4 free (8M)
}
Event: 108.413 {heap After GC invocations=22 (full 0):
 garbage-first heap   total reserved 4194304K, committed 86016K, used 36010K [0x0000000700000000, 0x0000000800000000)
  region size 2M, 0 eden (0M), 2 survivor (4M), 15 old (30M), 2 humongous (4M), 23 free (46M)
}
Event: 111.647 {heap Before GC invocations=22 (full 0):
 garbage-first heap   total reserved 4194304K, committed 86016K, used 76970K [0x0000000700000000, 0x0000000800000000)
  region size 2M, 20 eden (40M), 2 survivor (4M), 15 old (30M), 2 humongous (4M), 3 free (6M)
}

Metaspace Usage History (20 events):
Event: 30.677 {metaspace After GC invocations=10 (full 0):
 Metaspace       used 4689K, committed 4928K, reserved 491520K
  class space    used 600K, committed 704K, reserved 425984K
}
Event: 43.512 {metaspace Before GC invocations=11 (full 0):
 Metaspace       used 10476K, committed 10752K, reserved 491520K
  class space    used 1427K, committed 1536K, reserved 425984K
}
Event: 43.580 {metaspace After GC invocations=12 (full 0):
 Metaspace       used 10476K, committed 10752K, reserved 491520K
  class space    used 1427K, committed 1536K, reserved 425984K
}
Event: 57.728 {metaspace Before GC invocations=12 (full 0):
 Metaspace       used 17714K, committed 18304K, reserved 491520K
  class space    used 2516K, committed 2816K, reserved 425984K
}
Event: 57.886 {metaspace After GC invocations=13 (full 0):
 Metaspace       used 17714K, committed 18304K, reserved 491520K
  class space    used 2516K, committed 2816K, reserved 425984K
}
Event: 62.240 {metaspace Before GC invocations=13 (full 0):
 Metaspace       used 20794K, committed 21504K, reserved 491520K
  class space    used 2916K, committed 3264K, reserved 425984K
}
Event: 62.345 {metaspace After GC invocations=14 (full 0):
 Metaspace       used 20794K, committed 21504K, reserved 491520K
  class space    used 2916K, committed 3264K, reserved 425984K
}
Event: 71.262 {metaspace Before GC invocations=15 (full 0):
 Metaspace       used 26367K, committed 27328K, reserved 491520K
  class space    used 3890K, committed 4352K, reserved 425984K
}
Event: 71.332 {metaspace After GC invocations=16 (full 0):
 Metaspace       used 26367K, committed 27328K, reserved 491520K
  class space    used 3890K, committed 4352K, reserved 425984K
}
Event: 78.898 {metaspace Before GC invocations=16 (full 0):
 Metaspace       used 30787K, committed 32064K, reserved 491520K
  class space    used 4657K, committed 5248K, reserved 425984K
}
Event: 78.997 {metaspace After GC invocations=17 (full 0):
 Metaspace       used 30787K, committed 32064K, reserved 491520K
  class space    used 4657K, committed 5248K, reserved 425984K
}
Event: 84.191 {metaspace Before GC invocations=17 (full 0):
 Metaspace       used 34672K, committed 35968K, reserved 491520K
  class space    used 5112K, committed 5760K, reserved 425984K
}
Event: 84.333 {metaspace After GC invocations=18 (full 0):
 Metaspace       used 34672K, committed 35968K, reserved 491520K
  class space    used 5112K, committed 5760K, reserved 425984K
}
Event: 91.997 {metaspace Before GC invocations=19 (full 0):
 Metaspace       used 39926K, committed 41344K, reserved 491520K
  class space    used 6198K, committed 6912K, reserved 425984K
}
Event: 92.067 {metaspace After GC invocations=20 (full 0):
 Metaspace       used 39926K, committed 41344K, reserved 491520K
  class space    used 6198K, committed 6912K, reserved 425984K
}
Event: 100.241 {metaspace Before GC invocations=20 (full 0):
 Metaspace       used 46766K, committed 48256K, reserved 491520K
  class space    used 7232K, committed 7936K, reserved 425984K
}
Event: 100.309 {metaspace After GC invocations=21 (full 0):
 Metaspace       used 46766K, committed 48256K, reserved 491520K
  class space    used 7232K, committed 7936K, reserved 425984K
}
Event: 108.321 {metaspace Before GC invocations=21 (full 0):
 Metaspace       used 52842K, committed 54336K, reserved 491520K
  class space    used 8010K, committed 8704K, reserved 425984K
}
Event: 108.413 {metaspace After GC invocations=22 (full 0):
 Metaspace       used 52842K, committed 54336K, reserved 491520K
  class space    used 8010K, committed 8704K, reserved 425984K
}
Event: 111.647 {metaspace Before GC invocations=22 (full 0):
 Metaspace       used 53342K, committed 54912K, reserved 491520K
  class space    used 8059K, committed 8768K, reserved 425984K
}

Dll operation events (20 events):
Event: 2.289 Attempting to load shared library C:\Program Files\Java\jdk-26.0.1\bin\nio.dll
Event: 2.298 Loaded shared library C:\Program Files\Java\jdk-26.0.1\bin\nio.dll
Event: 2.354 Attempting to load shared library C:\Program Files\Java\jdk-26.0.1\bin\zip.dll
Event: 2.354 Loaded shared library C:\Program Files\Java\jdk-26.0.1\bin\zip.dll
Event: 8.003 Attempting to load shared library C:\Program Files\Java\jdk-26.0.1\bin\jimage.dll
Event: 8.003 Loaded shared library C:\Program Files\Java\jdk-26.0.1\bin\jimage.dll
Event: 14.365 Attempting to load shared library C:\Program Files\Java\jdk-26.0.1\bin\verify.dll
Event: 14.449 Loaded shared library C:\Program Files\Java\jdk-26.0.1\bin\verify.dll
Event: 15.036 Attempting to load shared library C:\Users\lenovo\.gradle\native\660c5614fbf4a5f2a75b1949f50a0caf5cd603558e7d8a26e50b933a0cfb79d1\windows-amd64\native-platform.dll
Event: 15.075 Loaded shared library C:\Users\lenovo\.gradle\native\660c5614fbf4a5f2a75b1949f50a0caf5cd603558e7d8a26e50b933a0cfb79d1\windows-amd64\native-platform.dll
Event: 15.310 Attempting to load shared library C:\Users\lenovo\.gradle\native\0.2.8\x86_64-windows-gnu\gradle-fileevents.dll
Event: 15.336 Loaded shared library C:\Users\lenovo\.gradle\native\0.2.8\x86_64-windows-gnu\gradle-fileevents.dll
Event: 35.791 Attempting to load shared library C:\Program Files\Java\jdk-26.0.1\bin\management.dll
Event: 35.808 Loaded shared library C:\Program Files\Java\jdk-26.0.1\bin\management.dll
Event: 35.839 Attempting to load shared library C:\Program Files\Java\jdk-26.0.1\bin\management_ext.dll
Event: 35.855 Loaded shared library C:\Program Files\Java\jdk-26.0.1\bin\management_ext.dll
Event: 38.350 Attempting to load shared library C:\Program Files\Java\jdk-26.0.1\bin\extnet.dll
Event: 38.364 Loaded shared library C:\Program Files\Java\jdk-26.0.1\bin\extnet.dll
Event: 42.885 Attempting to load shared library C:\Program Files\Java\jdk-26.0.1\bin\sunmscapi.dll
Event: 42.941 Loaded shared library C:\Program Files\Java\jdk-26.0.1\bin\sunmscapi.dll

Deoptimization events (20 events):
Event: 110.583 Thread 0x0000018f956ade20 Uncommon trap: trap_request=0xffffffde fr.pc=0x0000018f87c8e8c0 relative=0x00000000000002c0
Event: 110.583 Thread 0x0000018f956ade20 Uncommon trap: reason=class_check action=maybe_recompile pc=0x0000018f87c8e8c0 method=org.jetbrains.kotlin.com.intellij.openapi.util.text.StringUtilRt.equal(Ljava/lang/CharSequence;Ljava/lang/CharSequence;Z)Z @ 24 c2
Event: 110.583 Thread 0x0000018f956ade20 DEOPT PACKING pc=0x0000018f87c8e8c0 sp=0x00000056d8af54e0
Event: 110.583 Thread 0x0000018f956ade20 DEOPT UNPACKING pc=0x0000018f87670502 sp=0x00000056d8af5490 mode 2
Event: 111.457 Thread 0x0000018f956ade20 Uncommon trap: trap_request=0xffffff45 fr.pc=0x0000018f87ca3738 relative=0x0000000000000538
Event: 111.457 Thread 0x0000018f956ade20 Uncommon trap: reason=unstable_if action=reinterpret pc=0x0000018f87ca3738 method=org.jetbrains.kotlin.cli.jvm.compiler.jarfs.LargeDynamicMappedBuffer.withMappedRange(JJLkotlin/jvm/functions/Function1;)Ljava/lang/Object; @ 84 c2
Event: 111.457 Thread 0x0000018f956ade20 DEOPT PACKING pc=0x0000018f87ca3738 sp=0x00000056d8af5270
Event: 111.458 Thread 0x0000018f956ade20 DEOPT UNPACKING pc=0x0000018f87670502 sp=0x00000056d8af5210 mode 2
Event: 111.461 Thread 0x0000018f956ade20 Uncommon trap: trap_request=0xffffff45 fr.pc=0x0000018f87ca520c relative=0x0000000000000e8c
Event: 111.461 Thread 0x0000018f956ade20 Uncommon trap: reason=unstable_if action=reinterpret pc=0x0000018f87ca520c method=org.jetbrains.kotlin.cli.jvm.compiler.jarfs.ZipImplementationKt.parseCentralDirectory$lambda$0(Lkotlin/jvm/internal/Ref$LongRef;Ljava/util/List;JLorg/jetbrains/kotlin/cli/jv
Event: 111.461 Thread 0x0000018f956ade20 DEOPT PACKING pc=0x0000018f87ca520c sp=0x00000056d8af5190
Event: 111.461 Thread 0x0000018f956ade20 DEOPT UNPACKING pc=0x0000018f87670502 sp=0x00000056d8af50e8 mode 2
Event: 111.477 Thread 0x0000018f956ade20 Uncommon trap: trap_request=0xffffff45 fr.pc=0x0000018f87c9e000 relative=0x0000000000000980
Event: 111.477 Thread 0x0000018f956ade20 Uncommon trap: reason=unstable_if action=reinterpret pc=0x0000018f87c9e000 method=org.jetbrains.kotlin.cli.jvm.compiler.jarfs.ZipImplementationKt.parseCentralDirectory$lambda$0(Lkotlin/jvm/internal/Ref$LongRef;Ljava/util/List;JLorg/jetbrains/kotlin/cli/jv
Event: 111.477 Thread 0x0000018f956ade20 DEOPT PACKING pc=0x0000018f87c9e000 sp=0x00000056d8af51d0
Event: 111.477 Thread 0x0000018f956ade20 DEOPT UNPACKING pc=0x0000018f87670502 sp=0x00000056d8af50e8 mode 2
Event: 111.617 Thread 0x0000018f956ade20 Uncommon trap: trap_request=0xffffff45 fr.pc=0x0000018f87cab898 relative=0x0000000000000698
Event: 111.617 Thread 0x0000018f956ade20 Uncommon trap: reason=unstable_if action=reinterpret pc=0x0000018f87cab898 method=org.jetbrains.kotlin.cli.jvm.compiler.jarfs.FastJarVirtualFile.<init>(Lorg/jetbrains/kotlin/cli/jvm/compiler/jarfs/FastJarHandler;Ljava/lang/CharSequence;JLorg/jetbrains/kot
Event: 111.618 Thread 0x0000018f956ade20 DEOPT PACKING pc=0x0000018f87cab898 sp=0x00000056d8af5450
Event: 111.618 Thread 0x0000018f956ade20 DEOPT UNPACKING pc=0x0000018f87670502 sp=0x00000056d8af53d0 mode 2

Classes loaded (20 events):
Event: 104.370 Loading class java/nio/channels/NonWritableChannelException
Event: 104.373 Loading class java/nio/channels/NonWritableChannelException done
Event: 106.230 Loading class java/nio/charset/IllegalCharsetNameException
Event: 106.231 Loading class java/nio/charset/IllegalCharsetNameException done
Event: 106.232 Loading class java/nio/charset/UnsupportedCharsetException
Event: 106.232 Loading class java/nio/charset/UnsupportedCharsetException done
Event: 106.238 Loading class sun/nio/cs/MS1251
Event: 106.239 Loading class sun/nio/cs/MS1251 done
Event: 106.839 Loading class java/util/PrimitiveIterator$OfInt
Event: 106.841 Loading class java/util/PrimitiveIterator
Event: 106.842 Loading class java/util/PrimitiveIterator done
Event: 106.842 Loading class java/util/PrimitiveIterator$OfInt done
Event: 109.067 Loading class java/beans/PropertyChangeSupport
Event: 109.070 Loading class java/beans/PropertyChangeSupport done
Event: 109.071 Loading class java/beans/PropertyChangeSupport$PropertyChangeListenerMap
Event: 109.074 Loading class java/beans/ChangeListenerMap
Event: 109.076 Loading class java/beans/ChangeListenerMap done
Event: 109.077 Loading class java/beans/PropertyChangeSupport$PropertyChangeListenerMap done
Event: 109.077 Loading class java/beans/PropertyChangeListener
Event: 109.077 Loading class java/beans/PropertyChangeListener done

Classes unloaded (0 events):
No events

Classes redefined (0 events):
No events

Internal exceptions (20 events):
Event: 97.486 Thread 0x0000018f956ade20 Exception <a 'java/lang/NoSuchMethodError'{0x0000000703a9a518}: 'int java.lang.invoke.DelegatingMethodHandle$Holder.reinvoke_L(java.lang.Object, java.lang.Object, java.lang.Object, long, java.lang.Object, java.lang.Object)'> (0x0000000703a9a518) 
thrown [s\open\src\hotspot\share\interpreter\linkResolver.cpp, line 804]
Event: 97.496 Thread 0x0000018f956ade20 Exception <a 'java/lang/NoSuchMethodError'{0x0000000703abc480}: 'int java.lang.invoke.DelegatingMethodHandle$Holder.reinvoke_L(java.lang.Object, java.lang.Object, java.lang.Object, long, int, int)'> (0x0000000703abc480) 
thrown [s\open\src\hotspot\share\interpreter\linkResolver.cpp, line 804]
Event: 97.507 Thread 0x0000018f956ade20 Exception <a 'java/lang/NoSuchMethodError'{0x0000000703ae0340}: 'int java.lang.invoke.DelegatingMethodHandle$Holder.reinvoke_L(java.lang.Object, java.lang.Object, java.lang.Object, long, long, long)'> (0x0000000703ae0340) 
thrown [s\open\src\hotspot\share\interpreter\linkResolver.cpp, line 804]
Event: 97.520 Thread 0x0000018f956ade20 Exception <a 'java/lang/NoSuchMethodError'{0x0000000703b01f00}: 'int java.lang.invoke.DelegatingMethodHandle$Holder.reinvoke_L(java.lang.Object, java.lang.Object, java.lang.Object, long, int)'> (0x0000000703b01f00) 
thrown [s\open\src\hotspot\share\interpreter\linkResolver.cpp, line 804]
Event: 97.532 Thread 0x0000018f956ade20 Exception <a 'java/lang/NoSuchMethodError'{0x0000000703b23500}: 'long java.lang.invoke.DelegatingMethodHandle$Holder.reinvoke_L(java.lang.Object, java.lang.Object, java.lang.Object)'> (0x0000000703b23500) 
thrown [s\open\src\hotspot\share\interpreter\linkResolver.cpp, line 804]
Event: 97.545 Thread 0x0000018f956ade20 Exception <a 'java/lang/NoSuchMethodError'{0x0000000703b4dbe0}: 'void java.lang.invoke.DelegatingMethodHandle$Holder.reinvoke_L(java.lang.Object, java.lang.Object, java.lang.Object, long, java.lang.Object, long, long)'> (0x0000000703b4dbe0) 
thrown [s\open\src\hotspot\share\interpreter\linkResolver.cpp, line 804]
Event: 97.550 Thread 0x0000018f956ade20 Exception <a 'java/lang/NoSuchMethodError'{0x0000000703b5f5f8}: 'long java.lang.invoke.Invokers$Holder.invokeExact_MT(java.lang.Object, java.lang.Object, java.lang.Object)'> (0x0000000703b5f5f8) 
thrown [s\open\src\hotspot\share\interpreter\linkResolver.cpp, line 804]
Event: 97.614 Thread 0x0000018f956ade20 Exception <a 'java/lang/NoSuchMethodError'{0x0000000703b910a0}: 'int java.lang.invoke.Invokers$Holder.invokeExact_MT(java.lang.Object, java.lang.Object, java.lang.Object)'> (0x0000000703b910a0) 
thrown [s\open\src\hotspot\share\interpreter\linkResolver.cpp, line 804]
Event: 98.149 Thread 0x0000018f956ade20 Exception <a 'java/lang/NoSuchMethodError'{0x0000000703656470}: 'java.lang.Object java.lang.invoke.DirectMethodHandle$Holder.invokeStatic(java.lang.Object, java.lang.Object, int, java.lang.Object, int)'> (0x0000000703656470) 
thrown [s\open\src\hotspot\share\interpreter\linkResolver.cpp, line 804]
Event: 103.964 Thread 0x0000018f956ade20 Implicit null exception at 0x0000018f87beca81 to 0x0000018f87becd94
Event: 103.980 Thread 0x0000018f956ade20 Exception <a 'java/lang/NoSuchMethodError'{0x00000007041b3998}: 'java.lang.Object java.lang.invoke.DirectMethodHandle$Holder.invokeStatic(java.lang.Object, java.lang.Object, java.lang.Object, java.lang.Object, int)'> (0x00000007041b3998) 
thrown [s\open\src\hotspot\share\interpreter\linkResolver.cpp, line 804]
Event: 103.991 Thread 0x0000018f956ade20 Exception <a 'java/lang/NoSuchMethodError'{0x00000007041c5f08}: 'long java.lang.invoke.DirectMethodHandle$Holder.invokeStatic(java.lang.Object, java.lang.Object, int)'> (0x00000007041c5f08) 
thrown [s\open\src\hotspot\share\interpreter\linkResolver.cpp, line 804]
Event: 103.998 Thread 0x0000018f956ade20 Exception <a 'java/lang/NoSuchMethodError'{0x00000007041d7970}: 'long java.lang.invoke.DelegatingMethodHandle$Holder.reinvoke_L(java.lang.Object, java.lang.Object, int)'> (0x00000007041d7970) 
thrown [s\open\src\hotspot\share\interpreter\linkResolver.cpp, line 804]
Event: 104.007 Thread 0x0000018f956ade20 Exception <a 'java/lang/NoSuchMethodError'{0x00000007041f16a0}: 'java.lang.Object java.lang.invoke.DelegatingMethodHandle$Holder.reinvoke_L(java.lang.Object, int, long, java.lang.Object, java.lang.Object, int, java.lang.Object)'> (0x00000007041f16a0) 
thrown [s\open\src\hotspot\share\interpreter\linkResolver.cpp, line 804]
Event: 107.611 Thread 0x0000018f956ade20 Exception <a 'java/lang/NoSuchMethodError'{0x0000000702e40368}: 'java.lang.Object java.lang.invoke.Invokers$Holder.invokeExact_MT(java.lang.Object, java.lang.Object, long, java.lang.Object)'> (0x0000000702e40368) 
thrown [s\open\src\hotspot\share\interpreter\linkResolver.cpp, line 804]
Event: 109.237 Thread 0x0000018f956ade20 Exception <a 'java/lang/NoSuchMethodError'{0x0000000704e92638}: 'java.lang.Object java.lang.invoke.DirectMethodHandle$Holder.invokeStatic(java.lang.Object, java.lang.Object, long, long)'> (0x0000000704e92638) 
thrown [s\open\src\hotspot\share\interpreter\linkResolver.cpp, line 804]
Event: 109.309 Thread 0x0000018f956ade20 Exception <a 'java/lang/NoSuchMethodError'{0x0000000704ef4720}: 'java.lang.Object java.lang.invoke.DirectMethodHandle$Holder.newInvokeSpecial(java.lang.Object, java.lang.Object, java.lang.Object, long)'> (0x0000000704ef4720) 
thrown [s\open\src\hotspot\share\interpreter\linkResolver.cpp, line 804]
Event: 109.312 Thread 0x0000018f956ade20 Exception <a 'java/lang/NoSuchMethodError'{0x0000000704efdf18}: 'java.lang.Object java.lang.invoke.Invokers$Holder.linkToTargetMethod(java.lang.Object, java.lang.Object, long, java.lang.Object)'> (0x0000000704efdf18) 
thrown [s\open\src\hotspot\share\interpreter\linkResolver.cpp, line 804]
Event: 111.457 Thread 0x0000018f956ade20 Implicit null exception at 0x0000018f87ca3304 to 0x0000018f87ca3710
Event: 111.617 Thread 0x0000018f956ade20 Implicit null exception at 0x0000018f87cab456 to 0x0000018f87cab888

VM Operations (20 events):
Event: 92.068 Executing safepoint VM operation: G1CollectForAllocation (G1 Evacuation Pause) done
Event: 100.241 Executing safepoint VM operation: G1CollectForAllocation (G1 Evacuation Pause)
Event: 100.309 Executing safepoint VM operation: G1CollectForAllocation (G1 Evacuation Pause) done
Event: 103.709 Executing non-safepoint VM operation: HandshakeAllThreads (Deoptimize)
Event: 103.710 Executing non-safepoint VM operation: HandshakeAllThreads (Deoptimize) done
Event: 104.231 Executing non-safepoint VM operation: HandshakeAllThreads (Deoptimize)
Event: 104.232 Executing non-safepoint VM operation: HandshakeAllThreads (Deoptimize) done
Event: 105.663 Executing non-safepoint VM operation: HandshakeAllThreads (Deoptimize)
Event: 105.664 Executing non-safepoint VM operation: HandshakeAllThreads (Deoptimize) done
Event: 106.211 Executing non-safepoint VM operation: HandshakeAllThreads (Deoptimize)
Event: 106.212 Executing non-safepoint VM operation: HandshakeAllThreads (Deoptimize) done
Event: 106.900 Executing non-safepoint VM operation: HandshakeAllThreads (Deoptimize)
Event: 106.900 Executing non-safepoint VM operation: HandshakeAllThreads (Deoptimize) done
Event: 108.320 Executing safepoint VM operation: G1CollectForAllocation (G1 Evacuation Pause)
Event: 108.414 Executing safepoint VM operation: G1CollectForAllocation (G1 Evacuation Pause) done
Event: 108.998 Executing non-safepoint VM operation: HandshakeAllThreads (Deoptimize)
Event: 108.999 Executing non-safepoint VM operation: HandshakeAllThreads (Deoptimize) done
Event: 110.790 Executing non-safepoint VM operation: HandshakeAllThreads (Deoptimize)
Event: 110.791 Executing non-safepoint VM operation: HandshakeAllThreads (Deoptimize) done
Event: 111.647 Executing safepoint VM operation: G1CollectForAllocation (G1 Evacuation Pause)

Memory protections (0 events):
No events

Nmethod flushes (20 events):
Event: 84.668 Thread 0x0000018ffdc9f5b0 flushing  nmethod 0x0000018f80271288
Event: 84.668 Thread 0x0000018ffdc9f5b0 flushing  nmethod 0x0000018f80271f08
Event: 84.668 Thread 0x0000018ffdc9f5b0 flushing  nmethod 0x0000018f80307f88
Event: 84.668 Thread 0x0000018ffdc9f5b0 flushing  nmethod 0x0000018f8032df08
Event: 84.668 Thread 0x0000018ffdc9f5b0 flushing  nmethod 0x0000018f80363588
Event: 84.668 Thread 0x0000018ffdc9f5b0 flushing  nmethod 0x0000018f803c5608
Event: 84.668 Thread 0x0000018ffdc9f5b0 flushing  nmethod 0x0000018f803c8908
Event: 84.668 Thread 0x0000018ffdc9f5b0 flushing  nmethod 0x0000018f80115b08
Event: 84.668 Thread 0x0000018ffdc9f5b0 flushing  nmethod 0x0000018f80139a08
Event: 84.668 Thread 0x0000018ffdc9f5b0 flushing  nmethod 0x0000018f8013df08
Event: 84.668 Thread 0x0000018ffdc9f5b0 flushing  nmethod 0x0000018f8018be08
Event: 84.668 Thread 0x0000018ffdc9f5b0 flushing  nmethod 0x0000018f8018dd08
Event: 84.668 Thread 0x0000018ffdc9f5b0 flushing  nmethod 0x0000018f80194608
Event: 84.669 Thread 0x0000018ffdc9f5b0 flushing  nmethod 0x0000018f80204608
Event: 84.669 Thread 0x0000018ffdc9f5b0 flushing  nmethod 0x0000018f80209708
Event: 84.669 Thread 0x0000018ffdc9f5b0 flushing  nmethod 0x0000018f8020ae88
Event: 84.669 Thread 0x0000018ffdc9f5b0 flushing  nmethod 0x0000018f8020b288
Event: 84.669 Thread 0x0000018ffdc9f5b0 flushing  nmethod 0x0000018f802c6d08
Event: 84.669 Thread 0x0000018ffdc9f5b0 flushing  nmethod 0x0000018f802dd708
Event: 84.669 Thread 0x0000018ffdc9f5b0 flushing  nmethod 0x0000018f8035a108

Events (20 events):
Event: 68.421 Thread 0x0000018f956ade20 Thread added: 0x0000018f954be4c0
Event: 71.199 Thread 0x0000018f956ade20 Thread added: 0x0000018f954bec90
Event: 71.359 Thread 0x0000018f956ade20 Thread added: 0x0000018f954bf460
Event: 71.885 Thread 0x0000018ffdccac90 Thread added: 0x0000018f9597e570
Event: 73.281 Thread 0x0000018f956ade20 Thread added: 0x0000018f954c0400
Event: 74.407 Thread 0x0000018f956ade20 Thread added: 0x0000018f96b1fe60
Event: 76.686 Thread 0x0000018f9597e570 Thread exited: 0x0000018f9597e570
Event: 78.102 Thread 0x0000018f956ade20 Thread added: 0x0000018f96b23ce0
Event: 78.810 Thread 0x0000018f956ade20 Thread added: 0x0000018f96b244b0
Event: 88.729 Thread 0x0000018ffdccac90 Thread added: 0x0000018f940acfd0
Event: 88.979 Thread 0x0000018f940acfd0 Thread exited: 0x0000018f940acfd0
Event: 93.696 Thread 0x0000018ffdccac90 Thread added: 0x0000018f95bbb7a0
Event: 94.424 Thread 0x0000018f95bbb7a0 Thread exited: 0x0000018f95bbb7a0
Event: 96.945 Thread 0x0000018ffdcc58f0 Thread added: 0x0000018f957bfb90
Event: 97.267 Thread 0x0000018f957bfb90 Thread exited: 0x0000018f957bfb90
Event: 104.023 Thread 0x0000018ffdcc58f0 Thread added: 0x0000018f946decd0
Event: 104.958 Thread 0x0000018f946decd0 Thread exited: 0x0000018f946decd0
Event: 108.128 Thread 0x0000018ffdccac90 Thread added: 0x0000018f954101e0
Event: 110.584 Thread 0x0000018f954101e0 Thread exited: 0x0000018f954101e0
Event: 110.973 Thread 0x0000018ffdcc58f0 Thread added: 0x0000018f954101e0


Dynamic libraries:
0x00007ff6fe680000 - 0x00007ff6fe690000 	C:\Program Files\Java\jdk-26.0.1\bin\java.exe
0x00007ffe31ca0000 - 0x00007ffe31f06000 	C:\WINDOWS\SYSTEM32\ntdll.dll
0x00007ffe30f60000 - 0x00007ffe31029000 	C:\WINDOWS\System32\KERNEL32.DLL
0x00007ffe2f3b0000 - 0x00007ffe2f7b0000 	C:\WINDOWS\System32\KERNELBASE.dll
0x00007ffe2f7c0000 - 0x00007ffe2f90c000 	C:\WINDOWS\System32\ucrtbase.dll
0x00007ffdf75d0000 - 0x00007ffdf75ee000 	C:\Program Files\Java\jdk-26.0.1\bin\VCRUNTIME140.dll
0x00007ffdf8140000 - 0x00007ffdf8157000 	C:\Program Files\Java\jdk-26.0.1\bin\jli.dll
0x00007ffe317e0000 - 0x00007ffe319a7000 	C:\WINDOWS\System32\USER32.dll
0x00007ffe2eec0000 - 0x00007ffe2eee7000 	C:\WINDOWS\System32\win32u.dll
0x00007ffe19f80000 - 0x00007ffe1a212000 	C:\WINDOWS\WinSxS\amd64_microsoft.windows.common-controls_6595b64144ccf1df_6.0.26100.8737_none_3e092eaee333b772\COMCTL32.dll
0x00007ffe319b0000 - 0x00007ffe319db000 	C:\WINDOWS\System32\GDI32.dll
0x00007ffe2eef0000 - 0x00007ffe2f019000 	C:\WINDOWS\System32\gdi32full.dll
0x00007ffe2f920000 - 0x00007ffe2f9c3000 	C:\WINDOWS\System32\msvcp_win.dll
0x00007ffe31730000 - 0x00007ffe317d9000 	C:\WINDOWS\System32\msvcrt.dll
0x00007ffe30bf0000 - 0x00007ffe30c22000 	C:\WINDOWS\System32\IMM32.DLL
0x00007ffe1eb20000 - 0x00007ffe1eb2c000 	C:\Program Files\Java\jdk-26.0.1\bin\vcruntime140_1.dll
0x00007ffdca2c0000 - 0x00007ffdca34d000 	C:\Program Files\Java\jdk-26.0.1\bin\msvcp140.dll
0x00007ffd9dac0000 - 0x00007ffd9e98e000 	C:\Program Files\Java\jdk-26.0.1\bin\server\jvm.dll
0x00007ffe30ea0000 - 0x00007ffe30f57000 	C:\WINDOWS\System32\ADVAPI32.dll
0x00007ffe314f0000 - 0x00007ffe3159a000 	C:\WINDOWS\System32\sechost.dll
0x00007ffe313d0000 - 0x00007ffe314e8000 	C:\WINDOWS\System32\RPCRT4.dll
0x00007ffe316a0000 - 0x00007ffe31720000 	C:\WINDOWS\System32\WS2_32.dll
0x00007ffe2ed20000 - 0x00007ffe2ed7e000 	C:\WINDOWS\SYSTEM32\POWRPROF.dll
0x00007ffe25d10000 - 0x00007ffe25d46000 	C:\WINDOWS\SYSTEM32\WINMM.dll
0x00007ffe20890000 - 0x00007ffe2089b000 	C:\WINDOWS\SYSTEM32\VERSION.dll
0x00007ffe2ed00000 - 0x00007ffe2ed14000 	C:\WINDOWS\SYSTEM32\UMPDC.dll
0x00007ffe2dba0000 - 0x00007ffe2dbbb000 	C:\WINDOWS\SYSTEM32\kernel.appcore.dll
0x00007ffe117a0000 - 0x00007ffe117aa000 	C:\Program Files\Java\jdk-26.0.1\bin\jimage.dll
0x00007ffe2c3b0000 - 0x00007ffe2c5f2000 	C:\WINDOWS\SYSTEM32\DBGHELP.DLL
0x00007ffe30810000 - 0x00007ffe30b93000 	C:\WINDOWS\System32\combase.dll
0x00007ffe31030000 - 0x00007ffe31109000 	C:\WINDOWS\System32\OLEAUT32.dll
0x00007ffe15610000 - 0x00007ffe1564b000 	C:\WINDOWS\SYSTEM32\dbgcore.DLL
0x00007ffe2f0e0000 - 0x00007ffe2f18c000 	C:\WINDOWS\System32\bcryptPrimitives.dll
0x00007ffe07db0000 - 0x00007ffe07dc0000 	C:\Program Files\Java\jdk-26.0.1\bin\instrument.dll
0x00007ffdf5b00000 - 0x00007ffdf5b1f000 	C:\Program Files\Java\jdk-26.0.1\bin\java.dll
0x00007ffe319e0000 - 0x00007ffe31b79000 	C:\WINDOWS\System32\ole32.dll
0x00007ffe30070000 - 0x00007ffe30802000 	C:\WINDOWS\System32\SHELL32.dll
0x00007ffe2c980000 - 0x00007ffe2d212000 	C:\WINDOWS\SYSTEM32\windows.storage.dll
0x00007ffe30c30000 - 0x00007ffe30d27000 	C:\WINDOWS\System32\SHCORE.dll
0x00007ffe31bf0000 - 0x00007ffe31c57000 	C:\WINDOWS\System32\shlwapi.dll
0x00007ffe2ede0000 - 0x00007ffe2ee09000 	C:\WINDOWS\SYSTEM32\profapi.dll
0x00007ffdf5690000 - 0x00007ffdf56a7000 	C:\Program Files\Java\jdk-26.0.1\bin\zip.dll
0x00007ffdf59f0000 - 0x00007ffdf5a02000 	C:\Program Files\Java\jdk-26.0.1\bin\net.dll
0x00007ffe2e150000 - 0x00007ffe2e1bc000 	C:\WINDOWS\system32\mswsock.dll
0x00007ffdf58f0000 - 0x00007ffdf5906000 	C:\Program Files\Java\jdk-26.0.1\bin\nio.dll
0x00007ffe07dc0000 - 0x00007ffe07dd0000 	C:\Program Files\Java\jdk-26.0.1\bin\verify.dll
0x00007ffe11770000 - 0x00007ffe11797000 	C:\Users\lenovo\.gradle\native\660c5614fbf4a5f2a75b1949f50a0caf5cd603558e7d8a26e50b933a0cfb79d1\windows-amd64\native-platform.dll
0x00007ffdf1c40000 - 0x00007ffdf1cb7000 	C:\Users\lenovo\.gradle\native\0.2.8\x86_64-windows-gnu\gradle-fileevents.dll
0x00007ffe0b5b0000 - 0x00007ffe0b5ba000 	C:\Program Files\Java\jdk-26.0.1\bin\management.dll
0x00007ffe07e40000 - 0x00007ffe07e4c000 	C:\Program Files\Java\jdk-26.0.1\bin\management_ext.dll
0x00007ffe2f9f0000 - 0x00007ffe2f9f8000 	C:\WINDOWS\System32\PSAPI.DLL
0x00007ffe2d620000 - 0x00007ffe2d653000 	C:\WINDOWS\SYSTEM32\IPHLPAPI.DLL
0x00007ffe31be0000 - 0x00007ffe31bea000 	C:\WINDOWS\System32\NSI.dll
0x00007ffe07e30000 - 0x00007ffe07e39000 	C:\Program Files\Java\jdk-26.0.1\bin\extnet.dll
0x00007ffe2e450000 - 0x00007ffe2e46b000 	C:\WINDOWS\SYSTEM32\CRYPTSP.dll
0x00007ffe2db00000 - 0x00007ffe2db39000 	C:\WINDOWS\system32\rsaenh.dll
0x00007ffe2e210000 - 0x00007ffe2e242000 	C:\WINDOWS\SYSTEM32\USERENV.dll
0x00007ffe2edb0000 - 0x00007ffe2edda000 	C:\WINDOWS\SYSTEM32\bcrypt.dll
0x00007ffe2e470000 - 0x00007ffe2e47c000 	C:\WINDOWS\SYSTEM32\CRYPTBASE.dll
0x00007ffe07c90000 - 0x00007ffe07c9e000 	C:\Program Files\Java\jdk-26.0.1\bin\sunmscapi.dll
0x00007ffe2f230000 - 0x00007ffe2f3a8000 	C:\WINDOWS\System32\CRYPT32.dll
0x00007ffe2e690000 - 0x00007ffe2e6c0000 	C:\WINDOWS\SYSTEM32\ncrypt.dll
0x00007ffe2e640000 - 0x00007ffe2e67f000 	C:\WINDOWS\SYSTEM32\NTASN1.dll
0x00007ffe20190000 - 0x00007ffe20198000 	C:\WINDOWS\system32\wshunix.dll

JVMTI agents:
C:\Users\lenovo\.gradle\wrapper\dists\gradle-9.4.1-bin\arn2x92ynaizyzdaamcbpbhtj\gradle-9.4.1\lib\agents\gradle-instrumentation-agent-9.4.1.jar path:C:\Program Files\Java\jdk-26.0.1\bin\instrument.dll, loaded, initialized, instrumentlib options:none

dbghelp: loaded successfully - version: 4.0.5 - missing functions: none
symbol engine: initialized successfully - sym options: 0x614 - pdb path: .;C:\Program Files\Java\jdk-26.0.1\bin;C:\WINDOWS\SYSTEM32;C:\WINDOWS\WinSxS\amd64_microsoft.windows.common-controls_6595b64144ccf1df_6.0.26100.8737_none_3e092eaee333b772;C:\Program Files\Java\jdk-26.0.1\bin\server;C:\Users\lenovo\.gradle\native\660c5614fbf4a5f2a75b1949f50a0caf5cd603558e7d8a26e50b933a0cfb79d1\windows-amd64;C:\Users\lenovo\.gradle\native\0.2.8\x86_64-windows-gnu

VM Arguments:
jvm_args: --add-opens=java.base/java.lang=ALL-UNNAMED --add-opens=java.base/java.lang.invoke=ALL-UNNAMED --add-opens=java.base/java.util=ALL-UNNAMED --add-opens=java.prefs/java.util.prefs=ALL-UNNAMED --add-exports=jdk.compiler/com.sun.tools.javac.api=ALL-UNNAMED --add-exports=jdk.compiler/com.sun.tools.javac.util=ALL-UNNAMED --add-opens=java.base/java.util=ALL-UNNAMED --add-opens=java.prefs/java.util.prefs=ALL-UNNAMED --add-opens=java.base/java.nio.charset=ALL-UNNAMED --add-opens=java.base/java.net=ALL-UNNAMED --add-opens=java.base/java.util.concurrent=ALL-UNNAMED --add-opens=java.base/java.util.concurrent.atomic=ALL-UNNAMED --add-opens=java.xml/javax.xml.namespace=ALL-UNNAMED --add-opens=java.base/java.time=ALL-UNNAMED --enable-native-access=ALL-UNNAMED -XX:MaxMetaspaceSize=512m -XX:+HeapDumpOnOutOfMemoryError -Xmx4096m -Dfile.encoding=UTF-8 -Duser.country=US -Duser.language=en -Duser.variant -javaagent:C:\Users\lenovo\.gradle\wrapper\dists\gradle-9.4.1-bin\arn2x92ynaizyzdaamcbpbhtj\gradle-9.4.1\lib\agents\gradle-instrumentation-agent-9.4.1.jar 
java_command: org.gradle.launcher.daemon.bootstrap.GradleDaemon 9.4.1
java_class_path (initial): C:\Users\lenovo\.gradle\wrapper\dists\gradle-9.4.1-bin\arn2x92ynaizyzdaamcbpbhtj\gradle-9.4.1\lib\gradle-daemon-main-9.4.1.jar
Launcher Type: SUN_STANDARD

[Global flags]
     bool AOTAdapterCaching                        = false                                  {diagnostic} {ergonomic}
     bool AOTInvokeDynamicLinking                  = false                                  {diagnostic} {ergonomic}
     bool AOTRecordTraining                        = false                                  {diagnostic} {ergonomic}
     bool AOTReplayTraining                        = false                                  {diagnostic} {ergonomic}
     bool AOTStubCaching                           = false                                  {diagnostic} {ergonomic}
     intx CICompilerCount                          = 4                                         {product} {ergonomic}
   size_t CompressedClassSpaceSize                 = 436207616                                 {product} {ergonomic}
     uint ConcGCThreads                            = 2                                         {product} {ergonomic}
     uint G1ConcRefinementThreads                  = 8                                         {product} {ergonomic}
     uint G1EagerReclaimRemSetThreshold            = 16                                   {experimental} {ergonomic}
   size_t G1HeapRegionSize                         = 2097152                                   {product} {ergonomic}
     uint G1RemSetArrayOfCardsEntries              = 16                                   {experimental} {ergonomic}
     uint G1RemSetHowlMaxNumBuckets                = 8                                    {experimental} {ergonomic}
     uint G1RemSetHowlNumBuckets                   = 8                                    {experimental} {ergonomic}
     bool HeapDumpOnOutOfMemoryError               = true                                   {manageable} {command line}
   size_t InitialHeapSize                          = 8388608                                   {product} {ergonomic}
     bool IntelJccErratumMitigation                = false                             {ARCH diagnostic} {ergonomic}
   size_t MarkStackSize                            = 4194304                                   {product} {ergonomic}
   size_t MarkStackSizeMax                         = 536870912                                 {product} {ergonomic}
   size_t MaxHeapSize                              = 4294967296                                {product} {command line}
   size_t MaxMetaspaceSize                         = 536870912                                 {product} {command line}
   size_t MaxNewSize                               = 2575302656                                {product} {ergonomic}
 uint64_t MaxRAM                                   = 4084523008                                {product} {ergonomic}
   size_t MinHeapDeltaBytes                        = 2097152                                   {product} {ergonomic}
   size_t MinHeapSize                              = 8388608                                   {product} {ergonomic}
   size_t NonNMethodCodeHeapSize                   = 5898240                                {pd product} {ergonomic}
   size_t NonProfiledCodeHeapSize                  = 122945536                              {pd product} {ergonomic}
   size_t ProfiledCodeHeapSize                     = 122945536                              {pd product} {ergonomic}
   size_t ReservedCodeCacheSize                    = 251789312                              {pd product} {ergonomic}
     bool SegmentedCodeCache                       = true                                      {product} {ergonomic}
   size_t SoftMaxHeapSize                          = 4294967296                             {manageable} {ergonomic}
     bool UseCompressedOops                        = true                           {product lp64_product} {ergonomic}
     bool UseCondCardMark                          = true                                      {product} {ergonomic}
     bool UseFastUnorderedTimeStamps               = true                                 {experimental} {ergonomic}
     bool UseG1GC                                  = true                                      {product} {ergonomic}
     bool UseLargePagesIndividualAllocation        = false                                  {pd product} {ergonomic}
      int X86ICacheSync                            = 3                                 {ARCH diagnostic} {ergonomic}

Logging:
Log output configuration:
 #0: stdout all=warning uptime,level,tags foldmultilines=false
 #1: stderr all=off uptime,level,tags foldmultilines=false

Release file:
IMPLEMENTOR="Oracle Corporation" 
JAVA_RUNTIME_VERSION="26.0.1+8-34" 
JAVA_VERSION="26.0.1" 
JAVA_VERSION_DATE="2026-04-21" 
LIBC="default" 
MODULES="java.base java.compiler java.datatransfer java.xml java.prefs java.desktop java.instrument java.logging java.management java.security.sasl java.naming java.rmi java.management.rmi java.net.http java.scripting java.security.jgss java.transaction.xa java.sql java.sql.rowset java.xml.crypto java.se java.smartcardio jdk.accessibility jdk.internal.jvmstat jdk.attach jdk.charsets jdk.internal.opt jdk.zipfs jdk.compiler jdk.crypto.cryptoki jdk.crypto.ec jdk.crypto.mscapi jdk.dynalink jdk.internal.ed jdk.editpad jdk.internal.vm.ci jdk.graal.compiler jdk.graal.compiler.management jdk.hotspot.agent jdk.httpserver jdk.incubator.vector jdk.internal.le jdk.internal.md jdk.jartool jdk.javadoc jdk.jcmd jdk.management jdk.management.agent jdk.jconsole jdk.jdeps jdk.jdwp.agent jdk.jdi jdk.jfr jdk.jlink jdk.jpackage jdk.jshell jdk.jstatd jdk.localedata jdk.management.jfr jdk.naming.dns jdk.naming.rmi jdk.net jdk.nio.mapmode jdk.sctp jdk.security.auth jdk.security.jgss jdk.unsupported jdk.unsupported.desktop jdk.xml.dom" 
OS_ARCH="x86_64" 
OS_NAME="Windows" 
SOURCE=".:git:8fcde8268d22 open:git:fcc00fc4aee7" 

Environment Variables:
PATH=C:\Program Files\Common Files\Oracle\Java\javapath;C:\Python314\Scripts\;C:\Python314\;C:\WINDOWS\system32;C:\WINDOWS;C:\WINDOWS\System32\Wbem;C:\WINDOWS\System32\WindowsPowerShell\v1.0\;C:\WINDOWS\System32\OpenSSH\;C:\Program Files\Git\cmd;C:\Program Files\nodejs\;C:\ProgramData\chocolatey\bin;C:\Program Files\Microsoft SQL Server\170\Tools\Binn\;C:\Program Files\Microsoft SQL Server\Client SDK\ODBC\170\Tools\Binn\;C:\Program Files (x86)\IncrediBuild;C:\Program Files (x86)\Windows Kits\10\Windows Performance Toolkit\;C:\Program Files\tre-command\bin\;C:\Program Files (x86)\Google\Cloud SDK\google-cloud-sdk\bin;C:\Program Files\dotnet\;C:\Program Files\Go\bin;C:\Users\lenovo\AppData\Local\Programs\Python\Python312\Scripts\;C:\Users\lenovo\AppData\Local\Programs\Python\Python312\;C:\Users\lenovo\AppData\Local\Microsoft\WindowsApps;C:\Users\lenovo\AppData\Roaming\npm;C:\Users\lenovo\AppData\Local\Programs\Microsoft VS Code\bin;C:\Users\lenovo\AppData\Local\Programs\Microsoft VS Code Insiders\bin;C:\Users\lenovo\AppData\Local\Python\bin;C:\Users\lenovo\AppData\Local\Programs\Antigravity\bin;C:\Users\lenovo\.dotnet\tools;C:\Users\lenovo\go\bin;C:\Program Files\Android\Android Studio\plugins\android\resources\android-cli\bin
USERNAME=lenovo
OS=Windows_NT
PROCESSOR_IDENTIFIER=Intel64 Family 6 Model 140 Stepping 1, GenuineIntel
TMP=C:\Users\lenovo\AppData\Local\Temp
TEMP=C:\Users\lenovo\AppData\Local\Temp




Compilation memory statistics disabled.

Periodic native trim disabled

---------------  S Y S T E M  ---------------

OS:
 Windows 11 , 64 bit Build 26100 (10.0.26100.8737)
OS uptime: 2 days 13:20 hours

CPU: total 8 (initial active 8) (4 cores per cpu, 2 threads per core) family 6 model 140 stepping 1 microcode 0x8a, cx8, cmov, fxsr, ht, mmx, 3dnowpref, sse, sse2, sse3, ssse3, sse4.1, sse4.2, popcnt, lzcnt, tsc, tscinvbit, avx, avx2, aes, erms, clmul, bmi1, bmi2, adx, avx512f, avx512dq, avx512cd, avx512bw, avx512vl, sha, fma, vzeroupper, avx512_vpopcntdq, avx512_vpclmulqdq, avx512_vaes, avx512_vnni, clflush, clflushopt, clwb, avx512_vbmi2, avx512_vbmi, rdtscp, rdpid, fsrm, gfni, avx512_bitalg, f16c, pku, cet_ibt, cet_ss, avx512_ifma
Processor Information for the first 8 processors :
  Max Mhz: 2419, Current Mhz: 2419, Mhz Limit: 2419

Memory: 4k page, system-wide physical 3895M (385M free)
TotalPageFile size 15671M (AvailPageFile size 150M)
current process WorkingSet (physical memory assigned to process): 227M, peak: 227M
current process commit charge ("private bytes"): 295M, peak: 483M

vm_info: Java HotSpot(TM) 64-Bit Server VM (26.0.1+8-34) for windows-amd64 JRE (26.0.1+8-34), built on 2026-03-10T17:24:10Z with MS VC++ 17.13 (VS2022)

END.
