#
# There is insufficient memory for the Java Runtime Environment to continue.
# Native memory allocation (mmap) failed to map 471859200 bytes. Error detail: G1 virtual space
# Possible reasons:
#   The system is out of physical RAM or swap space
#   This process is running with CompressedOops enabled, and the Java Heap may be blocking the growth of the native heap
# Possible solutions:
#   Reduce memory load on the system
#   Increase physical memory or swap space
#   Check if swap backing store is full
#   Decrease Java heap size (-Xmx/-Xms)
#   Decrease number of Java threads
#   Decrease Java thread stack sizes (-Xss)
#   Set larger code cache with -XX:ReservedCodeCacheSize=
#   JVM is running with Zero Based Compressed Oops mode in which the Java heap is
#     placed in the first 32GB address space. The Java Heap base address is the
#     maximum limit for the native heap growth. Please use -XX:HeapBaseMinAddress
#     to set the Java Heap base and to place the Java Heap above 32GB virtual address.
# This output file may be truncated or incomplete.
#
#  Out of Memory Error (os_windows.cpp:3926), pid=6212, tid=12676
#
# JRE version: OpenJDK Runtime Environment (21.0.10) (build 21.0.10+-14961533-b1163.108)
# Java VM: OpenJDK 64-Bit Server VM (21.0.10+-14961533-b1163.108, mixed mode, tiered, compressed oops, compressed class ptrs, g1 gc, windows-amd64)
# No core dump will be written. Minidumps are not enabled by default on client versions of Windows
#

---------------  S U M M A R Y ------------

Command Line: --add-opens=java.base/java.lang=ALL-UNNAMED --add-opens=java.base/java.lang.invoke=ALL-UNNAMED --add-opens=java.base/java.util=ALL-UNNAMED --add-opens=java.prefs/java.util.prefs=ALL-UNNAMED --add-exports=jdk.compiler/com.sun.tools.javac.api=ALL-UNNAMED --add-exports=jdk.compiler/com.sun.tools.javac.util=ALL-UNNAMED --add-opens=java.base/java.util=ALL-UNNAMED --add-opens=java.prefs/java.util.prefs=ALL-UNNAMED --add-opens=java.base/java.nio.charset=ALL-UNNAMED --add-opens=java.base/java.net=ALL-UNNAMED --add-opens=java.base/java.util.concurrent=ALL-UNNAMED --add-opens=java.base/java.util.concurrent.atomic=ALL-UNNAMED --add-opens=java.xml/javax.xml.namespace=ALL-UNNAMED --add-opens=java.base/java.time=ALL-UNNAMED -XX:MaxMetaspaceSize=512m -XX:+HeapDumpOnOutOfMemoryError -Xmx4096m -Dfile.encoding=UTF-8 -Duser.country=US -Duser.language=en -Duser.variant -javaagent:C:\Users\lenovo\.gradle\wrapper\dists\gradle-9.4.1-bin\arn2x92ynaizyzdaamcbpbhtj\gradle-9.4.1\lib\agents\gradle-instrumentation-agent-9.4.1.jar org.gradle.launcher.daemon.bootstrap.GradleDaemon 9.4.1

Host: 11th Gen Intel(R) Core(TM) i5-1135G7 @ 2.40GHz, 8 cores, 3G,  Windows 11 , 64 bit Build 26100 (10.0.26100.8737)
Time: Tue Jul 14 12:26:09 2026 E. Africa Standard Time elapsed time: 426.559642 seconds (0d 0h 7m 6s)

---------------  T H R E A D  ---------------

Current thread (0x00000206113ce310):  VMThread "VM Thread"          [id=12676, stack(0x000000a8c7c00000,0x000000a8c7d00000) (1024K)]

Stack: [0x000000a8c7c00000,0x000000a8c7d00000]
Native frames: (J=compiled Java code, j=interpreted, Vv=VM code, C=native code)
V  [jvm.dll+0x6d78a9]
V  [jvm.dll+0x8665b3]
V  [jvm.dll+0x868bde]
V  [jvm.dll+0x8692c3]
V  [jvm.dll+0x280ee6]
V  [jvm.dll+0x6d4165]
V  [jvm.dll+0x6c77fa]
V  [jvm.dll+0x358f4b]
V  [jvm.dll+0x360bc6]
V  [jvm.dll+0x3b2ea6]
V  [jvm.dll+0x3b3178]
V  [jvm.dll+0x32b65c]
V  [jvm.dll+0x32b6e7]
V  [jvm.dll+0x3715cc]
V  [jvm.dll+0x36fd7e]
V  [jvm.dll+0x32adb1]
V  [jvm.dll+0x36f480]
V  [jvm.dll+0x86f048]
V  [jvm.dll+0x870394]
V  [jvm.dll+0x8708d0]
V  [jvm.dll+0x870b63]
V  [jvm.dll+0x80fd28]
V  [jvm.dll+0x6d60fd]
C  [ucrtbase.dll+0x2cd30]
C  [KERNEL32.DLL+0x2e957]
C  [ntdll.dll+0xaad6c]

VM_Operation (0x000000a8c95f61c0): G1CollectForAllocation, mode: safepoint, requested by thread 0x0000020617d485c0


---------------  P R O C E S S  ---------------

Threads class SMR info:
_java_thread_list=0x0000020617dac570, length=48, elements={
0x00000206751000f0, 0x0000020611573ce0, 0x00000206115839b0, 0x0000020611576ef0,
0x0000020611597dd0, 0x0000020611598830, 0x00000206115c2e00, 0x00000206115c4000,
0x00000206115c9630, 0x00000206115ca0d0, 0x00000206118a7d30, 0x00000206172194d0,
0x000002061190ff10, 0x00000206161209d0, 0x00000206161b96a0, 0x0000020617d48e00,
0x00000206182e0070, 0x0000020617d485c0, 0x00000206166e6310, 0x00000206166e4f60,
0x00000206166e2e90, 0x00000206166e3520, 0x00000206166e5c80, 0x00000206166e4240,
0x00000206184b8cc0, 0x00000206184b9350, 0x00000206184b6560, 0x00000206184b6bf0,
0x00000206184b8630, 0x00000206184b7280, 0x00000206184b5ed0, 0x00000206184b99e0,
0x00000206184ba070, 0x00000206184ba700, 0x00000206184bad90, 0x00000206184b7910,
0x00000206184bb420, 0x00000206184b7fa0, 0x00000206184bbab0, 0x00000206184bc140,
0x00000206184bd4f0, 0x0000020618c4cad0, 0x0000020618c4d7f0, 0x0000020618c4c440,
0x0000020618c4de80, 0x0000020618c4bdb0, 0x0000020618c4d160, 0x0000020618c4aa00
}

Java Threads: ( => current thread )
  0x00000206751000f0 JavaThread "main"                              [_thread_blocked, id=14012, stack(0x000000a8c7500000,0x000000a8c7600000) (1024K)]
  0x0000020611573ce0 JavaThread "Common-Cleaner"             daemon [_thread_blocked, id=14732, stack(0x000000a8c7d00000,0x000000a8c7e00000) (1024K)]
  0x00000206115839b0 JavaThread "Reference Handler"          daemon [_thread_blocked, id=580, stack(0x000000a8c7e00000,0x000000a8c7f00000) (1024K)]
  0x0000020611576ef0 JavaThread "Finalizer"                  daemon [_thread_blocked, id=2668, stack(0x000000a8c7f00000,0x000000a8c8000000) (1024K)]
  0x0000020611597dd0 JavaThread "Signal Dispatcher"          daemon [_thread_blocked, id=15416, stack(0x000000a8c8000000,0x000000a8c8100000) (1024K)]
  0x0000020611598830 JavaThread "Attach Listener"            daemon [_thread_blocked, id=15776, stack(0x000000a8c8100000,0x000000a8c8200000) (1024K)]
  0x00000206115c2e00 JavaThread "Service Thread"             daemon [_thread_blocked, id=7212, stack(0x000000a8c8200000,0x000000a8c8300000) (1024K)]
  0x00000206115c4000 JavaThread "Monitor Deflation Thread"   daemon [_thread_blocked, id=14820, stack(0x000000a8c8300000,0x000000a8c8400000) (1024K)]
  0x00000206115c9630 JavaThread "C2 CompilerThread0"         daemon [_thread_blocked, id=1904, stack(0x000000a8c8400000,0x000000a8c8500000) (1024K)]
  0x00000206115ca0d0 JavaThread "C1 CompilerThread0"         daemon [_thread_blocked, id=14096, stack(0x000000a8c8500000,0x000000a8c8600000) (1024K)]
  0x00000206118a7d30 JavaThread "Notification Thread"        daemon [_thread_blocked, id=14136, stack(0x000000a8c8600000,0x000000a8c8700000) (1024K)]
  0x00000206172194d0 JavaThread "Daemon health stats"               [_thread_blocked, id=8044, stack(0x000000a8c8b00000,0x000000a8c8c00000) (1024K)]
  0x000002061190ff10 JavaThread "Incoming local TCP Connector on port 63769"        [_thread_in_native, id=15240, stack(0x000000a8c8f00000,0x000000a8c9000000) (1024K)]
  0x00000206161209d0 JavaThread "Daemon periodic checks"            [_thread_blocked, id=16324, stack(0x000000a8c9000000,0x000000a8c9100000) (1024K)]
  0x00000206161b96a0 JavaThread "Daemon"                            [_thread_blocked, id=7644, stack(0x000000a8c9100000,0x000000a8c9200000) (1024K)]
  0x0000020617d48e00 JavaThread "Handler for socket connection from /127.0.0.1:63769 to /127.0.0.1:63770"        [_thread_in_native, id=13964, stack(0x000000a8c9200000,0x000000a8c9300000) (1024K)]
  0x00000206182e0070 JavaThread "Cancel handler"                    [_thread_blocked, id=14456, stack(0x000000a8c9400000,0x000000a8c9500000) (1024K)]
  0x0000020617d485c0 JavaThread "Daemon worker"                     [_thread_blocked, id=2672, stack(0x000000a8c9500000,0x000000a8c9600000) (1024K)]
  0x00000206166e6310 JavaThread "Asynchronous log dispatcher for DefaultDaemonConnection: socket connection from /127.0.0.1:63769 to /127.0.0.1:63770"        [_thread_blocked, id=8320, stack(0x000000a8c9600000,0x000000a8c9700000) (1024K)]
  0x00000206166e4f60 JavaThread "Stdin handler"                     [_thread_blocked, id=4496, stack(0x000000a8c9700000,0x000000a8c9800000) (1024K)]
  0x00000206166e2e90 JavaThread "Daemon client event forwarder"        [_thread_blocked, id=12936, stack(0x000000a8c9800000,0x000000a8c9900000) (1024K)]
  0x00000206166e3520 JavaThread "Cache worker for journal cache (C:\Users\lenovo\.gradle\caches\journal-1)"        [_thread_blocked, id=14000, stack(0x000000a8c9900000,0x000000a8c9a00000) (1024K)]
  0x00000206166e5c80 JavaThread "File lock request listener"        [_thread_in_native, id=10788, stack(0x000000a8c9a00000,0x000000a8c9b00000) (1024K)]
  0x00000206166e4240 JavaThread "Cache worker for file hash cache (C:\Users\lenovo\.gradle\caches\9.4.1\fileHashes)"        [_thread_blocked, id=9752, stack(0x000000a8c9b00000,0x000000a8c9c00000) (1024K)]
  0x00000206184b8cc0 JavaThread "Cache worker for file hash cache (C:\Users\lenovo\Projects\Transport simulation\TransportsimAndroid\.gradle\9.4.1\fileHashes)"        [_thread_blocked, id=1732, stack(0x000000a8c9c00000,0x000000a8c9d00000) (1024K)]
  0x00000206184b9350 JavaThread "Cache worker for Build Output Cleanup Cache (C:\Users\lenovo\Projects\Transport simulation\TransportsimAndroid\.gradle\buildOutputCleanup)"        [_thread_blocked, id=13628, stack(0x000000a8c9d00000,0x000000a8c9e00000) (1024K)]
  0x00000206184b6560 JavaThread "File watcher server"        daemon [_thread_in_native, id=3084, stack(0x000000a8c7200000,0x000000a8c7300000) (1024K)]
  0x00000206184b6bf0 JavaThread "File watcher consumer"      daemon [_thread_blocked, id=13796, stack(0x000000a8c7400000,0x000000a8c7500000) (1024K)]
  0x00000206184b8630 JavaThread "jar transforms"                    [_thread_blocked, id=9376, stack(0x000000a8c9e00000,0x000000a8c9f00000) (1024K)]
  0x00000206184b7280 JavaThread "jar transforms Thread 2"           [_thread_blocked, id=16120, stack(0x000000a8c9f00000,0x000000a8ca000000) (1024K)]
  0x00000206184b5ed0 JavaThread "jar transforms Thread 3"           [_thread_blocked, id=12844, stack(0x000000a8ca000000,0x000000a8ca100000) (1024K)]
  0x00000206184b99e0 JavaThread "jar transforms Thread 4"           [_thread_blocked, id=13512, stack(0x000000a8ca100000,0x000000a8ca200000) (1024K)]
  0x00000206184ba070 JavaThread "jar transforms Thread 5"           [_thread_blocked, id=2684, stack(0x000000a8ca200000,0x000000a8ca300000) (1024K)]
  0x00000206184ba700 JavaThread "jar transforms Thread 6"           [_thread_blocked, id=7472, stack(0x000000a8ca300000,0x000000a8ca400000) (1024K)]
  0x00000206184bad90 JavaThread "jar transforms Thread 7"           [_thread_blocked, id=7872, stack(0x000000a8ca400000,0x000000a8ca500000) (1024K)]
  0x00000206184b7910 JavaThread "jar transforms Thread 8"           [_thread_blocked, id=3556, stack(0x000000a8ca500000,0x000000a8ca600000) (1024K)]
  0x00000206184bb420 JavaThread "Cache worker for file content cache (C:\Users\lenovo\.gradle\caches\9.4.1\fileContent)"        [_thread_blocked, id=16136, stack(0x000000a8ca600000,0x000000a8ca700000) (1024K)]
  0x00000206184b7fa0 JavaThread "Cache worker for checksums cache (C:\Users\lenovo\Projects\Transport simulation\TransportsimAndroid\.gradle\9.4.1\checksums)"        [_thread_blocked, id=7148, stack(0x000000a8ca700000,0x000000a8ca800000) (1024K)]
  0x00000206184bbab0 JavaThread "Cache worker for cache directory md-supplier (C:\Users\lenovo\.gradle\caches\9.4.1\md-supplier)"        [_thread_blocked, id=13912, stack(0x000000a8ca800000,0x000000a8ca900000) (1024K)]
  0x00000206184bc140 JavaThread "Cache worker for cache directory md-rule (C:\Users\lenovo\.gradle\caches\9.4.1\md-rule)"        [_thread_blocked, id=8652, stack(0x000000a8ca900000,0x000000a8caa00000) (1024K)]
  0x00000206184bd4f0 JavaThread "Build operations"                  [_thread_blocked, id=10816, stack(0x000000a8c7300000,0x000000a8c7400000) (1024K)]
  0x0000020618c4cad0 JavaThread "Build operations Thread 2"         [_thread_blocked, id=15524, stack(0x000000a8caa00000,0x000000a8cab00000) (1024K)]
  0x0000020618c4d7f0 JavaThread "Build operations Thread 3"         [_thread_blocked, id=15144, stack(0x000000a8cab00000,0x000000a8cac00000) (1024K)]
  0x0000020618c4c440 JavaThread "Build operations Thread 4"         [_thread_blocked, id=1780, stack(0x000000a8cac00000,0x000000a8cad00000) (1024K)]
  0x0000020618c4de80 JavaThread "Build operations Thread 5"         [_thread_blocked, id=8608, stack(0x000000a8cad00000,0x000000a8cae00000) (1024K)]
  0x0000020618c4bdb0 JavaThread "Build operations Thread 6"         [_thread_blocked, id=8904, stack(0x000000a8cae00000,0x000000a8caf00000) (1024K)]
  0x0000020618c4d160 JavaThread "Build operations Thread 7"         [_thread_blocked, id=12672, stack(0x000000a8caf00000,0x000000a8cb000000) (1024K)]
  0x0000020618c4aa00 JavaThread "Build operations Thread 8"         [_thread_blocked, id=10808, stack(0x000000a8cb000000,0x000000a8cb100000) (1024K)]
Total: 48

Other Threads:
=>0x00000206113ce310 VMThread "VM Thread"                           [id=12676, stack(0x000000a8c7c00000,0x000000a8c7d00000) (1024K)]
  0x0000020611369990 WatcherThread "VM Periodic Task Thread"        [id=9824, stack(0x000000a8c7b00000,0x000000a8c7c00000) (1024K)]
  0x0000020677497290 WorkerThread "GC Thread#0"                     [id=13972, stack(0x000000a8c7600000,0x000000a8c7700000) (1024K)]
  0x00000206167a2bb0 WorkerThread "GC Thread#1"                     [id=14740, stack(0x000000a8c8700000,0x000000a8c8800000) (1024K)]
  0x0000020616b18550 WorkerThread "GC Thread#2"                     [id=9300, stack(0x000000a8c8800000,0x000000a8c8900000) (1024K)]
  0x0000020616952820 WorkerThread "GC Thread#3"                     [id=15396, stack(0x000000a8c8900000,0x000000a8c8a00000) (1024K)]
  0x00000206164dfd10 WorkerThread "GC Thread#4"                     [id=308, stack(0x000000a8c8a00000,0x000000a8c8b00000) (1024K)]
  0x0000020618233360 WorkerThread "GC Thread#5"                     [id=7240, stack(0x000000a8c8c00000,0x000000a8c8d00000) (1024K)]
  0x0000020618233710 WorkerThread "GC Thread#6"                     [id=13944, stack(0x000000a8c8d00000,0x000000a8c8e00000) (1024K)]
  0x0000020618233ac0 WorkerThread "GC Thread#7"                     [id=12812, stack(0x000000a8c8e00000,0x000000a8c8f00000) (1024K)]
  0x00000206751bdfc0 ConcurrentGCThread "G1 Main Marker"            [id=13128, stack(0x000000a8c7700000,0x000000a8c7800000) (1024K)]
  0x00000206751be9e0 WorkerThread "G1 Conc#0"                       [id=13956, stack(0x000000a8c7800000,0x000000a8c7900000) (1024K)]
  0x000002061602b060 WorkerThread "G1 Conc#1"                       [id=4224, stack(0x000000a8c9300000,0x000000a8c9400000) (1024K)]
  0x000002061123c0d0 ConcurrentGCThread "G1 Refine#0"               [id=14868, stack(0x000000a8c7900000,0x000000a8c7a00000) (1024K)]
  0x000002061123d910 ConcurrentGCThread "G1 Service"                [id=8932, stack(0x000000a8c7a00000,0x000000a8c7b00000) (1024K)]
Total: 15

Threads with active compile tasks:
Total: 0

VM state: at safepoint (normal execution)

VM Mutex/Monitor currently owned by a thread:  ([mutex/lock_event])
[0x00007ffd978e86d0] Threads_lock - owner thread: 0x00000206113ce310
[0x00007ffd978e87d0] Heap_lock - owner thread: 0x0000020617d485c0

Heap address: 0x0000000700000000, size: 4096 MB, Compressed Oops mode: Zero based, Oop shift amount: 3

CDS archive(s) not mapped
Compressed class space mapped at: 0x0000000800000000-0x000000081a000000, reserved size: 436207616
Narrow klass base: 0x0000000800000000, Narrow klass shift: 0, Narrow klass range: 0x1a000000

GC Precious Log:
 CardTable entry size: 512
 Card Set container configuration: InlinePtr #cards 4 size 8 Array Of Cards #cards 16 size 48 Howl #buckets 8 coarsen threshold 3686 Howl Bitmap #cards 512 size 80 coarsen threshold 460 Card regions per heap region 1 cards per card region 4096
 CPUs: 8 total, 8 available
 Memory: 3895M
 Large Page Support: Disabled
 NUMA Support: Disabled
 Compressed Oops: Enabled (Zero based)
 Heap Region Size: 2M
 Heap Min Capacity: 8M
 Heap Initial Capacity: 62M
 Heap Max Capacity: 4G
 Pre-touch: Disabled
 Parallel Workers: 8
 Concurrent Workers: 2
 Concurrent Refinement Workers: 8
 Periodic GC: Disabled

Heap:
 garbage-first heap   total 450560K, used 112683K [0x0000000700000000, 0x0000000800000000)
  region size 2048K, 2 young (4096K), 2 survivors (4096K)
 Metaspace       used 69767K, committed 71424K, reserved 491520K
  class space    used 9676K, committed 10496K, reserved 425984K

Heap Regions: E=young(eden), S=young(survivor), O=old, HS=humongous(starts), HC=humongous(continues), CS=collection set, F=free, TAMS=top-at-mark-start, PB=parsable bottom
|   0|0x0000000700000000, 0x0000000700200000, 0x0000000700200000|100%|HS|  |TAMS 0x0000000700000000| PB 0x0000000700000000| Complete 
|   1|0x0000000700200000, 0x0000000700400000, 0x0000000700400000|100%|HC|  |TAMS 0x0000000700200000| PB 0x0000000700200000| Complete 
|   2|0x0000000700400000, 0x0000000700600000, 0x0000000700600000|100%| O|  |TAMS 0x0000000700400000| PB 0x0000000700400000| Untracked 
|   3|0x0000000700600000, 0x0000000700800000, 0x0000000700800000|100%| O|  |TAMS 0x0000000700600000| PB 0x0000000700600000| Untracked 
|   4|0x0000000700800000, 0x0000000700a00000, 0x0000000700a00000|100%| O|  |TAMS 0x0000000700800000| PB 0x0000000700800000| Untracked 
|   5|0x0000000700a00000, 0x0000000700c00000, 0x0000000700c00000|100%| O|  |TAMS 0x0000000700a00000| PB 0x0000000700a00000| Untracked 
|   6|0x0000000700c00000, 0x0000000700e00000, 0x0000000700e00000|100%| O|  |TAMS 0x0000000700c00000| PB 0x0000000700c00000| Untracked 
|   7|0x0000000700e00000, 0x0000000701000000, 0x0000000701000000|100%| O|  |TAMS 0x0000000700e00000| PB 0x0000000700e00000| Untracked 
|   8|0x0000000701000000, 0x0000000701200000, 0x0000000701200000|100%| O|  |TAMS 0x0000000701000000| PB 0x0000000701000000| Untracked 
|   9|0x0000000701200000, 0x0000000701400000, 0x0000000701400000|100%| O|  |TAMS 0x0000000701200000| PB 0x0000000701200000| Untracked 
|  10|0x0000000701400000, 0x0000000701600000, 0x0000000701600000|100%| O|  |TAMS 0x0000000701400000| PB 0x0000000701400000| Untracked 
|  11|0x0000000701600000, 0x0000000701800000, 0x0000000701800000|100%| O|  |TAMS 0x0000000701600000| PB 0x0000000701600000| Untracked 
|  12|0x0000000701800000, 0x0000000701a00000, 0x0000000701a00000|100%|HS|  |TAMS 0x0000000701800000| PB 0x0000000701800000| Complete 
|  13|0x0000000701a00000, 0x0000000701c00000, 0x0000000701c00000|100%|HC|  |TAMS 0x0000000701a00000| PB 0x0000000701a00000| Complete 
|  14|0x0000000701c00000, 0x0000000701e00000, 0x0000000701e00000|100%|HC|  |TAMS 0x0000000701c00000| PB 0x0000000701c00000| Complete 
|  15|0x0000000701e00000, 0x0000000702000000, 0x0000000702000000|100%|HS|  |TAMS 0x0000000701e00000| PB 0x0000000701e00000| Complete 
|  16|0x0000000702000000, 0x0000000702200000, 0x0000000702200000|100%| O|  |TAMS 0x0000000702000000| PB 0x0000000702000000| Untracked 
|  17|0x0000000702200000, 0x0000000702400000, 0x0000000702400000|100%| O|  |TAMS 0x0000000702200000| PB 0x0000000702200000| Untracked 
|  18|0x0000000702400000, 0x0000000702600000, 0x0000000702600000|100%|HS|  |TAMS 0x0000000702400000| PB 0x0000000702400000| Complete 
|  19|0x0000000702600000, 0x0000000702800000, 0x0000000702800000|100%|HC|  |TAMS 0x0000000702600000| PB 0x0000000702600000| Complete 
|  20|0x0000000702800000, 0x0000000702a00000, 0x0000000702a00000|100%|HC|  |TAMS 0x0000000702800000| PB 0x0000000702800000| Complete 
|  21|0x0000000702a00000, 0x0000000702c00000, 0x0000000702c00000|100%|HS|  |TAMS 0x0000000702a00000| PB 0x0000000702a00000| Complete 
|  22|0x0000000702c00000, 0x0000000702e00000, 0x0000000702e00000|100%| O|  |TAMS 0x0000000702c00000| PB 0x0000000702c00000| Untracked 
|  23|0x0000000702e00000, 0x0000000703000000, 0x0000000703000000|100%| O|  |TAMS 0x0000000702e00000| PB 0x0000000702e00000| Untracked 
|  24|0x0000000703000000, 0x0000000703200000, 0x0000000703200000|100%| O|  |TAMS 0x0000000703000000| PB 0x0000000703000000| Untracked 
|  25|0x0000000703200000, 0x0000000703400000, 0x0000000703400000|100%| O|  |TAMS 0x0000000703200000| PB 0x0000000703200000| Untracked 
|  26|0x0000000703400000, 0x0000000703600000, 0x0000000703600000|100%| O|  |TAMS 0x0000000703400000| PB 0x0000000703400000| Untracked 
|  27|0x0000000703600000, 0x0000000703800000, 0x0000000703800000|100%| O|  |TAMS 0x0000000703600000| PB 0x0000000703600000| Untracked 
|  28|0x0000000703800000, 0x0000000703a00000, 0x0000000703a00000|100%| O|  |TAMS 0x0000000703800000| PB 0x0000000703800000| Untracked 
|  29|0x0000000703a00000, 0x0000000703c00000, 0x0000000703c00000|100%| O|  |TAMS 0x0000000703a00000| PB 0x0000000703a00000| Untracked 
|  30|0x0000000703c00000, 0x0000000703e00000, 0x0000000703e00000|100%| O|  |TAMS 0x0000000703c00000| PB 0x0000000703c00000| Untracked 
|  31|0x0000000703e00000, 0x0000000704000000, 0x0000000704000000|100%| O|  |TAMS 0x0000000703e00000| PB 0x0000000703e00000| Untracked 
|  32|0x0000000704000000, 0x0000000704200000, 0x0000000704200000|100%| O|  |TAMS 0x0000000704000000| PB 0x0000000704000000| Untracked 
|  33|0x0000000704200000, 0x0000000704400000, 0x0000000704400000|100%|HS|  |TAMS 0x0000000704200000| PB 0x0000000704200000| Complete 
|  34|0x0000000704400000, 0x0000000704600000, 0x0000000704600000|100%| O|  |TAMS 0x0000000704400000| PB 0x0000000704400000| Untracked 
|  35|0x0000000704600000, 0x0000000704800000, 0x0000000704800000|100%| O|  |TAMS 0x0000000704600000| PB 0x0000000704600000| Untracked 
|  36|0x0000000704800000, 0x0000000704a00000, 0x0000000704a00000|100%| O|  |TAMS 0x0000000704800000| PB 0x0000000704800000| Untracked 
|  37|0x0000000704a00000, 0x0000000704c00000, 0x0000000704c00000|100%| O|  |TAMS 0x0000000704a00000| PB 0x0000000704a00000| Untracked 
|  38|0x0000000704c00000, 0x0000000704e00000, 0x0000000704e00000|100%| O|  |TAMS 0x0000000704c00000| PB 0x0000000704c00000| Untracked 
|  39|0x0000000704e00000, 0x0000000705000000, 0x0000000705000000|100%| O|  |TAMS 0x0000000704e00000| PB 0x0000000704e00000| Untracked 
|  40|0x0000000705000000, 0x0000000705200000, 0x0000000705200000|100%| O|  |TAMS 0x0000000705000000| PB 0x0000000705000000| Untracked 
|  41|0x0000000705200000, 0x0000000705400000, 0x0000000705400000|100%| O|  |TAMS 0x0000000705200000| PB 0x0000000705200000| Untracked 
|  42|0x0000000705400000, 0x0000000705600000, 0x0000000705600000|100%| O|  |TAMS 0x0000000705400000| PB 0x0000000705400000| Untracked 
|  43|0x0000000705600000, 0x0000000705800000, 0x0000000705800000|100%| O|  |TAMS 0x0000000705600000| PB 0x0000000705600000| Untracked 
|  44|0x0000000705800000, 0x0000000705a00000, 0x0000000705a00000|100%| O|  |TAMS 0x0000000705800000| PB 0x0000000705800000| Untracked 
|  45|0x0000000705a00000, 0x0000000705c00000, 0x0000000705c00000|100%| O|  |TAMS 0x0000000705a00000| PB 0x0000000705a00000| Untracked 
|  46|0x0000000705c00000, 0x0000000705e00000, 0x0000000705e00000|100%| O|  |TAMS 0x0000000705c00000| PB 0x0000000705c00000| Untracked 
|  47|0x0000000705e00000, 0x0000000706000000, 0x0000000706000000|100%| O|  |TAMS 0x0000000705e00000| PB 0x0000000705e00000| Untracked 
|  48|0x0000000706000000, 0x0000000706200000, 0x0000000706200000|100%| O|  |TAMS 0x0000000706000000| PB 0x0000000706000000| Untracked 
|  49|0x0000000706200000, 0x0000000706400000, 0x0000000706400000|100%| O|  |TAMS 0x0000000706200000| PB 0x0000000706200000| Untracked 
|  50|0x0000000706400000, 0x0000000706600000, 0x0000000706600000|100%| O|  |TAMS 0x0000000706400000| PB 0x0000000706400000| Untracked 
|  51|0x0000000706600000, 0x00000007066cd000, 0x0000000706800000| 40%| O|  |TAMS 0x0000000706600000| PB 0x0000000706600000| Untracked 
|  52|0x0000000706800000, 0x0000000706800000, 0x0000000706a00000|  0%| F|  |TAMS 0x0000000706800000| PB 0x0000000706800000| Untracked 
|  53|0x0000000706a00000, 0x0000000706a00000, 0x0000000706c00000|  0%| F|  |TAMS 0x0000000706a00000| PB 0x0000000706a00000| Untracked 
|  54|0x0000000706c00000, 0x0000000706c00000, 0x0000000706e00000|  0%| F|  |TAMS 0x0000000706c00000| PB 0x0000000706c00000| Untracked 
|  55|0x0000000706e00000, 0x0000000706e00000, 0x0000000707000000|  0%| F|  |TAMS 0x0000000706e00000| PB 0x0000000706e00000| Untracked 
|  56|0x0000000707000000, 0x0000000707000000, 0x0000000707200000|  0%| F|  |TAMS 0x0000000707000000| PB 0x0000000707000000| Untracked 
|  57|0x0000000707200000, 0x0000000707200000, 0x0000000707400000|  0%| F|  |TAMS 0x0000000707200000| PB 0x0000000707200000| Untracked 
|  58|0x0000000707400000, 0x0000000707400000, 0x0000000707600000|  0%| F|  |TAMS 0x0000000707400000| PB 0x0000000707400000| Untracked 
|  59|0x0000000707600000, 0x0000000707600000, 0x0000000707800000|  0%| F|  |TAMS 0x0000000707600000| PB 0x0000000707600000| Untracked 
|  60|0x0000000707800000, 0x0000000707800000, 0x0000000707a00000|  0%| F|  |TAMS 0x0000000707800000| PB 0x0000000707800000| Untracked 
|  61|0x0000000707a00000, 0x0000000707a00000, 0x0000000707c00000|  0%| F|  |TAMS 0x0000000707a00000| PB 0x0000000707a00000| Untracked 
|  62|0x0000000707c00000, 0x0000000707c00000, 0x0000000707e00000|  0%| F|  |TAMS 0x0000000707c00000| PB 0x0000000707c00000| Untracked 
|  63|0x0000000707e00000, 0x0000000707e00000, 0x0000000708000000|  0%| F|  |TAMS 0x0000000707e00000| PB 0x0000000707e00000| Untracked 
|  64|0x0000000708000000, 0x0000000708000000, 0x0000000708200000|  0%| F|  |TAMS 0x0000000708000000| PB 0x0000000708000000| Untracked 
|  65|0x0000000708200000, 0x0000000708200000, 0x0000000708400000|  0%| F|  |TAMS 0x0000000708200000| PB 0x0000000708200000| Untracked 
|  66|0x0000000708400000, 0x0000000708400000, 0x0000000708600000|  0%| F|  |TAMS 0x0000000708400000| PB 0x0000000708400000| Untracked 
|  67|0x0000000708600000, 0x0000000708600000, 0x0000000708800000|  0%| F|  |TAMS 0x0000000708600000| PB 0x0000000708600000| Untracked 
|  68|0x0000000708800000, 0x0000000708800000, 0x0000000708a00000|  0%| F|  |TAMS 0x0000000708800000| PB 0x0000000708800000| Untracked 
|  69|0x0000000708a00000, 0x0000000708a00000, 0x0000000708c00000|  0%| F|  |TAMS 0x0000000708a00000| PB 0x0000000708a00000| Untracked 
|  70|0x0000000708c00000, 0x0000000708c00000, 0x0000000708e00000|  0%| F|  |TAMS 0x0000000708c00000| PB 0x0000000708c00000| Untracked 
|  71|0x0000000708e00000, 0x0000000708e00000, 0x0000000709000000|  0%| F|  |TAMS 0x0000000708e00000| PB 0x0000000708e00000| Untracked 
|  72|0x0000000709000000, 0x0000000709000000, 0x0000000709200000|  0%| F|  |TAMS 0x0000000709000000| PB 0x0000000709000000| Untracked 
|  73|0x0000000709200000, 0x0000000709200000, 0x0000000709400000|  0%| F|  |TAMS 0x0000000709200000| PB 0x0000000709200000| Untracked 
|  74|0x0000000709400000, 0x0000000709400000, 0x0000000709600000|  0%| F|  |TAMS 0x0000000709400000| PB 0x0000000709400000| Untracked 
|  75|0x0000000709600000, 0x0000000709600000, 0x0000000709800000|  0%| F|  |TAMS 0x0000000709600000| PB 0x0000000709600000| Untracked 
|  76|0x0000000709800000, 0x0000000709800000, 0x0000000709a00000|  0%| F|  |TAMS 0x0000000709800000| PB 0x0000000709800000| Untracked 
|  77|0x0000000709a00000, 0x0000000709a00000, 0x0000000709c00000|  0%| F|  |TAMS 0x0000000709a00000| PB 0x0000000709a00000| Untracked 
|  78|0x0000000709c00000, 0x0000000709c00000, 0x0000000709e00000|  0%| F|  |TAMS 0x0000000709c00000| PB 0x0000000709c00000| Untracked 
|  79|0x0000000709e00000, 0x0000000709e00000, 0x000000070a000000|  0%| F|  |TAMS 0x0000000709e00000| PB 0x0000000709e00000| Untracked 
|  80|0x000000070a000000, 0x000000070a000000, 0x000000070a200000|  0%| F|  |TAMS 0x000000070a000000| PB 0x000000070a000000| Untracked 
|  81|0x000000070a200000, 0x000000070a200000, 0x000000070a400000|  0%| F|  |TAMS 0x000000070a200000| PB 0x000000070a200000| Untracked 
|  82|0x000000070a400000, 0x000000070a400000, 0x000000070a600000|  0%| F|  |TAMS 0x000000070a400000| PB 0x000000070a400000| Untracked 
|  83|0x000000070a600000, 0x000000070a600000, 0x000000070a800000|  0%| F|  |TAMS 0x000000070a600000| PB 0x000000070a600000| Untracked 
|  84|0x000000070a800000, 0x000000070a93dca0, 0x000000070aa00000| 62%| S|CS|TAMS 0x000000070a800000| PB 0x000000070a800000| Complete 
|  85|0x000000070aa00000, 0x000000070ac00000, 0x000000070ac00000|100%| S|CS|TAMS 0x000000070aa00000| PB 0x000000070aa00000| Complete 
|  86|0x000000070ac00000, 0x000000070ac00000, 0x000000070ae00000|  0%| F|  |TAMS 0x000000070ac00000| PB 0x000000070ac00000| Untracked 
|  87|0x000000070ae00000, 0x000000070ae00000, 0x000000070b000000|  0%| F|  |TAMS 0x000000070ae00000| PB 0x000000070ae00000| Untracked 
|  88|0x000000070b000000, 0x000000070b000000, 0x000000070b200000|  0%| F|  |TAMS 0x000000070b000000| PB 0x000000070b000000| Untracked 
|  89|0x000000070b200000, 0x000000070b200000, 0x000000070b400000|  0%| F|  |TAMS 0x000000070b200000| PB 0x000000070b200000| Untracked 
|  90|0x000000070b400000, 0x000000070b400000, 0x000000070b600000|  0%| F|  |TAMS 0x000000070b400000| PB 0x000000070b400000| Untracked 
|  91|0x000000070b600000, 0x000000070b600000, 0x000000070b800000|  0%| F|  |TAMS 0x000000070b600000| PB 0x000000070b600000| Untracked 
|  92|0x000000070b800000, 0x000000070b800000, 0x000000070ba00000|  0%| F|  |TAMS 0x000000070b800000| PB 0x000000070b800000| Untracked 
|  93|0x000000070ba00000, 0x000000070ba00000, 0x000000070bc00000|  0%| F|  |TAMS 0x000000070ba00000| PB 0x000000070ba00000| Untracked 
|  94|0x000000070bc00000, 0x000000070bc00000, 0x000000070be00000|  0%| F|  |TAMS 0x000000070bc00000| PB 0x000000070bc00000| Untracked 
|  95|0x000000070be00000, 0x000000070be00000, 0x000000070c000000|  0%| F|  |TAMS 0x000000070be00000| PB 0x000000070be00000| Untracked 
|  96|0x000000070c000000, 0x000000070c000000, 0x000000070c200000|  0%| F|  |TAMS 0x000000070c000000| PB 0x000000070c000000| Untracked 
|  97|0x000000070c200000, 0x000000070c200000, 0x000000070c400000|  0%| F|  |TAMS 0x000000070c200000| PB 0x000000070c200000| Untracked 
|  98|0x000000070c400000, 0x000000070c400000, 0x000000070c600000|  0%| F|  |TAMS 0x000000070c400000| PB 0x000000070c400000| Untracked 
|  99|0x000000070c600000, 0x000000070c600000, 0x000000070c800000|  0%| F|  |TAMS 0x000000070c600000| PB 0x000000070c600000| Untracked 
| 100|0x000000070c800000, 0x000000070c800000, 0x000000070ca00000|  0%| F|  |TAMS 0x000000070c800000| PB 0x000000070c800000| Untracked 
| 101|0x000000070ca00000, 0x000000070ca00000, 0x000000070cc00000|  0%| F|  |TAMS 0x000000070ca00000| PB 0x000000070ca00000| Untracked 
| 102|0x000000070cc00000, 0x000000070cc00000, 0x000000070ce00000|  0%| F|  |TAMS 0x000000070cc00000| PB 0x000000070cc00000| Untracked 
| 103|0x000000070ce00000, 0x000000070ce00000, 0x000000070d000000|  0%| F|  |TAMS 0x000000070ce00000| PB 0x000000070ce00000| Untracked 
| 104|0x000000070d000000, 0x000000070d000000, 0x000000070d200000|  0%| F|  |TAMS 0x000000070d000000| PB 0x000000070d000000| Untracked 
| 105|0x000000070d200000, 0x000000070d200000, 0x000000070d400000|  0%| F|  |TAMS 0x000000070d200000| PB 0x000000070d200000| Untracked 
| 106|0x000000070d400000, 0x000000070d400000, 0x000000070d600000|  0%| F|  |TAMS 0x000000070d400000| PB 0x000000070d400000| Untracked 
| 107|0x000000070d600000, 0x000000070d600000, 0x000000070d800000|  0%| F|  |TAMS 0x000000070d600000| PB 0x000000070d600000| Untracked 
| 108|0x000000070d800000, 0x000000070d800000, 0x000000070da00000|  0%| F|  |TAMS 0x000000070d800000| PB 0x000000070d800000| Untracked 
| 109|0x000000070da00000, 0x000000070da00000, 0x000000070dc00000|  0%| F|  |TAMS 0x000000070da00000| PB 0x000000070da00000| Untracked 
| 110|0x000000070dc00000, 0x000000070dc00000, 0x000000070de00000|  0%| F|  |TAMS 0x000000070dc00000| PB 0x000000070dc00000| Untracked 
| 111|0x000000070de00000, 0x000000070de00000, 0x000000070e000000|  0%| F|  |TAMS 0x000000070de00000| PB 0x000000070de00000| Untracked 
| 112|0x000000070e000000, 0x000000070e000000, 0x000000070e200000|  0%| F|  |TAMS 0x000000070e000000| PB 0x000000070e000000| Untracked 
| 113|0x000000070e200000, 0x000000070e200000, 0x000000070e400000|  0%| F|  |TAMS 0x000000070e200000| PB 0x000000070e200000| Untracked 
| 114|0x000000070e400000, 0x000000070e400000, 0x000000070e600000|  0%| F|  |TAMS 0x000000070e400000| PB 0x000000070e400000| Untracked 
| 115|0x000000070e600000, 0x000000070e600000, 0x000000070e800000|  0%| F|  |TAMS 0x000000070e600000| PB 0x000000070e600000| Untracked 
| 116|0x000000070e800000, 0x000000070e800000, 0x000000070ea00000|  0%| F|  |TAMS 0x000000070e800000| PB 0x000000070e800000| Untracked 
| 117|0x000000070ea00000, 0x000000070ea00000, 0x000000070ec00000|  0%| F|  |TAMS 0x000000070ea00000| PB 0x000000070ea00000| Untracked 
| 118|0x000000070ec00000, 0x000000070ec00000, 0x000000070ee00000|  0%| F|  |TAMS 0x000000070ec00000| PB 0x000000070ec00000| Untracked 
| 119|0x000000070ee00000, 0x000000070ee00000, 0x000000070f000000|  0%| F|  |TAMS 0x000000070ee00000| PB 0x000000070ee00000| Untracked 
| 120|0x000000070f000000, 0x000000070f000000, 0x000000070f200000|  0%| F|  |TAMS 0x000000070f000000| PB 0x000000070f000000| Untracked 
| 121|0x000000070f200000, 0x000000070f200000, 0x000000070f400000|  0%| F|  |TAMS 0x000000070f200000| PB 0x000000070f200000| Untracked 
| 122|0x000000070f400000, 0x000000070f400000, 0x000000070f600000|  0%| F|  |TAMS 0x000000070f400000| PB 0x000000070f400000| Untracked 
| 123|0x000000070f600000, 0x000000070f600000, 0x000000070f800000|  0%| F|  |TAMS 0x000000070f600000| PB 0x000000070f600000| Untracked 
| 124|0x000000070f800000, 0x000000070f800000, 0x000000070fa00000|  0%| F|  |TAMS 0x000000070f800000| PB 0x000000070f800000| Untracked 
| 125|0x000000070fa00000, 0x000000070fa00000, 0x000000070fc00000|  0%| F|  |TAMS 0x000000070fa00000| PB 0x000000070fa00000| Untracked 
| 126|0x000000070fc00000, 0x000000070fc00000, 0x000000070fe00000|  0%| F|  |TAMS 0x000000070fc00000| PB 0x000000070fc00000| Untracked 
| 127|0x000000070fe00000, 0x000000070fe00000, 0x0000000710000000|  0%| F|  |TAMS 0x000000070fe00000| PB 0x000000070fe00000| Untracked 
| 128|0x0000000710000000, 0x0000000710000000, 0x0000000710200000|  0%| F|  |TAMS 0x0000000710000000| PB 0x0000000710000000| Untracked 
| 129|0x0000000710200000, 0x0000000710200000, 0x0000000710400000|  0%| F|  |TAMS 0x0000000710200000| PB 0x0000000710200000| Untracked 
| 130|0x0000000710400000, 0x0000000710400000, 0x0000000710600000|  0%| F|  |TAMS 0x0000000710400000| PB 0x0000000710400000| Untracked 
| 131|0x0000000710600000, 0x0000000710600000, 0x0000000710800000|  0%| F|  |TAMS 0x0000000710600000| PB 0x0000000710600000| Untracked 
| 132|0x0000000710800000, 0x0000000710800000, 0x0000000710a00000|  0%| F|  |TAMS 0x0000000710800000| PB 0x0000000710800000| Untracked 
| 133|0x0000000710a00000, 0x0000000710a00000, 0x0000000710c00000|  0%| F|  |TAMS 0x0000000710a00000| PB 0x0000000710a00000| Untracked 
| 134|0x0000000710c00000, 0x0000000710c00000, 0x0000000710e00000|  0%| F|  |TAMS 0x0000000710c00000| PB 0x0000000710c00000| Untracked 
| 135|0x0000000710e00000, 0x0000000710e00000, 0x0000000711000000|  0%| F|  |TAMS 0x0000000710e00000| PB 0x0000000710e00000| Untracked 
| 136|0x0000000711000000, 0x0000000711000000, 0x0000000711200000|  0%| F|  |TAMS 0x0000000711000000| PB 0x0000000711000000| Untracked 
| 137|0x0000000711200000, 0x0000000711200000, 0x0000000711400000|  0%| F|  |TAMS 0x0000000711200000| PB 0x0000000711200000| Untracked 
| 138|0x0000000711400000, 0x0000000711400000, 0x0000000711600000|  0%| F|  |TAMS 0x0000000711400000| PB 0x0000000711400000| Untracked 
| 139|0x0000000711600000, 0x0000000711600000, 0x0000000711800000|  0%| F|  |TAMS 0x0000000711600000| PB 0x0000000711600000| Untracked 
| 140|0x0000000711800000, 0x0000000711800000, 0x0000000711a00000|  0%| F|  |TAMS 0x0000000711800000| PB 0x0000000711800000| Untracked 
| 141|0x0000000711a00000, 0x0000000711a00000, 0x0000000711c00000|  0%| F|  |TAMS 0x0000000711a00000| PB 0x0000000711a00000| Untracked 
| 142|0x0000000711c00000, 0x0000000711c00000, 0x0000000711e00000|  0%| F|  |TAMS 0x0000000711c00000| PB 0x0000000711c00000| Untracked 
| 143|0x0000000711e00000, 0x0000000711e00000, 0x0000000712000000|  0%| F|  |TAMS 0x0000000711e00000| PB 0x0000000711e00000| Untracked 
| 144|0x0000000712000000, 0x0000000712000000, 0x0000000712200000|  0%| F|  |TAMS 0x0000000712000000| PB 0x0000000712000000| Untracked 
| 145|0x0000000712200000, 0x0000000712200000, 0x0000000712400000|  0%| F|  |TAMS 0x0000000712200000| PB 0x0000000712200000| Untracked 
| 146|0x0000000712400000, 0x0000000712400000, 0x0000000712600000|  0%| F|  |TAMS 0x0000000712400000| PB 0x0000000712400000| Untracked 
| 147|0x0000000712600000, 0x0000000712600000, 0x0000000712800000|  0%| F|  |TAMS 0x0000000712600000| PB 0x0000000712600000| Untracked 
| 148|0x0000000712800000, 0x0000000712800000, 0x0000000712a00000|  0%| F|  |TAMS 0x0000000712800000| PB 0x0000000712800000| Untracked 
| 149|0x0000000712a00000, 0x0000000712a00000, 0x0000000712c00000|  0%| F|  |TAMS 0x0000000712a00000| PB 0x0000000712a00000| Untracked 
| 150|0x0000000712c00000, 0x0000000712c00000, 0x0000000712e00000|  0%| F|  |TAMS 0x0000000712c00000| PB 0x0000000712c00000| Untracked 
| 151|0x0000000712e00000, 0x0000000712e00000, 0x0000000713000000|  0%| F|  |TAMS 0x0000000712e00000| PB 0x0000000712e00000| Untracked 
| 152|0x0000000713000000, 0x0000000713000000, 0x0000000713200000|  0%| F|  |TAMS 0x0000000713000000| PB 0x0000000713000000| Untracked 
| 153|0x0000000713200000, 0x0000000713200000, 0x0000000713400000|  0%| F|  |TAMS 0x0000000713200000| PB 0x0000000713200000| Untracked 
| 154|0x0000000713400000, 0x0000000713400000, 0x0000000713600000|  0%| F|  |TAMS 0x0000000713400000| PB 0x0000000713400000| Untracked 
| 155|0x0000000713600000, 0x0000000713600000, 0x0000000713800000|  0%| F|  |TAMS 0x0000000713600000| PB 0x0000000713600000| Untracked 
| 156|0x0000000713800000, 0x0000000713800000, 0x0000000713a00000|  0%| F|  |TAMS 0x0000000713800000| PB 0x0000000713800000| Untracked 
| 157|0x0000000713a00000, 0x0000000713a00000, 0x0000000713c00000|  0%| F|  |TAMS 0x0000000713a00000| PB 0x0000000713a00000| Untracked 
| 158|0x0000000713c00000, 0x0000000713c00000, 0x0000000713e00000|  0%| F|  |TAMS 0x0000000713c00000| PB 0x0000000713c00000| Untracked 
| 159|0x0000000713e00000, 0x0000000713e00000, 0x0000000714000000|  0%| F|  |TAMS 0x0000000713e00000| PB 0x0000000713e00000| Untracked 
| 160|0x0000000714000000, 0x0000000714000000, 0x0000000714200000|  0%| F|  |TAMS 0x0000000714000000| PB 0x0000000714000000| Untracked 
| 161|0x0000000714200000, 0x0000000714200000, 0x0000000714400000|  0%| F|  |TAMS 0x0000000714200000| PB 0x0000000714200000| Untracked 
| 162|0x0000000714400000, 0x0000000714400000, 0x0000000714600000|  0%| F|  |TAMS 0x0000000714400000| PB 0x0000000714400000| Untracked 
| 163|0x0000000714600000, 0x0000000714600000, 0x0000000714800000|  0%| F|  |TAMS 0x0000000714600000| PB 0x0000000714600000| Untracked 
| 164|0x0000000714800000, 0x0000000714800000, 0x0000000714a00000|  0%| F|  |TAMS 0x0000000714800000| PB 0x0000000714800000| Untracked 
| 165|0x0000000714a00000, 0x0000000714a00000, 0x0000000714c00000|  0%| F|  |TAMS 0x0000000714a00000| PB 0x0000000714a00000| Untracked 
| 166|0x0000000714c00000, 0x0000000714c00000, 0x0000000714e00000|  0%| F|  |TAMS 0x0000000714c00000| PB 0x0000000714c00000| Untracked 
| 167|0x0000000714e00000, 0x0000000714e00000, 0x0000000715000000|  0%| F|  |TAMS 0x0000000714e00000| PB 0x0000000714e00000| Untracked 
| 168|0x0000000715000000, 0x0000000715000000, 0x0000000715200000|  0%| F|  |TAMS 0x0000000715000000| PB 0x0000000715000000| Untracked 
| 169|0x0000000715200000, 0x0000000715200000, 0x0000000715400000|  0%| F|  |TAMS 0x0000000715200000| PB 0x0000000715200000| Untracked 
| 170|0x0000000715400000, 0x0000000715400000, 0x0000000715600000|  0%| F|  |TAMS 0x0000000715400000| PB 0x0000000715400000| Untracked 
| 171|0x0000000715600000, 0x0000000715600000, 0x0000000715800000|  0%| F|  |TAMS 0x0000000715600000| PB 0x0000000715600000| Untracked 
| 172|0x0000000715800000, 0x0000000715800000, 0x0000000715a00000|  0%| F|  |TAMS 0x0000000715800000| PB 0x0000000715800000| Untracked 
| 173|0x0000000715a00000, 0x0000000715a00000, 0x0000000715c00000|  0%| F|  |TAMS 0x0000000715a00000| PB 0x0000000715a00000| Untracked 
| 174|0x0000000715c00000, 0x0000000715c00000, 0x0000000715e00000|  0%| F|  |TAMS 0x0000000715c00000| PB 0x0000000715c00000| Untracked 
| 175|0x0000000715e00000, 0x0000000715e00000, 0x0000000716000000|  0%| F|  |TAMS 0x0000000715e00000| PB 0x0000000715e00000| Untracked 
| 176|0x0000000716000000, 0x0000000716000000, 0x0000000716200000|  0%| F|  |TAMS 0x0000000716000000| PB 0x0000000716000000| Untracked 
| 177|0x0000000716200000, 0x0000000716200000, 0x0000000716400000|  0%| F|  |TAMS 0x0000000716200000| PB 0x0000000716200000| Untracked 
| 178|0x0000000716400000, 0x0000000716400000, 0x0000000716600000|  0%| F|  |TAMS 0x0000000716400000| PB 0x0000000716400000| Untracked 
| 179|0x0000000716600000, 0x0000000716600000, 0x0000000716800000|  0%| F|  |TAMS 0x0000000716600000| PB 0x0000000716600000| Untracked 
| 180|0x0000000716800000, 0x0000000716800000, 0x0000000716a00000|  0%| F|  |TAMS 0x0000000716800000| PB 0x0000000716800000| Untracked 
| 181|0x0000000716a00000, 0x0000000716a00000, 0x0000000716c00000|  0%| F|  |TAMS 0x0000000716a00000| PB 0x0000000716a00000| Untracked 
| 182|0x0000000716c00000, 0x0000000716c00000, 0x0000000716e00000|  0%| F|  |TAMS 0x0000000716c00000| PB 0x0000000716c00000| Untracked 
| 183|0x0000000716e00000, 0x0000000716e00000, 0x0000000717000000|  0%| F|  |TAMS 0x0000000716e00000| PB 0x0000000716e00000| Untracked 
| 184|0x0000000717000000, 0x0000000717000000, 0x0000000717200000|  0%| F|  |TAMS 0x0000000717000000| PB 0x0000000717000000| Untracked 
| 185|0x0000000717200000, 0x0000000717200000, 0x0000000717400000|  0%| F|  |TAMS 0x0000000717200000| PB 0x0000000717200000| Untracked 
| 186|0x0000000717400000, 0x0000000717400000, 0x0000000717600000|  0%| F|  |TAMS 0x0000000717400000| PB 0x0000000717400000| Untracked 
| 187|0x0000000717600000, 0x0000000717600000, 0x0000000717800000|  0%| F|  |TAMS 0x0000000717600000| PB 0x0000000717600000| Untracked 
| 188|0x0000000717800000, 0x0000000717800000, 0x0000000717a00000|  0%| F|  |TAMS 0x0000000717800000| PB 0x0000000717800000| Untracked 
| 189|0x0000000717a00000, 0x0000000717a00000, 0x0000000717c00000|  0%| F|  |TAMS 0x0000000717a00000| PB 0x0000000717a00000| Untracked 
| 190|0x0000000717c00000, 0x0000000717c00000, 0x0000000717e00000|  0%| F|  |TAMS 0x0000000717c00000| PB 0x0000000717c00000| Untracked 
| 191|0x0000000717e00000, 0x0000000717e00000, 0x0000000718000000|  0%| F|  |TAMS 0x0000000717e00000| PB 0x0000000717e00000| Untracked 
| 192|0x0000000718000000, 0x0000000718000000, 0x0000000718200000|  0%| F|  |TAMS 0x0000000718000000| PB 0x0000000718000000| Untracked 
| 193|0x0000000718200000, 0x0000000718200000, 0x0000000718400000|  0%| F|  |TAMS 0x0000000718200000| PB 0x0000000718200000| Untracked 
| 194|0x0000000718400000, 0x0000000718400000, 0x0000000718600000|  0%| F|  |TAMS 0x0000000718400000| PB 0x0000000718400000| Untracked 
| 195|0x0000000718600000, 0x0000000718600000, 0x0000000718800000|  0%| F|  |TAMS 0x0000000718600000| PB 0x0000000718600000| Untracked 
| 196|0x0000000718800000, 0x0000000718800000, 0x0000000718a00000|  0%| F|  |TAMS 0x0000000718800000| PB 0x0000000718800000| Untracked 
| 197|0x0000000718a00000, 0x0000000718a00000, 0x0000000718c00000|  0%| F|  |TAMS 0x0000000718a00000| PB 0x0000000718a00000| Untracked 
| 198|0x0000000718c00000, 0x0000000718c00000, 0x0000000718e00000|  0%| F|  |TAMS 0x0000000718c00000| PB 0x0000000718c00000| Untracked 
| 199|0x0000000718e00000, 0x0000000718e00000, 0x0000000719000000|  0%| F|  |TAMS 0x0000000718e00000| PB 0x0000000718e00000| Untracked 
| 200|0x0000000719000000, 0x0000000719000000, 0x0000000719200000|  0%| F|  |TAMS 0x0000000719000000| PB 0x0000000719000000| Untracked 
| 201|0x0000000719200000, 0x0000000719200000, 0x0000000719400000|  0%| F|  |TAMS 0x0000000719200000| PB 0x0000000719200000| Untracked 
| 202|0x0000000719400000, 0x0000000719400000, 0x0000000719600000|  0%| F|  |TAMS 0x0000000719400000| PB 0x0000000719400000| Untracked 
| 203|0x0000000719600000, 0x0000000719600000, 0x0000000719800000|  0%| F|  |TAMS 0x0000000719600000| PB 0x0000000719600000| Untracked 
| 204|0x0000000719800000, 0x0000000719800000, 0x0000000719a00000|  0%| F|  |TAMS 0x0000000719800000| PB 0x0000000719800000| Untracked 
| 205|0x0000000719a00000, 0x0000000719a00000, 0x0000000719c00000|  0%| F|  |TAMS 0x0000000719a00000| PB 0x0000000719a00000| Untracked 
| 206|0x0000000719c00000, 0x0000000719c00000, 0x0000000719e00000|  0%| F|  |TAMS 0x0000000719c00000| PB 0x0000000719c00000| Untracked 
| 207|0x0000000719e00000, 0x0000000719e00000, 0x000000071a000000|  0%| F|  |TAMS 0x0000000719e00000| PB 0x0000000719e00000| Untracked 
| 208|0x000000071a000000, 0x000000071a000000, 0x000000071a200000|  0%| F|  |TAMS 0x000000071a000000| PB 0x000000071a000000| Untracked 
| 209|0x000000071a200000, 0x000000071a200000, 0x000000071a400000|  0%| F|  |TAMS 0x000000071a200000| PB 0x000000071a200000| Untracked 
| 210|0x000000071a400000, 0x000000071a400000, 0x000000071a600000|  0%| F|  |TAMS 0x000000071a400000| PB 0x000000071a400000| Untracked 
| 211|0x000000071a600000, 0x000000071a600000, 0x000000071a800000|  0%| F|  |TAMS 0x000000071a600000| PB 0x000000071a600000| Untracked 
| 212|0x000000071a800000, 0x000000071a800000, 0x000000071aa00000|  0%| F|  |TAMS 0x000000071a800000| PB 0x000000071a800000| Untracked 
| 213|0x000000071aa00000, 0x000000071aa00000, 0x000000071ac00000|  0%| F|  |TAMS 0x000000071aa00000| PB 0x000000071aa00000| Untracked 
| 214|0x000000071ac00000, 0x000000071ac00000, 0x000000071ae00000|  0%| F|  |TAMS 0x000000071ac00000| PB 0x000000071ac00000| Untracked 
| 215|0x000000071ae00000, 0x000000071ae00000, 0x000000071b000000|  0%| F|  |TAMS 0x000000071ae00000| PB 0x000000071ae00000| Untracked 
|2044|0x00000007ff800000, 0x00000007ff800000, 0x00000007ffa00000|  0%| F|  |TAMS 0x00000007ff800000| PB 0x00000007ff800000| Untracked 
|2045|0x00000007ffa00000, 0x00000007ffc00000, 0x00000007ffc00000|100%| O|  |TAMS 0x00000007ffa00000| PB 0x00000007ffa00000| Untracked 
|2046|0x00000007ffc00000, 0x00000007ffc00000, 0x00000007ffe00000|  0%| F|  |TAMS 0x00000007ffc00000| PB 0x00000007ffc00000| Untracked 
|2047|0x00000007ffe00000, 0x0000000800000000, 0x0000000800000000|100%| O|  |TAMS 0x00000007ffe00000| PB 0x00000007ffe00000| Untracked 

Card table byte_map: [0x000002067b0b0000,0x000002067b8b0000] _byte_map_base: 0x00000206778b0000

Marking Bits: (CMBitMap*) 0x00000206774978b0
 Bits: [0x000002067b8b0000, 0x000002067f8b0000)

Polling page: 0x00000206752e0000

Metaspace:

Usage:
  Non-class:     58.68 MB used.
      Class:      9.45 MB used.
       Both:     68.13 MB used.

Virtual space:
  Non-class space:       64.00 MB reserved,      59.50 MB ( 93%) committed,  1 nodes.
      Class space:      416.00 MB reserved,      10.25 MB (  2%) committed,  1 nodes.
             Both:      480.00 MB reserved,      69.75 MB ( 15%) committed. 

Chunk freelists:
   Non-Class:  4.27 MB
       Class:  5.61 MB
        Both:  9.88 MB

MaxMetaspaceSize: 512.00 MB
CompressedClassSpaceSize: 416.00 MB
Initial GC threshold: 21.00 MB
Current GC threshold: 116.25 MB
CDS: off
 - commit_granule_bytes: 65536.
 - commit_granule_words: 8192.
 - virtual_space_node_default_size: 8388608.
 - enlarge_chunks_in_place: 1.
 - use_allocation_guard: 0.


Internal statistics:

num_allocs_failed_limit: 6.
num_arena_births: 3184.
num_arena_deaths: 10.
num_vsnodes_births: 2.
num_vsnodes_deaths: 0.
num_space_committed: 1116.
num_space_uncommitted: 0.
num_chunks_returned_to_freelist: 26.
num_chunks_taken_from_freelist: 6055.
num_chunk_merges: 3.
num_chunk_splits: 3934.
num_chunks_enlarged: 2441.
num_inconsistent_stats: 0.

CodeHeap 'non-profiled nmethods': size=120000Kb used=6403Kb max_used=6403Kb free=113596Kb
 bounds [0x0000020607ad0000, 0x0000020608120000, 0x000002060f000000]
CodeHeap 'profiled nmethods': size=120000Kb used=14348Kb max_used=14695Kb free=105651Kb
 bounds [0x0000020600000000, 0x0000020600e70000, 0x0000020607530000]
CodeHeap 'non-nmethods': size=5760Kb used=2073Kb max_used=2181Kb free=3686Kb
 bounds [0x0000020607530000, 0x00000206077a0000, 0x0000020607ad0000]
CodeCache: size=245760Kb, used=22824Kb, max_used=23279Kb, free=222933Kb
 total_blobs=9027, nmethods=8253, adapters=678, full_count=0
Compilation: enabled, stopped_count=0, restarted_count=0

Compilation events (20 events):
Event: 419.302 Thread 0x00000206115ca0d0 nmethod 10943 0x0000020600db9e90 code [0x0000020600dba040, 0x0000020600dba218]
Event: 419.396 Thread 0x00000206115c9630 nmethod 10939 0x000002060810b490 code [0x000002060810b7e0, 0x000002060810c838]
Event: 419.396 Thread 0x00000206115c9630 10940       4       org.gradle.api.internal.runtimeshaded.ImplementationDependencyRelocator::maybeRelocateResource (33 bytes)
Event: 419.630 Thread 0x00000206115c9630 nmethod 10940 0x000002060810d410 code [0x000002060810d600, 0x000002060810dda8]
Event: 419.772 Thread 0x00000206115ca0d0 10944       3       org.gradle.internal.classpath.ClasspathWalker::visit (51 bytes)
Event: 419.842 Thread 0x00000206115c9630 10945       4       org.objectweb.asm.commons.ClassRemapper::visitAnnotation (29 bytes)
Event: 419.850 Thread 0x00000206115ca0d0 nmethod 10944 0x0000020600db9390 code [0x0000020600db95c0, 0x0000020600db9b50]
Event: 419.937 Thread 0x00000206115c9630 nmethod 10945 0x000002060810e210 code [0x000002060810e3e0, 0x000002060810e928]
Event: 420.312 Thread 0x00000206115ca0d0 10946       3       org.objectweb.asm.Type::getType (10 bytes)
Event: 420.316 Thread 0x00000206115ca0d0 nmethod 10946 0x0000020600db8e10 code [0x0000020600db8fe0, 0x0000020600db9218]
Event: 421.573 Thread 0x00000206115c9630 10947       4       java.lang.ref.Cleaner::register (25 bytes)
Event: 421.652 Thread 0x00000206115c9630 nmethod 10947 0x000002060810ed10 code [0x000002060810eec0, 0x000002060810f128]
Event: 422.177 Thread 0x00000206115c9630 10948       4       org.objectweb.asm.Type::getType (10 bytes)
Event: 422.222 Thread 0x00000206115c9630 nmethod 10948 0x000002060810f290 code [0x000002060810f460, 0x000002060810f7e8]
Event: 423.214 Thread 0x00000206115ca0d0 10949       3       java.lang.String::replaceAll (13 bytes)
Event: 423.221 Thread 0x00000206115ca0d0 nmethod 10949 0x0000020600e50c90 code [0x0000020600e50e60, 0x0000020600e510f8]
Event: 423.958 Thread 0x00000206115c9630 10950       4       org.objectweb.asm.MethodWriter::visitTableSwitchInsn (120 bytes)
Event: 424.116 Thread 0x00000206115c9630 nmethod 10950 0x000002060810fa10 code [0x000002060810fc60, 0x0000020608110488]
Event: 425.574 Thread 0x00000206115c9630 10951       4       org.objectweb.asm.MethodWriter::putAbstractTypes (31 bytes)
Event: 425.596 Thread 0x00000206115c9630 nmethod 10951 0x0000020608110b90 code [0x0000020608110d20, 0x0000020608110e58]

GC Heap History (20 events):
Event: 361.216 GC heap after
{Heap after GC invocations=92 (full 0):
 garbage-first heap   total 311296K, used 101646K [0x0000000700000000, 0x0000000800000000)
  region size 2048K, 7 young (14336K), 7 survivors (14336K)
 Metaspace       used 69740K, committed 71424K, reserved 491520K
  class space    used 9676K, committed 10496K, reserved 425984K
}
Event: 365.563 GC heap before
{Heap before GC invocations=92 (full 0):
 garbage-first heap   total 311296K, used 273678K [0x0000000700000000, 0x0000000800000000)
  region size 2048K, 91 young (186368K), 7 survivors (14336K)
 Metaspace       used 69740K, committed 71424K, reserved 491520K
  class space    used 9676K, committed 10496K, reserved 425984K
}
Event: 365.638 GC heap after
{Heap after GC invocations=93 (full 0):
 garbage-first heap   total 311296K, used 102067K [0x0000000700000000, 0x0000000800000000)
  region size 2048K, 6 young (12288K), 6 survivors (12288K)
 Metaspace       used 69740K, committed 71424K, reserved 491520K
  class space    used 9676K, committed 10496K, reserved 425984K
}
Event: 370.344 GC heap before
{Heap before GC invocations=93 (full 0):
 garbage-first heap   total 311296K, used 276147K [0x0000000700000000, 0x0000000800000000)
  region size 2048K, 91 young (186368K), 6 survivors (12288K)
 Metaspace       used 69747K, committed 71424K, reserved 491520K
  class space    used 9676K, committed 10496K, reserved 425984K
}
Event: 370.487 GC heap after
{Heap after GC invocations=94 (full 0):
 garbage-first heap   total 374784K, used 103312K [0x0000000700000000, 0x0000000800000000)
  region size 2048K, 7 young (14336K), 7 survivors (14336K)
 Metaspace       used 69747K, committed 71424K, reserved 491520K
  class space    used 9676K, committed 10496K, reserved 425984K
}
Event: 377.224 GC heap before
{Heap before GC invocations=94 (full 0):
 garbage-first heap   total 374784K, used 312208K [0x0000000700000000, 0x0000000800000000)
  region size 2048K, 109 young (223232K), 7 survivors (14336K)
 Metaspace       used 69751K, committed 71424K, reserved 491520K
  class space    used 9676K, committed 10496K, reserved 425984K
}
Event: 377.328 GC heap after
{Heap after GC invocations=95 (full 0):
 garbage-first heap   total 374784K, used 104745K [0x0000000700000000, 0x0000000800000000)
  region size 2048K, 7 young (14336K), 7 survivors (14336K)
 Metaspace       used 69751K, committed 71424K, reserved 491520K
  class space    used 9676K, committed 10496K, reserved 425984K
}
Event: 383.938 GC heap before
{Heap before GC invocations=95 (full 0):
 garbage-first heap   total 374784K, used 313641K [0x0000000700000000, 0x0000000800000000)
  region size 2048K, 109 young (223232K), 7 survivors (14336K)
 Metaspace       used 69752K, committed 71424K, reserved 491520K
  class space    used 9676K, committed 10496K, reserved 425984K
}
Event: 384.077 GC heap after
{Heap after GC invocations=96 (full 0):
 garbage-first heap   total 374784K, used 105565K [0x0000000700000000, 0x0000000800000000)
  region size 2048K, 7 young (14336K), 7 survivors (14336K)
 Metaspace       used 69752K, committed 71424K, reserved 491520K
  class space    used 9676K, committed 10496K, reserved 425984K
}
Event: 391.649 GC heap before
{Heap before GC invocations=96 (full 0):
 garbage-first heap   total 374784K, used 314461K [0x0000000700000000, 0x0000000800000000)
  region size 2048K, 109 young (223232K), 7 survivors (14336K)
 Metaspace       used 69752K, committed 71424K, reserved 491520K
  class space    used 9676K, committed 10496K, reserved 425984K
}
Event: 391.779 GC heap after
{Heap after GC invocations=97 (full 0):
 garbage-first heap   total 374784K, used 107049K [0x0000000700000000, 0x0000000800000000)
  region size 2048K, 8 young (16384K), 8 survivors (16384K)
 Metaspace       used 69752K, committed 71424K, reserved 491520K
  class space    used 9676K, committed 10496K, reserved 425984K
}
Event: 398.709 GC heap before
{Heap before GC invocations=97 (full 0):
 garbage-first heap   total 374784K, used 313897K [0x0000000700000000, 0x0000000800000000)
  region size 2048K, 109 young (223232K), 8 survivors (16384K)
 Metaspace       used 69753K, committed 71424K, reserved 491520K
  class space    used 9676K, committed 10496K, reserved 425984K
}
Event: 398.865 GC heap after
{Heap after GC invocations=98 (full 0):
 garbage-first heap   total 450560K, used 108786K [0x0000000700000000, 0x0000000800000000)
  region size 2048K, 8 young (16384K), 8 survivors (16384K)
 Metaspace       used 69753K, committed 71424K, reserved 491520K
  class space    used 9676K, committed 10496K, reserved 425984K
}
Event: 405.811 GC heap before
{Heap before GC invocations=98 (full 0):
 garbage-first heap   total 450560K, used 362738K [0x0000000700000000, 0x0000000800000000)
  region size 2048K, 132 young (270336K), 8 survivors (16384K)
 Metaspace       used 69761K, committed 71424K, reserved 491520K
  class space    used 9676K, committed 10496K, reserved 425984K
}
Event: 406.000 GC heap after
{Heap after GC invocations=99 (full 0):
 garbage-first heap   total 450560K, used 109716K [0x0000000700000000, 0x0000000800000000)
  region size 2048K, 8 young (16384K), 8 survivors (16384K)
 Metaspace       used 69761K, committed 71424K, reserved 491520K
  class space    used 9676K, committed 10496K, reserved 425984K
}
Event: 418.016 GC heap before
{Heap before GC invocations=99 (full 0):
 garbage-first heap   total 450560K, used 361620K [0x0000000700000000, 0x0000000800000000)
  region size 2048K, 132 young (270336K), 8 survivors (16384K)
 Metaspace       used 69763K, committed 71424K, reserved 491520K
  class space    used 9676K, committed 10496K, reserved 425984K
}
Event: 418.295 GC heap after
{Heap after GC invocations=100 (full 0):
 garbage-first heap   total 450560K, used 111275K [0x0000000700000000, 0x0000000800000000)
  region size 2048K, 8 young (16384K), 8 survivors (16384K)
 Metaspace       used 69763K, committed 71424K, reserved 491520K
  class space    used 9676K, committed 10496K, reserved 425984K
}
Event: 418.637 GC heap before
{Heap before GC invocations=100 (full 0):
 garbage-first heap   total 450560K, used 117419K [0x0000000700000000, 0x0000000800000000)
  region size 2048K, 11 young (22528K), 8 survivors (16384K)
 Metaspace       used 69763K, committed 71424K, reserved 491520K
  class space    used 9676K, committed 10496K, reserved 425984K
}
Event: 418.942 GC heap after
{Heap after GC invocations=101 (full 0):
 garbage-first heap   total 450560K, used 112782K [0x0000000700000000, 0x0000000800000000)
  region size 2048K, 2 young (4096K), 2 survivors (4096K)
 Metaspace       used 69763K, committed 71424K, reserved 491520K
  class space    used 9676K, committed 10496K, reserved 425984K
}
Event: 426.452 GC heap before
{Heap before GC invocations=101 (full 0):
 garbage-first heap   total 450560K, used 379022K [0x0000000700000000, 0x0000000800000000)
  region size 2048K, 132 young (270336K), 2 survivors (4096K)
 Metaspace       used 69767K, committed 71424K, reserved 491520K
  class space    used 9676K, committed 10496K, reserved 425984K
}

Dll operation events (3 events):
Event: 0.207 Loaded shared library C:\Program Files\Android\Android Studio\jbr\bin\java.dll
Event: 0.312 Loaded shared library C:\Program Files\Android\Android Studio\jbr\bin\zip.dll
Event: 12.663 Loaded shared library C:\Program Files\Android\Android Studio\jbr\bin\verify.dll

Deoptimization events (20 events):
Event: 402.818 Thread 0x0000020617d485c0 DEOPT PACKING pc=0x00000206080b934c sp=0x000000a8c95f62c0
Event: 402.819 Thread 0x0000020617d485c0 DEOPT UNPACKING pc=0x0000020607587ba2 sp=0x000000a8c95f6200 mode 2
Event: 402.819 Thread 0x0000020617d485c0 Uncommon trap: trap_request=0xffffff45 fr.pc=0x0000020607d9153c relative=0x000000000000017c
Event: 402.819 Thread 0x0000020617d485c0 Uncommon trap: reason=unstable_if action=reinterpret pc=0x0000020607d9153c method=org.objectweb.asm.Type.hashCode()I @ 8 c2
Event: 402.820 Thread 0x0000020617d485c0 DEOPT PACKING pc=0x0000020607d9153c sp=0x000000a8c95f6390
Event: 402.820 Thread 0x0000020617d485c0 DEOPT UNPACKING pc=0x0000020607587ba2 sp=0x000000a8c95f6310 mode 2
Event: 402.821 Thread 0x0000020617d485c0 Uncommon trap: trap_request=0xffffff45 fr.pc=0x00000206080c69b4 relative=0x0000000000003874
Event: 402.821 Thread 0x0000020617d485c0 Uncommon trap: reason=unstable_if action=reinterpret pc=0x00000206080c69b4 method=org.objectweb.asm.ClassWriter.toByteArray()[B @ 541 c2
Event: 402.821 Thread 0x0000020617d485c0 DEOPT PACKING pc=0x00000206080c69b4 sp=0x000000a8c95f6960
Event: 402.821 Thread 0x0000020617d485c0 DEOPT UNPACKING pc=0x0000020607587ba2 sp=0x000000a8c95f68e8 mode 2
Event: 409.532 Thread 0x0000020617d485c0 Uncommon trap: trap_request=0xffffff45 fr.pc=0x00000206080d592c relative=0x000000000000024c
Event: 409.532 Thread 0x0000020617d485c0 Uncommon trap: reason=unstable_if action=reinterpret pc=0x00000206080d592c method=java.util.regex.Pattern$Caret.match(Ljava/util/regex/Matcher;ILjava/lang/CharSequence;)Z @ 69 c2
Event: 409.532 Thread 0x0000020617d485c0 DEOPT PACKING pc=0x00000206080d592c sp=0x000000a8c95f6680
Event: 409.533 Thread 0x0000020617d485c0 DEOPT UNPACKING pc=0x0000020607587ba2 sp=0x000000a8c95f6600 mode 2
Event: 412.660 Thread 0x0000020617d485c0 DEOPT PACKING pc=0x0000020600e208c0 sp=0x000000a8c95f6330
Event: 412.661 Thread 0x0000020617d485c0 DEOPT UNPACKING pc=0x00000206075886e2 sp=0x000000a8c95f57c8 mode 0
Event: 420.057 Thread 0x0000020617d485c0 Uncommon trap: trap_request=0xffffff45 fr.pc=0x0000020607e233e4 relative=0x0000000000000284
Event: 420.059 Thread 0x0000020617d485c0 Uncommon trap: reason=unstable_if action=reinterpret pc=0x0000020607e233e4 method=org.objectweb.asm.Type.getTypeInternal(Ljava/lang/String;II)Lorg/objectweb/asm/Type; @ 5 c2
Event: 420.060 Thread 0x0000020617d485c0 DEOPT PACKING pc=0x0000020607e233e4 sp=0x000000a8c95f6630
Event: 420.061 Thread 0x0000020617d485c0 DEOPT UNPACKING pc=0x0000020607587ba2 sp=0x000000a8c95f6558 mode 2

Classes loaded (20 events):
Event: 250.896 Loading class java/lang/ClassBeanInfo
Event: 250.896 Loading class java/lang/ClassBeanInfo done
Event: 250.897 Loading class java/lang/ClassCustomizer
Event: 250.897 Loading class java/lang/ClassCustomizer done
Event: 250.901 Loading class java/lang/ClassCustomizer
Event: 250.901 Loading class java/lang/ClassCustomizer done
Event: 251.531 Loading class java/lang/invoke/BoundMethodHandle$Species_LLLI
Event: 251.532 Loading class java/lang/invoke/BoundMethodHandle$Species_LLLI done
Event: 251.556 Loading class java/lang/invoke/BoundMethodHandle$Species_LLLIL
Event: 251.556 Loading class java/lang/invoke/BoundMethodHandle$Species_LLLIL done
Event: 251.569 Loading class java/lang/invoke/BoundMethodHandle$Species_LLLILL
Event: 251.569 Loading class java/lang/invoke/BoundMethodHandle$Species_LLLILL done
Event: 253.597 Loading class java/util/Collections$SynchronizedRandomAccessList
Event: 253.600 Loading class java/util/Collections$SynchronizedList
Event: 253.604 Loading class java/util/Collections$SynchronizedList done
Event: 253.605 Loading class java/util/Collections$SynchronizedRandomAccessList done
Event: 254.814 Loading class java/nio/file/FileSystemLoopException
Event: 254.817 Loading class java/nio/file/FileSystemLoopException done
Event: 257.515 Loading class java/util/regex/Pattern$Caret
Event: 257.518 Loading class java/util/regex/Pattern$Caret done

Classes unloaded (20 events):
Event: 121.927 Thread 0x00000206113ce310 Unloading class 0x0000000800844000 '_BuildScript_$_run_closure1'
Event: 121.927 Thread 0x00000206113ce310 Unloading class 0x000000080083c000 '_BuildScript_'
Event: 135.337 Thread 0x00000206113ce310 Unloading class 0x00000008008c4420 '_BuildScript_$_run_closure1$_closure2'
Event: 135.337 Thread 0x00000206113ce310 Unloading class 0x00000008008c4000 '_BuildScript_$_run_closure1'
Event: 135.337 Thread 0x00000206113ce310 Unloading class 0x00000008008bd800 '_BuildScript_'
Event: 224.177 Thread 0x00000206113ce310 Unloading class 0x0000000800a11420 '_BuildScript_$_run_closure1$_closure2'
Event: 224.178 Thread 0x00000206113ce310 Unloading class 0x0000000800a11000 '_BuildScript_$_run_closure1'
Event: 224.178 Thread 0x00000206113ce310 Unloading class 0x0000000800a10800 '_BuildScript_'
Event: 224.178 Thread 0x00000206113ce310 Unloading class 0x0000000800a0c948 '_BuildScript_$_run_closure2'
Event: 224.178 Thread 0x00000206113ce310 Unloading class 0x0000000800a0c528 '_BuildScript_$_run_closure1'
Event: 224.178 Thread 0x00000206113ce310 Unloading class 0x0000000800a0c000 '_BuildScript_'
Event: 330.730 Thread 0x00000206113ce310 Unloading class 0x0000000800a1a000 '_BuildScript_$_run_closure1$_closure3'
Event: 330.731 Thread 0x00000206113ce310 Unloading class 0x0000000800a0c948 '_BuildScript_$_run_closure1$_closure2'
Event: 330.731 Thread 0x00000206113ce310 Unloading class 0x0000000800a0c528 '_BuildScript_$_run_closure1'
Event: 330.735 Thread 0x00000206113ce310 Unloading class 0x0000000800a0c000 '_BuildScript_'
Event: 330.735 Thread 0x00000206113ce310 Unloading class 0x0000000800a11840 'JetGradlePlugin$_apply_closure1$_closure2$_closure3'
Event: 330.736 Thread 0x00000206113ce310 Unloading class 0x0000000800a11420 'JetGradlePlugin$_apply_closure1$_closure2'
Event: 330.736 Thread 0x00000206113ce310 Unloading class 0x0000000800a11000 'JetGradlePlugin$_apply_closure1'
Event: 330.736 Thread 0x00000206113ce310 Unloading class 0x0000000800a10b00 'JetGradlePlugin'
Event: 330.737 Thread 0x00000206113ce310 Unloading class 0x0000000800a10800 'RegistryProcessor'

Classes redefined (0 events):
No events

Internal exceptions (20 events):
Event: 255.708 Thread 0x0000020617d485c0 Implicit null exception at 0x0000020607db27f9 to 0x0000020607db2bc0
Event: 255.711 Thread 0x0000020617d485c0 Implicit null exception at 0x0000020607daf386 to 0x0000020607db0b04
Event: 255.717 Thread 0x0000020617d485c0 Implicit null exception at 0x0000020607e0f605 to 0x0000020607e0f970
Event: 261.278 Thread 0x00000206161209d0 Exception <a 'sun/nio/fs/WindowsException'{0x0000000708a06b28}> (0x0000000708a06b28) 
thrown [s\src\hotspot\share\prims\jni.cpp, line 537]
Event: 271.385 Thread 0x00000206161209d0 Exception <a 'sun/nio/fs/WindowsException'{0x00000007ffd05660}> (0x00000007ffd05660) 
thrown [s\src\hotspot\share\prims\jni.cpp, line 537]
Event: 281.286 Thread 0x00000206161209d0 Exception <a 'sun/nio/fs/WindowsException'{0x0000000708b06b28}> (0x0000000708b06b28) 
thrown [s\src\hotspot\share\prims\jni.cpp, line 537]
Event: 291.334 Thread 0x00000206161209d0 Exception <a 'sun/nio/fs/WindowsException'{0x0000000706605658}> (0x0000000706605658) 
thrown [s\src\hotspot\share\prims\jni.cpp, line 537]
Event: 301.280 Thread 0x00000206161209d0 Exception <a 'sun/nio/fs/WindowsException'{0x000000070b506b28}> (0x000000070b506b28) 
thrown [s\src\hotspot\share\prims\jni.cpp, line 537]
Event: 311.288 Thread 0x00000206161209d0 Exception <a 'sun/nio/fs/WindowsException'{0x000000070b906b28}> (0x000000070b906b28) 
thrown [s\src\hotspot\share\prims\jni.cpp, line 537]
Event: 321.275 Thread 0x00000206161209d0 Exception <a 'sun/nio/fs/WindowsException'{0x000000070d206b28}> (0x000000070d206b28) 
thrown [s\src\hotspot\share\prims\jni.cpp, line 537]
Event: 331.808 Thread 0x00000206161209d0 Exception <a 'sun/nio/fs/WindowsException'{0x000000070e50a058}> (0x000000070e50a058) 
thrown [s\src\hotspot\share\prims\jni.cpp, line 537]
Event: 341.282 Thread 0x00000206161209d0 Exception <a 'sun/nio/fs/WindowsException'{0x0000000707a06b28}> (0x0000000707a06b28) 
thrown [s\src\hotspot\share\prims\jni.cpp, line 537]
Event: 351.283 Thread 0x00000206161209d0 Exception <a 'sun/nio/fs/WindowsException'{0x000000070eb06b28}> (0x000000070eb06b28) 
thrown [s\src\hotspot\share\prims\jni.cpp, line 537]
Event: 361.280 Thread 0x00000206161209d0 Exception <a 'sun/nio/fs/WindowsException'{0x0000000712600d50}> (0x0000000712600d50) 
thrown [s\src\hotspot\share\prims\jni.cpp, line 537]
Event: 371.281 Thread 0x00000206161209d0 Exception <a 'sun/nio/fs/WindowsException'{0x0000000715106b28}> (0x0000000715106b28) 
thrown [s\src\hotspot\share\prims\jni.cpp, line 537]
Event: 381.284 Thread 0x00000206161209d0 Exception <a 'sun/nio/fs/WindowsException'{0x000000070d205658}> (0x000000070d205658) 
thrown [s\src\hotspot\share\prims\jni.cpp, line 537]
Event: 391.342 Thread 0x00000206161209d0 Exception <a 'sun/nio/fs/WindowsException'{0x000000070a5041a8}> (0x000000070a5041a8) 
thrown [s\src\hotspot\share\prims\jni.cpp, line 537]
Event: 401.277 Thread 0x00000206161209d0 Exception <a 'sun/nio/fs/WindowsException'{0x0000000715400d50}> (0x0000000715400d50) 
thrown [s\src\hotspot\share\prims\jni.cpp, line 537]
Event: 411.303 Thread 0x00000206161209d0 Exception <a 'sun/nio/fs/WindowsException'{0x0000000714d06b28}> (0x0000000714d06b28) 
thrown [s\src\hotspot\share\prims\jni.cpp, line 537]
Event: 421.286 Thread 0x00000206161209d0 Exception <a 'sun/nio/fs/WindowsException'{0x000000071771ab50}> (0x000000071771ab50) 
thrown [s\src\hotspot\share\prims\jni.cpp, line 537]

ZGC Phase Switch (0 events):
No events

VM Operations (20 events):
Event: 406.001 Executing safepoint VM operation: G1CollectForAllocation (G1 Evacuation Pause) done
Event: 410.021 Executing safepoint VM operation: Cleanup
Event: 410.021 Executing safepoint VM operation: Cleanup done
Event: 412.042 Executing safepoint VM operation: Cleanup
Event: 412.058 Executing safepoint VM operation: Cleanup done
Event: 414.067 Executing safepoint VM operation: Cleanup
Event: 414.082 Executing safepoint VM operation: Cleanup done
Event: 416.089 Executing safepoint VM operation: Cleanup
Event: 416.090 Executing safepoint VM operation: Cleanup done
Event: 417.090 Executing safepoint VM operation: Cleanup
Event: 417.091 Executing safepoint VM operation: Cleanup done
Event: 418.012 Executing safepoint VM operation: G1CollectForAllocation (G1 Evacuation Pause)
Event: 418.296 Executing safepoint VM operation: G1CollectForAllocation (G1 Evacuation Pause) done
Event: 418.637 Executing safepoint VM operation: G1CollectForAllocation (G1 Evacuation Pause)
Event: 418.943 Executing safepoint VM operation: G1CollectForAllocation (G1 Evacuation Pause) done
Event: 419.958 Executing safepoint VM operation: Cleanup
Event: 419.973 Executing safepoint VM operation: Cleanup done
Event: 420.978 Executing safepoint VM operation: Cleanup
Event: 420.979 Executing safepoint VM operation: Cleanup done
Event: 426.452 Executing safepoint VM operation: G1CollectForAllocation (G1 Evacuation Pause)

Memory protections (0 events):
No events

Nmethod flushes (20 events):
Event: 331.752 Thread 0x00000206113ce310 flushing  nmethod 0x0000020600e51c10
Event: 331.752 Thread 0x00000206113ce310 flushing  nmethod 0x0000020600d47910
Event: 331.753 Thread 0x00000206113ce310 flushing  nmethod 0x0000020600e01d10
Event: 331.753 Thread 0x00000206113ce310 flushing  nmethod 0x0000020600e02590
Event: 331.754 Thread 0x00000206113ce310 flushing  nmethod 0x000002060801ba10
Event: 331.754 Thread 0x00000206113ce310 flushing  nmethod 0x00000206003e7210
Event: 331.754 Thread 0x00000206113ce310 flushing  nmethod 0x0000020600e26a90
Event: 331.754 Thread 0x00000206113ce310 flushing  nmethod 0x0000020600138990
Event: 331.754 Thread 0x00000206113ce310 flushing  nmethod 0x0000020600169110
Event: 331.754 Thread 0x00000206113ce310 flushing  nmethod 0x0000020600827090
Event: 342.666 Thread 0x00000206113ce310 flushing  nmethod 0x000002060084d910
Event: 342.666 Thread 0x00000206113ce310 flushing  nmethod 0x000002060023db90
Event: 342.666 Thread 0x00000206113ce310 flushing  nmethod 0x00000206003bb910
Event: 342.666 Thread 0x00000206113ce310 flushing  nmethod 0x00000206008bf390
Event: 342.666 Thread 0x00000206113ce310 flushing  nmethod 0x000002060030a510
Event: 342.667 Thread 0x00000206113ce310 flushing  nmethod 0x000002060098e590
Event: 342.667 Thread 0x00000206113ce310 flushing osr nmethod 0x0000020600d9b310
Event: 342.667 Thread 0x00000206113ce310 flushing  nmethod 0x0000020600d26010
Event: 342.667 Thread 0x00000206113ce310 flushing  nmethod 0x0000020600d06690
Event: 342.667 Thread 0x00000206113ce310 flushing  nmethod 0x0000020600c57710

Events (20 events):
Event: 195.688 Thread 0x0000020617d6d810 Thread exited: 0x0000020617d6d810
Event: 195.688 Thread 0x0000020617d6d140 Thread exited: 0x0000020617d6d140
Event: 195.873 Thread 0x00000206115c9630 Thread added: 0x0000020617d6c3a0
Event: 195.873 Thread 0x00000206115c9630 Thread added: 0x0000020617d6d140
Event: 196.328 Thread 0x0000020617d6d140 Thread exited: 0x0000020617d6d140
Event: 196.382 Thread 0x0000020617d6c3a0 Thread exited: 0x0000020617d6c3a0
Event: 197.003 Thread 0x00000206115c9630 Thread added: 0x0000020617d6c3a0
Event: 197.852 Thread 0x0000020617d6c3a0 Thread exited: 0x0000020617d6c3a0
Event: 198.136 Thread 0x00000206115ca0d0 Thread added: 0x0000020617d6f350
Event: 199.217 Thread 0x0000020617d6f350 Thread exited: 0x0000020617d6f350
Event: 199.664 Thread 0x00000206115c9630 Thread added: 0x0000020617d6ec80
Event: 209.958 Thread 0x0000020617d6ec80 Thread exited: 0x0000020617d6ec80
Event: 210.557 Thread 0x0000020617d485c0 Thread added: 0x0000020618c4de80
Event: 210.562 Thread 0x0000020617d485c0 Thread added: 0x0000020618c4bdb0
Event: 210.567 Thread 0x0000020617d485c0 Thread added: 0x0000020618c4d160
Event: 210.573 Thread 0x0000020617d485c0 Thread added: 0x0000020618c4aa00
Event: 210.579 Thread 0x00000206115ca0d0 Thread added: 0x0000020617d6f350
Event: 214.306 Thread 0x0000020617d6f350 Thread exited: 0x0000020617d6f350
Event: 360.207 Thread 0x00000206115c9630 Thread added: 0x0000020617d6e5b0
Event: 366.585 Thread 0x0000020617d6e5b0 Thread exited: 0x0000020617d6e5b0


Dynamic libraries:
0x00007ff66d460000 - 0x00007ff66d46a000 	C:\Program Files\Android\Android Studio\jbr\bin\java.exe
0x00007ffe31ca0000 - 0x00007ffe31f06000 	C:\WINDOWS\SYSTEM32\ntdll.dll
0x00007ffe30f60000 - 0x00007ffe31029000 	C:\WINDOWS\System32\KERNEL32.DLL
0x00007ffe2f3b0000 - 0x00007ffe2f7b0000 	C:\WINDOWS\System32\KERNELBASE.dll
0x00007ffe2b920000 - 0x00007ffe2b9c0000 	C:\WINDOWS\SYSTEM32\apphelp.dll
0x00007ffe2f7c0000 - 0x00007ffe2f90c000 	C:\WINDOWS\System32\ucrtbase.dll
0x00007ffe14410000 - 0x00007ffe1442b000 	C:\Program Files\Android\Android Studio\jbr\bin\VCRUNTIME140.dll
0x00007ffe17cb0000 - 0x00007ffe17cc8000 	C:\Program Files\Android\Android Studio\jbr\bin\jli.dll
0x00007ffe317e0000 - 0x00007ffe319a7000 	C:\WINDOWS\System32\USER32.dll
0x00007ffe2eec0000 - 0x00007ffe2eee7000 	C:\WINDOWS\System32\win32u.dll
0x00007ffe19f80000 - 0x00007ffe1a212000 	C:\WINDOWS\WinSxS\amd64_microsoft.windows.common-controls_6595b64144ccf1df_6.0.26100.8737_none_3e092eaee333b772\COMCTL32.dll
0x00007ffe319b0000 - 0x00007ffe319db000 	C:\WINDOWS\System32\GDI32.dll
0x00007ffe31730000 - 0x00007ffe317d9000 	C:\WINDOWS\System32\msvcrt.dll
0x00007ffe2eef0000 - 0x00007ffe2f019000 	C:\WINDOWS\System32\gdi32full.dll
0x00007ffe2f920000 - 0x00007ffe2f9c3000 	C:\WINDOWS\System32\msvcp_win.dll
0x00007ffe30bf0000 - 0x00007ffe30c22000 	C:\WINDOWS\System32\IMM32.DLL
0x00007ffe297a0000 - 0x00007ffe297ac000 	C:\Program Files\Android\Android Studio\jbr\bin\vcruntime140_1.dll
0x00007ffdf22f0000 - 0x00007ffdf237d000 	C:\Program Files\Android\Android Studio\jbr\bin\msvcp140.dll
0x00007ffd96d30000 - 0x00007ffd979c6000 	C:\Program Files\Android\Android Studio\jbr\bin\server\jvm.dll
0x00007ffe30ea0000 - 0x00007ffe30f57000 	C:\WINDOWS\System32\ADVAPI32.dll
0x00007ffe314f0000 - 0x00007ffe3159a000 	C:\WINDOWS\System32\sechost.dll
0x00007ffe313d0000 - 0x00007ffe314e8000 	C:\WINDOWS\System32\RPCRT4.dll
0x00007ffe316a0000 - 0x00007ffe31720000 	C:\WINDOWS\System32\WS2_32.dll
0x00007ffe2ed20000 - 0x00007ffe2ed7e000 	C:\WINDOWS\SYSTEM32\POWRPROF.dll
0x00007ffe25d10000 - 0x00007ffe25d46000 	C:\WINDOWS\SYSTEM32\WINMM.dll
0x00007ffe20890000 - 0x00007ffe2089b000 	C:\WINDOWS\SYSTEM32\VERSION.dll
0x00007ffe2ed00000 - 0x00007ffe2ed14000 	C:\WINDOWS\SYSTEM32\UMPDC.dll
0x00007ffe2dba0000 - 0x00007ffe2dbbb000 	C:\WINDOWS\SYSTEM32\kernel.appcore.dll
0x00007ffe17e40000 - 0x00007ffe17e4a000 	C:\Program Files\Android\Android Studio\jbr\bin\jimage.dll
0x00007ffe2c3b0000 - 0x00007ffe2c5f2000 	C:\WINDOWS\SYSTEM32\DBGHELP.DLL
0x00007ffe30810000 - 0x00007ffe30b93000 	C:\WINDOWS\System32\combase.dll
0x00007ffe31030000 - 0x00007ffe31109000 	C:\WINDOWS\System32\OLEAUT32.dll
0x00007ffe15610000 - 0x00007ffe1564b000 	C:\WINDOWS\SYSTEM32\dbgcore.DLL
0x00007ffe2f0e0000 - 0x00007ffe2f18c000 	C:\WINDOWS\System32\bcryptPrimitives.dll
0x00007ffe2b700000 - 0x00007ffe2b70e000 	C:\Program Files\Android\Android Studio\jbr\bin\instrument.dll
0x00007ffe05b50000 - 0x00007ffe05b70000 	C:\Program Files\Android\Android Studio\jbr\bin\java.dll
0x00007ffdf4d50000 - 0x00007ffdf4d68000 	C:\Program Files\Android\Android Studio\jbr\bin\zip.dll
0x00007ffe30070000 - 0x00007ffe30802000 	C:\WINDOWS\System32\SHELL32.dll
0x00007ffe2c980000 - 0x00007ffe2d212000 	C:\WINDOWS\SYSTEM32\windows.storage.dll
0x00007ffe30c30000 - 0x00007ffe30d27000 	C:\WINDOWS\System32\SHCORE.dll
0x00007ffe31bf0000 - 0x00007ffe31c57000 	C:\WINDOWS\System32\shlwapi.dll
0x00007ffe2ede0000 - 0x00007ffe2ee09000 	C:\WINDOWS\SYSTEM32\profapi.dll
0x00007ffe17dd0000 - 0x00007ffe17de0000 	C:\Program Files\Android\Android Studio\jbr\bin\net.dll
0x00007ffe259f0000 - 0x00007ffe25b19000 	C:\WINDOWS\SYSTEM32\WINHTTP.dll
0x00007ffe2e150000 - 0x00007ffe2e1bc000 	C:\WINDOWS\system32\mswsock.dll
0x00007ffe17db0000 - 0x00007ffe17dc6000 	C:\Program Files\Android\Android Studio\jbr\bin\nio.dll
0x00007ffe144a0000 - 0x00007ffe144b0000 	C:\Program Files\Android\Android Studio\jbr\bin\verify.dll
0x00007ffdf7e20000 - 0x00007ffdf7e47000 	C:\Users\lenovo\.gradle\native\660c5614fbf4a5f2a75b1949f50a0caf5cd603558e7d8a26e50b933a0cfb79d1\windows-amd64\native-platform.dll
0x00007ffdf2030000 - 0x00007ffdf20a7000 	C:\Users\lenovo\.gradle\native\0.2.8\x86_64-windows-gnu\gradle-fileevents.dll
0x00007ffe14400000 - 0x00007ffe14409000 	C:\Program Files\Android\Android Studio\jbr\bin\management.dll
0x00007ffe00e60000 - 0x00007ffe00e6b000 	C:\Program Files\Android\Android Studio\jbr\bin\management_ext.dll
0x00007ffe2f9f0000 - 0x00007ffe2f9f8000 	C:\WINDOWS\System32\PSAPI.DLL
0x00007ffe2d620000 - 0x00007ffe2d653000 	C:\WINDOWS\SYSTEM32\IPHLPAPI.DLL
0x00007ffe31be0000 - 0x00007ffe31bea000 	C:\WINDOWS\System32\NSI.dll
0x00007ffe146d0000 - 0x00007ffe146d9000 	C:\Program Files\Android\Android Studio\jbr\bin\extnet.dll
0x00007ffe2e450000 - 0x00007ffe2e46b000 	C:\WINDOWS\SYSTEM32\CRYPTSP.dll
0x00007ffe2db00000 - 0x00007ffe2db39000 	C:\WINDOWS\system32\rsaenh.dll
0x00007ffe2e210000 - 0x00007ffe2e242000 	C:\WINDOWS\SYSTEM32\USERENV.dll
0x00007ffe2edb0000 - 0x00007ffe2edda000 	C:\WINDOWS\SYSTEM32\bcrypt.dll
0x00007ffe2e470000 - 0x00007ffe2e47c000 	C:\WINDOWS\SYSTEM32\CRYPTBASE.dll
0x00007ffe28930000 - 0x00007ffe28938000 	C:\WINDOWS\system32\wshunix.dll
0x00007ffe2dcd0000 - 0x00007ffe2dd06000 	C:\WINDOWS\SYSTEM32\ntmarta.dll

JVMTI agents:
C:\Users\lenovo\.gradle\wrapper\dists\gradle-9.4.1-bin\arn2x92ynaizyzdaamcbpbhtj\gradle-9.4.1\lib\agents\gradle-instrumentation-agent-9.4.1.jar path:C:\Program Files\Android\Android Studio\jbr\bin\instrument.dll, loaded, initialized, instrumentlib options:none

dbghelp: loaded successfully - version: 4.0.5 - missing functions: none
symbol engine: initialized successfully - sym options: 0x614 - pdb path: .;C:\Program Files\Android\Android Studio\jbr\bin;C:\WINDOWS\SYSTEM32;C:\WINDOWS\WinSxS\amd64_microsoft.windows.common-controls_6595b64144ccf1df_6.0.26100.8737_none_3e092eaee333b772;C:\Program Files\Android\Android Studio\jbr\bin\server;C:\Users\lenovo\.gradle\native\660c5614fbf4a5f2a75b1949f50a0caf5cd603558e7d8a26e50b933a0cfb79d1\windows-amd64;C:\Users\lenovo\.gradle\native\0.2.8\x86_64-windows-gnu

VM Arguments:
jvm_args: --add-opens=java.base/java.lang=ALL-UNNAMED --add-opens=java.base/java.lang.invoke=ALL-UNNAMED --add-opens=java.base/java.util=ALL-UNNAMED --add-opens=java.prefs/java.util.prefs=ALL-UNNAMED --add-exports=jdk.compiler/com.sun.tools.javac.api=ALL-UNNAMED --add-exports=jdk.compiler/com.sun.tools.javac.util=ALL-UNNAMED --add-opens=java.base/java.util=ALL-UNNAMED --add-opens=java.prefs/java.util.prefs=ALL-UNNAMED --add-opens=java.base/java.nio.charset=ALL-UNNAMED --add-opens=java.base/java.net=ALL-UNNAMED --add-opens=java.base/java.util.concurrent=ALL-UNNAMED --add-opens=java.base/java.util.concurrent.atomic=ALL-UNNAMED --add-opens=java.xml/javax.xml.namespace=ALL-UNNAMED --add-opens=java.base/java.time=ALL-UNNAMED -XX:MaxMetaspaceSize=512m -XX:+HeapDumpOnOutOfMemoryError -Xmx4096m -Dfile.encoding=UTF-8 -Duser.country=US -Duser.language=en -Duser.variant -javaagent:C:\Users\lenovo\.gradle\wrapper\dists\gradle-9.4.1-bin\arn2x92ynaizyzdaamcbpbhtj\gradle-9.4.1\lib\agents\gradle-instrumentation-agent-9.4.1.jar 
java_command: org.gradle.launcher.daemon.bootstrap.GradleDaemon 9.4.1
java_class_path (initial): C:\Users\lenovo\.gradle\wrapper\dists\gradle-9.4.1-bin\arn2x92ynaizyzdaamcbpbhtj\gradle-9.4.1\lib\gradle-daemon-main-9.4.1.jar
Launcher Type: SUN_STANDARD

[Global flags]
     intx CICompilerCount                          = 4                                         {product} {ergonomic}
   size_t CompressedClassSpaceSize                 = 436207616                                 {product} {ergonomic}
     uint ConcGCThreads                            = 2                                         {product} {ergonomic}
     uint G1ConcRefinementThreads                  = 8                                         {product} {ergonomic}
   size_t G1HeapRegionSize                         = 2097152                                   {product} {ergonomic}
    uintx GCDrainStackTargetSize                   = 64                                        {product} {ergonomic}
     bool HeapDumpOnOutOfMemoryError               = true                                   {manageable} {command line}
   size_t InitialHeapSize                          = 65011712                                  {product} {ergonomic}
   size_t MarkStackSize                            = 4194304                                   {product} {ergonomic}
   size_t MaxHeapSize                              = 4294967296                                {product} {command line}
   size_t MaxMetaspaceSize                         = 536870912                                 {product} {command line}
   size_t MaxNewSize                               = 2575302656                                {product} {ergonomic}
   size_t MinHeapDeltaBytes                        = 2097152                                   {product} {ergonomic}
   size_t MinHeapSize                              = 8388608                                   {product} {ergonomic}
    uintx NonNMethodCodeHeapSize                   = 5839372                                {pd product} {ergonomic}
    uintx NonProfiledCodeHeapSize                  = 122909434                              {pd product} {ergonomic}
    uintx ProfiledCodeHeapSize                     = 122909434                              {pd product} {ergonomic}
    uintx ReservedCodeCacheSize                    = 251658240                              {pd product} {ergonomic}
     bool SegmentedCodeCache                       = true                                      {product} {ergonomic}
   size_t SoftMaxHeapSize                          = 4294967296                             {manageable} {ergonomic}
     bool UseCompressedOops                        = true                           {product lp64_product} {ergonomic}
     bool UseG1GC                                  = true                                      {product} {ergonomic}
     bool UseLargePagesIndividualAllocation        = false                                  {pd product} {ergonomic}

Logging:
Log output configuration:
 #0: stdout all=warning uptime,level,tags foldmultilines=false
 #1: stderr all=off uptime,level,tags foldmultilines=false

Release file:
JAVA_VERSION="21.0.10" 
MODULES="java.base java.compiler java.datatransfer java.xml java.prefs java.desktop java.instrument java.logging java.management java.security.sasl java.naming java.rmi java.management.rmi java.net.http java.scripting java.security.jgss java.transaction.xa java.sql java.sql.rowset java.xml.crypto java.se java.smartcardio jdk.accessibility jdk.internal.jvmstat jdk.attach jdk.charsets jdk.internal.opt jdk.zipfs jdk.compiler jdk.crypto.ec jdk.crypto.cryptoki jdk.dynalink jdk.hotspot.agent jdk.httpserver jdk.internal.ed jdk.internal.le jdk.internal.vm.ci jdk.jartool jdk.javadoc jdk.jcmd jdk.jdeps jdk.jdwp.agent jdk.jdi jdk.jfr jdk.jlink jdk.jsobject jdk.localedata jdk.management jdk.management.agent jdk.management.jfr jdk.naming.dns jdk.naming.rmi jdk.net jdk.sctp jdk.security.auth jdk.security.jgss jdk.unsupported jdk.unsupported.desktop jdk.xml.dom" 
IMPLEMENTOR="JetBrains s.r.o." 
JAVA_RUNTIME_VERSION="21.0.10+-14961533-b1163.108" 
LIBC="default" 
OS_ARCH="x86_64" 
OS_NAME="Windows" 
SOURCE=".:git:1351622c2ff2" 

Environment Variables:
PATH=C:\Program Files\Common Files\Oracle\Java\javapath;C:\Python314\Scripts\;C:\Python314\;C:\WINDOWS\system32;C:\WINDOWS;C:\WINDOWS\System32\Wbem;C:\WINDOWS\System32\WindowsPowerShell\v1.0\;C:\WINDOWS\System32\OpenSSH\;C:\Program Files\Git\cmd;C:\Program Files\nodejs\;C:\ProgramData\chocolatey\bin;C:\Program Files\Microsoft SQL Server\170\Tools\Binn\;C:\Program Files\Microsoft SQL Server\Client SDK\ODBC\170\Tools\Binn\;C:\Program Files (x86)\IncrediBuild;C:\Program Files (x86)\Windows Kits\10\Windows Performance Toolkit\;C:\Program Files\tre-command\bin\;C:\Program Files (x86)\Google\Cloud SDK\google-cloud-sdk\bin;C:\Program Files\dotnet\;C:\Program Files\Go\bin;C:\Users\lenovo\AppData\Local\Programs\Python\Python312\Scripts\;C:\Users\lenovo\AppData\Local\Programs\Python\Python312\;C:\Users\lenovo\AppData\Local\Microsoft\WindowsApps;C:\Users\lenovo\AppData\Roaming\npm;C:\Users\lenovo\AppData\Local\Programs\Microsoft VS Code\bin;C:\Users\lenovo\AppData\Local\Programs\Microsoft VS Code Insiders\bin;C:\Users\lenovo\AppData\Local\Python\bin;C:\Users\lenovo\AppData\Local\Programs\Antigravity\bin;C:\Users\lenovo\.dotnet\tools;C:\Users\lenovo\go\bin
USERNAME=lenovo
OS=Windows_NT
PROCESSOR_IDENTIFIER=Intel64 Family 6 Model 140 Stepping 1, GenuineIntel
TMP=C:\Users\lenovo\AppData\Local\Temp
TEMP=C:\Users\lenovo\AppData\Local\Temp




Periodic native trim disabled

JNI global refs:
JNI global refs: 26, weak refs: 0

JNI global refs memory usage: 835, weak refs: 833

Process memory usage:
Resident Set Size: 367160K (9% of 3988792K total physical memory with 430560K free physical memory)

OOME stack traces (most recent first):
Classloader memory used:
Loader org.gradle.internal.classloader.VisitableURLClassLoader                         : 37850K
Loader bootstrap                                                                       : 22845K
Loader org.gradle.initialization.MixInLegacyTypesClassLoader                           : 6857K
Loader org.gradle.internal.classloader.VisitableURLClassLoader                         : 753K
Loader org.gradle.internal.classloader.VisitableURLClassLoader$InstrumentingVisitableURLClassLoader: 587K
Loader jdk.internal.loader.ClassLoaders$PlatformClassLoader                            : 400K
Loader jdk.internal.reflect.DelegatingClassLoader                                      : 192K
Loader jdk.internal.loader.ClassLoaders$AppClassLoader                                 : 189K
Loader org.gradle.groovy.scripts.internal.DefaultScriptCompilationHandler$ScriptClassLoader: 91192B

Classes loaded by more than one classloader:
Class org.gradle.internal.IoActions                                                   : loaded 3 times (x 71B)
Class org.gradle.api.Action                                                           : loaded 3 times (x 70B)
Class org.gradle.api.GradleException                                                  : loaded 3 times (x 82B)
Class com.google.common.collect.UnmodifiableListIterator                              : loaded 2 times (x 95B)
Class org.gradle.internal.operations.MultipleBuildOperationFailures                   : loaded 2 times (x 95B)
Class org.gradle.internal.classloader.DefaultClassLoaderFactory                       : loaded 2 times (x 82B)
Class kotlin.collections.AbstractList$Companion                                       : loaded 2 times (x 71B)
Class org.gradle.api.internal.DefaultClassPathProvider                                : loaded 2 times (x 76B)
Class [Lorg.gradle.api.internal.ClassPathProvider;                                    : loaded 2 times (x 69B)
Class org.gradle.api.internal.ClassPathProvider                                       : loaded 2 times (x 70B)
Class org.gradle.internal.service.UnknownServiceException                             : loaded 2 times (x 83B)
Class ijInit1_97caycaw9ryb8rcjt5oo4ipv2                                               : loaded 2 times (x 171B)
Class org.gradle.internal.classpath.TransformedClassPath                              : loaded 2 times (x 96B)
Class org.gradle.internal.classloader.InstrumentingClassLoader                        : loaded 2 times (x 70B)
Class com.google.common.collect.Iterators$ArrayItr                                    : loaded 2 times (x 97B)
Class kotlin.enums.EnumEntriesList                                                    : loaded 2 times (x 223B)
Class com.google.common.collect.UnmodifiableIterator                                  : loaded 2 times (x 80B)
Class org.gradle.internal.service.ServiceLocator                                      : loaded 2 times (x 70B)
Class com.google.common.collect.Iterators$SingletonIterator                           : loaded 2 times (x 81B)
Class com.google.common.collect.Iterators                                             : loaded 2 times (x 71B)
Class com.google.common.collect.Lists$StringAsImmutableList                           : loaded 2 times (x 207B)
Class org.gradle.internal.time.DefaultTimer                                           : loaded 2 times (x 80B)
Class org.gradle.api.internal.classpath.DefaultModuleRegistry$DefaultModule           : loaded 2 times (x 82B)
Class com.google.common.collect.AbstractIterator                                      : loaded 2 times (x 82B)
Class com.google.common.collect.AbstractIndexedListIterator                           : loaded 2 times (x 96B)
Class org.gradle.internal.time.DefaultCountdownTimer                                  : loaded 2 times (x 88B)
Class org.gradle.api.internal.classpath.Module                                        : loaded 2 times (x 70B)
Class org.gradle.api.internal.classpath.UnknownModuleException                        : loaded 2 times (x 82B)
Class org.gradle.api.internal.DefaultClassPathRegistry                                : loaded 2 times (x 76B)
Class org.gradle.internal.classpath.DefaultClassPath$ImmutableUniqueList              : loaded 2 times (x 199B)
Class org.gradle.api.internal.ClassPathRegistry                                       : loaded 2 times (x 70B)
Class org.gradle.internal.classpath.ClassPath                                         : loaded 2 times (x 70B)
Class org.gradle.api.internal.classpath.DefaultModuleRegistry$DefaultModuleAlias      : loaded 2 times (x 80B)
Class com.google.common.collect.Iterators$1                                           : loaded 2 times (x 81B)
Class org.gradle.tooling.model.Model                                                  : loaded 2 times (x 70B)
Class org.gradle.internal.classloader.ClassLoaderHierarchy                            : loaded 2 times (x 70B)
Class com.google.common.collect.Iterators$4                                           : loaded 2 times (x 82B)
Class org.gradle.api.internal.classpath.ModuleRegistry                                : loaded 2 times (x 70B)
Class org.gradle.internal.installation.GradleInstallation$1                           : loaded 2 times (x 75B)
Class com.google.common.collect.Iterators$5                                           : loaded 2 times (x 82B)
Class com.google.common.collect.ImmutableCollection                                   : loaded 2 times (x 125B)
Class org.gradle.api.internal.classpath.DefaultModuleRegistry                         : loaded 2 times (x 84B)
Class com.google.common.collect.Lists                                                 : loaded 2 times (x 71B)
Class com.google.common.collect.Iterators$9                                           : loaded 2 times (x 81B)
Class org.gradle.internal.time.MonotonicClock                                         : loaded 2 times (x 77B)
Class org.gradle.internal.service.ServiceLookupException                              : loaded 2 times (x 82B)
Class sync_studio_tooling5_zmw9nq4kb4csou2967yib65m                                   : loaded 2 times (x 171B)
Class org.gradle.internal.classloader.ClassLoaderFactory                              : loaded 2 times (x 70B)
Class org.gradle.internal.service.CachingServiceLocator                               : loaded 2 times (x 82B)
Class org.gradle.internal.time.TimeSource                                             : loaded 2 times (x 70B)
Class kotlin.enums.EnumEntries                                                        : loaded 2 times (x 70B)
Class org.gradle.internal.exceptions.ResolutionProvider                               : loaded 2 times (x 70B)
Class org.gradle.internal.classloader.ClasspathUtil                                   : loaded 2 times (x 71B)
Class org.gradle.internal.time.TimeSource$1                                           : loaded 2 times (x 77B)
Class kotlin.jvm.internal.DefaultConstructorMarker                                    : loaded 2 times (x 71B)
Class org.gradle.api.specs.Spec                                                       : loaded 2 times (x 70B)
Class org.gradle.internal.time.Clock                                                  : loaded 2 times (x 70B)
Class kotlin.collections.AbstractList                                                 : loaded 2 times (x 197B)
Class kotlin.collections.AbstractCollection                                           : loaded 2 times (x 117B)
Class org.gradle.internal.classloader.VisitableURLClassLoader$InstrumentingVisitableURLClassLoader: loaded 2 times (x 123B)
Class org.gradle.internal.classloader.VisitableURLClassLoader$Spec                    : loaded 2 times (x 74B)
Class org.gradle.internal.classpath.DefaultClassPath                                  : loaded 2 times (x 90B)
Class org.gradle.util.internal.DefaultGradleVersion                                   : loaded 2 times (x 82B)
Class org.gradle.internal.classloader.ClassLoaderSpec                                 : loaded 2 times (x 71B)
Class org.gradle.api.internal.classpath.Module$ModuleAlias                            : loaded 2 times (x 70B)
Class org.gradle.internal.classloader.VisitableURLClassLoader                         : loaded 2 times (x 117B)
Class org.gradle.internal.classloader.FilteringClassLoader                            : loaded 2 times (x 105B)
Class org.gradle.internal.Cast                                                        : loaded 2 times (x 71B)
Class org.gradle.internal.classpath.DefaultClassPath$ImmutableUniqueList$Builder      : loaded 2 times (x 75B)
Class kotlin.UninitializedPropertyAccessException                                     : loaded 2 times (x 82B)
Class org.gradle.internal.exceptions.NonGradleCauseExceptionsHolder                   : loaded 2 times (x 70B)
Class ijInit1_97caycaw9ryb8rcjt5oo4ipv2$_run_closure1                                 : loaded 2 times (x 140B)
Class kotlin.NotImplementedError                                                      : loaded 2 times (x 82B)
Class kotlin.enums.EnumEntriesKt                                                      : loaded 2 times (x 71B)
Class org.gradle.internal.exceptions.MultiCauseException                              : loaded 2 times (x 70B)
Class org.gradle.internal.time.CountdownTimer                                         : loaded 2 times (x 70B)
Class kotlin.jvm.internal.Intrinsics                                                  : loaded 2 times (x 71B)
Class org.gradle.tooling.model.ProjectModel                                           : loaded 2 times (x 70B)
Class kotlin.KotlinNullPointerException                                               : loaded 2 times (x 83B)
Class org.gradle.internal.exceptions.DefaultMultiCauseException                       : loaded 2 times (x 95B)
Class com.google.common.base.Preconditions                                            : loaded 2 times (x 71B)
Class com.google.common.collect.PeekingIterator                                       : loaded 2 times (x 70B)
Class org.gradle.internal.time.Time                                                   : loaded 2 times (x 71B)
Class kotlin.NoWhenBranchMatchedException                                             : loaded 2 times (x 82B)
Class org.gradle.internal.time.Timer                                                  : loaded 2 times (x 70B)
Class kotlin.jvm.internal.markers.KMappedMarker                                       : loaded 2 times (x 70B)
Class org.gradle.internal.installation.CurrentGradleInstallationLocator               : loaded 2 times (x 71B)
Class com.google.common.collect.ImmutableList                                         : loaded 2 times (x 206B)
Class org.gradle.internal.service.DefaultServiceLocator                               : loaded 2 times (x 83B)
Class org.gradle.util.GradleVersion                                                   : loaded 2 times (x 81B)
Class org.gradle.internal.installation.CurrentGradleInstallation                      : loaded 2 times (x 73B)
Class sync_studio_tooling5_zmw9nq4kb4csou2967yib65m$_run_closure1                     : loaded 2 times (x 139B)
Class org.gradle.util.internal.GUtil                                                  : loaded 2 times (x 71B)
Class com.google.common.collect.Iterators$MergingIterator                             : loaded 2 times (x 81B)
Class org.gradle.internal.installation.GradleInstallation                             : loaded 2 times (x 75B)

---------------  S Y S T E M  ---------------

OS:
 Windows 11 , 64 bit Build 26100 (10.0.26100.8737)
OS uptime: 0 days 21:00 hours

CPU: total 8 (initial active 8) (4 cores per cpu, 2 threads per core) family 6 model 140 stepping 1 microcode 0x8a, cx8, cmov, fxsr, ht, mmx, 3dnowpref, sse, sse2, sse3, ssse3, sse4.1, sse4.2, popcnt, lzcnt, tsc, tscinvbit, avx, avx2, aes, erms, clmul, bmi1, bmi2, adx, avx512f, avx512dq, avx512cd, avx512bw, avx512vl, sha, fma, vzeroupper, avx512_vpopcntdq, avx512_vpclmulqdq, avx512_vaes, avx512_vnni, clflush, clflushopt, clwb, avx512_vbmi2, avx512_vbmi, rdtscp, rdpid, fsrm, gfni, avx512_bitalg, f16c, pku, cet_ibt, cet_ss, avx512_ifma
Processor Information for processor 0
  Max Mhz: 2419, Current Mhz: 2419, Mhz Limit: 2419
Processor Information for processor 1
  Max Mhz: 2419, Current Mhz: 2419, Mhz Limit: 2419
Processor Information for processor 2
  Max Mhz: 2419, Current Mhz: 2419, Mhz Limit: 2419
Processor Information for processor 3
  Max Mhz: 2419, Current Mhz: 2419, Mhz Limit: 2419
Processor Information for processor 4
  Max Mhz: 2419, Current Mhz: 2419, Mhz Limit: 2419
Processor Information for processor 5
  Max Mhz: 2419, Current Mhz: 1209, Mhz Limit: 2419
Processor Information for processor 6
  Max Mhz: 2419, Current Mhz: 2419, Mhz Limit: 2419
Processor Information for processor 7
  Max Mhz: 2419, Current Mhz: 1209, Mhz Limit: 2419

Memory: 4k page, system-wide physical 3895M (389M free)
TotalPageFile size 15671M (AvailPageFile size 43M)
current process WorkingSet (physical memory assigned to process): 378M, peak: 420M
current process commit charge ("private bytes"): 700M, peak: 1151M

vm_info: OpenJDK 64-Bit Server VM (21.0.10+-14961533-b1163.108) for windows-amd64 JRE (21.0.10+-14961533-b1163.108), built on 2026-03-02T19:58:50Z by "builder" with MS VC++ 16.10 / 16.11 (VS2019)

END.
