#
# There is insufficient memory for the Java Runtime Environment to continue.
# Native memory allocation (mmap) failed to map 188743680 bytes. Error detail: G1 virtual space
# Possible reasons:
#   The system is out of physical RAM or swap space
#   This process is running with CompressedOops enabled, and the Java Heap may be blocking the growth of the native heap
# Possible solutions:
#   Reduce memory load on the system
#   Increase physical memory or swap space
#   Check if swap backing store is full
#   Decrease Java heap size (-Xmx/-Xms)
#   Decrease number of Java threads
#   Decrease Java thread stack sizes (-Xss)
#   Set larger code cache with -XX:ReservedCodeCacheSize=
#   JVM is running with Zero Based Compressed Oops mode in which the Java heap is
#     placed in the first 32GB address space. The Java Heap base address is the
#     maximum limit for the native heap growth. Please use -XX:HeapBaseMinAddress
#     to set the Java Heap base and to place the Java Heap above 32GB virtual address.
# This output file may be truncated or incomplete.
#
#  Out of Memory Error (os_windows.cpp:3583), pid=15384, tid=3024
#
# JRE version: Java(TM) SE Runtime Environment (26.0.1+8) (build 26.0.1+8-34)
# Java VM: Java HotSpot(TM) 64-Bit Server VM (26.0.1+8-34, mixed mode, sharing, tiered, compressed oops, compressed class ptrs, g1 gc, windows-amd64)
# No core dump will be written. Minidumps are not enabled by default on client versions of Windows
#

---------------  S U M M A R Y ------------

Command Line: --add-opens=java.base/java.lang=ALL-UNNAMED --add-opens=java.base/java.lang.invoke=ALL-UNNAMED --add-opens=java.base/java.util=ALL-UNNAMED --add-opens=java.prefs/java.util.prefs=ALL-UNNAMED --add-exports=jdk.compiler/com.sun.tools.javac.api=ALL-UNNAMED --add-exports=jdk.compiler/com.sun.tools.javac.util=ALL-UNNAMED --add-opens=java.base/java.util=ALL-UNNAMED --add-opens=java.prefs/java.util.prefs=ALL-UNNAMED --add-opens=java.base/java.nio.charset=ALL-UNNAMED --add-opens=java.base/java.net=ALL-UNNAMED --add-opens=java.base/java.util.concurrent=ALL-UNNAMED --add-opens=java.base/java.util.concurrent.atomic=ALL-UNNAMED --add-opens=java.xml/javax.xml.namespace=ALL-UNNAMED --add-opens=java.base/java.time=ALL-UNNAMED --enable-native-access=ALL-UNNAMED -XX:MaxMetaspaceSize=512m -XX:+HeapDumpOnOutOfMemoryError -Xmx4096m -Dfile.encoding=UTF-8 -Duser.country=US -Duser.language=en -Duser.variant -javaagent:C:\Users\lenovo\.gradle\wrapper\dists\gradle-9.4.1-bin\arn2x92ynaizyzdaamcbpbhtj\gradle-9.4.1\lib\agents\gradle-instrumentation-agent-9.4.1.jar org.gradle.launcher.daemon.bootstrap.GradleDaemon 9.4.1

Host: 11th Gen Intel(R) Core(TM) i5-1135G7 @ 2.40GHz, 8 cores, 3G,  Windows 11 , 64 bit Build 26100 (10.0.26100.8737)
Time: Tue Jul 14 12:55:48 2026 E. Africa Standard Time elapsed time: 75.887573 seconds (0d 0h 1m 15s)

---------------  T H R E A D  ---------------

Current thread (0x00000250ffefaef0):  VMThread "VM Thread"          [id=3024, stack(0x000000b552a00000,0x000000b552b00000) (1024K)]

Stack: [0x000000b552a00000,0x000000b552b00000]
Native frames: (J=compiled Java code, j=interpreted, Vv=VM code, C=native code)
V  [jvm.dll+0x7d5879]  (no source info available)
V  [jvm.dll+0x7a37dd]  (no source info available)
V  [jvm.dll+0x9b0c10]  (no source info available)
V  [jvm.dll+0x9b3061]  (no source info available)
V  [jvm.dll+0x9b3773]  (no source info available)
V  [jvm.dll+0x30df76]  (no source info available)
V  [jvm.dll+0x7d4d45]  (no source info available)
V  [jvm.dll+0x7c7f07]  (no source info available)
V  [jvm.dll+0x4087e8]  (no source info available)
V  [jvm.dll+0x410b56]  (no source info available)
V  [jvm.dll+0x3fcef4]  (no source info available)
V  [jvm.dll+0x3fd1e5]  (no source info available)
V  [jvm.dll+0x3d3b6f]  (no source info available)
V  [jvm.dll+0x3d6ddc]  (no source info available)
V  [jvm.dll+0x4223ec]  (no source info available)
V  [jvm.dll+0x420d33]  (no source info available)
V  [jvm.dll+0x3d3308]  (no source info available)
V  [jvm.dll+0x4200f3]  (no source info available)
V  [jvm.dll+0x9b9c21]  (no source info available)
V  [jvm.dll+0x9babeb]  (no source info available)
V  [jvm.dll+0x9bb0fc]  (no source info available)
V  [jvm.dll+0x9bb579]  (no source info available)
V  [jvm.dll+0x9bb823]  (no source info available)
V  [jvm.dll+0x94f649]  (no source info available)
V  [jvm.dll+0x7d7358]  (no source info available)
C  [ucrtbase.dll+0x2cd30]  (no source info available)
C  [KERNEL32.DLL+0x2e957]  (no source info available)
C  [ntdll.dll+0xaad6c]  (no source info available)

VM_Operation (0x000000b5543f6178): G1CollectForAllocation, mode: safepoint, requested by thread 0x0000025095a87d10


---------------  P R O C E S S  ---------------

Threads class SMR info:
_java_thread_list=0x0000025095247fa0, length=34, elements={
0x00000250eec21a30, 0x00000250fff10760, 0x00000250fff10f10, 0x00000250fff1a560,
0x00000250fff1ed20, 0x00000250fff217f0, 0x00000250fff22c40, 0x00000250fff26f00,
0x00000250fff2ec50, 0x000002508f1fa160, 0x000002508f24ec90, 0x00000250942be420,
0x000002509539e950, 0x0000025095334050, 0x00000250955bcc50, 0x000002509567ef20,
0x0000025095a81f50, 0x0000025095a86d70, 0x0000025095a87d10, 0x0000025095a884e0,
0x000002508fb59790, 0x000002508fb587f0, 0x000002508fb58fc0, 0x000002508fb5af00,
0x000002508fb5bea0, 0x000002509550ab60, 0x000002509550a390, 0x0000025095508c20,
0x00000250955093f0, 0x000002509550bb00, 0x000002509550c2d0, 0x000002509550f1b0,
0x000002509550caa0, 0x000002509518dee0
}

Java Threads: ( => current thread )
  0x00000250eec21a30 JavaThread "main"                              [_thread_blocked, id=7852, stack(0x000000b552200000,0x000000b552300000) (1024K)]
  0x00000250fff10760 JavaThread "Reference Handler"          daemon [_thread_blocked, id=12460, stack(0x000000b552b00000,0x000000b552c00000) (1024K)]
  0x00000250fff10f10 JavaThread "Finalizer"                  daemon [_thread_blocked, id=564, stack(0x000000b552c00000,0x000000b552d00000) (1024K)]
  0x00000250fff1a560 JavaThread "Signal Dispatcher"          daemon [_thread_blocked, id=16128, stack(0x000000b552d00000,0x000000b552e00000) (1024K)]
  0x00000250fff1ed20 JavaThread "Attach Listener"            daemon [_thread_blocked, id=11464, stack(0x000000b552e00000,0x000000b552f00000) (1024K)]
  0x00000250fff217f0 JavaThread "Service Thread"             daemon [_thread_blocked, id=15980, stack(0x000000b552f00000,0x000000b553000000) (1024K)]
  0x00000250fff22c40 JavaThread "Monitor Deflation Thread"   daemon [_thread_blocked, id=14236, stack(0x000000b553000000,0x000000b553100000) (1024K)]
  0x00000250fff26f00 JavaThread "C2 CompilerThread0"         daemon [_thread_blocked, id=16216, stack(0x000000b553100000,0x000000b553200000) (1024K)]
  0x00000250fff2ec50 JavaThread "C1 CompilerThread0"         daemon [_thread_blocked, id=5024, stack(0x000000b553200000,0x000000b553300000) (1024K)]
  0x000002508f1fa160 JavaThread "Common-Cleaner"             daemon [_thread_blocked, id=11680, stack(0x000000b553300000,0x000000b553400000) (1024K)]
  0x000002508f24ec90 JavaThread "Notification Thread"        daemon [_thread_blocked, id=13264, stack(0x000000b553400000,0x000000b553500000) (1024K)]
  0x00000250942be420 JavaThread "Daemon health stats"               [_thread_blocked, id=8744, stack(0x000000b553600000,0x000000b553700000) (1024K)]
  0x000002509539e950 JavaThread "Incoming local TCP Connector on port 52219"        [_thread_in_native, id=4080, stack(0x000000b553700000,0x000000b553800000) (1024K)]
  0x0000025095334050 JavaThread "Daemon periodic checks"            [_thread_blocked, id=6008, stack(0x000000b553800000,0x000000b553900000) (1024K)]
  0x00000250955bcc50 JavaThread "InnocuousThread-1"          daemon [_thread_blocked, id=13688, stack(0x000000b553900000,0x000000b553a00000) (1024K)]
  0x000002509567ef20 JavaThread "Daemon"                            [_thread_blocked, id=5068, stack(0x000000b553a00000,0x000000b553b00000) (1024K)]
  0x0000025095a81f50 JavaThread "Handler for socket connection from /127.0.0.1:52219 to /127.0.0.1:52220"        [_thread_in_native, id=13104, stack(0x000000b553b00000,0x000000b553c00000) (1024K)]
  0x0000025095a86d70 JavaThread "Cancel handler"                    [_thread_blocked, id=3244, stack(0x000000b554200000,0x000000b554300000) (1024K)]
  0x0000025095a87d10 JavaThread "Daemon worker"                     [_thread_blocked, id=9684, stack(0x000000b554300000,0x000000b554400000) (1024K)]
  0x0000025095a884e0 JavaThread "Asynchronous log dispatcher for DefaultDaemonConnection: socket connection from /127.0.0.1:52219 to /127.0.0.1:52220"        [_thread_blocked, id=9224, stack(0x000000b554400000,0x000000b554500000) (1024K)]
  0x000002508fb59790 JavaThread "Stdin handler"                     [_thread_blocked, id=572, stack(0x000000b554500000,0x000000b554600000) (1024K)]
  0x000002508fb587f0 JavaThread "Daemon client event forwarder"        [_thread_blocked, id=12792, stack(0x000000b554600000,0x000000b554700000) (1024K)]
  0x000002508fb58fc0 JavaThread "Cache worker for journal cache (C:\Users\lenovo\.gradle\caches\journal-1)"        [_thread_blocked, id=7284, stack(0x000000b554700000,0x000000b554800000) (1024K)]
  0x000002508fb5af00 JavaThread "File lock request listener"        [_thread_in_native, id=9084, stack(0x000000b554800000,0x000000b554900000) (1024K)]
  0x000002508fb5bea0 JavaThread "Cache worker for file hash cache (C:\Users\lenovo\.gradle\caches\9.4.1\fileHashes)"        [_thread_blocked, id=10368, stack(0x000000b554900000,0x000000b554a00000) (1024K)]
  0x000002509550ab60 JavaThread "Cache worker for file hash cache (C:\Users\lenovo\Projects\Transport simulation\TransportsimAndroid\.gradle\9.4.1\fileHashes)"        [_thread_blocked, id=15452, stack(0x000000b554b00000,0x000000b554c00000) (1024K)]
  0x000002509550a390 JavaThread "Cache worker for Build Output Cleanup Cache (C:\Users\lenovo\Projects\Transport simulation\TransportsimAndroid\.gradle\buildOutputCleanup)"        [_thread_blocked, id=2072, stack(0x000000b554c00000,0x000000b554d00000) (1024K)]
  0x0000025095508c20 JavaThread "File watcher server"        daemon [_thread_in_native, id=10660, stack(0x000000b554d00000,0x000000b554e00000) (1024K)]
  0x00000250955093f0 JavaThread "File watcher consumer"      daemon [_thread_blocked, id=14456, stack(0x000000b554e00000,0x000000b554f00000) (1024K)]
  0x000002509550bb00 JavaThread "Cache worker for file content cache (C:\Users\lenovo\.gradle\caches\9.4.1\fileContent)"        [_thread_blocked, id=10252, stack(0x000000b554f00000,0x000000b555000000) (1024K)]
  0x000002509550c2d0 JavaThread "Cache worker for checksums cache (C:\Users\lenovo\Projects\Transport simulation\TransportsimAndroid\.gradle\9.4.1\checksums)"        [_thread_blocked, id=1868, stack(0x000000b555000000,0x000000b555100000) (1024K)]
  0x000002509550f1b0 JavaThread "Cache worker for cache directory md-supplier (C:\Users\lenovo\.gradle\caches\9.4.1\md-supplier)"        [_thread_blocked, id=15152, stack(0x000000b551f00000,0x000000b552000000) (1024K)]
  0x000002509550caa0 JavaThread "Cache worker for cache directory md-rule (C:\Users\lenovo\.gradle\caches\9.4.1\md-rule)"        [_thread_blocked, id=13776, stack(0x000000b552000000,0x000000b552100000) (1024K)]
  0x000002509518dee0 JavaThread "C2 CompilerThread1"         daemon [_thread_blocked, id=11832, stack(0x000000b552100000,0x000000b552200000) (1024K)]
Total: 34

Other Threads:
=>0x00000250ffefaef0 VMThread "VM Thread"                           [id=3024, stack(0x000000b552a00000,0x000000b552b00000) (1024K)]
  0x00000250ffeead70 WatcherThread "VM Periodic Task Thread"        [id=14384, stack(0x000000b552900000,0x000000b552a00000) (1024K)]
  0x00000250eec6f2c0 WorkerThread "GC Thread#0"                     [id=11848, stack(0x000000b552300000,0x000000b552400000) (1024K)]
  0x000002508f28c960 WorkerThread "GC Thread#1"                     [id=16092, stack(0x000000b553500000,0x000000b553600000) (1024K)]
  0x00000250940198e0 WorkerThread "GC Thread#2"                     [id=14824, stack(0x000000b553c00000,0x000000b553d00000) (1024K)]
  0x000002509401aa20 WorkerThread "GC Thread#3"                     [id=7652, stack(0x000000b553d00000,0x000000b553e00000) (1024K)]
  0x0000025094019490 WorkerThread "GC Thread#4"                     [id=16212, stack(0x000000b553e00000,0x000000b553f00000) (1024K)]
  0x000002509401b710 WorkerThread "GC Thread#5"                     [id=14128, stack(0x000000b553f00000,0x000000b554000000) (1024K)]
  0x0000025094019d30 WorkerThread "GC Thread#6"                     [id=14196, stack(0x000000b554000000,0x000000b554100000) (1024K)]
  0x000002509401a180 WorkerThread "GC Thread#7"                     [id=14748, stack(0x000000b554100000,0x000000b554200000) (1024K)]
  0x00000250eec8a7f0 ConcurrentGCThread "G1 Main Marker"            [id=15668, stack(0x000000b552400000,0x000000b552500000) (1024K)]
  0x00000250eec8bb10 WorkerThread "G1 Conc#0"                       [id=2400, stack(0x000000b552500000,0x000000b552600000) (1024K)]
  0x0000025095a63780 WorkerThread "G1 Conc#1"                       [id=13592, stack(0x000000b554a00000,0x000000b554b00000) (1024K)]
  0x00000250eeccb8b0 WorkerThread "G1 Refinement Workers#0"         [id=15144, stack(0x000000b552700000,0x000000b552800000) (1024K)]
  0x00000250eecc6f20 ConcurrentGCThread "G1 Refine Control"         [id=12872, stack(0x000000b552600000,0x000000b552700000) (1024K)]
  0x00000250eecce460 ConcurrentGCThread "G1 Service"                [id=14452, stack(0x000000b552800000,0x000000b552900000) (1024K)]
Total: 16

Threads with active compile tasks:
C2 CompilerThread0  77163 4693       4       org.objectweb.asm.ClassReader::readCode (5117 bytes)
C2 CompilerThread1  77164 4680       4       org.objectweb.asm.MethodVisitor::visitMethodInsn (80 bytes)
Total: 2

VM state: at safepoint (normal execution)

VM Mutex/Monitor currently owned by a thread:  ([mutex/lock_event])
[0x00007ffd96c3ed08] Threads_lock - owner thread: 0x00000250ffefaef0
[0x00007ffd96c3ef88] Heap_lock - owner thread: 0x0000025095a87d10

Heap address: 0x0000000700000000, size: 4096 MB, Compressed Oops mode: Zero based, Oop shift amount: 3

CDS archive(s) mapped at: [0x0000000050000000-0x0000000050de0000-0x0000000050de0000), size 14548992, SharedBaseAddress: 0x0000000050000000, ArchiveRelocationMode: 1.
Compressed class space mapped at: 0x0000000051000000-0x000000006b000000, reserved size: 436207616
UseCompressedClassPointers 1, UseCompactObjectHeaders 0
Narrow klass pointer bits 32, Max shift 3
Narrow klass base: 0x0000000050000000, Narrow klass shift: 0
Encoding Range: [0x0000000050000000 - 0x0000000150000000), (4294967296 bytes)
Klass Range:    [0x0000000050000000 - 0x000000006b000000), (452984832 bytes)
Klass ID Range:  [8 - 452984825) (452984817)
Protection zone: [0x0000000050000000 - 0x0000000050010000), (65536 bytes)

GC Precious Log:
 CardTable entry size: 512
 Card Set container configuration: InlinePtr #cards 4 size 8 Array Of Cards #cards 16 size 48 Howl #buckets 8 coarsen threshold 3686 Howl Bitmap #cards 512 size 80 coarsen threshold 460 Card regions per heap region 1 cards per card region 4096
 CPUs: 8 total, 8 available
 Memory: 3895M
 Large Page Support: Disabled
 NUMA Support: Disabled
 Compressed Oops: Enabled (Zero based)
 Heap Region Size: 2M
 Heap Min Capacity: 8M
 Heap Initial Capacity: 8M
 Heap Max Capacity: 4G
 Pre-touch: Disabled
 Parallel Workers: 8
 Concurrent Workers: 2
 Concurrent Refinement Workers: 8
 Periodic GC: Disabled

Heap:
 garbage-first heap   total reserved 4194304K, committed 92160K, used 32693K [0x0000000700000000, 0x0000000800000000)
  region size 2M, 0 eden (0M), 1 survivor (2M), 14 old (28M), 2 humongous (4M), 28 free (56M)

Heap Regions: E=young(eden), S=young(survivor), O=old, HS=humongous(starts), HC=humongous(continues), CS=collection set, F=free, TAMS=top-at-mark-start, PB=parsable bottom
|    0|0x0000000700000000, 0x0000000700200000, 0x0000000700200000|100%|HS|  |TAMS 0x0000000700000000| PB 0x0000000700000000| Complete  |  0
|    1|0x0000000700200000, 0x0000000700400000, 0x0000000700400000|100%|HC|  |TAMS 0x0000000700200000| PB 0x0000000700200000| Complete  |  0
|    2|0x0000000700400000, 0x0000000700600000, 0x0000000700600000|100%| O|  |TAMS 0x0000000700400000| PB 0x0000000700400000| Untracked |  0
|    3|0x0000000700600000, 0x0000000700800000, 0x0000000700800000|100%| O|  |TAMS 0x0000000700600000| PB 0x0000000700600000| Untracked |  0
|    4|0x0000000700800000, 0x0000000700a00000, 0x0000000700a00000|100%| O|  |TAMS 0x0000000700800000| PB 0x0000000700800000| Untracked |  0
|    5|0x0000000700a00000, 0x0000000700c00000, 0x0000000700c00000|100%| O|  |TAMS 0x0000000700a00000| PB 0x0000000700a00000| Untracked |  0
|    6|0x0000000700c00000, 0x0000000700e00000, 0x0000000700e00000|100%| O|  |TAMS 0x0000000700c00000| PB 0x0000000700c00000| Untracked |  0
|    7|0x0000000700e00000, 0x0000000701000000, 0x0000000701000000|100%| O|  |TAMS 0x0000000700e00000| PB 0x0000000700e00000| Untracked |  0
|    8|0x0000000701000000, 0x0000000701200000, 0x0000000701200000|100%| O|  |TAMS 0x0000000701000000| PB 0x0000000701000000| Untracked |  0
|    9|0x0000000701200000, 0x0000000701400000, 0x0000000701400000|100%| O|  |TAMS 0x0000000701200000| PB 0x0000000701200000| Untracked |  0
|   10|0x0000000701400000, 0x0000000701600000, 0x0000000701600000|100%| O|  |TAMS 0x0000000701400000| PB 0x0000000701400000| Untracked |  0
|   11|0x0000000701600000, 0x0000000701800000, 0x0000000701800000|100%| O|  |TAMS 0x0000000701600000| PB 0x0000000701600000| Untracked |  0
|   12|0x0000000701800000, 0x0000000701a00000, 0x0000000701a00000|100%| O|  |TAMS 0x0000000701800000| PB 0x0000000701800000| Untracked |  0
|   13|0x0000000701a00000, 0x0000000701c00000, 0x0000000701c00000|100%| O|  |TAMS 0x0000000701a00000| PB 0x0000000701a00000| Untracked |  0
|   14|0x0000000701c00000, 0x0000000701e00000, 0x0000000701e00000|100%| O|  |TAMS 0x0000000701c00000| PB 0x0000000701c00000| Untracked |  0
|   15|0x0000000701e00000, 0x0000000701e4f1a0, 0x0000000702000000| 15%| O|  |TAMS 0x0000000701e00000| PB 0x0000000701e00000| Untracked |  0
|   16|0x0000000702000000, 0x0000000702000000, 0x0000000702200000|  0%| F|  |TAMS 0x0000000702000000| PB 0x0000000702000000| Untracked |  0
|   17|0x0000000702200000, 0x0000000702200000, 0x0000000702400000|  0%| F|  |TAMS 0x0000000702200000| PB 0x0000000702200000| Untracked |  0
|   18|0x0000000702400000, 0x0000000702400000, 0x0000000702600000|  0%| F|  |TAMS 0x0000000702400000| PB 0x0000000702400000| Untracked |  0
|   19|0x0000000702600000, 0x0000000702600000, 0x0000000702800000|  0%| F|  |TAMS 0x0000000702600000| PB 0x0000000702600000| Untracked |  0
|   20|0x0000000702800000, 0x0000000702800000, 0x0000000702a00000|  0%| F|  |TAMS 0x0000000702800000| PB 0x0000000702800000| Untracked |  0
|   21|0x0000000702a00000, 0x0000000702b9e2b0, 0x0000000702c00000| 80%| S|CS|TAMS 0x0000000702a00000| PB 0x0000000702a00000| Complete  |  0
|   22|0x0000000702c00000, 0x0000000702c00000, 0x0000000702e00000|  0%| F|  |TAMS 0x0000000702c00000| PB 0x0000000702c00000| Untracked |  0
|   23|0x0000000702e00000, 0x0000000702e00000, 0x0000000703000000|  0%| F|  |TAMS 0x0000000702e00000| PB 0x0000000702e00000| Untracked |  0
|   24|0x0000000703000000, 0x0000000703000000, 0x0000000703200000|  0%| F|  |TAMS 0x0000000703000000| PB 0x0000000703000000| Untracked |  0
|   25|0x0000000703200000, 0x0000000703200000, 0x0000000703400000|  0%| F|  |TAMS 0x0000000703200000| PB 0x0000000703200000| Untracked |  0
|   26|0x0000000703400000, 0x0000000703400000, 0x0000000703600000|  0%| F|  |TAMS 0x0000000703400000| PB 0x0000000703400000| Untracked |  0
|   27|0x0000000703600000, 0x0000000703600000, 0x0000000703800000|  0%| F|  |TAMS 0x0000000703600000| PB 0x0000000703600000| Untracked |  0
|   28|0x0000000703800000, 0x0000000703800000, 0x0000000703a00000|  0%| F|  |TAMS 0x0000000703800000| PB 0x0000000703800000| Untracked |  0
|   29|0x0000000703a00000, 0x0000000703a00000, 0x0000000703c00000|  0%| F|  |TAMS 0x0000000703a00000| PB 0x0000000703a00000| Untracked |  0
|   30|0x0000000703c00000, 0x0000000703c00000, 0x0000000703e00000|  0%| F|  |TAMS 0x0000000703c00000| PB 0x0000000703c00000| Untracked |  0
|   31|0x0000000703e00000, 0x0000000703e00000, 0x0000000704000000|  0%| F|  |TAMS 0x0000000703e00000| PB 0x0000000703e00000| Untracked |  0
|   32|0x0000000704000000, 0x0000000704000000, 0x0000000704200000|  0%| F|  |TAMS 0x0000000704000000| PB 0x0000000704000000| Untracked |  0
|   33|0x0000000704200000, 0x0000000704200000, 0x0000000704400000|  0%| F|  |TAMS 0x0000000704200000| PB 0x0000000704200000| Untracked |  0
|   34|0x0000000704400000, 0x0000000704400000, 0x0000000704600000|  0%| F|  |TAMS 0x0000000704400000| PB 0x0000000704400000| Untracked |  0
|   35|0x0000000704600000, 0x0000000704600000, 0x0000000704800000|  0%| F|  |TAMS 0x0000000704600000| PB 0x0000000704600000| Untracked |  0
|   36|0x0000000704800000, 0x0000000704800000, 0x0000000704a00000|  0%| F|  |TAMS 0x0000000704800000| PB 0x0000000704800000| Untracked |  0
|   37|0x0000000704a00000, 0x0000000704a00000, 0x0000000704c00000|  0%| F|  |TAMS 0x0000000704a00000| PB 0x0000000704a00000| Untracked |  0
|   38|0x0000000704c00000, 0x0000000704c00000, 0x0000000704e00000|  0%| F|  |TAMS 0x0000000704c00000| PB 0x0000000704c00000| Untracked |  0
|   39|0x0000000704e00000, 0x0000000704e00000, 0x0000000705000000|  0%| F|  |TAMS 0x0000000704e00000| PB 0x0000000704e00000| Untracked |  0
|   40|0x0000000705000000, 0x0000000705000000, 0x0000000705200000|  0%| F|  |TAMS 0x0000000705000000| PB 0x0000000705000000| Untracked |  0
|   41|0x0000000705200000, 0x0000000705200000, 0x0000000705400000|  0%| F|  |TAMS 0x0000000705200000| PB 0x0000000705200000| Untracked |  0
|   42|0x0000000705400000, 0x0000000705400000, 0x0000000705600000|  0%| F|  |TAMS 0x0000000705400000| PB 0x0000000705400000| Untracked |  0
|   43|0x0000000705600000, 0x0000000705600000, 0x0000000705800000|  0%| F|  |TAMS 0x0000000705600000| PB 0x0000000705600000| Untracked |  0
| 2047|0x00000007ffe00000, 0x00000007ffe00000, 0x0000000800000000|  0%| F|  |TAMS 0x00000007ffe00000| PB 0x00000007ffe00000| Untracked |  0

Card table byte_map: [0x00000250f8d00000,0x00000250f9500000] _byte_map_base: 0x00000250f5500000
Refinement table byte_map: [0x00000250f8500000,0x00000250f8d00000] _byte_map_base: 0x00000250f4d00000

Marking Bits: (CMBitMap*) 0x00000250eec6fa40
 Bits: [0x00000250f9500000, 0x00000250fd500000)

Polling page: 0x00000250ecad0000

Metaspace:
Metaspace        used 36713K, committed 38080K, reserved 491520K
 class space     used 5369K, committed 6016K, reserved 425984K

Usage:
  Non-class:     30.61 MB used.
      Class:      5.24 MB used.
       Both:     35.85 MB used.

Virtual space:
  Non-class space:       64.00 MB reserved,      31.31 MB ( 49%) committed,  1 nodes.
      Class space:      416.00 MB reserved,       5.88 MB (  1%) committed,  1 nodes.
             Both:      480.00 MB reserved,      37.19 MB (  8%) committed. 

Chunk freelists:
   Non-Class:  720.00 KB
       Class:  10.14 MB
        Both:  10.84 MB

MaxMetaspaceSize: 512.00 MB
CompressedClassSpaceSize: 416.00 MB
Initial GC threshold: 21.00 MB
Current GC threshold: 59.06 MB
CDS: on
 - commit_granule_bytes: 65536.
 - commit_granule_words: 8192.
 - virtual_space_node_default_size: 8388608.
 - enlarge_chunks_in_place: 1.
UseCompressedClassPointers 1, UseCompactObjectHeaders 0
Narrow klass pointer bits 32, Max shift 3
Narrow klass base: 0x0000000050000000, Narrow klass shift: 0
Encoding Range: [0x0000000050000000 - 0x0000000150000000), (4294967296 bytes)
Klass Range:    [0x0000000050000000 - 0x000000006b000000), (452984832 bytes)
Klass ID Range:  [8 - 452984825) (452984817)
Protection zone: [0x0000000050000000 - 0x0000000050010000), (65536 bytes)


Internal statistics:

num_allocs_failed_limit: 6.
num_arena_births: 2466.
num_arena_deaths: 0.
num_vsnodes_births: 2.
num_vsnodes_deaths: 0.
num_space_committed: 595.
num_space_uncommitted: 0.
num_chunks_returned_to_freelist: 6.
num_chunks_taken_from_freelist: 4100.
num_chunk_merges: 6.
num_chunk_splits: 2719.
num_chunks_enlarged: 1738.
num_inconsistent_stats: 0.

CodeHeap 'non-profiled nmethods': size=120064Kb used=1542Kb max_used=1542Kb free=118521Kb
 bounds [0x0000025087ae0000, 0x0000025087d50000, 0x000002508f020000]
CodeHeap 'profiled nmethods': size=120064Kb used=6901Kb max_used=6901Kb free=113162Kb
 bounds [0x0000025080000000, 0x00000250806c0000, 0x0000025087540000]
CodeHeap 'non-nmethods': size=5760Kb used=2060Kb max_used=2191Kb free=3699Kb
 bounds [0x0000025087540000, 0x00000250877b0000, 0x0000025087ae0000]
CodeCache: size=245888Kb, used=10503Kb, max_used=10634Kb, free=235382Kb
 total_blobs=5080, nmethods=4348, adapters=636, full_count=0
Compilation: enabled, stopped_count=0, restarted_count=0

Compilation events (20 events):
Event: 74.973 Thread 0x00000250fff2ec50 4813       2       org.objectweb.asm.SymbolTable::addBootstrapMethod (144 bytes)
Event: 74.979 Thread 0x00000250fff2ec50 nmethod 4813 0x00000250806ba508 code [0x00000250806ba600, 0x00000250806ba9d0]
Event: 75.090 Thread 0x00000250fff2ec50 4815       2       org.objectweb.asm.SymbolTable::addConstantDynamicOrInvokeDynamicReference (140 bytes)
Event: 75.100 Thread 0x00000250fff2ec50 nmethod 4815 0x00000250806baa08 code [0x00000250806bab00, 0x00000250806bafc8]
Event: 75.100 Thread 0x00000250fff2ec50 4816       2       org.objectweb.asm.SymbolTable::hash (19 bytes)
Event: 75.102 Thread 0x00000250fff2ec50 nmethod 4816 0x00000250806bb008 code [0x00000250806bb100, 0x00000250806bb250]
Event: 75.223 Thread 0x00000250fff2ec50 4817       2       org.objectweb.asm.commons.MethodRemapper::createAnnotationRemapper (18 bytes)
Event: 75.226 Thread 0x00000250fff2ec50 nmethod 4817 0x00000250806bb308 code [0x00000250806bb400, 0x00000250806bb628]
Event: 75.337 Thread 0x00000250fff2ec50 4818       2       java.lang.Long::reverseBytes (46 bytes)
Event: 75.338 Thread 0x00000250fff2ec50 nmethod 4818 0x00000250806bb688 code [0x00000250806bb780, 0x00000250806bb8b8]
Event: 75.339 Thread 0x00000250fff2ec50 4819       2       java.lang.Long::valueOf (40 bytes)
Event: 75.341 Thread 0x00000250fff2ec50 nmethod 4819 0x00000250806bb988 code [0x00000250806bba80, 0x00000250806bbc30]
Event: 75.352 Thread 0x00000250fff2ec50 4820       2       org.objectweb.asm.AnnotationWriter::create (50 bytes)
Event: 75.357 Thread 0x00000250fff2ec50 nmethod 4820 0x00000250806bbc88 code [0x00000250806bbd80, 0x00000250806bc150]
Event: 75.357 Thread 0x00000250fff2ec50 4821       2       org.objectweb.asm.TypeReference::putTarget (385 bytes)
Event: 75.361 Thread 0x00000250fff2ec50 nmethod 4821 0x00000250806bc188 code [0x00000250806bc280, 0x00000250806bc5c8]
Event: 75.433 Thread 0x00000250fff2ec50 4823       1       java.util.stream.FindOps$FindOp::getOpFlags (5 bytes)
Event: 75.434 Thread 0x00000250fff2ec50 nmethod 4823 0x0000025087c61788 code [0x0000025087c61880, 0x0000025087c61938]
Event: 75.589 Thread 0x00000250fff2ec50 4824       2       org.objectweb.asm.ClassReader::readTypeAnnotationTarget (596 bytes)
Event: 75.603 Thread 0x00000250fff2ec50 nmethod 4824 0x00000250806bc608 code [0x00000250806bc700, 0x00000250806bd5c0]

GC Heap Usage History (20 events):
Event: 17.046 {heap After GC invocations=9 (full 0):
 garbage-first heap   total reserved 4194304K, committed 92160K, used 17121K [0x0000000700000000, 0x0000000800000000)
  region size 2M, 0 eden (0M), 1 survivor (2M), 6 old (12M), 2 humongous (4M), 36 free (72M)
}
Event: 27.267 {heap Before GC invocations=9 (full 0):
 garbage-first heap   total reserved 4194304K, committed 92160K, used 51937K [0x0000000700000000, 0x0000000800000000)
  region size 2M, 17 eden (34M), 1 survivor (2M), 6 old (12M), 2 humongous (4M), 19 free (38M)
}
Event: 27.343 {heap After GC invocations=10 (full 0):
 garbage-first heap   total reserved 4194304K, committed 92160K, used 20803K [0x0000000700000000, 0x0000000800000000)
  region size 2M, 0 eden (0M), 3 survivor (6M), 6 old (12M), 2 humongous (4M), 34 free (68M)
}
Event: 36.275 {heap Before GC invocations=10 (full 0):
 garbage-first heap   total reserved 4194304K, committed 92160K, used 43331K [0x0000000700000000, 0x0000000800000000)
  region size 2M, 11 eden (22M), 3 survivor (6M), 6 old (12M), 2 humongous (4M), 23 free (46M)
}
Event: 36.330 {heap After GC invocations=11 (full 0):
 garbage-first heap   total reserved 4194304K, committed 92160K, used 21989K [0x0000000700000000, 0x0000000800000000)
  region size 2M, 0 eden (0M), 1 survivor (2M), 9 old (18M), 2 humongous (4M), 33 free (66M)
}
Event: 43.729 {heap Before GC invocations=11 (full 0):
 garbage-first heap   total reserved 4194304K, committed 92160K, used 56805K [0x0000000700000000, 0x0000000800000000)
  region size 2M, 17 eden (34M), 1 survivor (2M), 9 old (18M), 2 humongous (4M), 16 free (32M)
}
Event: 43.769 {heap After GC invocations=12 (full 0):
 garbage-first heap   total reserved 4194304K, committed 92160K, used 24046K [0x0000000700000000, 0x0000000800000000)
  region size 2M, 0 eden (0M), 2 survivor (4M), 9 old (18M), 2 humongous (4M), 32 free (64M)
}
Event: 45.268 {heap Before GC invocations=12 (full 0):
 garbage-first heap   total reserved 4194304K, committed 92160K, used 32238K [0x0000000700000000, 0x0000000800000000)
  region size 2M, 6 eden (12M), 2 survivor (4M), 9 old (18M), 2 humongous (4M), 26 free (52M)
}
Event: 45.318 {heap After GC invocations=13 (full 0):
 garbage-first heap   total reserved 4194304K, committed 92160K, used 24627K [0x0000000700000000, 0x0000000800000000)
  region size 2M, 0 eden (0M), 2 survivor (4M), 9 old (18M), 2 humongous (4M), 32 free (64M)
}
Event: 53.925 {heap Before GC invocations=14 (full 0):
 garbage-first heap   total reserved 4194304K, committed 92160K, used 65587K [0x0000000700000000, 0x0000000800000000)
  region size 2M, 20 eden (40M), 2 survivor (4M), 9 old (18M), 2 humongous (4M), 12 free (24M)
}
Event: 54.054 {heap After GC invocations=15 (full 0):
 garbage-first heap   total reserved 4194304K, committed 92160K, used 26868K [0x0000000700000000, 0x0000000800000000)
  region size 2M, 0 eden (0M), 3 survivor (6M), 10 old (20M), 2 humongous (4M), 30 free (60M)
}
Event: 61.815 {heap Before GC invocations=15 (full 0):
 garbage-first heap   total reserved 4194304K, committed 92160K, used 67828K [0x0000000700000000, 0x0000000800000000)
  region size 2M, 21 eden (42M), 3 survivor (6M), 10 old (20M), 2 humongous (4M), 9 free (18M)
}
Event: 62.121 {heap After GC invocations=16 (full 0):
 garbage-first heap   total reserved 4194304K, committed 92160K, used 28261K [0x0000000700000000, 0x0000000800000000)
  region size 2M, 0 eden (0M), 3 survivor (6M), 10 old (20M), 2 humongous (4M), 30 free (60M)
}
Event: 67.111 {heap Before GC invocations=16 (full 0):
 garbage-first heap   total reserved 4194304K, committed 92160K, used 58981K [0x0000000700000000, 0x0000000800000000)
  region size 2M, 16 eden (32M), 3 survivor (6M), 10 old (20M), 2 humongous (4M), 14 free (28M)
}
Event: 67.175 {heap After GC invocations=17 (full 0):
 garbage-first heap   total reserved 4194304K, committed 92160K, used 31554K [0x0000000700000000, 0x0000000800000000)
  region size 2M, 0 eden (0M), 4 survivor (8M), 11 old (22M), 2 humongous (4M), 28 free (56M)
}
Event: 70.524 {heap Before GC invocations=18 (full 0):
 garbage-first heap   total reserved 4194304K, committed 92160K, used 62274K [0x0000000700000000, 0x0000000800000000)
  region size 2M, 15 eden (30M), 4 survivor (8M), 11 old (22M), 2 humongous (4M), 13 free (26M)
}
Event: 70.613 {heap After GC invocations=19 (full 0):
 garbage-first heap   total reserved 4194304K, committed 92160K, used 32071K [0x0000000700000000, 0x0000000800000000)
  region size 2M, 0 eden (0M), 2 survivor (4M), 13 old (26M), 2 humongous (4M), 28 free (56M)
}
Event: 73.459 {heap Before GC invocations=19 (full 0):
 garbage-first heap   total reserved 4194304K, committed 92160K, used 77127K [0x0000000700000000, 0x0000000800000000)
  region size 2M, 22 eden (44M), 2 survivor (4M), 13 old (26M), 2 humongous (4M), 6 free (12M)
}
Event: 73.555 {heap After GC invocations=20 (full 0):
 garbage-first heap   total reserved 4194304K, committed 92160K, used 32799K [0x0000000700000000, 0x0000000800000000)
  region size 2M, 0 eden (0M), 1 survivor (2M), 14 old (28M), 2 humongous (4M), 28 free (56M)
}
Event: 75.819 {heap Before GC invocations=20 (full 0):
 garbage-first heap   total reserved 4194304K, committed 92160K, used 79903K [0x0000000700000000, 0x0000000800000000)
  region size 2M, 23 eden (46M), 1 survivor (2M), 14 old (28M), 2 humongous (4M), 5 free (10M)
}

Metaspace Usage History (20 events):
Event: 17.046 {metaspace After GC invocations=9 (full 0):
 Metaspace       used 4676K, committed 4928K, reserved 491520K
  class space    used 603K, committed 704K, reserved 425984K
}
Event: 27.267 {metaspace Before GC invocations=9 (full 0):
 Metaspace       used 10423K, committed 10688K, reserved 491520K
  class space    used 1415K, committed 1536K, reserved 425984K
}
Event: 27.343 {metaspace After GC invocations=10 (full 0):
 Metaspace       used 10423K, committed 10688K, reserved 491520K
  class space    used 1415K, committed 1536K, reserved 425984K
}
Event: 36.276 {metaspace Before GC invocations=10 (full 0):
 Metaspace       used 14011K, committed 14464K, reserved 491520K
  class space    used 1955K, committed 2176K, reserved 425984K
}
Event: 36.331 {metaspace After GC invocations=11 (full 0):
 Metaspace       used 14011K, committed 14464K, reserved 491520K
  class space    used 1955K, committed 2176K, reserved 425984K
}
Event: 43.729 {metaspace Before GC invocations=11 (full 0):
 Metaspace       used 18998K, committed 19648K, reserved 491520K
  class space    used 2742K, committed 3072K, reserved 425984K
}
Event: 43.769 {metaspace After GC invocations=12 (full 0):
 Metaspace       used 18998K, committed 19648K, reserved 491520K
  class space    used 2742K, committed 3072K, reserved 425984K
}
Event: 45.268 {metaspace Before GC invocations=12 (full 0):
 Metaspace       used 20838K, committed 21504K, reserved 491520K
  class space    used 2922K, committed 3264K, reserved 425984K
}
Event: 45.318 {metaspace After GC invocations=13 (full 0):
 Metaspace       used 20838K, committed 21504K, reserved 491520K
  class space    used 2922K, committed 3264K, reserved 425984K
}
Event: 53.925 {metaspace Before GC invocations=14 (full 0):
 Metaspace       used 25566K, committed 26496K, reserved 491520K
  class space    used 3740K, committed 4160K, reserved 425984K
}
Event: 54.054 {metaspace After GC invocations=15 (full 0):
 Metaspace       used 25566K, committed 26496K, reserved 491520K
  class space    used 3740K, committed 4160K, reserved 425984K
}
Event: 61.815 {metaspace Before GC invocations=15 (full 0):
 Metaspace       used 30285K, committed 31552K, reserved 491520K
  class space    used 4561K, committed 5184K, reserved 425984K
}
Event: 62.124 {metaspace After GC invocations=16 (full 0):
 Metaspace       used 30285K, committed 31552K, reserved 491520K
  class space    used 4561K, committed 5184K, reserved 425984K
}
Event: 67.112 {metaspace Before GC invocations=16 (full 0):
 Metaspace       used 34788K, committed 36096K, reserved 491520K
  class space    used 5118K, committed 5760K, reserved 425984K
}
Event: 67.175 {metaspace After GC invocations=17 (full 0):
 Metaspace       used 34788K, committed 36096K, reserved 491520K
  class space    used 5118K, committed 5760K, reserved 425984K
}
Event: 70.524 {metaspace Before GC invocations=18 (full 0):
 Metaspace       used 36492K, committed 37888K, reserved 491520K
  class space    used 5362K, committed 6016K, reserved 425984K
}
Event: 70.613 {metaspace After GC invocations=19 (full 0):
 Metaspace       used 36492K, committed 37888K, reserved 491520K
  class space    used 5362K, committed 6016K, reserved 425984K
}
Event: 73.459 {metaspace Before GC invocations=19 (full 0):
 Metaspace       used 36695K, committed 38080K, reserved 491520K
  class space    used 5369K, committed 6016K, reserved 425984K
}
Event: 73.556 {metaspace After GC invocations=20 (full 0):
 Metaspace       used 36695K, committed 38080K, reserved 491520K
  class space    used 5369K, committed 6016K, reserved 425984K
}
Event: 75.820 {metaspace Before GC invocations=20 (full 0):
 Metaspace       used 36713K, committed 38080K, reserved 491520K
  class space    used 5369K, committed 6016K, reserved 425984K
}

Dll operation events (20 events):
Event: 1.188 Attempting to load shared library C:\Program Files\Java\jdk-26.0.1\bin\nio.dll
Event: 1.195 Loaded shared library C:\Program Files\Java\jdk-26.0.1\bin\nio.dll
Event: 1.237 Attempting to load shared library C:\Program Files\Java\jdk-26.0.1\bin\zip.dll
Event: 1.237 Loaded shared library C:\Program Files\Java\jdk-26.0.1\bin\zip.dll
Event: 4.455 Attempting to load shared library C:\Program Files\Java\jdk-26.0.1\bin\jimage.dll
Event: 4.455 Loaded shared library C:\Program Files\Java\jdk-26.0.1\bin\jimage.dll
Event: 7.749 Attempting to load shared library C:\Program Files\Java\jdk-26.0.1\bin\verify.dll
Event: 7.756 Loaded shared library C:\Program Files\Java\jdk-26.0.1\bin\verify.dll
Event: 8.053 Attempting to load shared library C:\Users\lenovo\.gradle\native\660c5614fbf4a5f2a75b1949f50a0caf5cd603558e7d8a26e50b933a0cfb79d1\windows-amd64\native-platform.dll
Event: 8.064 Loaded shared library C:\Users\lenovo\.gradle\native\660c5614fbf4a5f2a75b1949f50a0caf5cd603558e7d8a26e50b933a0cfb79d1\windows-amd64\native-platform.dll
Event: 8.191 Attempting to load shared library C:\Users\lenovo\.gradle\native\0.2.8\x86_64-windows-gnu\gradle-fileevents.dll
Event: 8.208 Loaded shared library C:\Users\lenovo\.gradle\native\0.2.8\x86_64-windows-gnu\gradle-fileevents.dll
Event: 21.015 Attempting to load shared library C:\Program Files\Java\jdk-26.0.1\bin\management.dll
Event: 21.023 Loaded shared library C:\Program Files\Java\jdk-26.0.1\bin\management.dll
Event: 21.044 Attempting to load shared library C:\Program Files\Java\jdk-26.0.1\bin\management_ext.dll
Event: 21.056 Loaded shared library C:\Program Files\Java\jdk-26.0.1\bin\management_ext.dll
Event: 22.946 Attempting to load shared library C:\Program Files\Java\jdk-26.0.1\bin\extnet.dll
Event: 22.957 Loaded shared library C:\Program Files\Java\jdk-26.0.1\bin\extnet.dll
Event: 26.858 Attempting to load shared library C:\Program Files\Java\jdk-26.0.1\bin\sunmscapi.dll
Event: 26.891 Loaded shared library C:\Program Files\Java\jdk-26.0.1\bin\sunmscapi.dll

Deoptimization events (20 events):
Event: 72.606 Thread 0x0000025095a87d10 DEOPT PACKING pc=0x0000025087c5aad4 sp=0x000000b5543f7cc0
Event: 72.606 Thread 0x0000025095a87d10 DEOPT UNPACKING pc=0x0000025087673a82 sp=0x000000b5543f7c88 mode 2
Event: 72.815 Thread 0x0000025095a87d10 DEOPT PACKING pc=0x0000025080065478 sp=0x000000b5543f8150
Event: 72.815 Thread 0x0000025095a87d10 DEOPT UNPACKING pc=0x00000250875915a2 sp=0x000000b5543f75c0 mode 0
Event: 73.327 Thread 0x0000025095a87d10 DEOPT PACKING pc=0x0000025080065478 sp=0x000000b5543f8150
Event: 73.327 Thread 0x0000025095a87d10 DEOPT UNPACKING pc=0x00000250875915a2 sp=0x000000b5543f75c0 mode 0
Event: 73.930 Thread 0x0000025095a87d10 DEOPT PACKING pc=0x0000025080065478 sp=0x000000b5543f8150
Event: 73.930 Thread 0x0000025095a87d10 DEOPT UNPACKING pc=0x00000250875915a2 sp=0x000000b5543f75c0 mode 0
Event: 74.363 Thread 0x0000025095a87d10 DEOPT PACKING pc=0x0000025080065478 sp=0x000000b5543f8150
Event: 74.363 Thread 0x0000025095a87d10 DEOPT UNPACKING pc=0x00000250875915a2 sp=0x000000b5543f75c0 mode 0
Event: 74.738 Thread 0x0000025095a87d10 Uncommon trap: trap_request=0xffffff45 fr.pc=0x0000025087c56c64 relative=0x00000000000002e4
Event: 74.738 Thread 0x0000025095a87d10 Uncommon trap: reason=unstable_if action=reinterpret pc=0x0000025087c56c64 method=org.objectweb.asm.Type.getTypeInternal(Ljava/lang/String;II)Lorg/objectweb/asm/Type; @ 5 c2
Event: 74.739 Thread 0x0000025095a87d10 DEOPT PACKING pc=0x0000025087c56c64 sp=0x000000b5543f77e0
Event: 74.739 Thread 0x0000025095a87d10 DEOPT UNPACKING pc=0x0000025087673a82 sp=0x000000b5543f7778 mode 2
Event: 74.902 Thread 0x0000025095a87d10 DEOPT PACKING pc=0x0000025080065478 sp=0x000000b5543f8150
Event: 74.902 Thread 0x0000025095a87d10 DEOPT UNPACKING pc=0x00000250875915a2 sp=0x000000b5543f75c0 mode 0
Event: 75.389 Thread 0x0000025095a87d10 DEOPT PACKING pc=0x0000025080065478 sp=0x000000b5543f8150
Event: 75.390 Thread 0x0000025095a87d10 DEOPT UNPACKING pc=0x00000250875915a2 sp=0x000000b5543f75c0 mode 0
Event: 75.665 Thread 0x0000025095a87d10 DEOPT PACKING pc=0x0000025080065478 sp=0x000000b5543f8150
Event: 75.666 Thread 0x0000025095a87d10 DEOPT UNPACKING pc=0x00000250875915a2 sp=0x000000b5543f75c0 mode 0

Classes loaded (20 events):
Event: 67.693 Loading class java/util/Collections$SynchronizedList done
Event: 67.693 Loading class java/util/Collections$SynchronizedRandomAccessList done
Event: 68.317 Loading class java/security/CodeSigner
Event: 68.318 Loading class java/security/CodeSigner done
Event: 68.412 Loading class java/nio/file/FileSystemLoopException
Event: 68.414 Loading class java/nio/file/FileSystemLoopException done
Event: 69.063 Loading class java/util/zip/ZipException
Event: 69.064 Loading class java/util/zip/ZipException done
Event: 69.090 Loading class java/nio/charset/UnsupportedCharsetException
Event: 69.090 Loading class java/nio/charset/UnsupportedCharsetException done
Event: 69.105 Loading class java/util/Collections$UnmodifiableSortedMap
Event: 69.107 Loading class java/util/Collections$UnmodifiableSortedMap done
Event: 69.116 Loading class java/util/zip/Deflater
Event: 69.120 Loading class java/util/zip/Deflater done
Event: 69.132 Loading class java/util/zip/Deflater$DeflaterZStreamRef
Event: 69.132 Loading class java/util/zip/Deflater$DeflaterZStreamRef done
Event: 69.198 Loading class java/util/zip/ZipFile$ZipEntryIterator
Event: 69.200 Loading class java/util/zip/ZipFile$ZipEntryIterator done
Event: 71.669 Loading class java/util/regex/Pattern$Caret
Event: 71.671 Loading class java/util/regex/Pattern$Caret done

Classes unloaded (0 events):
No events

Classes redefined (0 events):
No events

Internal exceptions (20 events):
Event: 66.799 Thread 0x0000025095a87d10 Exception <a 'java/lang/ClassNotFoundException'{0x0000000703ac73a8}: java/lang/ObjectCustomizer> (0x0000000703ac73a8) 
thrown [s\open\src\hotspot\share\classfile\systemDictionary.cpp, line 329]
Event: 66.841 Thread 0x0000025095a87d10 Exception <a 'java/lang/IncompatibleClassChangeError'{0x0000000703adebb0}: Found class java.lang.Object, but interface was expected> (0x0000000703adebb0) 
thrown [s\open\src\hotspot\share\interpreter\linkResolver.cpp, line 871]
Event: 66.890 Thread 0x0000025095a87d10 Exception <a 'java/lang/ClassNotFoundException'{0x0000000703b1ff18}: groovy/lang/MetaClassImplCustomizer> (0x0000000703b1ff18) 
thrown [s\open\src\hotspot\share\classfile\systemDictionary.cpp, line 329]
Event: 66.922 Thread 0x0000025095a87d10 Exception <a 'java/lang/ClassNotFoundException'{0x0000000703b4a230}: groovy/lang/ExpandoMetaClassCustomizer> (0x0000000703b4a230) 
thrown [s\open\src\hotspot\share\classfile\systemDictionary.cpp, line 329]
Event: 67.057 Thread 0x0000025095a87d10 Exception <a 'java/lang/ClassNotFoundException'{0x000000070382cf90}: org/gradle/internal/extensibility/DefaultExtraPropertiesExtensionBeanInfo> (0x000000070382cf90) 
thrown [s\open\src\hotspot\share\classfile\systemDictionary.cpp, line 329]
Event: 67.061 Thread 0x0000025095a87d10 Exception <a 'java/lang/ClassNotFoundException'{0x0000000703834a58}: groovy/lang/GroovyObjectSupportBeanInfo> (0x0000000703834a58) 
thrown [s\open\src\hotspot\share\classfile\systemDictionary.cpp, line 329]
Event: 67.065 Thread 0x0000025095a87d10 Exception <a 'java/lang/ClassNotFoundException'{0x000000070383c528}: groovy/lang/GroovyObjectSupportCustomizer> (0x000000070383c528) 
thrown [s\open\src\hotspot\share\classfile\systemDictionary.cpp, line 329]
Event: 67.091 Thread 0x0000025095a87d10 Exception <a 'java/lang/ClassNotFoundException'{0x0000000703858ea0}: org/gradle/internal/extensibility/DefaultExtraPropertiesExtensionCustomizer> (0x0000000703858ea0) 
thrown [s\open\src\hotspot\share\classfile\systemDictionary.cpp, line 329]
Event: 67.189 Thread 0x0000025095a87d10 Exception <a 'java/lang/IncompatibleClassChangeError'{0x0000000705604b40}: Found class java.lang.Object, but interface was expected> (0x0000000705604b40) 
thrown [s\open\src\hotspot\share\interpreter\linkResolver.cpp, line 871]
Event: 67.404 Thread 0x0000025095a87d10 Exception <a 'sun/nio/fs/WindowsException'{0x00000007056f61c0}> (0x00000007056f61c0) 
thrown [s\open\src\hotspot\share\prims\jni.cpp, line 514]
Event: 67.422 Thread 0x0000025095a87d10 Exception <a 'sun/nio/fs/WindowsException'{0x00000007056f8010}> (0x00000007056f8010) 
thrown [s\open\src\hotspot\share\prims\jni.cpp, line 514]
Event: 67.429 Thread 0x0000025095a87d10 Exception <a 'sun/nio/fs/WindowsException'{0x00000007056f94d8}> (0x00000007056f94d8) 
thrown [s\open\src\hotspot\share\prims\jni.cpp, line 514]
Event: 67.437 Thread 0x0000025095a87d10 Exception <a 'sun/nio/fs/WindowsException'{0x00000007056fa9b8}> (0x00000007056fa9b8) 
thrown [s\open\src\hotspot\share\prims\jni.cpp, line 514]
Event: 67.629 Thread 0x0000025095a87d10 Exception <a 'java/lang/NoSuchMethodError'{0x0000000705441348}: 'java.lang.Object java.lang.invoke.Invokers$Holder.invoker(java.lang.Object, java.lang.Object, java.lang.Object, java.lang.Object, java.lang.Object, java.lang.Object)'> (0x0000000705441348) 
thrown [s\open\src\hotspot\share\interpreter\linkResolver.cpp, line 804]
Event: 67.782 Thread 0x0000025095a87d10 Exception <a 'java/lang/NoSuchMethodError'{0x000000070555bd18}: 'java.lang.Object java.lang.invoke.Invokers$Holder.invoker(java.lang.Object, java.lang.Object, java.lang.Object, java.lang.Object, java.lang.Object, java.lang.Object, java.lang.Object, java.lang.Object, java.lang.Object, java.lang.Object, java.lang.Object, java.lang.Object, java.lang.Object, java.lang.Object, java.lang.Object, java.lang.Object, java.lang.Object, java.lang.Object, java.lang.Object, java.lang.Object, java.lang.Object, java.lang.
Event: 67.786 Thread 0x0000025095a87d10 Exception <a 'java/lang/NoSuchMethodError'{0x0000000705566f50}: 'java.lang.Object java.lang.invoke.DelegatingMethodHandle$Holder.delegate(java.lang.Object, java.lang.Object, java.lang.Object, java.lang.Object, java.lang.Object, java.lang.Object, java.lang.Object, java.lang.Object, java.lang.Object, java.lang.Object, java.lang.Object, java.lang.Object, java.lang.Object, java.lang.Object, java.lang.Object, java.lang.Object, java.lang.Object, java.lang.Object, java.lang.Object, java.lang.Object, java.lang.Obj
Event: 68.127 Thread 0x0000025095a87d10 Exception <a 'java/lang/NoSuchMethodError'{0x00000007050724d0}: 'java.lang.Object java.lang.invoke.DirectMethodHandle$Holder.newInvokeSpecial(java.lang.Object, java.lang.Object, java.lang.Object, java.lang.Object, java.lang.Object, java.lang.Object, int)'> (0x00000007050724d0) 
thrown [s\open\src\hotspot\share\interpreter\linkResolver.cpp, line 804]
Event: 68.130 Thread 0x0000025095a87d10 Exception <a 'java/lang/NoSuchMethodError'{0x000000070507bbe8}: 'java.lang.Object java.lang.invoke.DirectMethodHandle$Holder.invokeSpecial(java.lang.Object, java.lang.Object, java.lang.Object, java.lang.Object, java.lang.Object, java.lang.Object, java.lang.Object, int)'> (0x000000070507bbe8) 
thrown [s\open\src\hotspot\share\interpreter\linkResolver.cpp, line 804]
Event: 69.007 Thread 0x0000025095a87d10 Exception <a 'sun/nio/fs/WindowsException'{0x00000007044c72e8}> (0x00000007044c72e8) 
thrown [s\open\src\hotspot\share\prims\jni.cpp, line 514]
Event: 69.011 Thread 0x0000025095a87d10 Exception <a 'sun/nio/fs/WindowsException'{0x00000007044c88d8}> (0x00000007044c88d8) 
thrown [s\open\src\hotspot\share\prims\jni.cpp, line 514]

VM Operations (20 events):
Event: 60.181 Executing non-safepoint VM operation: RendezvousGCThreads done
Event: 61.815 Executing safepoint VM operation: G1CollectForAllocation (G1 Evacuation Pause)
Event: 62.124 Executing safepoint VM operation: G1CollectForAllocation (G1 Evacuation Pause) done
Event: 67.111 Executing safepoint VM operation: CollectForMetadataAllocation (Metadata GC Threshold)
Event: 67.175 Executing safepoint VM operation: CollectForMetadataAllocation (Metadata GC Threshold) done
Event: 67.412 Executing non-safepoint VM operation: HandshakeAllThreads (Deoptimize)
Event: 67.412 Executing non-safepoint VM operation: HandshakeAllThreads (Deoptimize) done
Event: 67.439 Executing safepoint VM operation: G1PauseRemark
Event: 67.470 Executing safepoint VM operation: G1PauseRemark done
Event: 67.551 Executing safepoint VM operation: G1PauseCleanup
Event: 67.552 Executing safepoint VM operation: G1PauseCleanup done
Event: 69.447 Executing non-safepoint VM operation: HandshakeAllThreads (Deoptimize)
Event: 69.448 Executing non-safepoint VM operation: HandshakeAllThreads (Deoptimize) done
Event: 69.589 Executing non-safepoint VM operation: HandshakeAllThreads (Deoptimize)
Event: 69.590 Executing non-safepoint VM operation: HandshakeAllThreads (Deoptimize) done
Event: 70.523 Executing safepoint VM operation: G1CollectForAllocation (G1 Evacuation Pause)
Event: 70.614 Executing safepoint VM operation: G1CollectForAllocation (G1 Evacuation Pause) done
Event: 73.458 Executing safepoint VM operation: G1CollectForAllocation (G1 Evacuation Pause)
Event: 73.556 Executing safepoint VM operation: G1CollectForAllocation (G1 Evacuation Pause) done
Event: 75.819 Executing safepoint VM operation: G1CollectForAllocation (G1 Evacuation Pause)

Memory protections (0 events):
No events

Nmethod flushes (20 events):
Event: 67.464 Thread 0x00000250ffefaef0 flushing  nmethod 0x0000025080088688
Event: 67.464 Thread 0x00000250ffefaef0 flushing  nmethod 0x0000025080088a08
Event: 67.464 Thread 0x00000250ffefaef0 flushing  nmethod 0x000002508008a808
Event: 67.464 Thread 0x00000250ffefaef0 flushing  nmethod 0x000002508008b208
Event: 67.464 Thread 0x00000250ffefaef0 flushing  nmethod 0x000002508008b808
Event: 67.465 Thread 0x00000250ffefaef0 flushing  nmethod 0x00000250800cd408
Event: 67.465 Thread 0x00000250ffefaef0 flushing  nmethod 0x00000250800cda08
Event: 67.465 Thread 0x00000250ffefaef0 flushing  nmethod 0x00000250800cf888
Event: 67.465 Thread 0x00000250ffefaef0 flushing  nmethod 0x00000250800cfd08
Event: 67.465 Thread 0x00000250ffefaef0 flushing  nmethod 0x00000250800d0408
Event: 67.465 Thread 0x00000250ffefaef0 flushing  nmethod 0x0000025080125288
Event: 67.465 Thread 0x00000250ffefaef0 flushing  nmethod 0x0000025080129288
Event: 67.465 Thread 0x00000250ffefaef0 flushing  nmethod 0x0000025080129608
Event: 67.465 Thread 0x00000250ffefaef0 flushing  nmethod 0x000002508015e708
Event: 67.465 Thread 0x00000250ffefaef0 flushing  nmethod 0x000002508017f588
Event: 67.465 Thread 0x00000250ffefaef0 flushing  nmethod 0x0000025080184b08
Event: 67.465 Thread 0x00000250ffefaef0 flushing  nmethod 0x000002508024d008
Event: 67.465 Thread 0x00000250ffefaef0 flushing  nmethod 0x000002508034ff08
Event: 67.465 Thread 0x00000250ffefaef0 flushing  nmethod 0x0000025080350688
Event: 67.465 Thread 0x00000250ffefaef0 flushing  nmethod 0x0000025080357a88

Events (20 events):
Event: 27.264 Thread 0x000002509567ef20 Thread added: 0x0000025095a81f50
Event: 30.123 Thread 0x000002509567ef20 Thread added: 0x0000025095a86d70
Event: 31.146 Thread 0x000002509567ef20 Thread added: 0x0000025095a87d10
Event: 31.703 Thread 0x0000025095a87d10 Thread added: 0x0000025095a884e0
Event: 32.017 Thread 0x0000025095a87d10 Thread added: 0x000002508fb59790
Event: 32.130 Thread 0x0000025095a87d10 Thread added: 0x000002508fb587f0
Event: 37.908 Thread 0x0000025095a87d10 Thread added: 0x000002508fb58fc0
Event: 38.021 Thread 0x0000025095a87d10 Thread added: 0x000002508fb5af00
Event: 38.735 Thread 0x0000025095a87d10 Thread added: 0x000002508fb5bea0
Event: 50.593 Thread 0x0000025095a87d10 Thread added: 0x000002509550ab60
Event: 50.783 Thread 0x0000025095a87d10 Thread added: 0x000002509550a390
Event: 55.420 Thread 0x0000025095a87d10 Thread added: 0x0000025095508c20
Event: 55.509 Thread 0x0000025095a87d10 Thread added: 0x00000250955093f0
Event: 57.212 Thread 0x0000025095a87d10 Thread added: 0x000002509550bb00
Event: 58.185 Thread 0x0000025095a87d10 Thread added: 0x000002509550c2d0
Event: 61.681 Thread 0x0000025095a87d10 Thread added: 0x000002509550f1b0
Event: 62.782 Thread 0x0000025095a87d10 Thread added: 0x000002509550caa0
Event: 63.799 Thread 0x00000250fff2ec50 Thread added: 0x0000025095190730
Event: 69.612 Thread 0x0000025095190730 Thread exited: 0x0000025095190730
Event: 69.897 Thread 0x00000250fff2ec50 Thread added: 0x000002509518dee0


Dynamic libraries:
0x00007ff602560000 - 0x00007ff602570000 	C:\Program Files\Java\jdk-26.0.1\bin\java.exe
0x00007ffe31ca0000 - 0x00007ffe31f06000 	C:\WINDOWS\SYSTEM32\ntdll.dll
0x00007ffe30f60000 - 0x00007ffe31029000 	C:\WINDOWS\System32\KERNEL32.DLL
0x00007ffe2f3b0000 - 0x00007ffe2f7b0000 	C:\WINDOWS\System32\KERNELBASE.dll
0x00007ffe2f7c0000 - 0x00007ffe2f90c000 	C:\WINDOWS\System32\ucrtbase.dll
0x00007ffe17e50000 - 0x00007ffe17e67000 	C:\Program Files\Java\jdk-26.0.1\bin\jli.dll
0x00007ffe29760000 - 0x00007ffe2977e000 	C:\Program Files\Java\jdk-26.0.1\bin\VCRUNTIME140.dll
0x00007ffe317e0000 - 0x00007ffe319a7000 	C:\WINDOWS\System32\USER32.dll
0x00007ffe19f80000 - 0x00007ffe1a212000 	C:\WINDOWS\WinSxS\amd64_microsoft.windows.common-controls_6595b64144ccf1df_6.0.26100.8737_none_3e092eaee333b772\COMCTL32.dll
0x00007ffe31730000 - 0x00007ffe317d9000 	C:\WINDOWS\System32\msvcrt.dll
0x00007ffe2eec0000 - 0x00007ffe2eee7000 	C:\WINDOWS\System32\win32u.dll
0x00007ffe319b0000 - 0x00007ffe319db000 	C:\WINDOWS\System32\GDI32.dll
0x00007ffe2eef0000 - 0x00007ffe2f019000 	C:\WINDOWS\System32\gdi32full.dll
0x00007ffe2f920000 - 0x00007ffe2f9c3000 	C:\WINDOWS\System32\msvcp_win.dll
0x00007ffe30bf0000 - 0x00007ffe30c22000 	C:\WINDOWS\System32\IMM32.DLL
0x00007ffe2b710000 - 0x00007ffe2b71c000 	C:\Program Files\Java\jdk-26.0.1\bin\vcruntime140_1.dll
0x00007ffde17d0000 - 0x00007ffde185d000 	C:\Program Files\Java\jdk-26.0.1\bin\msvcp140.dll
0x00007ffd95e60000 - 0x00007ffd96d2e000 	C:\Program Files\Java\jdk-26.0.1\bin\server\jvm.dll
0x00007ffe30ea0000 - 0x00007ffe30f57000 	C:\WINDOWS\System32\ADVAPI32.dll
0x00007ffe314f0000 - 0x00007ffe3159a000 	C:\WINDOWS\System32\sechost.dll
0x00007ffe313d0000 - 0x00007ffe314e8000 	C:\WINDOWS\System32\RPCRT4.dll
0x00007ffe316a0000 - 0x00007ffe31720000 	C:\WINDOWS\System32\WS2_32.dll
0x00007ffe2ed20000 - 0x00007ffe2ed7e000 	C:\WINDOWS\SYSTEM32\POWRPROF.dll
0x00007ffe25d10000 - 0x00007ffe25d46000 	C:\WINDOWS\SYSTEM32\WINMM.dll
0x00007ffe20890000 - 0x00007ffe2089b000 	C:\WINDOWS\SYSTEM32\VERSION.dll
0x00007ffe2ed00000 - 0x00007ffe2ed14000 	C:\WINDOWS\SYSTEM32\UMPDC.dll
0x00007ffe2dba0000 - 0x00007ffe2dbbb000 	C:\WINDOWS\SYSTEM32\kernel.appcore.dll
0x00007ffe1eab0000 - 0x00007ffe1eaba000 	C:\Program Files\Java\jdk-26.0.1\bin\jimage.dll
0x00007ffe2c3b0000 - 0x00007ffe2c5f2000 	C:\WINDOWS\SYSTEM32\DBGHELP.DLL
0x00007ffe30810000 - 0x00007ffe30b93000 	C:\WINDOWS\System32\combase.dll
0x00007ffe31030000 - 0x00007ffe31109000 	C:\WINDOWS\System32\OLEAUT32.dll
0x00007ffe15610000 - 0x00007ffe1564b000 	C:\WINDOWS\SYSTEM32\dbgcore.DLL
0x00007ffe2f0e0000 - 0x00007ffe2f18c000 	C:\WINDOWS\System32\bcryptPrimitives.dll
0x00007ffe03200000 - 0x00007ffe03210000 	C:\Program Files\Java\jdk-26.0.1\bin\instrument.dll
0x00007ffe143e0000 - 0x00007ffe143ff000 	C:\Program Files\Java\jdk-26.0.1\bin\java.dll
0x00007ffe319e0000 - 0x00007ffe31b79000 	C:\WINDOWS\System32\ole32.dll
0x00007ffe30070000 - 0x00007ffe30802000 	C:\WINDOWS\System32\SHELL32.dll
0x00007ffe2c980000 - 0x00007ffe2d212000 	C:\WINDOWS\SYSTEM32\windows.storage.dll
0x00007ffe30c30000 - 0x00007ffe30d27000 	C:\WINDOWS\System32\SHCORE.dll
0x00007ffe31bf0000 - 0x00007ffe31c57000 	C:\WINDOWS\System32\shlwapi.dll
0x00007ffe2ede0000 - 0x00007ffe2ee09000 	C:\WINDOWS\SYSTEM32\profapi.dll
0x00007ffe03340000 - 0x00007ffe03357000 	C:\Program Files\Java\jdk-26.0.1\bin\zip.dll
0x00007ffe143c0000 - 0x00007ffe143d2000 	C:\Program Files\Java\jdk-26.0.1\bin\net.dll
0x00007ffe2e150000 - 0x00007ffe2e1bc000 	C:\WINDOWS\system32\mswsock.dll
0x00007ffe0b350000 - 0x00007ffe0b366000 	C:\Program Files\Java\jdk-26.0.1\bin\nio.dll
0x00007ffe17d90000 - 0x00007ffe17da0000 	C:\Program Files\Java\jdk-26.0.1\bin\verify.dll
0x00007ffdf7e20000 - 0x00007ffdf7e47000 	C:\Users\lenovo\.gradle\native\660c5614fbf4a5f2a75b1949f50a0caf5cd603558e7d8a26e50b933a0cfb79d1\windows-amd64\native-platform.dll
0x00007ffdf2030000 - 0x00007ffdf20a7000 	C:\Users\lenovo\.gradle\native\0.2.8\x86_64-windows-gnu\gradle-fileevents.dll
0x00007ffe05b70000 - 0x00007ffe05b7a000 	C:\Program Files\Java\jdk-26.0.1\bin\management.dll
0x00007ffe03330000 - 0x00007ffe0333c000 	C:\Program Files\Java\jdk-26.0.1\bin\management_ext.dll
0x00007ffe2f9f0000 - 0x00007ffe2f9f8000 	C:\WINDOWS\System32\PSAPI.DLL
0x00007ffe2d620000 - 0x00007ffe2d653000 	C:\WINDOWS\SYSTEM32\IPHLPAPI.DLL
0x00007ffe31be0000 - 0x00007ffe31bea000 	C:\WINDOWS\System32\NSI.dll
0x00007ffe03210000 - 0x00007ffe03219000 	C:\Program Files\Java\jdk-26.0.1\bin\extnet.dll
0x00007ffe2e450000 - 0x00007ffe2e46b000 	C:\WINDOWS\SYSTEM32\CRYPTSP.dll
0x00007ffe2db00000 - 0x00007ffe2db39000 	C:\WINDOWS\system32\rsaenh.dll
0x00007ffe2e210000 - 0x00007ffe2e242000 	C:\WINDOWS\SYSTEM32\USERENV.dll
0x00007ffe2edb0000 - 0x00007ffe2edda000 	C:\WINDOWS\SYSTEM32\bcrypt.dll
0x00007ffe2e470000 - 0x00007ffe2e47c000 	C:\WINDOWS\SYSTEM32\CRYPTBASE.dll
0x00007ffe02f20000 - 0x00007ffe02f2e000 	C:\Program Files\Java\jdk-26.0.1\bin\sunmscapi.dll
0x00007ffe2f230000 - 0x00007ffe2f3a8000 	C:\WINDOWS\System32\CRYPT32.dll
0x00007ffe2e690000 - 0x00007ffe2e6c0000 	C:\WINDOWS\SYSTEM32\ncrypt.dll
0x00007ffe2e640000 - 0x00007ffe2e67f000 	C:\WINDOWS\SYSTEM32\NTASN1.dll
0x00007ffe28930000 - 0x00007ffe28938000 	C:\WINDOWS\system32\wshunix.dll

JVMTI agents:
C:\Users\lenovo\.gradle\wrapper\dists\gradle-9.4.1-bin\arn2x92ynaizyzdaamcbpbhtj\gradle-9.4.1\lib\agents\gradle-instrumentation-agent-9.4.1.jar path:C:\Program Files\Java\jdk-26.0.1\bin\instrument.dll, loaded, initialized, instrumentlib options:none

dbghelp: loaded successfully - version: 4.0.5 - missing functions: none
symbol engine: initialized successfully - sym options: 0x614 - pdb path: .;C:\Program Files\Java\jdk-26.0.1\bin;C:\WINDOWS\SYSTEM32;C:\WINDOWS\WinSxS\amd64_microsoft.windows.common-controls_6595b64144ccf1df_6.0.26100.8737_none_3e092eaee333b772;C:\Program Files\Java\jdk-26.0.1\bin\server;C:\Users\lenovo\.gradle\native\660c5614fbf4a5f2a75b1949f50a0caf5cd603558e7d8a26e50b933a0cfb79d1\windows-amd64;C:\Users\lenovo\.gradle\native\0.2.8\x86_64-windows-gnu

VM Arguments:
jvm_args: --add-opens=java.base/java.lang=ALL-UNNAMED --add-opens=java.base/java.lang.invoke=ALL-UNNAMED --add-opens=java.base/java.util=ALL-UNNAMED --add-opens=java.prefs/java.util.prefs=ALL-UNNAMED --add-exports=jdk.compiler/com.sun.tools.javac.api=ALL-UNNAMED --add-exports=jdk.compiler/com.sun.tools.javac.util=ALL-UNNAMED --add-opens=java.base/java.util=ALL-UNNAMED --add-opens=java.prefs/java.util.prefs=ALL-UNNAMED --add-opens=java.base/java.nio.charset=ALL-UNNAMED --add-opens=java.base/java.net=ALL-UNNAMED --add-opens=java.base/java.util.concurrent=ALL-UNNAMED --add-opens=java.base/java.util.concurrent.atomic=ALL-UNNAMED --add-opens=java.xml/javax.xml.namespace=ALL-UNNAMED --add-opens=java.base/java.time=ALL-UNNAMED --enable-native-access=ALL-UNNAMED -XX:MaxMetaspaceSize=512m -XX:+HeapDumpOnOutOfMemoryError -Xmx4096m -Dfile.encoding=UTF-8 -Duser.country=US -Duser.language=en -Duser.variant -javaagent:C:\Users\lenovo\.gradle\wrapper\dists\gradle-9.4.1-bin\arn2x92ynaizyzdaamcbpbhtj\gradle-9.4.1\lib\agents\gradle-instrumentation-agent-9.4.1.jar 
java_command: org.gradle.launcher.daemon.bootstrap.GradleDaemon 9.4.1
java_class_path (initial): C:\Users\lenovo\.gradle\wrapper\dists\gradle-9.4.1-bin\arn2x92ynaizyzdaamcbpbhtj\gradle-9.4.1\lib\gradle-daemon-main-9.4.1.jar
Launcher Type: SUN_STANDARD

[Global flags]
     bool AOTAdapterCaching                        = false                                  {diagnostic} {ergonomic}
     bool AOTInvokeDynamicLinking                  = false                                  {diagnostic} {ergonomic}
     bool AOTRecordTraining                        = false                                  {diagnostic} {ergonomic}
     bool AOTReplayTraining                        = false                                  {diagnostic} {ergonomic}
     bool AOTStubCaching                           = false                                  {diagnostic} {ergonomic}
     intx CICompilerCount                          = 4                                         {product} {ergonomic}
   size_t CompressedClassSpaceSize                 = 436207616                                 {product} {ergonomic}
     uint ConcGCThreads                            = 2                                         {product} {ergonomic}
     uint G1ConcRefinementThreads                  = 8                                         {product} {ergonomic}
     uint G1EagerReclaimRemSetThreshold            = 16                                   {experimental} {ergonomic}
   size_t G1HeapRegionSize                         = 2097152                                   {product} {ergonomic}
     uint G1RemSetArrayOfCardsEntries              = 16                                   {experimental} {ergonomic}
     uint G1RemSetHowlMaxNumBuckets                = 8                                    {experimental} {ergonomic}
     uint G1RemSetHowlNumBuckets                   = 8                                    {experimental} {ergonomic}
     bool HeapDumpOnOutOfMemoryError               = true                                   {manageable} {command line}
   size_t InitialHeapSize                          = 8388608                                   {product} {ergonomic}
     bool IntelJccErratumMitigation                = false                             {ARCH diagnostic} {ergonomic}
   size_t MarkStackSize                            = 4194304                                   {product} {ergonomic}
   size_t MarkStackSizeMax                         = 536870912                                 {product} {ergonomic}
   size_t MaxHeapSize                              = 4294967296                                {product} {command line}
   size_t MaxMetaspaceSize                         = 536870912                                 {product} {command line}
   size_t MaxNewSize                               = 2575302656                                {product} {ergonomic}
 uint64_t MaxRAM                                   = 4084523008                                {product} {ergonomic}
   size_t MinHeapDeltaBytes                        = 2097152                                   {product} {ergonomic}
   size_t MinHeapSize                              = 8388608                                   {product} {ergonomic}
   size_t NonNMethodCodeHeapSize                   = 5898240                                {pd product} {ergonomic}
   size_t NonProfiledCodeHeapSize                  = 122945536                              {pd product} {ergonomic}
   size_t ProfiledCodeHeapSize                     = 122945536                              {pd product} {ergonomic}
   size_t ReservedCodeCacheSize                    = 251789312                              {pd product} {ergonomic}
     bool SegmentedCodeCache                       = true                                      {product} {ergonomic}
   size_t SoftMaxHeapSize                          = 4294967296                             {manageable} {ergonomic}
     bool UseCompressedOops                        = true                           {product lp64_product} {ergonomic}
     bool UseCondCardMark                          = true                                      {product} {ergonomic}
     bool UseFastUnorderedTimeStamps               = true                                 {experimental} {ergonomic}
     bool UseG1GC                                  = true                                      {product} {ergonomic}
     bool UseLargePagesIndividualAllocation        = false                                  {pd product} {ergonomic}
      int X86ICacheSync                            = 3                                 {ARCH diagnostic} {ergonomic}

Logging:
Log output configuration:
 #0: stdout all=warning uptime,level,tags foldmultilines=false
 #1: stderr all=off uptime,level,tags foldmultilines=false

Release file:
IMPLEMENTOR="Oracle Corporation" 
JAVA_RUNTIME_VERSION="26.0.1+8-34" 
JAVA_VERSION="26.0.1" 
JAVA_VERSION_DATE="2026-04-21" 
LIBC="default" 
MODULES="java.base java.compiler java.datatransfer java.xml java.prefs java.desktop java.instrument java.logging java.management java.security.sasl java.naming java.rmi java.management.rmi java.net.http java.scripting java.security.jgss java.transaction.xa java.sql java.sql.rowset java.xml.crypto java.se java.smartcardio jdk.accessibility jdk.internal.jvmstat jdk.attach jdk.charsets jdk.internal.opt jdk.zipfs jdk.compiler jdk.crypto.cryptoki jdk.crypto.ec jdk.crypto.mscapi jdk.dynalink jdk.internal.ed jdk.editpad jdk.internal.vm.ci jdk.graal.compiler jdk.graal.compiler.management jdk.hotspot.agent jdk.httpserver jdk.incubator.vector jdk.internal.le jdk.internal.md jdk.jartool jdk.javadoc jdk.jcmd jdk.management jdk.management.agent jdk.jconsole jdk.jdeps jdk.jdwp.agent jdk.jdi jdk.jfr jdk.jlink jdk.jpackage jdk.jshell jdk.jstatd jdk.localedata jdk.management.jfr jdk.naming.dns jdk.naming.rmi jdk.net jdk.nio.mapmode jdk.sctp jdk.security.auth jdk.security.jgss jdk.unsupported jdk.unsupported.desktop jdk.xml.dom" 
OS_ARCH="x86_64" 
OS_NAME="Windows" 
SOURCE=".:git:8fcde8268d22 open:git:fcc00fc4aee7" 

Environment Variables:
PATH=C:\Program Files\Common Files\Oracle\Java\javapath;C:\Python314\Scripts\;C:\Python314\;C:\WINDOWS\system32;C:\WINDOWS;C:\WINDOWS\System32\Wbem;C:\WINDOWS\System32\WindowsPowerShell\v1.0\;C:\WINDOWS\System32\OpenSSH\;C:\Program Files\Git\cmd;C:\Program Files\nodejs\;C:\ProgramData\chocolatey\bin;C:\Program Files\Microsoft SQL Server\170\Tools\Binn\;C:\Program Files\Microsoft SQL Server\Client SDK\ODBC\170\Tools\Binn\;C:\Program Files (x86)\IncrediBuild;C:\Program Files (x86)\Windows Kits\10\Windows Performance Toolkit\;C:\Program Files\tre-command\bin\;C:\Program Files (x86)\Google\Cloud SDK\google-cloud-sdk\bin;C:\Program Files\dotnet\;C:\Program Files\Go\bin;C:\Users\lenovo\AppData\Local\Programs\Python\Python312\Scripts\;C:\Users\lenovo\AppData\Local\Programs\Python\Python312\;C:\Users\lenovo\AppData\Local\Microsoft\WindowsApps;C:\Users\lenovo\AppData\Roaming\npm;C:\Users\lenovo\AppData\Local\Programs\Microsoft VS Code\bin;C:\Users\lenovo\AppData\Local\Programs\Microsoft VS Code Insiders\bin;C:\Users\lenovo\AppData\Local\Python\bin;C:\Users\lenovo\AppData\Local\Programs\Antigravity\bin;C:\Users\lenovo\.dotnet\tools;C:\Users\lenovo\go\bin
USERNAME=lenovo
OS=Windows_NT
PROCESSOR_IDENTIFIER=Intel64 Family 6 Model 140 Stepping 1, GenuineIntel
TMP=C:\Users\lenovo\AppData\Local\Temp
TEMP=C:\Users\lenovo\AppData\Local\Temp




Compilation memory statistics disabled.

Periodic native trim disabled

---------------  S Y S T E M  ---------------

OS:
 Windows 11 , 64 bit Build 26100 (10.0.26100.8737)
OS uptime: 0 days 21:30 hours

CPU: total 8 (initial active 8) (4 cores per cpu, 2 threads per core) family 6 model 140 stepping 1 microcode 0x8a, cx8, cmov, fxsr, ht, mmx, 3dnowpref, sse, sse2, sse3, ssse3, sse4.1, sse4.2, popcnt, lzcnt, tsc, tscinvbit, avx, avx2, aes, erms, clmul, bmi1, bmi2, adx, avx512f, avx512dq, avx512cd, avx512bw, avx512vl, sha, fma, vzeroupper, avx512_vpopcntdq, avx512_vpclmulqdq, avx512_vaes, avx512_vnni, clflush, clflushopt, clwb, avx512_vbmi2, avx512_vbmi, rdtscp, rdpid, fsrm, gfni, avx512_bitalg, f16c, pku, cet_ibt, cet_ss, avx512_ifma
Processor Information for the first 8 processors :
  Max Mhz: 2419, Current Mhz: 2419, Mhz Limit: 2419

Memory: 4k page, system-wide physical 3895M (391M free)
TotalPageFile size 15671M (AvailPageFile size 147M)
current process WorkingSet (physical memory assigned to process): 213M, peak: 219M
current process commit charge ("private bytes"): 292M, peak: 475M

vm_info: Java HotSpot(TM) 64-Bit Server VM (26.0.1+8-34) for windows-amd64 JRE (26.0.1+8-34), built on 2026-03-10T17:24:10Z with MS VC++ 17.13 (VS2022)

END.
