#
# There is insufficient memory for the Java Runtime Environment to continue.
# Native memory allocation (mmap) failed to map 566231040 bytes. Error detail: G1 virtual space
# Possible reasons:
#   The system is out of physical RAM or swap space
#   This process is running with CompressedOops enabled, and the Java Heap may be blocking the growth of the native heap
# Possible solutions:
#   Reduce memory load on the system
#   Increase physical memory or swap space
#   Check if swap backing store is full
#   Decrease Java heap size (-Xmx/-Xms)
#   Decrease number of Java threads
#   Decrease Java thread stack sizes (-Xss)
#   Set larger code cache with -XX:ReservedCodeCacheSize=
#   JVM is running with Zero Based Compressed Oops mode in which the Java heap is
#     placed in the first 32GB address space. The Java Heap base address is the
#     maximum limit for the native heap growth. Please use -XX:HeapBaseMinAddress
#     to set the Java Heap base and to place the Java Heap above 32GB virtual address.
# This output file may be truncated or incomplete.
#
#  Out of Memory Error (os_windows.cpp:3583), pid=340, tid=11996
#
# JRE version: Java(TM) SE Runtime Environment (26.0.1+8) (build 26.0.1+8-34)
# Java VM: Java HotSpot(TM) 64-Bit Server VM (26.0.1+8-34, mixed mode, sharing, tiered, compressed oops, compressed class ptrs, g1 gc, windows-amd64)
# No core dump will be written. Minidumps are not enabled by default on client versions of Windows
#

---------------  S U M M A R Y ------------

Command Line: --add-opens=java.base/java.lang=ALL-UNNAMED --add-opens=java.base/java.lang.invoke=ALL-UNNAMED --add-opens=java.base/java.util=ALL-UNNAMED --add-opens=java.prefs/java.util.prefs=ALL-UNNAMED --add-exports=jdk.compiler/com.sun.tools.javac.api=ALL-UNNAMED --add-exports=jdk.compiler/com.sun.tools.javac.util=ALL-UNNAMED --add-opens=java.base/java.util=ALL-UNNAMED --add-opens=java.prefs/java.util.prefs=ALL-UNNAMED --add-opens=java.base/java.nio.charset=ALL-UNNAMED --add-opens=java.base/java.net=ALL-UNNAMED --add-opens=java.base/java.util.concurrent=ALL-UNNAMED --add-opens=java.base/java.util.concurrent.atomic=ALL-UNNAMED --add-opens=java.xml/javax.xml.namespace=ALL-UNNAMED --add-opens=java.base/java.time=ALL-UNNAMED --enable-native-access=ALL-UNNAMED -XX:MaxMetaspaceSize=512m -XX:+HeapDumpOnOutOfMemoryError -Xmx4096m -Dfile.encoding=UTF-8 -Duser.country=US -Duser.language=en -Duser.variant -javaagent:C:\Users\lenovo\.gradle\wrapper\dists\gradle-9.4.1-bin\arn2x92ynaizyzdaamcbpbhtj\gradle-9.4.1\lib\agents\gradle-instrumentation-agent-9.4.1.jar org.gradle.launcher.daemon.bootstrap.GradleDaemon 9.4.1

Host: 11th Gen Intel(R) Core(TM) i5-1135G7 @ 2.40GHz, 8 cores, 3G,  Windows 11 , 64 bit Build 26100 (10.0.26100.8875)
Time: Fri Jul 17 20:12:19 2026 E. Africa Standard Time elapsed time: 347.788226 seconds (0d 0h 5m 47s)

---------------  T H R E A D  ---------------

Current thread (0x0000029c7f62f6a0):  VMThread "VM Thread"          [id=11996, stack(0x000000baf2b00000,0x000000baf2c00000) (1024K)]

Stack: [0x000000baf2b00000,0x000000baf2c00000]
Native frames: (J=compiled Java code, j=interpreted, Vv=VM code, C=native code)
V  [jvm.dll+0x7d5879]  (no source info available)
V  [jvm.dll+0x7a37dd]  (no source info available)
V  [jvm.dll+0x9b0c10]  (no source info available)
V  [jvm.dll+0x9b3061]  (no source info available)
V  [jvm.dll+0x9b3773]  (no source info available)
V  [jvm.dll+0x30df76]  (no source info available)
V  [jvm.dll+0x7d4d45]  (no source info available)
V  [jvm.dll+0x7c7f07]  (no source info available)
V  [jvm.dll+0x4087e8]  (no source info available)
V  [jvm.dll+0x410b56]  (no source info available)
V  [jvm.dll+0x3fcef4]  (no source info available)
V  [jvm.dll+0x3fd1e5]  (no source info available)
V  [jvm.dll+0x3d3b6f]  (no source info available)
V  [jvm.dll+0x3d6ddc]  (no source info available)
V  [jvm.dll+0x4223ec]  (no source info available)
V  [jvm.dll+0x420d33]  (no source info available)
V  [jvm.dll+0x3d3308]  (no source info available)
V  [jvm.dll+0x4200f3]  (no source info available)
V  [jvm.dll+0x9b9c21]  (no source info available)
V  [jvm.dll+0x9babeb]  (no source info available)
V  [jvm.dll+0x9bb0fc]  (no source info available)
V  [jvm.dll+0x9bb579]  (no source info available)
V  [jvm.dll+0x9bb823]  (no source info available)
V  [jvm.dll+0x94f649]  (no source info available)
V  [jvm.dll+0x7d7358]  (no source info available)
C  [ucrtbase.dll+0x2cd30]  (no source info available)
C  [KERNEL32.DLL+0x2e957]  (no source info available)
C  [ntdll.dll+0xaad6c]  (no source info available)

VM_Operation (0x000000baf40f2d88): G1CollectForAllocation, mode: safepoint, requested by thread 0x0000029c1ecd2a40


---------------  P R O C E S S  ---------------

Threads class SMR info:
_java_thread_list=0x0000029c21389aa0, length=45, elements={
0x0000029c78f72270, 0x0000029c7f645210, 0x0000029c7f645b10, 0x0000029c7f64fb80,
0x0000029c7f650730, 0x0000029c7f6592f0, 0x0000029c7f679eb0, 0x0000029c7f687020,
0x0000029c7f68ace0, 0x0000029c1e19aaf0, 0x0000029c1e222250, 0x0000029c1edea2c0,
0x0000029c20820a60, 0x0000029c1ffbd370, 0x0000029c1e967970, 0x0000029c1fdd8720,
0x0000029c1ecd1aa0, 0x0000029c1ecd2270, 0x0000029c1ecd2a40, 0x0000029c1ecd39e0,
0x0000029c1ecd5150, 0x0000029c1e135690, 0x0000029c1e133f20, 0x0000029c1e136630,
0x0000029c1e1346f0, 0x0000029c1e138d40, 0x0000029c1e13ac80, 0x0000029c20d29c90,
0x0000029c20d2a460, 0x0000029c20d2b400, 0x0000029c20d28cf0, 0x0000029c20d2fa50,
0x0000029c20d2f280, 0x0000029c20ad3060, 0x0000029c20ad6ee0, 0x0000029c20ad76b0,
0x0000029c20ad4fa0, 0x0000029c200f8ef0, 0x0000029c200f8720, 0x0000029c200f96c0,
0x0000029c200fa660, 0x0000029c200f7780, 0x0000029c200fcd70, 0x0000029c200fbdd0,
0x0000029c211351c0
}

Java Threads: ( => current thread )
  0x0000029c78f72270 JavaThread "main"                              [_thread_blocked, id=12740, stack(0x000000baf2300000,0x000000baf2400000) (1024K)]
  0x0000029c7f645210 JavaThread "Reference Handler"          daemon [_thread_blocked, id=13484, stack(0x000000baf2c00000,0x000000baf2d00000) (1024K)]
  0x0000029c7f645b10 JavaThread "Finalizer"                  daemon [_thread_blocked, id=16240, stack(0x000000baf2d00000,0x000000baf2e00000) (1024K)]
  0x0000029c7f64fb80 JavaThread "Signal Dispatcher"          daemon [_thread_blocked, id=14100, stack(0x000000baf2e00000,0x000000baf2f00000) (1024K)]
  0x0000029c7f650730 JavaThread "Attach Listener"            daemon [_thread_blocked, id=6284, stack(0x000000baf2f00000,0x000000baf3000000) (1024K)]
  0x0000029c7f6592f0 JavaThread "Service Thread"             daemon [_thread_blocked, id=13824, stack(0x000000baf3000000,0x000000baf3100000) (1024K)]
  0x0000029c7f679eb0 JavaThread "Monitor Deflation Thread"   daemon [_thread_blocked, id=14144, stack(0x000000baf3100000,0x000000baf3200000) (1024K)]
  0x0000029c7f687020 JavaThread "C2 CompilerThread0"         daemon [_thread_blocked, id=14468, stack(0x000000baf3200000,0x000000baf3300000) (1024K)]
  0x0000029c7f68ace0 JavaThread "C1 CompilerThread0"         daemon [_thread_blocked, id=13240, stack(0x000000baf3300000,0x000000baf3400000) (1024K)]
  0x0000029c1e19aaf0 JavaThread "Common-Cleaner"             daemon [_thread_blocked, id=14068, stack(0x000000baf3400000,0x000000baf3500000) (1024K)]
  0x0000029c1e222250 JavaThread "Notification Thread"        daemon [_thread_blocked, id=11212, stack(0x000000baf3500000,0x000000baf3600000) (1024K)]
  0x0000029c1edea2c0 JavaThread "Daemon health stats"               [_thread_blocked, id=8968, stack(0x000000baf3900000,0x000000baf3a00000) (1024K)]
  0x0000029c20820a60 JavaThread "Incoming local TCP Connector on port 56390"        [_thread_in_native, id=15920, stack(0x000000baf3a00000,0x000000baf3b00000) (1024K)]
  0x0000029c1ffbd370 JavaThread "Daemon periodic checks"            [_thread_blocked, id=15532, stack(0x000000baf3b00000,0x000000baf3c00000) (1024K)]
  0x0000029c1e967970 JavaThread "InnocuousThread-1"          daemon [_thread_blocked, id=15220, stack(0x000000baf3c00000,0x000000baf3d00000) (1024K)]
  0x0000029c1fdd8720 JavaThread "Daemon"                            [_thread_blocked, id=12160, stack(0x000000baf3d00000,0x000000baf3e00000) (1024K)]
  0x0000029c1ecd1aa0 JavaThread "Handler for socket connection from /127.0.0.1:56390 to /127.0.0.1:56391"        [_thread_in_native, id=15272, stack(0x000000baf3e00000,0x000000baf3f00000) (1024K)]
  0x0000029c1ecd2270 JavaThread "Cancel handler"                    [_thread_blocked, id=14540, stack(0x000000baf3f00000,0x000000baf4000000) (1024K)]
  0x0000029c1ecd2a40 JavaThread "Daemon worker"                     [_thread_blocked, id=864, stack(0x000000baf4000000,0x000000baf4100000) (1024K)]
  0x0000029c1ecd39e0 JavaThread "Asynchronous log dispatcher for DefaultDaemonConnection: socket connection from /127.0.0.1:56390 to /127.0.0.1:56391"        [_thread_blocked, id=13032, stack(0x000000baf4100000,0x000000baf4200000) (1024K)]
  0x0000029c1ecd5150 JavaThread "Stdin handler"                     [_thread_blocked, id=3344, stack(0x000000baf4700000,0x000000baf4800000) (1024K)]
  0x0000029c1e135690 JavaThread "Daemon client event forwarder"        [_thread_blocked, id=15508, stack(0x000000baf4800000,0x000000baf4900000) (1024K)]
  0x0000029c1e133f20 JavaThread "Cache worker for journal cache (C:\Users\lenovo\.gradle\caches\journal-1)"        [_thread_blocked, id=6700, stack(0x000000baf2000000,0x000000baf2100000) (1024K)]
  0x0000029c1e136630 JavaThread "File lock request listener"        [_thread_in_native, id=15456, stack(0x000000baf4900000,0x000000baf4a00000) (1024K)]
  0x0000029c1e1346f0 JavaThread "Cache worker for file hash cache (C:\Users\lenovo\.gradle\caches\9.4.1\fileHashes)"        [_thread_blocked, id=15068, stack(0x000000baf4a00000,0x000000baf4b00000) (1024K)]
  0x0000029c1e138d40 JavaThread "Cache worker for file hash cache (C:\Users\lenovo\Projects\Transport simulation\TransportsimAndroid\.gradle\9.4.1\fileHashes)"        [_thread_blocked, id=13560, stack(0x000000baf2100000,0x000000baf2200000) (1024K)]
  0x0000029c1e13ac80 JavaThread "Cache worker for Build Output Cleanup Cache (C:\Users\lenovo\Projects\Transport simulation\TransportsimAndroid\.gradle\buildOutputCleanup)"        [_thread_blocked, id=11532, stack(0x000000baf2200000,0x000000baf2300000) (1024K)]
  0x0000029c20d29c90 JavaThread "File watcher server"        daemon [_thread_in_native, id=11276, stack(0x000000baf4b00000,0x000000baf4c00000) (1024K)]
  0x0000029c20d2a460 JavaThread "File watcher consumer"      daemon [_thread_blocked, id=15340, stack(0x000000baf4c00000,0x000000baf4d00000) (1024K)]
  0x0000029c20d2b400 JavaThread "Cache worker for file content cache (C:\Users\lenovo\.gradle\caches\9.4.1\fileContent)"        [_thread_blocked, id=6732, stack(0x000000baf4d00000,0x000000baf4e00000) (1024K)]
  0x0000029c20d28cf0 JavaThread "Cache worker for checksums cache (C:\Users\lenovo\Projects\Transport simulation\TransportsimAndroid\.gradle\9.4.1\checksums)"        [_thread_blocked, id=14496, stack(0x000000baf4e00000,0x000000baf4f00000) (1024K)]
  0x0000029c20d2fa50 JavaThread "Cache worker for cache directory md-supplier (C:\Users\lenovo\.gradle\caches\9.4.1\md-supplier)"        [_thread_blocked, id=15452, stack(0x000000baf4f00000,0x000000baf5000000) (1024K)]
  0x0000029c20d2f280 JavaThread "Cache worker for cache directory md-rule (C:\Users\lenovo\.gradle\caches\9.4.1\md-rule)"        [_thread_blocked, id=13820, stack(0x000000baf5000000,0x000000baf5100000) (1024K)]
  0x0000029c20ad3060 JavaThread "Build operations"                  [_thread_blocked, id=14060, stack(0x000000baf5100000,0x000000baf5200000) (1024K)]
  0x0000029c20ad6ee0 JavaThread "Build operations Thread 2"         [_thread_blocked, id=13332, stack(0x000000baf5200000,0x000000baf5300000) (1024K)]
  0x0000029c20ad76b0 JavaThread "Build operations Thread 3"         [_thread_blocked, id=11708, stack(0x000000baf5300000,0x000000baf5400000) (1024K)]
  0x0000029c20ad4fa0 JavaThread "Cache worker for Build Output Cleanup Cache (C:\Users\lenovo\Projects\Transport simulation\TransportsimAndroid\build-logic\.gradle\buildOutputCleanup)"        [_thread_blocked, id=13780, stack(0x000000baf5400000,0x000000baf5500000) (1024K)]
  0x0000029c200f8ef0 JavaThread "Build operations Thread 4"         [_thread_blocked, id=3044, stack(0x000000baf5500000,0x000000baf5600000) (1024K)]
  0x0000029c200f8720 JavaThread "Build operations Thread 5"         [_thread_blocked, id=8704, stack(0x000000baf5600000,0x000000baf5700000) (1024K)]
  0x0000029c200f96c0 JavaThread "Build operations Thread 6"         [_thread_blocked, id=3144, stack(0x000000baf5700000,0x000000baf5800000) (1024K)]
  0x0000029c200fa660 JavaThread "Build operations Thread 7"         [_thread_blocked, id=13804, stack(0x000000baf5800000,0x000000baf5900000) (1024K)]
  0x0000029c200f7780 JavaThread "Build operations Thread 8"         [_thread_blocked, id=10184, stack(0x000000baf5900000,0x000000baf5a00000) (1024K)]
  0x0000029c200fcd70 JavaThread "Memory manager"                    [_thread_blocked, id=12244, stack(0x000000baf5a00000,0x000000baf5b00000) (1024K)]
  0x0000029c200fbdd0 JavaThread "build event listener"              [_thread_blocked, id=2792, stack(0x000000baf5b00000,0x000000baf5c00000) (1024K)]
  0x0000029c211351c0 JavaThread "build event listener"              [_thread_blocked, id=16220, stack(0x000000baf5c00000,0x000000baf5d00000) (1024K)]
Total: 45

Other Threads:
=>0x0000029c7f62f6a0 VMThread "VM Thread"                           [id=11996, stack(0x000000baf2b00000,0x000000baf2c00000) (1024K)]
  0x0000029c7f61ee40 WatcherThread "VM Periodic Task Thread"        [id=2968, stack(0x000000baf2a00000,0x000000baf2b00000) (1024K)]
  0x0000029c78fc01e0 WorkerThread "GC Thread#0"                     [id=13020, stack(0x000000baf2400000,0x000000baf2500000) (1024K)]
  0x0000029c1e247af0 WorkerThread "GC Thread#1"                     [id=14456, stack(0x000000baf3600000,0x000000baf3700000) (1024K)]
  0x0000029c1e82e460 WorkerThread "GC Thread#2"                     [id=10928, stack(0x000000baf3800000,0x000000baf3900000) (1024K)]
  0x0000029c1e82c630 WorkerThread "GC Thread#3"                     [id=4392, stack(0x000000baf4200000,0x000000baf4300000) (1024K)]
  0x0000029c1e82ca80 WorkerThread "GC Thread#4"                     [id=15496, stack(0x000000baf4300000,0x000000baf4400000) (1024K)]
  0x0000029c1fee5d70 WorkerThread "GC Thread#5"                     [id=10964, stack(0x000000baf4400000,0x000000baf4500000) (1024K)]
  0x0000029c1fee36a0 WorkerThread "GC Thread#6"                     [id=12824, stack(0x000000baf4500000,0x000000baf4600000) (1024K)]
  0x0000029c1fee4c30 WorkerThread "GC Thread#7"                     [id=13624, stack(0x000000baf4600000,0x000000baf4700000) (1024K)]
  0x0000029c78fdb1a0 ConcurrentGCThread "G1 Main Marker"            [id=12816, stack(0x000000baf2500000,0x000000baf2600000) (1024K)]
  0x0000029c78fdd3b0 WorkerThread "G1 Conc#0"                       [id=7348, stack(0x000000baf2600000,0x000000baf2700000) (1024K)]
  0x0000029c1e82ed00 WorkerThread "G1 Conc#1"                       [id=7396, stack(0x000000baf3700000,0x000000baf3800000) (1024K)]
  0x0000029c79018be0 WorkerThread "G1 Refinement Workers#0"         [id=16080, stack(0x000000baf2800000,0x000000baf2900000) (1024K)]
  0x0000029c79016010 ConcurrentGCThread "G1 Refine Control"         [id=2684, stack(0x000000baf2700000,0x000000baf2800000) (1024K)]
  0x0000029c7901d4c0 ConcurrentGCThread "G1 Service"                [id=11916, stack(0x000000baf2900000,0x000000baf2a00000) (1024K)]
Total: 16

Threads with active compile tasks:
C2 CompilerThread0  349124 10946       4       org.gradle.internal.reflect.ClassInspector::inspectClass (179 bytes)
Total: 1

VM state: at safepoint (normal execution)

VM Mutex/Monitor currently owned by a thread:  ([mutex/lock_event])
[0x00007ffc9f71ed08] Threads_lock - owner thread: 0x0000029c7f62f6a0
[0x00007ffc9f71ef88] Heap_lock - owner thread: 0x0000029c1ecd2a40

Heap address: 0x0000000700000000, size: 4096 MB, Compressed Oops mode: Zero based, Oop shift amount: 3

CDS archive(s) mapped at: [0x0000000061000000-0x0000000061de0000-0x0000000061de0000), size 14548992, SharedBaseAddress: 0x0000000061000000, ArchiveRelocationMode: 1.
Compressed class space mapped at: 0x0000000062000000-0x000000007c000000, reserved size: 436207616
UseCompressedClassPointers 1, UseCompactObjectHeaders 0
Narrow klass pointer bits 32, Max shift 3
Narrow klass base: 0x0000000061000000, Narrow klass shift: 0
Encoding Range: [0x0000000061000000 - 0x0000000161000000), (4294967296 bytes)
Klass Range:    [0x0000000061000000 - 0x000000007c000000), (452984832 bytes)
Klass ID Range:  [8 - 452984825) (452984817)
Protection zone: [0x0000000061000000 - 0x0000000061010000), (65536 bytes)

GC Precious Log:
 CardTable entry size: 512
 Card Set container configuration: InlinePtr #cards 4 size 8 Array Of Cards #cards 16 size 48 Howl #buckets 8 coarsen threshold 3686 Howl Bitmap #cards 512 size 80 coarsen threshold 460 Card regions per heap region 1 cards per card region 4096
 CPUs: 8 total, 8 available
 Memory: 3895M
 Large Page Support: Disabled
 NUMA Support: Disabled
 Compressed Oops: Enabled (Zero based)
 Heap Region Size: 2M
 Heap Min Capacity: 8M
 Heap Initial Capacity: 8M
 Heap Max Capacity: 4G
 Pre-touch: Disabled
 Parallel Workers: 8
 Concurrent Workers: 2
 Concurrent Refinement Workers: 8
 Periodic GC: Disabled

Heap:
 garbage-first heap   total reserved 4194304K, committed 276480K, used 82772K [0x0000000700000000, 0x0000000800000000)
  region size 2M, 0 eden (0M), 2 survivor (4M), 34 old (68M), 5 humongous (10M), 94 free (188M)

Heap Regions: E=young(eden), S=young(survivor), O=old, HS=humongous(starts), HC=humongous(continues), CS=collection set, F=free, TAMS=top-at-mark-start, PB=parsable bottom
|    0|0x0000000700000000, 0x0000000700200000, 0x0000000700200000|100%| O|  |TAMS 0x0000000700000000| PB 0x0000000700000000| Untracked |  0
|    1|0x0000000700200000, 0x0000000700400000, 0x0000000700400000|100%| O|  |TAMS 0x0000000700200000| PB 0x0000000700200000| Untracked |  0
|    2|0x0000000700400000, 0x0000000700600000, 0x0000000700600000|100%|HS|  |TAMS 0x0000000700400000| PB 0x0000000700400000| Complete  |  0
|    3|0x0000000700600000, 0x0000000700800000, 0x0000000700800000|100%|HC|  |TAMS 0x0000000700600000| PB 0x0000000700600000| Complete  |  0
|    4|0x0000000700800000, 0x0000000700a00000, 0x0000000700a00000|100%| O|  |TAMS 0x0000000700800000| PB 0x0000000700800000| Untracked |  0
|    5|0x0000000700a00000, 0x0000000700c00000, 0x0000000700c00000|100%| O|  |TAMS 0x0000000700a00000| PB 0x0000000700a00000| Untracked |  0
|    6|0x0000000700c00000, 0x0000000700e00000, 0x0000000700e00000|100%| O|  |TAMS 0x0000000700c00000| PB 0x0000000700c00000| Untracked |  0
|    7|0x0000000700e00000, 0x0000000701000000, 0x0000000701000000|100%| O|  |TAMS 0x0000000700e00000| PB 0x0000000700e00000| Untracked |  0
|    8|0x0000000701000000, 0x0000000701200000, 0x0000000701200000|100%| O|  |TAMS 0x0000000701000000| PB 0x0000000701000000| Untracked |  0
|    9|0x0000000701200000, 0x0000000701400000, 0x0000000701400000|100%| O|  |TAMS 0x0000000701200000| PB 0x0000000701200000| Untracked |  0
|   10|0x0000000701400000, 0x0000000701600000, 0x0000000701600000|100%| O|  |TAMS 0x0000000701400000| PB 0x0000000701400000| Untracked |  0
|   11|0x0000000701600000, 0x0000000701800000, 0x0000000701800000|100%| O|  |TAMS 0x0000000701600000| PB 0x0000000701600000| Untracked |  0
|   12|0x0000000701800000, 0x0000000701a00000, 0x0000000701a00000|100%| O|  |TAMS 0x0000000701800000| PB 0x0000000701800000| Untracked |  0
|   13|0x0000000701a00000, 0x0000000701c00000, 0x0000000701c00000|100%| O|  |TAMS 0x0000000701a00000| PB 0x0000000701a00000| Untracked |  0
|   14|0x0000000701c00000, 0x0000000701e00000, 0x0000000701e00000|100%| O|  |TAMS 0x0000000701c00000| PB 0x0000000701c00000| Untracked |  0
|   15|0x0000000701e00000, 0x0000000702000000, 0x0000000702000000|100%|HS|  |TAMS 0x0000000701e00000| PB 0x0000000701e00000| Complete  |  0
|   16|0x0000000702000000, 0x0000000702200000, 0x0000000702200000|100%|HS|  |TAMS 0x0000000702000000| PB 0x0000000702000000| Complete  |  0
|   17|0x0000000702200000, 0x0000000702400000, 0x0000000702400000|100%|HS|  |TAMS 0x0000000702200000| PB 0x0000000702200000| Complete  |  0
|   18|0x0000000702400000, 0x0000000702600000, 0x0000000702600000|100%| O|  |TAMS 0x0000000702400000| PB 0x0000000702400000| Untracked |  0
|   19|0x0000000702600000, 0x0000000702800000, 0x0000000702800000|100%| O|  |TAMS 0x0000000702600000| PB 0x0000000702600000| Untracked |  0
|   20|0x0000000702800000, 0x0000000702a00000, 0x0000000702a00000|100%| O|  |TAMS 0x0000000702800000| PB 0x0000000702800000| Untracked |  0
|   21|0x0000000702a00000, 0x0000000702c00000, 0x0000000702c00000|100%| O|  |TAMS 0x0000000702a00000| PB 0x0000000702a00000| Untracked |  0
|   22|0x0000000702c00000, 0x0000000702e00000, 0x0000000702e00000|100%| O|  |TAMS 0x0000000702c00000| PB 0x0000000702c00000| Untracked |  0
|   23|0x0000000702e00000, 0x0000000703000000, 0x0000000703000000|100%| O|  |TAMS 0x0000000702e00000| PB 0x0000000702e00000| Untracked |  0
|   24|0x0000000703000000, 0x0000000703200000, 0x0000000703200000|100%| O|  |TAMS 0x0000000703000000| PB 0x0000000703000000| Untracked |  0
|   25|0x0000000703200000, 0x0000000703400000, 0x0000000703400000|100%| O|  |TAMS 0x0000000703200000| PB 0x0000000703200000| Untracked |  0
|   26|0x0000000703400000, 0x0000000703600000, 0x0000000703600000|100%| O|  |TAMS 0x0000000703400000| PB 0x0000000703400000| Untracked |  0
|   27|0x0000000703600000, 0x0000000703800000, 0x0000000703800000|100%| O|  |TAMS 0x0000000703600000| PB 0x0000000703600000| Untracked |  0
|   28|0x0000000703800000, 0x0000000703a00000, 0x0000000703a00000|100%| O|  |TAMS 0x0000000703800000| PB 0x0000000703800000| Untracked |  0
|   29|0x0000000703a00000, 0x0000000703c00000, 0x0000000703c00000|100%| O|  |TAMS 0x0000000703a00000| PB 0x0000000703a00000| Untracked |  0
|   30|0x0000000703c00000, 0x0000000703e00000, 0x0000000703e00000|100%| O|  |TAMS 0x0000000703c00000| PB 0x0000000703c00000| Untracked |  0
|   31|0x0000000703e00000, 0x0000000704000000, 0x0000000704000000|100%| O|  |TAMS 0x0000000703e00000| PB 0x0000000703e00000| Untracked |  0
|   32|0x0000000704000000, 0x0000000704200000, 0x0000000704200000|100%| O|  |TAMS 0x0000000704000000| PB 0x0000000704000000| Untracked |  0
|   33|0x0000000704200000, 0x0000000704400000, 0x0000000704400000|100%| O|  |TAMS 0x0000000704200000| PB 0x0000000704200000| Untracked |  0
|   34|0x0000000704400000, 0x0000000704600000, 0x0000000704600000|100%| O|  |TAMS 0x0000000704400000| PB 0x0000000704400000| Untracked |  0
|   35|0x0000000704600000, 0x0000000704800000, 0x0000000704800000|100%| O|  |TAMS 0x0000000704600000| PB 0x0000000704600000| Untracked |  0
|   36|0x0000000704800000, 0x0000000704a00000, 0x0000000704a00000|100%| O|  |TAMS 0x0000000704800000| PB 0x0000000704800000| Untracked |  0
|   37|0x0000000704a00000, 0x0000000704c00000, 0x0000000704c00000|100%| O|  |TAMS 0x0000000704a00000| PB 0x0000000704a00000| Untracked |  0
|   38|0x0000000704c00000, 0x0000000704e00000, 0x0000000704e00000|100%| O|  |TAMS 0x0000000704c00000| PB 0x0000000704c00000| Untracked |  0
|   39|0x0000000704e00000, 0x0000000704e00000, 0x0000000705000000|  0%| F|  |TAMS 0x0000000704e00000| PB 0x0000000704e00000| Untracked |  0
|   40|0x0000000705000000, 0x0000000705000000, 0x0000000705200000|  0%| F|  |TAMS 0x0000000705000000| PB 0x0000000705000000| Untracked |  0
|   41|0x0000000705200000, 0x0000000705200000, 0x0000000705400000|  0%| F|  |TAMS 0x0000000705200000| PB 0x0000000705200000| Untracked |  0
|   42|0x0000000705400000, 0x0000000705400000, 0x0000000705600000|  0%| F|  |TAMS 0x0000000705400000| PB 0x0000000705400000| Untracked |  0
|   43|0x0000000705600000, 0x0000000705600000, 0x0000000705800000|  0%| F|  |TAMS 0x0000000705600000| PB 0x0000000705600000| Untracked |  0
|   44|0x0000000705800000, 0x0000000705800000, 0x0000000705a00000|  0%| F|  |TAMS 0x0000000705800000| PB 0x0000000705800000| Untracked |  0
|   45|0x0000000705a00000, 0x0000000705a00000, 0x0000000705c00000|  0%| F|  |TAMS 0x0000000705a00000| PB 0x0000000705a00000| Untracked |  0
|   46|0x0000000705c00000, 0x0000000705c00000, 0x0000000705e00000|  0%| F|  |TAMS 0x0000000705c00000| PB 0x0000000705c00000| Untracked |  0
|   47|0x0000000705e00000, 0x0000000705e00000, 0x0000000706000000|  0%| F|  |TAMS 0x0000000705e00000| PB 0x0000000705e00000| Untracked |  0
|   48|0x0000000706000000, 0x0000000706000000, 0x0000000706200000|  0%| F|  |TAMS 0x0000000706000000| PB 0x0000000706000000| Untracked |  0
|   49|0x0000000706200000, 0x0000000706200000, 0x0000000706400000|  0%| F|  |TAMS 0x0000000706200000| PB 0x0000000706200000| Untracked |  0
|   50|0x0000000706400000, 0x0000000706400000, 0x0000000706600000|  0%| F|  |TAMS 0x0000000706400000| PB 0x0000000706400000| Untracked |  0
|   51|0x0000000706600000, 0x0000000706600000, 0x0000000706800000|  0%| F|  |TAMS 0x0000000706600000| PB 0x0000000706600000| Untracked |  0
|   52|0x0000000706800000, 0x0000000706800000, 0x0000000706a00000|  0%| F|  |TAMS 0x0000000706800000| PB 0x0000000706800000| Untracked |  0
|   53|0x0000000706a00000, 0x0000000706a00000, 0x0000000706c00000|  0%| F|  |TAMS 0x0000000706a00000| PB 0x0000000706a00000| Untracked |  0
|   54|0x0000000706c00000, 0x0000000706c00000, 0x0000000706e00000|  0%| F|  |TAMS 0x0000000706c00000| PB 0x0000000706c00000| Untracked |  0
|   55|0x0000000706e00000, 0x0000000706e00000, 0x0000000707000000|  0%| F|  |TAMS 0x0000000706e00000| PB 0x0000000706e00000| Untracked |  0
|   56|0x0000000707000000, 0x0000000707000000, 0x0000000707200000|  0%| F|  |TAMS 0x0000000707000000| PB 0x0000000707000000| Untracked |  0
|   57|0x0000000707200000, 0x0000000707200000, 0x0000000707400000|  0%| F|  |TAMS 0x0000000707200000| PB 0x0000000707200000| Untracked |  0
|   58|0x0000000707400000, 0x0000000707400000, 0x0000000707600000|  0%| F|  |TAMS 0x0000000707400000| PB 0x0000000707400000| Untracked |  0
|   59|0x0000000707600000, 0x0000000707600000, 0x0000000707800000|  0%| F|  |TAMS 0x0000000707600000| PB 0x0000000707600000| Untracked |  0
|   60|0x0000000707800000, 0x0000000707800000, 0x0000000707a00000|  0%| F|  |TAMS 0x0000000707800000| PB 0x0000000707800000| Untracked |  0
|   61|0x0000000707a00000, 0x0000000707a00000, 0x0000000707c00000|  0%| F|  |TAMS 0x0000000707a00000| PB 0x0000000707a00000| Untracked |  0
|   62|0x0000000707c00000, 0x0000000707c00000, 0x0000000707e00000|  0%| F|  |TAMS 0x0000000707c00000| PB 0x0000000707c00000| Untracked |  0
|   63|0x0000000707e00000, 0x0000000707e00000, 0x0000000708000000|  0%| F|  |TAMS 0x0000000707e00000| PB 0x0000000707e00000| Untracked |  0
|   64|0x0000000708000000, 0x0000000708000000, 0x0000000708200000|  0%| F|  |TAMS 0x0000000708000000| PB 0x0000000708000000| Untracked |  0
|   65|0x0000000708200000, 0x0000000708200000, 0x0000000708400000|  0%| F|  |TAMS 0x0000000708200000| PB 0x0000000708200000| Untracked |  0
|   66|0x0000000708400000, 0x0000000708400000, 0x0000000708600000|  0%| F|  |TAMS 0x0000000708400000| PB 0x0000000708400000| Untracked |  0
|   67|0x0000000708600000, 0x0000000708600000, 0x0000000708800000|  0%| F|  |TAMS 0x0000000708600000| PB 0x0000000708600000| Untracked |  0
|   68|0x0000000708800000, 0x0000000708800000, 0x0000000708a00000|  0%| F|  |TAMS 0x0000000708800000| PB 0x0000000708800000| Untracked |  0
|   69|0x0000000708a00000, 0x0000000708a00000, 0x0000000708c00000|  0%| F|  |TAMS 0x0000000708a00000| PB 0x0000000708a00000| Untracked |  0
|   70|0x0000000708c00000, 0x0000000708c00000, 0x0000000708e00000|  0%| F|  |TAMS 0x0000000708c00000| PB 0x0000000708c00000| Untracked |  0
|   71|0x0000000708e00000, 0x0000000708e00000, 0x0000000709000000|  0%| F|  |TAMS 0x0000000708e00000| PB 0x0000000708e00000| Untracked |  0
|   72|0x0000000709000000, 0x0000000709000000, 0x0000000709200000|  0%| F|  |TAMS 0x0000000709000000| PB 0x0000000709000000| Untracked |  0
|   73|0x0000000709200000, 0x0000000709200000, 0x0000000709400000|  0%| F|  |TAMS 0x0000000709200000| PB 0x0000000709200000| Untracked |  0
|   74|0x0000000709400000, 0x0000000709400000, 0x0000000709600000|  0%| F|  |TAMS 0x0000000709400000| PB 0x0000000709400000| Untracked |  0
|   75|0x0000000709600000, 0x0000000709600000, 0x0000000709800000|  0%| F|  |TAMS 0x0000000709600000| PB 0x0000000709600000| Untracked |  0
|   76|0x0000000709800000, 0x0000000709800000, 0x0000000709a00000|  0%| F|  |TAMS 0x0000000709800000| PB 0x0000000709800000| Untracked |  0
|   77|0x0000000709a00000, 0x0000000709a00000, 0x0000000709c00000|  0%| F|  |TAMS 0x0000000709a00000| PB 0x0000000709a00000| Untracked |  0
|   78|0x0000000709c00000, 0x0000000709c00000, 0x0000000709e00000|  0%| F|  |TAMS 0x0000000709c00000| PB 0x0000000709c00000| Untracked |  0
|   79|0x0000000709e00000, 0x0000000709e00000, 0x000000070a000000|  0%| F|  |TAMS 0x0000000709e00000| PB 0x0000000709e00000| Untracked |  0
|   80|0x000000070a000000, 0x000000070a000000, 0x000000070a200000|  0%| F|  |TAMS 0x000000070a000000| PB 0x000000070a000000| Untracked |  0
|   81|0x000000070a200000, 0x000000070a200000, 0x000000070a400000|  0%| F|  |TAMS 0x000000070a200000| PB 0x000000070a200000| Untracked |  0
|   82|0x000000070a400000, 0x000000070a400000, 0x000000070a600000|  0%| F|  |TAMS 0x000000070a400000| PB 0x000000070a400000| Untracked |  0
|   83|0x000000070a600000, 0x000000070a600000, 0x000000070a800000|  0%| F|  |TAMS 0x000000070a600000| PB 0x000000070a600000| Untracked |  0
|   84|0x000000070a800000, 0x000000070a800000, 0x000000070aa00000|  0%| F|  |TAMS 0x000000070a800000| PB 0x000000070a800000| Untracked |  0
|   85|0x000000070aa00000, 0x000000070aa00000, 0x000000070ac00000|  0%| F|  |TAMS 0x000000070aa00000| PB 0x000000070aa00000| Untracked |  0
|   86|0x000000070ac00000, 0x000000070ac00000, 0x000000070ae00000|  0%| F|  |TAMS 0x000000070ac00000| PB 0x000000070ac00000| Untracked |  0
|   87|0x000000070ae00000, 0x000000070ae00000, 0x000000070b000000|  0%| F|  |TAMS 0x000000070ae00000| PB 0x000000070ae00000| Untracked |  0
|   88|0x000000070b000000, 0x000000070b000000, 0x000000070b200000|  0%| F|  |TAMS 0x000000070b000000| PB 0x000000070b000000| Untracked |  0
|   89|0x000000070b200000, 0x000000070b200000, 0x000000070b400000|  0%| F|  |TAMS 0x000000070b200000| PB 0x000000070b200000| Untracked |  0
|   90|0x000000070b400000, 0x000000070b400000, 0x000000070b600000|  0%| F|  |TAMS 0x000000070b400000| PB 0x000000070b400000| Untracked |  0
|   91|0x000000070b600000, 0x000000070b600000, 0x000000070b800000|  0%| F|  |TAMS 0x000000070b600000| PB 0x000000070b600000| Untracked |  0
|   92|0x000000070b800000, 0x000000070b800000, 0x000000070ba00000|  0%| F|  |TAMS 0x000000070b800000| PB 0x000000070b800000| Untracked |  0
|   93|0x000000070ba00000, 0x000000070ba00000, 0x000000070bc00000|  0%| F|  |TAMS 0x000000070ba00000| PB 0x000000070ba00000| Untracked |  0
|   94|0x000000070bc00000, 0x000000070bc00000, 0x000000070be00000|  0%| F|  |TAMS 0x000000070bc00000| PB 0x000000070bc00000| Untracked |  0
|   95|0x000000070be00000, 0x000000070be00000, 0x000000070c000000|  0%| F|  |TAMS 0x000000070be00000| PB 0x000000070be00000| Untracked |  0
|   96|0x000000070c000000, 0x000000070c000000, 0x000000070c200000|  0%| F|  |TAMS 0x000000070c000000| PB 0x000000070c000000| Untracked |  0
|   97|0x000000070c200000, 0x000000070c200000, 0x000000070c400000|  0%| F|  |TAMS 0x000000070c200000| PB 0x000000070c200000| Untracked |  0
|   98|0x000000070c400000, 0x000000070c400000, 0x000000070c600000|  0%| F|  |TAMS 0x000000070c400000| PB 0x000000070c400000| Untracked |  0
|   99|0x000000070c600000, 0x000000070c600000, 0x000000070c800000|  0%| F|  |TAMS 0x000000070c600000| PB 0x000000070c600000| Untracked |  0
|  100|0x000000070c800000, 0x000000070c800000, 0x000000070ca00000|  0%| F|  |TAMS 0x000000070c800000| PB 0x000000070c800000| Untracked |  0
|  101|0x000000070ca00000, 0x000000070ca00000, 0x000000070cc00000|  0%| F|  |TAMS 0x000000070ca00000| PB 0x000000070ca00000| Untracked |  0
|  102|0x000000070cc00000, 0x000000070cc00000, 0x000000070ce00000|  0%| F|  |TAMS 0x000000070cc00000| PB 0x000000070cc00000| Untracked |  0
|  103|0x000000070ce00000, 0x000000070ce00000, 0x000000070d000000|  0%| F|  |TAMS 0x000000070ce00000| PB 0x000000070ce00000| Untracked |  0
|  104|0x000000070d000000, 0x000000070d000000, 0x000000070d200000|  0%| F|  |TAMS 0x000000070d000000| PB 0x000000070d000000| Untracked |  0
|  105|0x000000070d200000, 0x000000070d200000, 0x000000070d400000|  0%| F|  |TAMS 0x000000070d200000| PB 0x000000070d200000| Untracked |  0
|  106|0x000000070d400000, 0x000000070d4d51e8, 0x000000070d600000| 41%| S|CS|TAMS 0x000000070d400000| PB 0x000000070d400000| Complete  |  0
|  107|0x000000070d600000, 0x000000070d800000, 0x000000070d800000|100%| S|CS|TAMS 0x000000070d600000| PB 0x000000070d600000| Complete  |  0
|  108|0x000000070d800000, 0x000000070d800000, 0x000000070da00000|  0%| F|  |TAMS 0x000000070d800000| PB 0x000000070d800000| Untracked |  0
|  109|0x000000070da00000, 0x000000070da00000, 0x000000070dc00000|  0%| F|  |TAMS 0x000000070da00000| PB 0x000000070da00000| Untracked |  0
|  110|0x000000070dc00000, 0x000000070dc00000, 0x000000070de00000|  0%| F|  |TAMS 0x000000070dc00000| PB 0x000000070dc00000| Untracked |  0
|  111|0x000000070de00000, 0x000000070de00000, 0x000000070e000000|  0%| F|  |TAMS 0x000000070de00000| PB 0x000000070de00000| Untracked |  0
|  112|0x000000070e000000, 0x000000070e000000, 0x000000070e200000|  0%| F|  |TAMS 0x000000070e000000| PB 0x000000070e000000| Untracked |  0
|  113|0x000000070e200000, 0x000000070e200000, 0x000000070e400000|  0%| F|  |TAMS 0x000000070e200000| PB 0x000000070e200000| Untracked |  0
|  114|0x000000070e400000, 0x000000070e400000, 0x000000070e600000|  0%| F|  |TAMS 0x000000070e400000| PB 0x000000070e400000| Untracked |  0
|  115|0x000000070e600000, 0x000000070e600000, 0x000000070e800000|  0%| F|  |TAMS 0x000000070e600000| PB 0x000000070e600000| Untracked |  0
|  116|0x000000070e800000, 0x000000070e800000, 0x000000070ea00000|  0%| F|  |TAMS 0x000000070e800000| PB 0x000000070e800000| Untracked |  0
|  117|0x000000070ea00000, 0x000000070ea00000, 0x000000070ec00000|  0%| F|  |TAMS 0x000000070ea00000| PB 0x000000070ea00000| Untracked |  0
|  118|0x000000070ec00000, 0x000000070ec00000, 0x000000070ee00000|  0%| F|  |TAMS 0x000000070ec00000| PB 0x000000070ec00000| Untracked |  0
|  119|0x000000070ee00000, 0x000000070ee00000, 0x000000070f000000|  0%| F|  |TAMS 0x000000070ee00000| PB 0x000000070ee00000| Untracked |  0
|  120|0x000000070f000000, 0x000000070f000000, 0x000000070f200000|  0%| F|  |TAMS 0x000000070f000000| PB 0x000000070f000000| Untracked |  0
|  121|0x000000070f200000, 0x000000070f200000, 0x000000070f400000|  0%| F|  |TAMS 0x000000070f200000| PB 0x000000070f200000| Untracked |  0
|  122|0x000000070f400000, 0x000000070f400000, 0x000000070f600000|  0%| F|  |TAMS 0x000000070f400000| PB 0x000000070f400000| Untracked |  0
|  123|0x000000070f600000, 0x000000070f600000, 0x000000070f800000|  0%| F|  |TAMS 0x000000070f600000| PB 0x000000070f600000| Untracked |  0
|  124|0x000000070f800000, 0x000000070f800000, 0x000000070fa00000|  0%| F|  |TAMS 0x000000070f800000| PB 0x000000070f800000| Untracked |  0
|  125|0x000000070fa00000, 0x000000070fa00000, 0x000000070fc00000|  0%| F|  |TAMS 0x000000070fa00000| PB 0x000000070fa00000| Untracked |  0
|  126|0x000000070fc00000, 0x000000070fc00000, 0x000000070fe00000|  0%| F|  |TAMS 0x000000070fc00000| PB 0x000000070fc00000| Untracked |  0
|  127|0x000000070fe00000, 0x000000070fe00000, 0x0000000710000000|  0%| F|  |TAMS 0x000000070fe00000| PB 0x000000070fe00000| Untracked |  0
|  128|0x0000000710000000, 0x0000000710000000, 0x0000000710200000|  0%| F|  |TAMS 0x0000000710000000| PB 0x0000000710000000| Untracked |  0
|  129|0x0000000710200000, 0x0000000710200000, 0x0000000710400000|  0%| F|  |TAMS 0x0000000710200000| PB 0x0000000710200000| Untracked |  0
|  130|0x0000000710400000, 0x0000000710400000, 0x0000000710600000|  0%| F|  |TAMS 0x0000000710400000| PB 0x0000000710400000| Untracked |  0
|  131|0x0000000710600000, 0x0000000710600000, 0x0000000710800000|  0%| F|  |TAMS 0x0000000710600000| PB 0x0000000710600000| Untracked |  0
|  132|0x0000000710800000, 0x0000000710800000, 0x0000000710a00000|  0%| F|  |TAMS 0x0000000710800000| PB 0x0000000710800000| Untracked |  0
|  133|0x0000000710a00000, 0x0000000710a00000, 0x0000000710c00000|  0%| F|  |TAMS 0x0000000710a00000| PB 0x0000000710a00000| Untracked |  0
| 2047|0x00000007ffe00000, 0x00000007ffe00000, 0x0000000800000000|  0%| F|  |TAMS 0x00000007ffe00000| PB 0x00000007ffe00000| Untracked |  0

Card table byte_map: [0x0000029c7a480000,0x0000029c7ac80000] _byte_map_base: 0x0000029c76c80000
Refinement table byte_map: [0x0000029c79c80000,0x0000029c7a480000] _byte_map_base: 0x0000029c76480000

Marking Bits: (CMBitMap*) 0x0000029c78fc0960
 Bits: [0x0000029c7ac80000, 0x0000029c7ec80000)

Polling page: 0x0000029c76df0000

Metaspace:
Metaspace        used 74973K, committed 76992K, reserved 491520K
 class space     used 11755K, committed 12736K, reserved 425984K

Usage:
  Non-class:     61.74 MB used.
      Class:     11.48 MB used.
       Both:     73.22 MB used.

Virtual space:
  Non-class space:       64.00 MB reserved,      62.75 MB ( 98%) committed,  1 nodes.
      Class space:      416.00 MB reserved,      12.44 MB (  3%) committed,  1 nodes.
             Both:      480.00 MB reserved,      75.19 MB ( 16%) committed. 

Chunk freelists:
   Non-Class:  1.27 MB
       Class:  3.52 MB
        Both:  4.78 MB

MaxMetaspaceSize: 512.00 MB
CompressedClassSpaceSize: 416.00 MB
Initial GC threshold: 21.00 MB
Current GC threshold: 99.00 MB
CDS: on
 - commit_granule_bytes: 65536.
 - commit_granule_words: 8192.
 - virtual_space_node_default_size: 8388608.
 - enlarge_chunks_in_place: 1.
UseCompressedClassPointers 1, UseCompactObjectHeaders 0
Narrow klass pointer bits 32, Max shift 3
Narrow klass base: 0x0000000061000000, Narrow klass shift: 0
Encoding Range: [0x0000000061000000 - 0x0000000161000000), (4294967296 bytes)
Klass Range:    [0x0000000061000000 - 0x000000007c000000), (452984832 bytes)
Klass ID Range:  [8 - 452984825) (452984817)
Protection zone: [0x0000000061000000 - 0x0000000061010000), (65536 bytes)


Internal statistics:

num_allocs_failed_limit: 12.
num_arena_births: 3576.
num_arena_deaths: 0.
num_vsnodes_births: 2.
num_vsnodes_deaths: 0.
num_space_committed: 1203.
num_space_uncommitted: 0.
num_chunks_returned_to_freelist: 12.
num_chunks_taken_from_freelist: 7011.
num_chunk_merges: 3.
num_chunk_splits: 4617.
num_chunks_enlarged: 2964.
num_inconsistent_stats: 0.

CodeHeap 'non-profiled nmethods': size=120064Kb used=4061Kb max_used=4061Kb free=116002Kb
 bounds [0x0000029c106c0000, 0x0000029c10ac0000, 0x0000029c17c00000]
CodeHeap 'profiled nmethods': size=120064Kb used=15164Kb max_used=15164Kb free=104899Kb
 bounds [0x0000029c08be0000, 0x0000029c09ab0000, 0x0000029c10120000]
CodeHeap 'non-nmethods': size=5760Kb used=2210Kb max_used=2336Kb free=3550Kb
 bounds [0x0000029c10120000, 0x0000029c10390000, 0x0000029c106c0000]
CodeCache: size=245888Kb, used=21435Kb, max_used=21561Kb, free=224451Kb
 total_blobs=11074, nmethods=10225, adapters=753, full_count=0
Compilation: enabled, stopped_count=0, restarted_count=0

Compilation events (20 events):
Event: 344.501 Thread 0x0000029c7f68ace0 11007       3       org.gradle.api.internal.artifacts.ivyservice.resolveengine.artifact.VariantResolvingArtifactSet::getArtifactsForGraphVariant (120 bytes)
Event: 344.510 Thread 0x0000029c7f68ace0 nmethod 11007 0x0000029c09aa9d88 code [0x0000029c09aa9e80, 0x0000029c09aaae78]
Event: 344.510 Thread 0x0000029c7f68ace0 11006   !   3       org.gradle.api.internal.artifacts.ivyservice.resolveengine.artifact.ArtifactBackedResolvedVariant::getArtifacts (169 bytes)
Event: 344.524 Thread 0x0000029c7f68ace0 nmethod 11006 0x0000029c09aaaf08 code [0x0000029c09aab000, 0x0000029c09aac718]
Event: 344.524 Thread 0x0000029c7f68ace0 11010       3       org.gradle.api.internal.artifacts.ivyservice.ivyresolve.RepositoryChainArtifactResolver::resolveArtifact (54 bytes)
Event: 344.543 Thread 0x0000029c7f68ace0 nmethod 11010 0x0000029c09aac788 code [0x0000029c09aac880, 0x0000029c09aad4f0]
Event: 344.543 Thread 0x0000029c7f68ace0 11011       3       org.gradle.internal.component.model.DefaultVariantMetadata::<init> (38 bytes)
Event: 344.545 Thread 0x0000029c7f68ace0 nmethod 11011 0x0000029c09aad588 code [0x0000029c09aad680, 0x0000029c09aada00]
Event: 344.716 Thread 0x0000029c7f68ace0 11012  s    3       java.io.FileDescriptor::attach (73 bytes)
Event: 344.724 Thread 0x0000029c7f68ace0 nmethod 11012 0x0000029c09aada88 code [0x0000029c09aadb80, 0x0000029c09aae720]
Event: 344.727 Thread 0x0000029c7f68ace0 11013       1       org.gradle.cache.internal.filelock.FileLockOutcome$3::isLockWasAcquired (2 bytes)
Event: 344.728 Thread 0x0000029c7f68ace0 nmethod 11013 0x0000029c10ab6b88 code [0x0000029c10ab6c80, 0x0000029c10ab6d38]
Event: 344.830 Thread 0x0000029c7f68ace0 11014       3       java.lang.invoke.LambdaForm$Name::<init> (14 bytes)
Event: 344.834 Thread 0x0000029c7f68ace0 nmethod 11014 0x0000029c09aae788 code [0x0000029c09aae880, 0x0000029c09aaeb80]
Event: 345.231 Thread 0x0000029c7f68ace0 11015       3       java.util.ArrayList::addAll (108 bytes)
Event: 345.237 Thread 0x0000029c7f68ace0 nmethod 11015 0x0000029c09aaeb88 code [0x0000029c09aaec80, 0x0000029c09aaf300]
Event: 345.237 Thread 0x0000029c7f68ace0 11017       1       org.gradle.api.internal.project.taskfactory.TaskIdentity::getTaskType (5 bytes)
Event: 345.242 Thread 0x0000029c7f68ace0 nmethod 11017 0x0000029c10ab6e88 code [0x0000029c10ab6f80, 0x0000029c10ab7038]
Event: 345.243 Thread 0x0000029c7f68ace0 11016       1       org.gradle.internal.graph.CachingDirectedGraphWalker$NodeDetails::access$300 (5 bytes)
Event: 345.244 Thread 0x0000029c7f68ace0 nmethod 11016 0x0000029c10ab7188 code [0x0000029c10ab7280, 0x0000029c10ab7320]

GC Heap Usage History (20 events):
Event: 151.341 {heap After GC invocations=23 (full 0):
 garbage-first heap   total reserved 4194304K, committed 92160K, used 33866K [0x0000000700000000, 0x0000000800000000)
  region size 2M, 0 eden (0M), 4 survivor (8M), 12 old (24M), 2 humongous (4M), 27 free (54M)
}
Event: 163.699 {heap Before GC invocations=23 (full 0):
 garbage-first heap   total reserved 4194304K, committed 92160K, used 78922K [0x0000000700000000, 0x0000000800000000)
  region size 2M, 22 eden (44M), 4 survivor (8M), 12 old (24M), 2 humongous (4M), 5 free (10M)
}
Event: 163.912 {heap After GC invocations=24 (full 0):
 garbage-first heap   total reserved 4194304K, committed 92160K, used 35998K [0x0000000700000000, 0x0000000800000000)
  region size 2M, 0 eden (0M), 3 survivor (6M), 14 old (28M), 2 humongous (4M), 26 free (52M)
}
Event: 172.511 {heap Before GC invocations=24 (full 0):
 garbage-first heap   total reserved 4194304K, committed 92160K, used 81054K [0x0000000700000000, 0x0000000800000000)
  region size 2M, 22 eden (44M), 3 survivor (6M), 14 old (28M), 2 humongous (4M), 4 free (8M)
}
Event: 172.609 {heap After GC invocations=25 (full 0):
 garbage-first heap   total reserved 4194304K, committed 92160K, used 38644K [0x0000000700000000, 0x0000000800000000)
  region size 2M, 0 eden (0M), 3 survivor (6M), 15 old (30M), 2 humongous (4M), 25 free (50M)
}
Event: 183.402 {heap Before GC invocations=25 (full 0):
 garbage-first heap   total reserved 4194304K, committed 92160K, used 81652K [0x0000000700000000, 0x0000000800000000)
  region size 2M, 21 eden (42M), 3 survivor (6M), 15 old (30M), 2 humongous (4M), 4 free (8M)
}
Event: 183.548 {heap After GC invocations=26 (full 0):
 garbage-first heap   total reserved 4194304K, committed 276480K, used 41898K [0x0000000700000000, 0x0000000800000000)
  region size 2M, 0 eden (0M), 3 survivor (6M), 16 old (32M), 2 humongous (4M), 114 free (228M)
}
Event: 206.646 {heap Before GC invocations=26 (full 0):
 garbage-first heap   total reserved 4194304K, committed 276480K, used 129962K [0x0000000700000000, 0x0000000800000000)
  region size 2M, 42 eden (84M), 3 survivor (6M), 16 old (32M), 4 humongous (8M), 70 free (140M)
}
Event: 206.890 {heap After GC invocations=27 (full 0):
 garbage-first heap   total reserved 4194304K, committed 276480K, used 52810K [0x0000000700000000, 0x0000000800000000)
  region size 2M, 0 eden (0M), 6 survivor (12M), 16 old (32M), 4 humongous (8M), 109 free (218M)
}
Event: 209.999 {heap Before GC invocations=27 (full 0):
 garbage-first heap   total reserved 4194304K, committed 276480K, used 63050K [0x0000000700000000, 0x0000000800000000)
  region size 2M, 6 eden (12M), 6 survivor (12M), 16 old (32M), 4 humongous (8M), 103 free (206M)
}
Event: 210.236 {heap After GC invocations=28 (full 0):
 garbage-first heap   total reserved 4194304K, committed 276480K, used 55118K [0x0000000700000000, 0x0000000800000000)
  region size 2M, 0 eden (0M), 1 survivor (2M), 22 old (44M), 4 humongous (8M), 108 free (216M)
}
Event: 250.036 {heap Before GC invocations=29 (full 0):
 garbage-first heap   total reserved 4194304K, committed 276480K, used 186190K [0x0000000700000000, 0x0000000800000000)
  region size 2M, 64 eden (128M), 1 survivor (2M), 22 old (44M), 4 humongous (8M), 44 free (88M)
}
Event: 250.250 {heap After GC invocations=30 (full 0):
 garbage-first heap   total reserved 4194304K, committed 276480K, used 61211K [0x0000000700000000, 0x0000000800000000)
  region size 2M, 0 eden (0M), 4 survivor (8M), 22 old (44M), 4 humongous (8M), 105 free (210M)
}
Event: 262.083 {heap Before GC invocations=30 (full 0):
 garbage-first heap   total reserved 4194304K, committed 276480K, used 79643K [0x0000000700000000, 0x0000000800000000)
  region size 2M, 9 eden (18M), 4 survivor (8M), 22 old (44M), 4 humongous (8M), 96 free (192M)
}
Event: 262.351 {heap After GC invocations=31 (full 0):
 garbage-first heap   total reserved 4194304K, committed 276480K, used 64137K [0x0000000700000000, 0x0000000800000000)
  region size 2M, 0 eden (0M), 2 survivor (4M), 26 old (52M), 4 humongous (8M), 103 free (206M)
}
Event: 305.729 {heap Before GC invocations=31 (full 0):
 garbage-first heap   total reserved 4194304K, committed 276480K, used 187017K [0x0000000700000000, 0x0000000800000000)
  region size 2M, 60 eden (120M), 2 survivor (4M), 26 old (52M), 5 humongous (10M), 42 free (84M)
}
Event: 306.638 {heap After GC invocations=32 (full 0):
 garbage-first heap   total reserved 4194304K, committed 276480K, used 80486K [0x0000000700000000, 0x0000000800000000)
  region size 2M, 0 eden (0M), 8 survivor (16M), 27 old (54M), 5 humongous (10M), 95 free (190M)
}
Event: 312.326 {heap Before GC invocations=32 (full 0):
 garbage-first heap   total reserved 4194304K, committed 276480K, used 82534K [0x0000000700000000, 0x0000000800000000)
  region size 2M, 1 eden (2M), 8 survivor (16M), 27 old (54M), 5 humongous (10M), 94 free (188M)
}
Event: 312.654 {heap After GC invocations=33 (full 0):
 garbage-first heap   total reserved 4194304K, committed 276480K, used 81245K [0x0000000700000000, 0x0000000800000000)
  region size 2M, 0 eden (0M), 1 survivor (2M), 34 old (68M), 5 humongous (10M), 95 free (190M)
}
Event: 345.658 {heap Before GC invocations=33 (full 0):
 garbage-first heap   total reserved 4194304K, committed 276480K, used 132445K [0x0000000700000000, 0x0000000800000000)
  region size 2M, 26 eden (52M), 1 survivor (2M), 34 old (68M), 5 humongous (10M), 69 free (138M)
}

Metaspace Usage History (20 events):
Event: 151.341 {metaspace After GC invocations=23 (full 0):
 Metaspace       used 38557K, committed 40128K, reserved 491520K
  class space    used 5768K, committed 6528K, reserved 425984K
}
Event: 163.699 {metaspace Before GC invocations=23 (full 0):
 Metaspace       used 43437K, committed 45120K, reserved 491520K
  class space    used 6600K, committed 7424K, reserved 425984K
}
Event: 163.912 {metaspace After GC invocations=24 (full 0):
 Metaspace       used 43437K, committed 45120K, reserved 491520K
  class space    used 6600K, committed 7424K, reserved 425984K
}
Event: 172.511 {metaspace Before GC invocations=24 (full 0):
 Metaspace       used 47894K, committed 49600K, reserved 491520K
  class space    used 7237K, committed 8064K, reserved 425984K
}
Event: 172.610 {metaspace After GC invocations=25 (full 0):
 Metaspace       used 47894K, committed 49600K, reserved 491520K
  class space    used 7237K, committed 8064K, reserved 425984K
}
Event: 183.402 {metaspace Before GC invocations=25 (full 0):
 Metaspace       used 51801K, committed 53568K, reserved 491520K
  class space    used 7865K, committed 8704K, reserved 425984K
}
Event: 183.549 {metaspace After GC invocations=26 (full 0):
 Metaspace       used 51801K, committed 53568K, reserved 491520K
  class space    used 7865K, committed 8704K, reserved 425984K
}
Event: 206.646 {metaspace Before GC invocations=26 (full 0):
 Metaspace       used 57237K, committed 59200K, reserved 491520K
  class space    used 8785K, committed 9728K, reserved 425984K
}
Event: 206.890 {metaspace After GC invocations=27 (full 0):
 Metaspace       used 57237K, committed 59200K, reserved 491520K
  class space    used 8785K, committed 9728K, reserved 425984K
}
Event: 209.999 {metaspace Before GC invocations=27 (full 0):
 Metaspace       used 58151K, committed 60160K, reserved 491520K
  class space    used 8930K, committed 9920K, reserved 425984K
}
Event: 210.236 {metaspace After GC invocations=28 (full 0):
 Metaspace       used 58151K, committed 60160K, reserved 491520K
  class space    used 8930K, committed 9920K, reserved 425984K
}
Event: 250.040 {metaspace Before GC invocations=29 (full 0):
 Metaspace       used 66610K, committed 68672K, reserved 491520K
  class space    used 10137K, committed 11136K, reserved 425984K
}
Event: 250.250 {metaspace After GC invocations=30 (full 0):
 Metaspace       used 66610K, committed 68672K, reserved 491520K
  class space    used 10137K, committed 11136K, reserved 425984K
}
Event: 262.083 {metaspace Before GC invocations=30 (full 0):
 Metaspace       used 67271K, committed 69312K, reserved 491520K
  class space    used 10205K, committed 11200K, reserved 425984K
}
Event: 262.351 {metaspace After GC invocations=31 (full 0):
 Metaspace       used 67271K, committed 69312K, reserved 491520K
  class space    used 10205K, committed 11200K, reserved 425984K
}
Event: 305.730 {metaspace Before GC invocations=31 (full 0):
 Metaspace       used 67745K, committed 69760K, reserved 491520K
  class space    used 10210K, committed 11200K, reserved 425984K
}
Event: 306.639 {metaspace After GC invocations=32 (full 0):
 Metaspace       used 67745K, committed 69760K, reserved 491520K
  class space    used 10210K, committed 11200K, reserved 425984K
}
Event: 312.326 {metaspace Before GC invocations=32 (full 0):
 Metaspace       used 67879K, committed 69888K, reserved 491520K
  class space    used 10238K, committed 11200K, reserved 425984K
}
Event: 312.654 {metaspace After GC invocations=33 (full 0):
 Metaspace       used 67879K, committed 69888K, reserved 491520K
  class space    used 10238K, committed 11200K, reserved 425984K
}
Event: 345.659 {metaspace Before GC invocations=33 (full 0):
 Metaspace       used 74973K, committed 76992K, reserved 491520K
  class space    used 11755K, committed 12736K, reserved 425984K
}

Dll operation events (20 events):
Event: 2.823 Attempting to load shared library C:\Program Files\Java\jdk-26.0.1\bin\nio.dll
Event: 2.834 Loaded shared library C:\Program Files\Java\jdk-26.0.1\bin\nio.dll
Event: 2.873 Attempting to load shared library C:\Program Files\Java\jdk-26.0.1\bin\zip.dll
Event: 2.873 Loaded shared library C:\Program Files\Java\jdk-26.0.1\bin\zip.dll
Event: 9.051 Attempting to load shared library C:\Program Files\Java\jdk-26.0.1\bin\jimage.dll
Event: 9.051 Loaded shared library C:\Program Files\Java\jdk-26.0.1\bin\jimage.dll
Event: 15.036 Attempting to load shared library C:\Program Files\Java\jdk-26.0.1\bin\verify.dll
Event: 15.058 Loaded shared library C:\Program Files\Java\jdk-26.0.1\bin\verify.dll
Event: 15.647 Attempting to load shared library C:\Users\lenovo\.gradle\native\660c5614fbf4a5f2a75b1949f50a0caf5cd603558e7d8a26e50b933a0cfb79d1\windows-amd64\native-platform.dll
Event: 15.689 Loaded shared library C:\Users\lenovo\.gradle\native\660c5614fbf4a5f2a75b1949f50a0caf5cd603558e7d8a26e50b933a0cfb79d1\windows-amd64\native-platform.dll
Event: 15.910 Attempting to load shared library C:\Users\lenovo\.gradle\native\0.2.8\x86_64-windows-gnu\gradle-fileevents.dll
Event: 15.951 Loaded shared library C:\Users\lenovo\.gradle\native\0.2.8\x86_64-windows-gnu\gradle-fileevents.dll
Event: 38.744 Attempting to load shared library C:\Program Files\Java\jdk-26.0.1\bin\management.dll
Event: 38.756 Loaded shared library C:\Program Files\Java\jdk-26.0.1\bin\management.dll
Event: 38.786 Attempting to load shared library C:\Program Files\Java\jdk-26.0.1\bin\management_ext.dll
Event: 38.808 Loaded shared library C:\Program Files\Java\jdk-26.0.1\bin\management_ext.dll
Event: 44.504 Attempting to load shared library C:\Program Files\Java\jdk-26.0.1\bin\extnet.dll
Event: 44.518 Loaded shared library C:\Program Files\Java\jdk-26.0.1\bin\extnet.dll
Event: 55.460 Attempting to load shared library C:\Program Files\Java\jdk-26.0.1\bin\sunmscapi.dll
Event: 55.764 Loaded shared library C:\Program Files\Java\jdk-26.0.1\bin\sunmscapi.dll

Deoptimization events (20 events):
Event: 342.028 Thread 0x0000029c1ecd2a40 DEOPT PACKING pc=0x0000029c10a4fbf0 sp=0x000000baf40f7820
Event: 342.028 Thread 0x0000029c1ecd2a40 DEOPT UNPACKING pc=0x0000029c10254402 sp=0x000000baf40f7760 mode 2
Event: 342.033 Thread 0x0000029c1ecd2a40 Uncommon trap: trap_request=0xffffffbe fr.pc=0x0000029c10a4fbf0 relative=0x00000000000008f0
Event: 342.033 Thread 0x0000029c1ecd2a40 Uncommon trap: reason=profile_predicate action=maybe_recompile pc=0x0000029c10a4fbf0 method=java.util.Collections.indexedBinarySearch(Ljava/util/List;Ljava/lang/Object;Ljava/util/Comparator;)I @ 15 c2
Event: 342.034 Thread 0x0000029c1ecd2a40 DEOPT PACKING pc=0x0000029c10a4fbf0 sp=0x000000baf40f7820
Event: 342.034 Thread 0x0000029c1ecd2a40 DEOPT UNPACKING pc=0x0000029c10254402 sp=0x000000baf40f7760 mode 2
Event: 342.045 Thread 0x0000029c1ecd2a40 Uncommon trap: trap_request=0xffffffbe fr.pc=0x0000029c10a50b50 relative=0x0000000000000850
Event: 342.046 Thread 0x0000029c1ecd2a40 Uncommon trap: reason=profile_predicate action=maybe_recompile pc=0x0000029c10a50b50 method=java.util.Collections.indexedBinarySearch(Ljava/util/List;Ljava/lang/Object;Ljava/util/Comparator;)I @ 15 c2
Event: 342.046 Thread 0x0000029c1ecd2a40 DEOPT PACKING pc=0x0000029c10a50b50 sp=0x000000baf40f77a0
Event: 342.046 Thread 0x0000029c1ecd2a40 DEOPT UNPACKING pc=0x0000029c10254402 sp=0x000000baf40f7760 mode 2
Event: 342.518 Thread 0x0000029c1ecd2a40 DEOPT PACKING pc=0x0000029c09851314 sp=0x000000baf40f8750
Event: 342.519 Thread 0x0000029c1ecd2a40 DEOPT UNPACKING pc=0x0000029c101715a2 sp=0x000000baf40f7c60 mode 0
Event: 343.334 Thread 0x0000029c1ecd2a40 Uncommon trap: trap_request=0xffffff45 fr.pc=0x0000029c10948c10 relative=0x0000000000003310
Event: 343.335 Thread 0x0000029c1ecd2a40 Uncommon trap: reason=unstable_if action=reinterpret pc=0x0000029c10948c10 method=org.objectweb.asm.Type.getTypeInternal(Ljava/lang/String;II)Lorg/objectweb/asm/Type; @ 5 c2
Event: 343.335 Thread 0x0000029c1ecd2a40 DEOPT PACKING pc=0x0000029c10948c10 sp=0x000000baf40f6000
Event: 343.335 Thread 0x0000029c1ecd2a40 DEOPT UNPACKING pc=0x0000029c10254402 sp=0x000000baf40f5e30 mode 2
Event: 345.032 Thread 0x0000029c1ecd2a40 Uncommon trap: trap_request=0xffffffde fr.pc=0x0000029c10a7c098 relative=0x0000000000000798
Event: 345.032 Thread 0x0000029c1ecd2a40 Uncommon trap: reason=class_check action=maybe_recompile pc=0x0000029c10a7c098 method=com.google.common.cache.LocalCache$Segment.getLiveValue(Lcom/google/common/cache/ReferenceEntry;J)Ljava/lang/Object; @ 21 c2
Event: 345.032 Thread 0x0000029c1ecd2a40 DEOPT PACKING pc=0x0000029c10a7c098 sp=0x000000baf40f7f10
Event: 345.032 Thread 0x0000029c1ecd2a40 DEOPT UNPACKING pc=0x0000029c10254402 sp=0x000000baf40f7e18 mode 2

Classes loaded (20 events):
Event: 334.331 Loading class sun/nio/fs/WindowsFileCopy
Event: 334.335 Loading class sun/nio/fs/WindowsFileCopy done
Event: 336.490 Loading class java/lang/classfile/CodeModel
Event: 336.494 Loading class java/lang/classfile/CodeModel done
Event: 340.261 Loading class java/util/stream/ReduceOps$5
Event: 340.289 Loading class java/util/stream/ReduceOps$5 done
Event: 340.291 Loading class java/util/stream/ReduceOps$CountingSink$OfRef
Event: 340.295 Loading class java/util/stream/ReduceOps$CountingSink
Event: 340.296 Loading class java/util/stream/ReduceOps$CountingSink done
Event: 340.297 Loading class java/util/stream/ReduceOps$CountingSink$OfRef done
Event: 341.069 Loading class java/util/stream/ReferencePipeline$4
Event: 341.072 Loading class java/util/stream/IntPipeline$StatelessOp
Event: 341.076 Loading class java/util/stream/IntPipeline$StatelessOp done
Event: 341.077 Loading class java/util/stream/ReferencePipeline$4 done
Event: 341.081 Loading class java/util/stream/ReduceOps$6
Event: 341.083 Loading class java/util/stream/ReduceOps$6 done
Event: 341.084 Loading class java/util/stream/ReduceOps$5ReducingSink
Event: 341.086 Loading class java/util/stream/ReduceOps$5ReducingSink done
Event: 341.086 Loading class java/util/stream/ReferencePipeline$4$1
Event: 341.087 Loading class java/util/stream/ReferencePipeline$4$1 done

Classes unloaded (0 events):
No events

Classes redefined (0 events):
No events

Internal exceptions (20 events):
Event: 247.286 Thread 0x0000029c1ecd2a40 Exception <a 'java/lang/NoSuchMethodError'{0x0000000709116d28}: static Lorg/gradle/api/internal/artifacts/dependencies/AbstractVersionConstraint;.<clinit>()V> (0x0000000709116d28) 
thrown [s\open\src\hotspot\share\prims\jni.cpp, line 1104]
Event: 247.330 Thread 0x0000029c1ecd2a40 Exception <a 'java/lang/NoSuchMethodError'{0x000000070915b8b0}: static [Ljava/lang/Object;.<clinit>()V> (0x000000070915b8b0) 
thrown [s\open\src\hotspot\share\prims\jni.cpp, line 1104]
Event: 251.972 Thread 0x0000029c1ecd2a40 Exception <a 'java/lang/NoSuchMethodError'{0x0000000710b58748}: static Lorg/gradle/api/internal/catalog/DefaultVersionCatalog;.<clinit>()V> (0x0000000710b58748) 
thrown [s\open\src\hotspot\share\prims\jni.cpp, line 1104]
Event: 252.084 Thread 0x0000029c1ecd2a40 Exception <a 'java/lang/NoSuchMethodError'{0x0000000710bb5538}: static Lorg/gradle/api/internal/catalog/PluginModel;.<clinit>()V> (0x0000000710bb5538) 
thrown [s\open\src\hotspot\share\prims\jni.cpp, line 1104]
Event: 252.094 Thread 0x0000029c1ecd2a40 Exception <a 'java/lang/NoSuchMethodError'{0x0000000710bcb140}: static Lorg/gradle/api/internal/catalog/VersionModel;.<clinit>()V> (0x0000000710bcb140) 
thrown [s\open\src\hotspot\share\prims\jni.cpp, line 1104]
Event: 262.372 Thread 0x0000029c1ecd2a40 Exception <a 'java/lang/IncompatibleClassChangeError'{0x00000007ffe0d428}: Found class java.lang.Object, but interface was expected> (0x00000007ffe0d428) 
thrown [s\open\src\hotspot\share\interpreter\linkResolver.cpp, line 871]
Event: 265.152 Thread 0x0000029c20ad76b0 Implicit null exception at 0x0000029c10a2d03a to 0x0000029c10a2d160
Event: 277.075 Thread 0x0000029c20ad76b0 Implicit null exception at 0x0000029c10a592cf to 0x0000029c10a59e20
Event: 283.144 Thread 0x0000029c20ad3060 Implicit null exception at 0x0000029c10a4d99a to 0x0000029c10a4d9f9
Event: 311.083 Thread 0x0000029c1ecd2a40 Exception <a 'sun/nio/fs/WindowsException'{0x00000007ffee8690}> (0x00000007ffee8690) 
thrown [s\open\src\hotspot\share\prims\jni.cpp, line 514]
Event: 311.388 Thread 0x0000029c1ecd2a40 Exception <a 'java/io/FileNotFoundException'{0x00000007fff4d758}> (0x00000007fff4d758) 
thrown [s\open\src\hotspot\share\prims\jni.cpp, line 514]
Event: 316.879 Thread 0x0000029c1ecd2a40 Exception <a 'java/lang/NoSuchMethodError'{0x00000007108adeb0}: 'java.lang.Object java.lang.invoke.DirectMethodHandle$Holder.invokeStaticInit(java.lang.Object, int)'> (0x00000007108adeb0) 
thrown [s\open\src\hotspot\share\interpreter\linkResolver.cpp, line 804]
Event: 326.467 Thread 0x0000029c1ecd2a40 Exception <a 'java/lang/NoSuchMethodError'{0x000000070fb34848}: 'java.lang.Object java.lang.invoke.DirectMethodHandle$Holder.invokeStaticInit(java.lang.Object, java.lang.Object, java.lang.Object, java.lang.Object)'> (0x000000070fb34848) 
thrown [s\open\src\hotspot\share\interpreter\linkResolver.cpp, line 804]
Event: 328.730 Thread 0x0000029c1ecd2a40 Exception <a 'java/lang/NoSuchMethodError'{0x000000070f726088}: 'void java.lang.invoke.DirectMethodHandle$Holder.invokeStaticInit(java.lang.Object, java.lang.Object, java.lang.Object, java.lang.Object, java.lang.Object, java.lang.Object, java.lang.Object, int)'> (0x000000070f726088) 
thrown [s\open\src\hotspot\share\interpreter\linkResolver.cpp, line 804]
Event: 330.247 Thread 0x0000029c1ecd2a40 Exception <a 'sun/nio/fs/WindowsException'{0x000000070f59ab78}> (0x000000070f59ab78) 
thrown [s\open\src\hotspot\share\prims\jni.cpp, line 514]
Event: 330.260 Thread 0x0000029c1ecd2a40 Exception <a 'sun/nio/fs/WindowsException'{0x000000070f59c830}> (0x000000070f59c830) 
thrown [s\open\src\hotspot\share\prims\jni.cpp, line 514]
Event: 330.566 Thread 0x0000029c1ecd2a40 Exception <a 'sun/nio/fs/WindowsException'{0x000000070f2ced28}> (0x000000070f2ced28) 
thrown [s\open\src\hotspot\share\prims\jni.cpp, line 514]
Event: 333.041 Thread 0x0000029c1ecd2a40 Exception <a 'sun/nio/fs/WindowsException'{0x000000070f034fe0}> (0x000000070f034fe0) 
thrown [s\open\src\hotspot\share\prims\jni.cpp, line 514]
Event: 343.296 Thread 0x0000029c1ecd2a40 Exception <a 'java/lang/NoSuchMethodError'{0x000000070e110b50}: 'void java.lang.invoke.DirectMethodHandle$Holder.invokeStatic(java.lang.Object, int, java.lang.Object)'> (0x000000070e110b50) 
thrown [s\open\src\hotspot\share\interpreter\linkResolver.cpp, line 804]
Event: 344.831 Thread 0x0000029c1ecd2a40 Exception <a 'java/lang/NoSuchMethodError'{0x000000070da8e210}: 'void java.lang.invoke.DirectMethodHandle$Holder.invokeStaticInit(java.lang.Object)'> (0x000000070da8e210) 
thrown [s\open\src\hotspot\share\interpreter\linkResolver.cpp, line 804]

VM Operations (20 events):
Event: 326.926 Executing non-safepoint VM operation: HandshakeAllThreads (Deoptimize) done
Event: 332.617 Executing non-safepoint VM operation: HandshakeAllThreads (Deoptimize)
Event: 332.619 Executing non-safepoint VM operation: HandshakeAllThreads (Deoptimize) done
Event: 334.070 Executing non-safepoint VM operation: HandshakeAllThreads (Deoptimize)
Event: 334.071 Executing non-safepoint VM operation: HandshakeAllThreads (Deoptimize) done
Event: 334.113 Executing non-safepoint VM operation: HandshakeAllThreads (Deoptimize)
Event: 334.114 Executing non-safepoint VM operation: HandshakeAllThreads (Deoptimize) done
Event: 334.186 Executing non-safepoint VM operation: HandshakeAllThreads (Deoptimize)
Event: 334.187 Executing non-safepoint VM operation: HandshakeAllThreads (Deoptimize) done
Event: 334.216 Executing non-safepoint VM operation: HandshakeAllThreads (Deoptimize)
Event: 334.216 Executing non-safepoint VM operation: HandshakeAllThreads (Deoptimize) done
Event: 338.226 Executing non-safepoint VM operation: HandshakeAllThreads (Deoptimize)
Event: 338.227 Executing non-safepoint VM operation: HandshakeAllThreads (Deoptimize) done
Event: 341.189 Executing non-safepoint VM operation: HandshakeAllThreads (Deoptimize)
Event: 341.191 Executing non-safepoint VM operation: HandshakeAllThreads (Deoptimize) done
Event: 341.507 Executing non-safepoint VM operation: HandshakeAllThreads (Deoptimize)
Event: 341.508 Executing non-safepoint VM operation: HandshakeAllThreads (Deoptimize) done
Event: 342.499 Executing non-safepoint VM operation: HandshakeAllThreads (Deoptimize)
Event: 342.501 Executing non-safepoint VM operation: HandshakeAllThreads (Deoptimize) done
Event: 345.656 Executing safepoint VM operation: G1CollectForAllocation (G1 Evacuation Pause)

Memory protections (0 events):
No events

Nmethod flushes (20 events):
Event: 211.308 Thread 0x0000029c7f62f6a0 flushing  nmethod 0x0000029c08ebd588
Event: 211.308 Thread 0x0000029c7f62f6a0 flushing  nmethod 0x0000029c09185988
Event: 211.308 Thread 0x0000029c7f62f6a0 flushing  nmethod 0x0000029c09212288
Event: 211.308 Thread 0x0000029c7f62f6a0 flushing  nmethod 0x0000029c09226888
Event: 211.308 Thread 0x0000029c7f62f6a0 flushing  nmethod 0x0000029c09226c08
Event: 211.308 Thread 0x0000029c7f62f6a0 flushing  nmethod 0x0000029c09229908
Event: 211.308 Thread 0x0000029c7f62f6a0 flushing  nmethod 0x0000029c08f3b508
Event: 211.308 Thread 0x0000029c7f62f6a0 flushing  nmethod 0x0000029c08fc6508
Event: 211.308 Thread 0x0000029c7f62f6a0 flushing  nmethod 0x0000029c08fcb288
Event: 211.308 Thread 0x0000029c7f62f6a0 flushing  nmethod 0x0000029c08fd7988
Event: 211.308 Thread 0x0000029c7f62f6a0 flushing  nmethod 0x0000029c08fe3e88
Event: 211.308 Thread 0x0000029c7f62f6a0 flushing  nmethod 0x0000029c08fe4208
Event: 211.308 Thread 0x0000029c7f62f6a0 flushing  nmethod 0x0000029c09015388
Event: 211.308 Thread 0x0000029c7f62f6a0 flushing  nmethod 0x0000029c09015688
Event: 211.308 Thread 0x0000029c7f62f6a0 flushing  nmethod 0x0000029c09016488
Event: 211.308 Thread 0x0000029c7f62f6a0 flushing  nmethod 0x0000029c0901d108
Event: 211.308 Thread 0x0000029c7f62f6a0 flushing  nmethod 0x0000029c0901da08
Event: 211.308 Thread 0x0000029c7f62f6a0 flushing  nmethod 0x0000029c0901ed08
Event: 211.308 Thread 0x0000029c7f62f6a0 flushing  nmethod 0x0000029c09135908
Event: 211.308 Thread 0x0000029c7f62f6a0 flushing  nmethod 0x0000029c091fd608

Events (20 events):
Event: 109.719 Thread 0x0000029c1ecd2a40 Thread added: 0x0000029c1e138d40
Event: 111.551 Thread 0x0000029c1ecd2a40 Thread added: 0x0000029c1e13ac80
Event: 122.877 Thread 0x0000029c1ecd2a40 Thread added: 0x0000029c20d29c90
Event: 122.963 Thread 0x0000029c1ecd2a40 Thread added: 0x0000029c20d2a460
Event: 125.513 Thread 0x0000029c1ecd2a40 Thread added: 0x0000029c20d2b400
Event: 127.805 Thread 0x0000029c1ecd2a40 Thread added: 0x0000029c20d28cf0
Event: 133.799 Thread 0x0000029c1ecd2a40 Thread added: 0x0000029c20d2fa50
Event: 134.937 Thread 0x0000029c1ecd2a40 Thread added: 0x0000029c20d2f280
Event: 161.544 Thread 0x0000029c1ecd2a40 Thread added: 0x0000029c20ad3060
Event: 162.506 Thread 0x0000029c1ecd2a40 Thread added: 0x0000029c20ad6ee0
Event: 163.289 Thread 0x0000029c1ecd2a40 Thread added: 0x0000029c20ad76b0
Event: 171.427 Thread 0x0000029c1ecd2a40 Thread added: 0x0000029c20ad4fa0
Event: 188.067 Thread 0x0000029c1ecd2a40 Thread added: 0x0000029c200f8ef0
Event: 188.068 Thread 0x0000029c1ecd2a40 Thread added: 0x0000029c200f8720
Event: 188.069 Thread 0x0000029c1ecd2a40 Thread added: 0x0000029c200f96c0
Event: 188.070 Thread 0x0000029c1ecd2a40 Thread added: 0x0000029c200fa660
Event: 188.071 Thread 0x0000029c1ecd2a40 Thread added: 0x0000029c200f7780
Event: 195.375 Thread 0x0000029c1ecd2a40 Thread added: 0x0000029c200fcd70
Event: 208.089 Thread 0x0000029c1ecd2a40 Thread added: 0x0000029c200fbdd0
Event: 215.337 Thread 0x0000029c1ecd2a40 Thread added: 0x0000029c211351c0


Dynamic libraries:
0x00007ff775c40000 - 0x00007ff775c50000 	C:\Program Files\Java\jdk-26.0.1\bin\java.exe
0x00007ffd42780000 - 0x00007ffd429e6000 	C:\WINDOWS\SYSTEM32\ntdll.dll
0x00007ffd40600000 - 0x00007ffd406c9000 	C:\WINDOWS\System32\KERNEL32.DLL
0x00007ffd3feb0000 - 0x00007ffd402ae000 	C:\WINDOWS\System32\KERNELBASE.dll
0x00007ffd3fbd0000 - 0x00007ffd3fd1c000 	C:\WINDOWS\System32\ucrtbase.dll
0x00007ffd285e0000 - 0x00007ffd285fe000 	C:\Program Files\Java\jdk-26.0.1\bin\VCRUNTIME140.dll
0x00007ffd28600000 - 0x00007ffd28617000 	C:\Program Files\Java\jdk-26.0.1\bin\jli.dll
0x00007ffd40cc0000 - 0x00007ffd40e87000 	C:\WINDOWS\System32\USER32.dll
0x00007ffd40480000 - 0x00007ffd404a7000 	C:\WINDOWS\System32\win32u.dll
0x00007ffd40ef0000 - 0x00007ffd40f1b000 	C:\WINDOWS\System32\GDI32.dll
0x00007ffd40350000 - 0x00007ffd4047a000 	C:\WINDOWS\System32\gdi32full.dll
0x00007ffd3f9a0000 - 0x00007ffd3fa43000 	C:\WINDOWS\System32\msvcp_win.dll
0x00007ffd26ba0000 - 0x00007ffd26e32000 	C:\WINDOWS\WinSxS\amd64_microsoft.windows.common-controls_6595b64144ccf1df_6.0.26100.8875_none_3e0d5d42e32fe9dd\COMCTL32.dll
0x00007ffd40790000 - 0x00007ffd40839000 	C:\WINDOWS\System32\msvcrt.dll
0x00007ffd40980000 - 0x00007ffd409b2000 	C:\WINDOWS\System32\IMM32.DLL
0x00007ffd28410000 - 0x00007ffd2841c000 	C:\Program Files\Java\jdk-26.0.1\bin\vcruntime140_1.dll
0x00007ffd02380000 - 0x00007ffd0240d000 	C:\Program Files\Java\jdk-26.0.1\bin\msvcp140.dll
0x00007ffc9e940000 - 0x00007ffc9f80e000 	C:\Program Files\Java\jdk-26.0.1\bin\server\jvm.dll
0x00007ffd406d0000 - 0x00007ffd40787000 	C:\WINDOWS\System32\ADVAPI32.dll
0x00007ffd408d0000 - 0x00007ffd4097a000 	C:\WINDOWS\System32\sechost.dll
0x00007ffd40ba0000 - 0x00007ffd40cb8000 	C:\WINDOWS\System32\RPCRT4.dll
0x00007ffd411b0000 - 0x00007ffd41230000 	C:\WINDOWS\System32\WS2_32.dll
0x00007ffd3f800000 - 0x00007ffd3f85e000 	C:\WINDOWS\SYSTEM32\POWRPROF.dll
0x00007ffd30960000 - 0x00007ffd3096b000 	C:\WINDOWS\SYSTEM32\VERSION.dll
0x00007ffd38870000 - 0x00007ffd388a6000 	C:\WINDOWS\SYSTEM32\WINMM.dll
0x00007ffd3f7e0000 - 0x00007ffd3f7f4000 	C:\WINDOWS\SYSTEM32\UMPDC.dll
0x00007ffd3e680000 - 0x00007ffd3e69b000 	C:\WINDOWS\SYSTEM32\kernel.appcore.dll
0x00007ffd28400000 - 0x00007ffd2840a000 	C:\Program Files\Java\jdk-26.0.1\bin\jimage.dll
0x00007ffd3ccd0000 - 0x00007ffd3cf12000 	C:\WINDOWS\SYSTEM32\DBGHELP.DLL
0x00007ffd420d0000 - 0x00007ffd42453000 	C:\WINDOWS\System32\combase.dll
0x00007ffd40f50000 - 0x00007ffd41029000 	C:\WINDOWS\System32\OLEAUT32.dll
0x00007ffd30de0000 - 0x00007ffd30e1b000 	C:\WINDOWS\SYSTEM32\dbgcore.DLL
0x00007ffd3fa50000 - 0x00007ffd3fafc000 	C:\WINDOWS\System32\bcryptPrimitives.dll
0x00007ffd21d20000 - 0x00007ffd21d30000 	C:\Program Files\Java\jdk-26.0.1\bin\instrument.dll
0x00007ffd28150000 - 0x00007ffd2816f000 	C:\Program Files\Java\jdk-26.0.1\bin\java.dll
0x00007ffd42460000 - 0x00007ffd425f9000 	C:\WINDOWS\System32\ole32.dll
0x00007ffd412d0000 - 0x00007ffd41a62000 	C:\WINDOWS\System32\SHELL32.dll
0x00007ffd3d460000 - 0x00007ffd3dcf2000 	C:\WINDOWS\SYSTEM32\windows.storage.dll
0x00007ffd42620000 - 0x00007ffd42717000 	C:\WINDOWS\System32\SHCORE.dll
0x00007ffd40530000 - 0x00007ffd40597000 	C:\WINDOWS\System32\shlwapi.dll
0x00007ffd3f8c0000 - 0x00007ffd3f8e9000 	C:\WINDOWS\SYSTEM32\profapi.dll
0x00007ffd13bc0000 - 0x00007ffd13bd7000 	C:\Program Files\Java\jdk-26.0.1\bin\zip.dll
0x00007ffd28130000 - 0x00007ffd28142000 	C:\Program Files\Java\jdk-26.0.1\bin\net.dll
0x00007ffd3ec30000 - 0x00007ffd3ec9c000 	C:\WINDOWS\system32\mswsock.dll
0x00007ffd28110000 - 0x00007ffd28126000 	C:\Program Files\Java\jdk-26.0.1\bin\nio.dll
0x00007ffd221c0000 - 0x00007ffd221d0000 	C:\Program Files\Java\jdk-26.0.1\bin\verify.dll
0x00007ffd1a230000 - 0x00007ffd1a257000 	C:\Users\lenovo\.gradle\native\660c5614fbf4a5f2a75b1949f50a0caf5cd603558e7d8a26e50b933a0cfb79d1\windows-amd64\native-platform.dll
0x00007ffd02160000 - 0x00007ffd021d7000 	C:\Users\lenovo\.gradle\native\0.2.8\x86_64-windows-gnu\gradle-fileevents.dll
0x00007ffd283f0000 - 0x00007ffd283fa000 	C:\Program Files\Java\jdk-26.0.1\bin\management.dll
0x00007ffd28330000 - 0x00007ffd2833c000 	C:\Program Files\Java\jdk-26.0.1\bin\management_ext.dll
0x00007ffd41030000 - 0x00007ffd41038000 	C:\WINDOWS\System32\PSAPI.DLL
0x00007ffd3e100000 - 0x00007ffd3e133000 	C:\WINDOWS\SYSTEM32\IPHLPAPI.DLL
0x00007ffd405f0000 - 0x00007ffd405fa000 	C:\WINDOWS\System32\NSI.dll
0x00007ffd28100000 - 0x00007ffd28109000 	C:\Program Files\Java\jdk-26.0.1\bin\extnet.dll
0x00007ffd3ef30000 - 0x00007ffd3ef4b000 	C:\WINDOWS\SYSTEM32\CRYPTSP.dll
0x00007ffd3e5e0000 - 0x00007ffd3e619000 	C:\WINDOWS\system32\rsaenh.dll
0x00007ffd3ecf0000 - 0x00007ffd3ed22000 	C:\WINDOWS\SYSTEM32\USERENV.dll
0x00007ffd3f890000 - 0x00007ffd3f8ba000 	C:\WINDOWS\SYSTEM32\bcrypt.dll
0x00007ffd3ef50000 - 0x00007ffd3ef5c000 	C:\WINDOWS\SYSTEM32\CRYPTBASE.dll
0x00007ffd1ec50000 - 0x00007ffd1ec5e000 	C:\Program Files\Java\jdk-26.0.1\bin\sunmscapi.dll
0x00007ffd3fd30000 - 0x00007ffd3fea8000 	C:\WINDOWS\System32\CRYPT32.dll
0x00007ffd3f170000 - 0x00007ffd3f1a0000 	C:\WINDOWS\SYSTEM32\ncrypt.dll
0x00007ffd3f120000 - 0x00007ffd3f15f000 	C:\WINDOWS\SYSTEM32\NTASN1.dll
0x00007ffd302a0000 - 0x00007ffd302a8000 	C:\WINDOWS\system32\wshunix.dll

JVMTI agents:
C:\Users\lenovo\.gradle\wrapper\dists\gradle-9.4.1-bin\arn2x92ynaizyzdaamcbpbhtj\gradle-9.4.1\lib\agents\gradle-instrumentation-agent-9.4.1.jar path:C:\Program Files\Java\jdk-26.0.1\bin\instrument.dll, loaded, initialized, instrumentlib options:none

dbghelp: loaded successfully - version: 4.0.5 - missing functions: none
symbol engine: initialized successfully - sym options: 0x614 - pdb path: .;C:\Program Files\Java\jdk-26.0.1\bin;C:\WINDOWS\SYSTEM32;C:\WINDOWS\WinSxS\amd64_microsoft.windows.common-controls_6595b64144ccf1df_6.0.26100.8875_none_3e0d5d42e32fe9dd;C:\Program Files\Java\jdk-26.0.1\bin\server;C:\Users\lenovo\.gradle\native\660c5614fbf4a5f2a75b1949f50a0caf5cd603558e7d8a26e50b933a0cfb79d1\windows-amd64;C:\Users\lenovo\.gradle\native\0.2.8\x86_64-windows-gnu

VM Arguments:
jvm_args: --add-opens=java.base/java.lang=ALL-UNNAMED --add-opens=java.base/java.lang.invoke=ALL-UNNAMED --add-opens=java.base/java.util=ALL-UNNAMED --add-opens=java.prefs/java.util.prefs=ALL-UNNAMED --add-exports=jdk.compiler/com.sun.tools.javac.api=ALL-UNNAMED --add-exports=jdk.compiler/com.sun.tools.javac.util=ALL-UNNAMED --add-opens=java.base/java.util=ALL-UNNAMED --add-opens=java.prefs/java.util.prefs=ALL-UNNAMED --add-opens=java.base/java.nio.charset=ALL-UNNAMED --add-opens=java.base/java.net=ALL-UNNAMED --add-opens=java.base/java.util.concurrent=ALL-UNNAMED --add-opens=java.base/java.util.concurrent.atomic=ALL-UNNAMED --add-opens=java.xml/javax.xml.namespace=ALL-UNNAMED --add-opens=java.base/java.time=ALL-UNNAMED --enable-native-access=ALL-UNNAMED -XX:MaxMetaspaceSize=512m -XX:+HeapDumpOnOutOfMemoryError -Xmx4096m -Dfile.encoding=UTF-8 -Duser.country=US -Duser.language=en -Duser.variant -javaagent:C:\Users\lenovo\.gradle\wrapper\dists\gradle-9.4.1-bin\arn2x92ynaizyzdaamcbpbhtj\gradle-9.4.1\lib\agents\gradle-instrumentation-agent-9.4.1.jar 
java_command: org.gradle.launcher.daemon.bootstrap.GradleDaemon 9.4.1
java_class_path (initial): C:\Users\lenovo\.gradle\wrapper\dists\gradle-9.4.1-bin\arn2x92ynaizyzdaamcbpbhtj\gradle-9.4.1\lib\gradle-daemon-main-9.4.1.jar
Launcher Type: SUN_STANDARD

[Global flags]
     bool AOTAdapterCaching                        = false                                  {diagnostic} {ergonomic}
     bool AOTInvokeDynamicLinking                  = false                                  {diagnostic} {ergonomic}
     bool AOTRecordTraining                        = false                                  {diagnostic} {ergonomic}
     bool AOTReplayTraining                        = false                                  {diagnostic} {ergonomic}
     bool AOTStubCaching                           = false                                  {diagnostic} {ergonomic}
     intx CICompilerCount                          = 4                                         {product} {ergonomic}
   size_t CompressedClassSpaceSize                 = 436207616                                 {product} {ergonomic}
     uint ConcGCThreads                            = 2                                         {product} {ergonomic}
     uint G1ConcRefinementThreads                  = 8                                         {product} {ergonomic}
     uint G1EagerReclaimRemSetThreshold            = 16                                   {experimental} {ergonomic}
   size_t G1HeapRegionSize                         = 2097152                                   {product} {ergonomic}
     uint G1RemSetArrayOfCardsEntries              = 16                                   {experimental} {ergonomic}
     uint G1RemSetHowlMaxNumBuckets                = 8                                    {experimental} {ergonomic}
     uint G1RemSetHowlNumBuckets                   = 8                                    {experimental} {ergonomic}
     bool HeapDumpOnOutOfMemoryError               = true                                   {manageable} {command line}
   size_t InitialHeapSize                          = 8388608                                   {product} {ergonomic}
     bool IntelJccErratumMitigation                = false                             {ARCH diagnostic} {ergonomic}
   size_t MarkStackSize                            = 4194304                                   {product} {ergonomic}
   size_t MarkStackSizeMax                         = 536870912                                 {product} {ergonomic}
   size_t MaxHeapSize                              = 4294967296                                {product} {command line}
   size_t MaxMetaspaceSize                         = 536870912                                 {product} {command line}
   size_t MaxNewSize                               = 2575302656                                {product} {ergonomic}
 uint64_t MaxRAM                                   = 4084523008                                {product} {ergonomic}
   size_t MinHeapDeltaBytes                        = 2097152                                   {product} {ergonomic}
   size_t MinHeapSize                              = 8388608                                   {product} {ergonomic}
   size_t NonNMethodCodeHeapSize                   = 5898240                                {pd product} {ergonomic}
   size_t NonProfiledCodeHeapSize                  = 122945536                              {pd product} {ergonomic}
   size_t ProfiledCodeHeapSize                     = 122945536                              {pd product} {ergonomic}
   size_t ReservedCodeCacheSize                    = 251789312                              {pd product} {ergonomic}
     bool SegmentedCodeCache                       = true                                      {product} {ergonomic}
   size_t SoftMaxHeapSize                          = 4294967296                             {manageable} {ergonomic}
     bool UseCompressedOops                        = true                           {product lp64_product} {ergonomic}
     bool UseCondCardMark                          = true                                      {product} {ergonomic}
     bool UseFastUnorderedTimeStamps               = true                                 {experimental} {ergonomic}
     bool UseG1GC                                  = true                                      {product} {ergonomic}
     bool UseLargePagesIndividualAllocation        = false                                  {pd product} {ergonomic}
      int X86ICacheSync                            = 3                                 {ARCH diagnostic} {ergonomic}

Logging:
Log output configuration:
 #0: stdout all=warning uptime,level,tags foldmultilines=false
 #1: stderr all=off uptime,level,tags foldmultilines=false

Release file:
IMPLEMENTOR="Oracle Corporation" 
JAVA_RUNTIME_VERSION="26.0.1+8-34" 
JAVA_VERSION="26.0.1" 
JAVA_VERSION_DATE="2026-04-21" 
LIBC="default" 
MODULES="java.base java.compiler java.datatransfer java.xml java.prefs java.desktop java.instrument java.logging java.management java.security.sasl java.naming java.rmi java.management.rmi java.net.http java.scripting java.security.jgss java.transaction.xa java.sql java.sql.rowset java.xml.crypto java.se java.smartcardio jdk.accessibility jdk.internal.jvmstat jdk.attach jdk.charsets jdk.internal.opt jdk.zipfs jdk.compiler jdk.crypto.cryptoki jdk.crypto.ec jdk.crypto.mscapi jdk.dynalink jdk.internal.ed jdk.editpad jdk.internal.vm.ci jdk.graal.compiler jdk.graal.compiler.management jdk.hotspot.agent jdk.httpserver jdk.incubator.vector jdk.internal.le jdk.internal.md jdk.jartool jdk.javadoc jdk.jcmd jdk.management jdk.management.agent jdk.jconsole jdk.jdeps jdk.jdwp.agent jdk.jdi jdk.jfr jdk.jlink jdk.jpackage jdk.jshell jdk.jstatd jdk.localedata jdk.management.jfr jdk.naming.dns jdk.naming.rmi jdk.net jdk.nio.mapmode jdk.sctp jdk.security.auth jdk.security.jgss jdk.unsupported jdk.unsupported.desktop jdk.xml.dom" 
OS_ARCH="x86_64" 
OS_NAME="Windows" 
SOURCE=".:git:8fcde8268d22 open:git:fcc00fc4aee7" 

Environment Variables:
PATH=C:\Program Files\Common Files\Oracle\Java\javapath;C:\Python314\Scripts\;C:\Python314\;C:\WINDOWS\system32;C:\WINDOWS;C:\WINDOWS\System32\Wbem;C:\WINDOWS\System32\WindowsPowerShell\v1.0\;C:\WINDOWS\System32\OpenSSH\;C:\Program Files\Git\cmd;C:\Program Files\nodejs\;C:\ProgramData\chocolatey\bin;C:\Program Files\Microsoft SQL Server\170\Tools\Binn\;C:\Program Files\Microsoft SQL Server\Client SDK\ODBC\170\Tools\Binn\;C:\Program Files (x86)\IncrediBuild;C:\Program Files (x86)\Windows Kits\10\Windows Performance Toolkit\;C:\Program Files\tre-command\bin\;C:\Program Files (x86)\Google\Cloud SDK\google-cloud-sdk\bin;C:\Program Files\dotnet\;C:\Program Files\Go\bin;C:\Users\lenovo\AppData\Local\Programs\Python\Python312\Scripts\;C:\Users\lenovo\AppData\Local\Programs\Python\Python312\;C:\Users\lenovo\AppData\Local\Microsoft\WindowsApps;C:\Users\lenovo\AppData\Roaming\npm;C:\Users\lenovo\AppData\Local\Programs\Microsoft VS Code\bin;C:\Users\lenovo\AppData\Local\Programs\Microsoft VS Code Insiders\bin;C:\Users\lenovo\AppData\Local\Python\bin;C:\Users\lenovo\AppData\Local\Programs\Antigravity\bin;C:\Users\lenovo\.dotnet\tools;C:\Users\lenovo\go\bin;C:\Program Files\Android\Android Studio\plugins\android\resources\android-cli\bin
USERNAME=lenovo
OS=Windows_NT
PROCESSOR_IDENTIFIER=Intel64 Family 6 Model 140 Stepping 1, GenuineIntel
TMP=C:\Users\lenovo\AppData\Local\Temp
TEMP=C:\Users\lenovo\AppData\Local\Temp




Compilation memory statistics disabled.

Periodic native trim disabled

---------------  S Y S T E M  ---------------

OS:
 Windows 11 , 64 bit Build 26100 (10.0.26100.8875)
OS uptime: 0 days 16:47 hours

CPU: total 8 (initial active 8) (4 cores per cpu, 2 threads per core) family 6 model 140 stepping 1 microcode 0x8a, cx8, cmov, fxsr, ht, mmx, 3dnowpref, sse, sse2, sse3, ssse3, sse4.1, sse4.2, popcnt, lzcnt, tsc, tscinvbit, avx, avx2, aes, erms, clmul, bmi1, bmi2, adx, avx512f, avx512dq, avx512cd, avx512bw, avx512vl, sha, fma, vzeroupper, avx512_vpopcntdq, avx512_vpclmulqdq, avx512_vaes, avx512_vnni, clflush, clflushopt, clwb, avx512_vbmi2, avx512_vbmi, rdtscp, rdpid, fsrm, gfni, avx512_bitalg, f16c, pku, cet_ibt, cet_ss, avx512_ifma
Processor Information for the first 8 processors :
  Max Mhz: 2419, Current Mhz: 2419, Mhz Limit: 2419

Memory: 4k page, system-wide physical 3895M (146M free)
TotalPageFile size 15671M (AvailPageFile size 164M)
current process WorkingSet (physical memory assigned to process): 218M, peak: 276M
current process commit charge ("private bytes"): 530M, peak: 1071M

vm_info: Java HotSpot(TM) 64-Bit Server VM (26.0.1+8-34) for windows-amd64 JRE (26.0.1+8-34), built on 2026-03-10T17:24:10Z with MS VC++ 17.13 (VS2022)

END.
