#
# There is insufficient memory for the Java Runtime Environment to continue.
# Native memory allocation (mmap) failed to map 88080384 bytes. Error detail: G1 virtual space
# Possible reasons:
#   The system is out of physical RAM or swap space
#   This process is running with CompressedOops enabled, and the Java Heap may be blocking the growth of the native heap
# Possible solutions:
#   Reduce memory load on the system
#   Increase physical memory or swap space
#   Check if swap backing store is full
#   Decrease Java heap size (-Xmx/-Xms)
#   Decrease number of Java threads
#   Decrease Java thread stack sizes (-Xss)
#   Set larger code cache with -XX:ReservedCodeCacheSize=
#   JVM is running with Zero Based Compressed Oops mode in which the Java heap is
#     placed in the first 32GB address space. The Java Heap base address is the
#     maximum limit for the native heap growth. Please use -XX:HeapBaseMinAddress
#     to set the Java Heap base and to place the Java Heap above 32GB virtual address.
# This output file may be truncated or incomplete.
#
#  Out of Memory Error (os_windows.cpp:3926), pid=7384, tid=15240
#
# JRE version: OpenJDK Runtime Environment (21.0.10) (build 21.0.10+-14961533-b1163.108)
# Java VM: OpenJDK 64-Bit Server VM (21.0.10+-14961533-b1163.108, mixed mode, tiered, compressed oops, compressed class ptrs, g1 gc, windows-amd64)
# No core dump will be written. Minidumps are not enabled by default on client versions of Windows
#

---------------  S U M M A R Y ------------

Command Line: --add-opens=java.base/java.lang=ALL-UNNAMED --add-opens=java.base/java.lang.invoke=ALL-UNNAMED --add-opens=java.base/java.util=ALL-UNNAMED --add-opens=java.prefs/java.util.prefs=ALL-UNNAMED --add-exports=jdk.compiler/com.sun.tools.javac.api=ALL-UNNAMED --add-exports=jdk.compiler/com.sun.tools.javac.util=ALL-UNNAMED --add-opens=java.base/java.util=ALL-UNNAMED --add-opens=java.prefs/java.util.prefs=ALL-UNNAMED --add-opens=java.base/java.nio.charset=ALL-UNNAMED --add-opens=java.base/java.net=ALL-UNNAMED --add-opens=java.base/java.util.concurrent=ALL-UNNAMED --add-opens=java.base/java.util.concurrent.atomic=ALL-UNNAMED --add-opens=java.xml/javax.xml.namespace=ALL-UNNAMED --add-opens=java.base/java.time=ALL-UNNAMED -XX:MaxMetaspaceSize=512m -XX:+HeapDumpOnOutOfMemoryError -Xmx4096m -Dfile.encoding=UTF-8 -Duser.country=US -Duser.language=en -Duser.variant -javaagent:C:\Users\lenovo\.gradle\wrapper\dists\gradle-9.4.1-bin\arn2x92ynaizyzdaamcbpbhtj\gradle-9.4.1\lib\agents\gradle-instrumentation-agent-9.4.1.jar org.gradle.launcher.daemon.bootstrap.GradleDaemon 9.4.1

Host: 11th Gen Intel(R) Core(TM) i5-1135G7 @ 2.40GHz, 8 cores, 3G,  Windows 11 , 64 bit Build 26100 (10.0.26100.8737)
Time: Tue Jul 14 12:53:37 2026 E. Africa Standard Time elapsed time: 306.869724 seconds (0d 0h 5m 6s)

---------------  T H R E A D  ---------------

Current thread (0x000001d50273e1e0):  VMThread "VM Thread"          [id=15240, stack(0x000000300f800000,0x000000300f900000) (1024K)]

Stack: [0x000000300f800000,0x000000300f900000]
Native frames: (J=compiled Java code, j=interpreted, Vv=VM code, C=native code)
V  [jvm.dll+0x6d78a9]
V  [jvm.dll+0x8665b3]
V  [jvm.dll+0x868bde]
V  [jvm.dll+0x8692c3]
V  [jvm.dll+0x280ee6]
V  [jvm.dll+0x6d4165]
V  [jvm.dll+0x6c77fa]
V  [jvm.dll+0x358f4b]
V  [jvm.dll+0x360bc6]
V  [jvm.dll+0x3b2ea6]
V  [jvm.dll+0x3b3178]
V  [jvm.dll+0x32b65c]
V  [jvm.dll+0x32b6e7]
V  [jvm.dll+0x3715cc]
V  [jvm.dll+0x36fd7e]
V  [jvm.dll+0x32adb1]
V  [jvm.dll+0x36f480]
V  [jvm.dll+0x86f048]
V  [jvm.dll+0x870394]
V  [jvm.dll+0x8708d0]
V  [jvm.dll+0x870b63]
V  [jvm.dll+0x80fd28]
V  [jvm.dll+0x6d60fd]
C  [ucrtbase.dll+0x2cd30]
C  [KERNEL32.DLL+0x2e957]
C  [ntdll.dll+0xaad6c]

VM_Operation (0x00000030111f5a80): G1CollectForAllocation, mode: safepoint, requested by thread 0x000001d508667b70


---------------  P R O C E S S  ---------------

Threads class SMR info:
_java_thread_list=0x000001d509f71970, length=48, elements={
0x000001d56878b8f0, 0x000001d5028b8840, 0x000001d50275e0b0, 0x000001d5028e3a10,
0x000001d5028ef800, 0x000001d5028f0260, 0x000001d5028f1c30, 0x000001d5028f2690,
0x000001d502912510, 0x000001d5029163e0, 0x000001d502bf89d0, 0x000001d509254050,
0x000001d508c09640, 0x000001d50832a4b0, 0x000001d507696bd0, 0x000001d509105870,
0x000001d508ffe8e0, 0x000001d508667b70, 0x000001d508b95a70, 0x000001d5082bc280,
0x000001d5082bbbf0, 0x000001d5082bc910, 0x000001d5082bcfa0, 0x000001d5082bd630,
0x000001d507267c80, 0x000001d507269030, 0x000001d50726aa70, 0x000001d5072696c0,
0x000001d507269d50, 0x000001d50726b100, 0x000001d5072689a0, 0x000001d50726a3e0,
0x000001d50a0b5600, 0x000001d50a0b4f70, 0x000001d50a0b7040, 0x000001d50a0b5c90,
0x000001d50a0b69b0, 0x000001d50a0b3bc0, 0x000001d50a0b76d0, 0x000001d50a0b4250,
0x000001d50a0b9e30, 0x000001d50a0ba4c0, 0x000001d50a0bab50, 0x000001d50a0bb1e0,
0x000001d5082baed0, 0x000001d50a3f3bd0, 0x000001d50a3f2190, 0x000001d50a3f2820
}

Java Threads: ( => current thread )
  0x000001d56878b8f0 JavaThread "main"                              [_thread_blocked, id=6092, stack(0x000000300f100000,0x000000300f200000) (1024K)]
  0x000001d5028b8840 JavaThread "Common-Cleaner"             daemon [_thread_blocked, id=1696, stack(0x000000300f900000,0x000000300fa00000) (1024K)]
  0x000001d50275e0b0 JavaThread "Reference Handler"          daemon [_thread_blocked, id=14752, stack(0x000000300fa00000,0x000000300fb00000) (1024K)]
  0x000001d5028e3a10 JavaThread "Finalizer"                  daemon [_thread_blocked, id=12676, stack(0x000000300fb00000,0x000000300fc00000) (1024K)]
  0x000001d5028ef800 JavaThread "Signal Dispatcher"          daemon [_thread_blocked, id=13736, stack(0x000000300fc00000,0x000000300fd00000) (1024K)]
  0x000001d5028f0260 JavaThread "Attach Listener"            daemon [_thread_blocked, id=13444, stack(0x000000300fd00000,0x000000300fe00000) (1024K)]
  0x000001d5028f1c30 JavaThread "Service Thread"             daemon [_thread_blocked, id=14740, stack(0x000000300fe00000,0x000000300ff00000) (1024K)]
  0x000001d5028f2690 JavaThread "Monitor Deflation Thread"   daemon [_thread_blocked, id=16060, stack(0x000000300ff00000,0x0000003010000000) (1024K)]
  0x000001d502912510 JavaThread "C2 CompilerThread0"         daemon [_thread_blocked, id=14744, stack(0x0000003010000000,0x0000003010100000) (1024K)]
  0x000001d5029163e0 JavaThread "C1 CompilerThread0"         daemon [_thread_blocked, id=2668, stack(0x0000003010100000,0x0000003010200000) (1024K)]
  0x000001d502bf89d0 JavaThread "Notification Thread"        daemon [_thread_blocked, id=536, stack(0x0000003010200000,0x0000003010300000) (1024K)]
  0x000001d509254050 JavaThread "Daemon health stats"               [_thread_blocked, id=10160, stack(0x0000003010700000,0x0000003010800000) (1024K)]
  0x000001d508c09640 JavaThread "Incoming local TCP Connector on port 54197"        [_thread_in_native, id=2016, stack(0x0000003010b00000,0x0000003010c00000) (1024K)]
  0x000001d50832a4b0 JavaThread "Daemon periodic checks"            [_thread_blocked, id=10884, stack(0x0000003010c00000,0x0000003010d00000) (1024K)]
  0x000001d507696bd0 JavaThread "Daemon"                            [_thread_blocked, id=12004, stack(0x0000003010d00000,0x0000003010e00000) (1024K)]
  0x000001d509105870 JavaThread "Handler for socket connection from /127.0.0.1:54197 to /127.0.0.1:54198"        [_thread_in_native, id=15744, stack(0x0000003010e00000,0x0000003010f00000) (1024K)]
  0x000001d508ffe8e0 JavaThread "Cancel handler"                    [_thread_blocked, id=8072, stack(0x0000003011000000,0x0000003011100000) (1024K)]
  0x000001d508667b70 JavaThread "Daemon worker"                     [_thread_blocked, id=1528, stack(0x0000003011100000,0x0000003011200000) (1024K)]
  0x000001d508b95a70 JavaThread "Asynchronous log dispatcher for DefaultDaemonConnection: socket connection from /127.0.0.1:54197 to /127.0.0.1:54198"        [_thread_blocked, id=13972, stack(0x0000003011200000,0x0000003011300000) (1024K)]
  0x000001d5082bc280 JavaThread "Stdin handler"                     [_thread_blocked, id=5592, stack(0x0000003011300000,0x0000003011400000) (1024K)]
  0x000001d5082bbbf0 JavaThread "Daemon client event forwarder"        [_thread_blocked, id=7688, stack(0x0000003011400000,0x0000003011500000) (1024K)]
  0x000001d5082bc910 JavaThread "Cache worker for journal cache (C:\Users\lenovo\.gradle\caches\journal-1)"        [_thread_blocked, id=6280, stack(0x0000003011500000,0x0000003011600000) (1024K)]
  0x000001d5082bcfa0 JavaThread "File lock request listener"        [_thread_in_native, id=7936, stack(0x0000003011600000,0x0000003011700000) (1024K)]
  0x000001d5082bd630 JavaThread "Cache worker for file hash cache (C:\Users\lenovo\.gradle\caches\9.4.1\fileHashes)"        [_thread_blocked, id=13724, stack(0x0000003011700000,0x0000003011800000) (1024K)]
  0x000001d507267c80 JavaThread "Cache worker for file hash cache (C:\Users\lenovo\Projects\Transport simulation\TransportsimAndroid\.gradle\9.4.1\fileHashes)"        [_thread_blocked, id=1720, stack(0x000000300ee00000,0x000000300ef00000) (1024K)]
  0x000001d507269030 JavaThread "Cache worker for Build Output Cleanup Cache (C:\Users\lenovo\Projects\Transport simulation\TransportsimAndroid\.gradle\buildOutputCleanup)"        [_thread_blocked, id=15332, stack(0x000000300ef00000,0x000000300f000000) (1024K)]
  0x000001d50726aa70 JavaThread "File watcher server"        daemon [_thread_in_native, id=1320, stack(0x0000003011800000,0x0000003011900000) (1024K)]
  0x000001d5072696c0 JavaThread "File watcher consumer"      daemon [_thread_blocked, id=13936, stack(0x0000003011900000,0x0000003011a00000) (1024K)]
  0x000001d507269d50 JavaThread "jar transforms"                    [_thread_blocked, id=15504, stack(0x0000003011a00000,0x0000003011b00000) (1024K)]
  0x000001d50726b100 JavaThread "jar transforms Thread 2"           [_thread_blocked, id=9936, stack(0x0000003011b00000,0x0000003011c00000) (1024K)]
  0x000001d5072689a0 JavaThread "jar transforms Thread 3"           [_thread_blocked, id=12300, stack(0x0000003011c00000,0x0000003011d00000) (1024K)]
  0x000001d50726a3e0 JavaThread "jar transforms Thread 4"           [_thread_blocked, id=16372, stack(0x0000003011d00000,0x0000003011e00000) (1024K)]
  0x000001d50a0b5600 JavaThread "jar transforms Thread 5"           [_thread_blocked, id=2776, stack(0x0000003011e00000,0x0000003011f00000) (1024K)]
  0x000001d50a0b4f70 JavaThread "jar transforms Thread 6"           [_thread_blocked, id=14444, stack(0x0000003011f00000,0x0000003012000000) (1024K)]
  0x000001d50a0b7040 JavaThread "jar transforms Thread 7"           [_thread_blocked, id=15808, stack(0x0000003012000000,0x0000003012100000) (1024K)]
  0x000001d50a0b5c90 JavaThread "jar transforms Thread 8"           [_thread_blocked, id=13172, stack(0x0000003012100000,0x0000003012200000) (1024K)]
  0x000001d50a0b69b0 JavaThread "Cache worker for file content cache (C:\Users\lenovo\.gradle\caches\9.4.1\fileContent)"        [_thread_blocked, id=13876, stack(0x0000003012200000,0x0000003012300000) (1024K)]
  0x000001d50a0b3bc0 JavaThread "Cache worker for checksums cache (C:\Users\lenovo\Projects\Transport simulation\TransportsimAndroid\.gradle\9.4.1\checksums)"        [_thread_blocked, id=12536, stack(0x0000003012300000,0x0000003012400000) (1024K)]
  0x000001d50a0b76d0 JavaThread "Cache worker for cache directory md-supplier (C:\Users\lenovo\.gradle\caches\9.4.1\md-supplier)"        [_thread_blocked, id=11676, stack(0x0000003012400000,0x0000003012500000) (1024K)]
  0x000001d50a0b4250 JavaThread "Cache worker for cache directory md-rule (C:\Users\lenovo\.gradle\caches\9.4.1\md-rule)"        [_thread_blocked, id=16376, stack(0x0000003012500000,0x0000003012600000) (1024K)]
  0x000001d50a0b9e30 JavaThread "Build operations"                  [_thread_blocked, id=14676, stack(0x000000300f000000,0x000000300f100000) (1024K)]
  0x000001d50a0ba4c0 JavaThread "Build operations Thread 2"         [_thread_blocked, id=14692, stack(0x0000003012600000,0x0000003012700000) (1024K)]
  0x000001d50a0bab50 JavaThread "Build operations Thread 3"         [_thread_blocked, id=13488, stack(0x0000003012700000,0x0000003012800000) (1024K)]
  0x000001d50a0bb1e0 JavaThread "Build operations Thread 4"         [_thread_blocked, id=13512, stack(0x0000003012800000,0x0000003012900000) (1024K)]
  0x000001d5082baed0 JavaThread "Build operations Thread 5"         [_thread_blocked, id=13516, stack(0x0000003012900000,0x0000003012a00000) (1024K)]
  0x000001d50a3f3bd0 JavaThread "Build operations Thread 6"         [_thread_blocked, id=12076, stack(0x0000003012a00000,0x0000003012b00000) (1024K)]
  0x000001d50a3f2190 JavaThread "Build operations Thread 7"         [_thread_blocked, id=16352, stack(0x0000003012b00000,0x0000003012c00000) (1024K)]
  0x000001d50a3f2820 JavaThread "Build operations Thread 8"         [_thread_blocked, id=568, stack(0x0000003012c00000,0x0000003012d00000) (1024K)]
Total: 48

Other Threads:
=>0x000001d50273e1e0 VMThread "VM Thread"                           [id=15240, stack(0x000000300f800000,0x000000300f900000) (1024K)]
  0x000001d5026a9b40 WatcherThread "VM Periodic Task Thread"        [id=15544, stack(0x000000300f700000,0x000000300f800000) (1024K)]
  0x000001d5687f3460 WorkerThread "GC Thread#0"                     [id=15796, stack(0x000000300f200000,0x000000300f300000) (1024K)]
  0x000001d5072f3860 WorkerThread "GC Thread#1"                     [id=11092, stack(0x0000003010300000,0x0000003010400000) (1024K)]
  0x000001d507245100 WorkerThread "GC Thread#2"                     [id=16020, stack(0x0000003010400000,0x0000003010500000) (1024K)]
  0x000001d5073c3310 WorkerThread "GC Thread#3"                     [id=11248, stack(0x0000003010500000,0x0000003010600000) (1024K)]
  0x000001d50761eb60 WorkerThread "GC Thread#4"                     [id=15688, stack(0x0000003010600000,0x0000003010700000) (1024K)]
  0x000001d5077c7840 WorkerThread "GC Thread#5"                     [id=4880, stack(0x0000003010800000,0x0000003010900000) (1024K)]
  0x000001d5084772e0 WorkerThread "GC Thread#6"                     [id=10464, stack(0x0000003010900000,0x0000003010a00000) (1024K)]
  0x000001d508325100 WorkerThread "GC Thread#7"                     [id=11352, stack(0x0000003010a00000,0x0000003010b00000) (1024K)]
  0x000001d568804c60 ConcurrentGCThread "G1 Main Marker"            [id=14780, stack(0x000000300f300000,0x000000300f400000) (1024K)]
  0x000001d5688065b0 WorkerThread "G1 Conc#0"                       [id=5564, stack(0x000000300f400000,0x000000300f500000) (1024K)]
  0x000001d508325c10 WorkerThread "G1 Conc#1"                       [id=13984, stack(0x0000003010f00000,0x0000003011000000) (1024K)]
  0x000001d50257d8f0 ConcurrentGCThread "G1 Refine#0"               [id=3956, stack(0x000000300f500000,0x000000300f600000) (1024K)]
  0x000001d50257e280 ConcurrentGCThread "G1 Service"                [id=2672, stack(0x000000300f600000,0x000000300f700000) (1024K)]
Total: 15

Threads with active compile tasks:
C2 CompilerThread0  307486 7520       4       org.apache.commons.compress.archivers.zip.ZipArchiveOutputStream::createCentralFileHeader (647 bytes)
Total: 1

VM state: at safepoint (normal execution)

VM Mutex/Monitor currently owned by a thread:  ([mutex/lock_event])
[0x00007ffd978e86d0] Threads_lock - owner thread: 0x000001d50273e1e0
[0x00007ffd978e87d0] Heap_lock - owner thread: 0x000001d508667b70

Heap address: 0x0000000700000000, size: 4096 MB, Compressed Oops mode: Zero based, Oop shift amount: 3

CDS archive(s) not mapped
Compressed class space mapped at: 0x0000000800000000-0x000000081a000000, reserved size: 436207616
Narrow klass base: 0x0000000800000000, Narrow klass shift: 0, Narrow klass range: 0x1a000000

GC Precious Log:
 CardTable entry size: 512
 Card Set container configuration: InlinePtr #cards 4 size 8 Array Of Cards #cards 16 size 48 Howl #buckets 8 coarsen threshold 3686 Howl Bitmap #cards 512 size 80 coarsen threshold 460 Card regions per heap region 1 cards per card region 4096
 CPUs: 8 total, 8 available
 Memory: 3895M
 Large Page Support: Disabled
 NUMA Support: Disabled
 Compressed Oops: Enabled (Zero based)
 Heap Region Size: 2M
 Heap Min Capacity: 8M
 Heap Initial Capacity: 62M
 Heap Max Capacity: 4G
 Pre-touch: Disabled
 Parallel Workers: 8
 Concurrent Workers: 2
 Concurrent Refinement Workers: 8
 Periodic GC: Disabled

Heap:
 garbage-first heap   total 428032K, used 97960K [0x0000000700000000, 0x0000000800000000)
  region size 2048K, 9 young (18432K), 9 survivors (18432K)
 Metaspace       used 60494K, committed 62208K, reserved 491520K
  class space    used 8486K, committed 9280K, reserved 425984K

Heap Regions: E=young(eden), S=young(survivor), O=old, HS=humongous(starts), HC=humongous(continues), CS=collection set, F=free, TAMS=top-at-mark-start, PB=parsable bottom
|   0|0x0000000700000000, 0x0000000700200000, 0x0000000700200000|100%|HS|  |TAMS 0x0000000700000000| PB 0x0000000700000000| Complete 
|   1|0x0000000700200000, 0x0000000700400000, 0x0000000700400000|100%|HC|  |TAMS 0x0000000700200000| PB 0x0000000700200000| Complete 
|   2|0x0000000700400000, 0x0000000700600000, 0x0000000700600000|100%| O|  |TAMS 0x0000000700400000| PB 0x0000000700400000| Untracked 
|   3|0x0000000700600000, 0x0000000700800000, 0x0000000700800000|100%| O|  |TAMS 0x0000000700600000| PB 0x0000000700600000| Untracked 
|   4|0x0000000700800000, 0x0000000700a00000, 0x0000000700a00000|100%| O|  |TAMS 0x0000000700800000| PB 0x0000000700800000| Untracked 
|   5|0x0000000700a00000, 0x0000000700c00000, 0x0000000700c00000|100%| O|  |TAMS 0x0000000700a00000| PB 0x0000000700a00000| Untracked 
|   6|0x0000000700c00000, 0x0000000700e00000, 0x0000000700e00000|100%| O|  |TAMS 0x0000000700c00000| PB 0x0000000700c00000| Untracked 
|   7|0x0000000700e00000, 0x0000000701000000, 0x0000000701000000|100%| O|  |TAMS 0x0000000700e00000| PB 0x0000000700e00000| Untracked 
|   8|0x0000000701000000, 0x0000000701200000, 0x0000000701200000|100%| O|  |TAMS 0x0000000701000000| PB 0x0000000701000000| Untracked 
|   9|0x0000000701200000, 0x0000000701400000, 0x0000000701400000|100%| O|  |TAMS 0x0000000701200000| PB 0x0000000701200000| Untracked 
|  10|0x0000000701400000, 0x0000000701600000, 0x0000000701600000|100%| O|  |TAMS 0x0000000701400000| PB 0x0000000701400000| Untracked 
|  11|0x0000000701600000, 0x0000000701800000, 0x0000000701800000|100%| O|  |TAMS 0x0000000701600000| PB 0x0000000701600000| Untracked 
|  12|0x0000000701800000, 0x0000000701a00000, 0x0000000701a00000|100%|HS|  |TAMS 0x0000000701800000| PB 0x0000000701800000| Complete 
|  13|0x0000000701a00000, 0x0000000701c00000, 0x0000000701c00000|100%|HC|  |TAMS 0x0000000701a00000| PB 0x0000000701a00000| Complete 
|  14|0x0000000701c00000, 0x0000000701e00000, 0x0000000701e00000|100%|HC|  |TAMS 0x0000000701c00000| PB 0x0000000701c00000| Complete 
|  15|0x0000000701e00000, 0x0000000702000000, 0x0000000702000000|100%|HS|  |TAMS 0x0000000701e00000| PB 0x0000000701e00000| Complete 
|  16|0x0000000702000000, 0x0000000702200000, 0x0000000702200000|100%|HS|  |TAMS 0x0000000702000000| PB 0x0000000702000000| Complete 
|  17|0x0000000702200000, 0x0000000702400000, 0x0000000702400000|100%| O|  |TAMS 0x0000000702200000| PB 0x0000000702200000| Untracked 
|  18|0x0000000702400000, 0x0000000702600000, 0x0000000702600000|100%| O|  |TAMS 0x0000000702400000| PB 0x0000000702400000| Untracked 
|  19|0x0000000702600000, 0x0000000702800000, 0x0000000702800000|100%| O|  |TAMS 0x0000000702600000| PB 0x0000000702600000| Untracked 
|  20|0x0000000702800000, 0x0000000702a00000, 0x0000000702a00000|100%| O|  |TAMS 0x0000000702800000| PB 0x0000000702800000| Untracked 
|  21|0x0000000702a00000, 0x0000000702c00000, 0x0000000702c00000|100%|HS|  |TAMS 0x0000000702a00000| PB 0x0000000702a00000| Complete 
|  22|0x0000000702c00000, 0x0000000702e00000, 0x0000000702e00000|100%|HC|  |TAMS 0x0000000702c00000| PB 0x0000000702c00000| Complete 
|  23|0x0000000702e00000, 0x0000000703000000, 0x0000000703000000|100%|HC|  |TAMS 0x0000000702e00000| PB 0x0000000702e00000| Complete 
|  24|0x0000000703000000, 0x0000000703200000, 0x0000000703200000|100%| O|  |TAMS 0x0000000703000000| PB 0x0000000703000000| Untracked 
|  25|0x0000000703200000, 0x0000000703400000, 0x0000000703400000|100%| O|  |TAMS 0x0000000703200000| PB 0x0000000703200000| Untracked 
|  26|0x0000000703400000, 0x0000000703600000, 0x0000000703600000|100%| O|  |TAMS 0x0000000703400000| PB 0x0000000703400000| Untracked 
|  27|0x0000000703600000, 0x0000000703800000, 0x0000000703800000|100%| O|  |TAMS 0x0000000703600000| PB 0x0000000703600000| Untracked 
|  28|0x0000000703800000, 0x0000000703a00000, 0x0000000703a00000|100%|HS|  |TAMS 0x0000000703800000| PB 0x0000000703800000| Complete 
|  29|0x0000000703a00000, 0x0000000703c00000, 0x0000000703c00000|100%| O|  |TAMS 0x0000000703a00000| PB 0x0000000703a00000| Untracked 
|  30|0x0000000703c00000, 0x0000000703e00000, 0x0000000703e00000|100%| O|  |TAMS 0x0000000703c00000| PB 0x0000000703c00000| Untracked 
|  31|0x0000000703e00000, 0x0000000704000000, 0x0000000704000000|100%| O|  |TAMS 0x0000000703e00000| PB 0x0000000703e00000| Untracked 
|  32|0x0000000704000000, 0x0000000704200000, 0x0000000704200000|100%| O|  |TAMS 0x0000000704000000| PB 0x0000000704000000| Untracked 
|  33|0x0000000704200000, 0x0000000704400000, 0x0000000704400000|100%| O|  |TAMS 0x0000000704200000| PB 0x0000000704200000| Untracked 
|  34|0x0000000704400000, 0x0000000704600000, 0x0000000704600000|100%| O|  |TAMS 0x0000000704400000| PB 0x0000000704400000| Untracked 
|  35|0x0000000704600000, 0x0000000704800000, 0x0000000704800000|100%| O|  |TAMS 0x0000000704600000| PB 0x0000000704600000| Untracked 
|  36|0x0000000704800000, 0x0000000704a00000, 0x0000000704a00000|100%| O|  |TAMS 0x0000000704800000| PB 0x0000000704800000| Untracked 
|  37|0x0000000704a00000, 0x0000000704c00000, 0x0000000704c00000|100%| O|  |TAMS 0x0000000704a00000| PB 0x0000000704a00000| Untracked 
|  38|0x0000000704c00000, 0x0000000704d525e8, 0x0000000704e00000| 66%| O|  |TAMS 0x0000000704c00000| PB 0x0000000704c00000| Untracked 
|  39|0x0000000704e00000, 0x0000000704e00000, 0x0000000705000000|  0%| F|  |TAMS 0x0000000704e00000| PB 0x0000000704e00000| Untracked 
|  40|0x0000000705000000, 0x0000000705000000, 0x0000000705200000|  0%| F|  |TAMS 0x0000000705000000| PB 0x0000000705000000| Untracked 
|  41|0x0000000705200000, 0x0000000705200000, 0x0000000705400000|  0%| F|  |TAMS 0x0000000705200000| PB 0x0000000705200000| Untracked 
|  42|0x0000000705400000, 0x0000000705400000, 0x0000000705600000|  0%| F|  |TAMS 0x0000000705400000| PB 0x0000000705400000| Untracked 
|  43|0x0000000705600000, 0x0000000705600000, 0x0000000705800000|  0%| F|  |TAMS 0x0000000705600000| PB 0x0000000705600000| Untracked 
|  44|0x0000000705800000, 0x0000000705800000, 0x0000000705a00000|  0%| F|  |TAMS 0x0000000705800000| PB 0x0000000705800000| Untracked 
|  45|0x0000000705a00000, 0x0000000705a00000, 0x0000000705c00000|  0%| F|  |TAMS 0x0000000705a00000| PB 0x0000000705a00000| Untracked 
|  46|0x0000000705c00000, 0x0000000705c00000, 0x0000000705e00000|  0%| F|  |TAMS 0x0000000705c00000| PB 0x0000000705c00000| Untracked 
|  47|0x0000000705e00000, 0x0000000705e00000, 0x0000000706000000|  0%| F|  |TAMS 0x0000000705e00000| PB 0x0000000705e00000| Untracked 
|  48|0x0000000706000000, 0x0000000706000000, 0x0000000706200000|  0%| F|  |TAMS 0x0000000706000000| PB 0x0000000706000000| Untracked 
|  49|0x0000000706200000, 0x0000000706200000, 0x0000000706400000|  0%| F|  |TAMS 0x0000000706200000| PB 0x0000000706200000| Untracked 
|  50|0x0000000706400000, 0x0000000706400000, 0x0000000706600000|  0%| F|  |TAMS 0x0000000706400000| PB 0x0000000706400000| Untracked 
|  51|0x0000000706600000, 0x0000000706600000, 0x0000000706800000|  0%| F|  |TAMS 0x0000000706600000| PB 0x0000000706600000| Untracked 
|  52|0x0000000706800000, 0x0000000706800000, 0x0000000706a00000|  0%| F|  |TAMS 0x0000000706800000| PB 0x0000000706800000| Untracked 
|  53|0x0000000706a00000, 0x0000000706a00000, 0x0000000706c00000|  0%| F|  |TAMS 0x0000000706a00000| PB 0x0000000706a00000| Untracked 
|  54|0x0000000706c00000, 0x0000000706c00000, 0x0000000706e00000|  0%| F|  |TAMS 0x0000000706c00000| PB 0x0000000706c00000| Untracked 
|  55|0x0000000706e00000, 0x0000000706e00000, 0x0000000707000000|  0%| F|  |TAMS 0x0000000706e00000| PB 0x0000000706e00000| Untracked 
|  56|0x0000000707000000, 0x0000000707000000, 0x0000000707200000|  0%| F|  |TAMS 0x0000000707000000| PB 0x0000000707000000| Untracked 
|  57|0x0000000707200000, 0x0000000707200000, 0x0000000707400000|  0%| F|  |TAMS 0x0000000707200000| PB 0x0000000707200000| Untracked 
|  58|0x0000000707400000, 0x0000000707400000, 0x0000000707600000|  0%| F|  |TAMS 0x0000000707400000| PB 0x0000000707400000| Untracked 
|  59|0x0000000707600000, 0x0000000707600000, 0x0000000707800000|  0%| F|  |TAMS 0x0000000707600000| PB 0x0000000707600000| Untracked 
|  60|0x0000000707800000, 0x0000000707800000, 0x0000000707a00000|  0%| F|  |TAMS 0x0000000707800000| PB 0x0000000707800000| Untracked 
|  61|0x0000000707a00000, 0x0000000707a00000, 0x0000000707c00000|  0%| F|  |TAMS 0x0000000707a00000| PB 0x0000000707a00000| Untracked 
|  62|0x0000000707c00000, 0x0000000707c00000, 0x0000000707e00000|  0%| F|  |TAMS 0x0000000707c00000| PB 0x0000000707c00000| Untracked 
|  63|0x0000000707e00000, 0x0000000707e00000, 0x0000000708000000|  0%| F|  |TAMS 0x0000000707e00000| PB 0x0000000707e00000| Untracked 
|  64|0x0000000708000000, 0x0000000708000000, 0x0000000708200000|  0%| F|  |TAMS 0x0000000708000000| PB 0x0000000708000000| Untracked 
|  65|0x0000000708200000, 0x0000000708200000, 0x0000000708400000|  0%| F|  |TAMS 0x0000000708200000| PB 0x0000000708200000| Untracked 
|  66|0x0000000708400000, 0x0000000708400000, 0x0000000708600000|  0%| F|  |TAMS 0x0000000708400000| PB 0x0000000708400000| Untracked 
|  67|0x0000000708600000, 0x0000000708600000, 0x0000000708800000|  0%| F|  |TAMS 0x0000000708600000| PB 0x0000000708600000| Untracked 
|  68|0x0000000708800000, 0x0000000708800000, 0x0000000708a00000|  0%| F|  |TAMS 0x0000000708800000| PB 0x0000000708800000| Untracked 
|  69|0x0000000708a00000, 0x0000000708a00000, 0x0000000708c00000|  0%| F|  |TAMS 0x0000000708a00000| PB 0x0000000708a00000| Untracked 
|  70|0x0000000708c00000, 0x0000000708c00000, 0x0000000708e00000|  0%| F|  |TAMS 0x0000000708c00000| PB 0x0000000708c00000| Untracked 
|  71|0x0000000708e00000, 0x0000000708e00000, 0x0000000709000000|  0%| F|  |TAMS 0x0000000708e00000| PB 0x0000000708e00000| Untracked 
|  72|0x0000000709000000, 0x0000000709000000, 0x0000000709200000|  0%| F|  |TAMS 0x0000000709000000| PB 0x0000000709000000| Untracked 
|  73|0x0000000709200000, 0x0000000709200000, 0x0000000709400000|  0%| F|  |TAMS 0x0000000709200000| PB 0x0000000709200000| Untracked 
|  74|0x0000000709400000, 0x0000000709457dd0, 0x0000000709600000| 17%| S|CS|TAMS 0x0000000709400000| PB 0x0000000709400000| Complete 
|  75|0x0000000709600000, 0x0000000709800000, 0x0000000709800000|100%| S|CS|TAMS 0x0000000709600000| PB 0x0000000709600000| Complete 
|  76|0x0000000709800000, 0x0000000709800000, 0x0000000709a00000|  0%| F|  |TAMS 0x0000000709800000| PB 0x0000000709800000| Untracked 
|  77|0x0000000709a00000, 0x0000000709a00000, 0x0000000709c00000|  0%| F|  |TAMS 0x0000000709a00000| PB 0x0000000709a00000| Untracked 
|  78|0x0000000709c00000, 0x0000000709c00000, 0x0000000709e00000|  0%| F|  |TAMS 0x0000000709c00000| PB 0x0000000709c00000| Untracked 
|  79|0x0000000709e00000, 0x0000000709e00000, 0x000000070a000000|  0%| F|  |TAMS 0x0000000709e00000| PB 0x0000000709e00000| Untracked 
|  80|0x000000070a000000, 0x000000070a000000, 0x000000070a200000|  0%| F|  |TAMS 0x000000070a000000| PB 0x000000070a000000| Untracked 
|  81|0x000000070a200000, 0x000000070a200000, 0x000000070a400000|  0%| F|  |TAMS 0x000000070a200000| PB 0x000000070a200000| Untracked 
|  82|0x000000070a400000, 0x000000070a400000, 0x000000070a600000|  0%| F|  |TAMS 0x000000070a400000| PB 0x000000070a400000| Untracked 
|  83|0x000000070a600000, 0x000000070a800000, 0x000000070a800000|100%| S|CS|TAMS 0x000000070a600000| PB 0x000000070a600000| Complete 
|  84|0x000000070a800000, 0x000000070aa00000, 0x000000070aa00000|100%| S|CS|TAMS 0x000000070a800000| PB 0x000000070a800000| Complete 
|  85|0x000000070aa00000, 0x000000070ac00000, 0x000000070ac00000|100%| S|CS|TAMS 0x000000070aa00000| PB 0x000000070aa00000| Complete 
|  86|0x000000070ac00000, 0x000000070ae00000, 0x000000070ae00000|100%| S|CS|TAMS 0x000000070ac00000| PB 0x000000070ac00000| Complete 
|  87|0x000000070ae00000, 0x000000070b000000, 0x000000070b000000|100%| S|CS|TAMS 0x000000070ae00000| PB 0x000000070ae00000| Complete 
|  88|0x000000070b000000, 0x000000070b200000, 0x000000070b200000|100%| S|CS|TAMS 0x000000070b000000| PB 0x000000070b000000| Complete 
|  89|0x000000070b200000, 0x000000070b400000, 0x000000070b400000|100%| S|CS|TAMS 0x000000070b200000| PB 0x000000070b200000| Complete 
|  90|0x000000070b400000, 0x000000070b400000, 0x000000070b600000|  0%| F|  |TAMS 0x000000070b400000| PB 0x000000070b400000| Untracked 
|  91|0x000000070b600000, 0x000000070b600000, 0x000000070b800000|  0%| F|  |TAMS 0x000000070b600000| PB 0x000000070b600000| Untracked 
|  92|0x000000070b800000, 0x000000070b800000, 0x000000070ba00000|  0%| F|  |TAMS 0x000000070b800000| PB 0x000000070b800000| Untracked 
|  93|0x000000070ba00000, 0x000000070ba00000, 0x000000070bc00000|  0%| F|  |TAMS 0x000000070ba00000| PB 0x000000070ba00000| Untracked 
|  94|0x000000070bc00000, 0x000000070bc00000, 0x000000070be00000|  0%| F|  |TAMS 0x000000070bc00000| PB 0x000000070bc00000| Untracked 
|  95|0x000000070be00000, 0x000000070be00000, 0x000000070c000000|  0%| F|  |TAMS 0x000000070be00000| PB 0x000000070be00000| Untracked 
|  96|0x000000070c000000, 0x000000070c000000, 0x000000070c200000|  0%| F|  |TAMS 0x000000070c000000| PB 0x000000070c000000| Untracked 
|  97|0x000000070c200000, 0x000000070c200000, 0x000000070c400000|  0%| F|  |TAMS 0x000000070c200000| PB 0x000000070c200000| Untracked 
|  98|0x000000070c400000, 0x000000070c400000, 0x000000070c600000|  0%| F|  |TAMS 0x000000070c400000| PB 0x000000070c400000| Untracked 
|  99|0x000000070c600000, 0x000000070c600000, 0x000000070c800000|  0%| F|  |TAMS 0x000000070c600000| PB 0x000000070c600000| Untracked 
| 100|0x000000070c800000, 0x000000070c800000, 0x000000070ca00000|  0%| F|  |TAMS 0x000000070c800000| PB 0x000000070c800000| Untracked 
| 101|0x000000070ca00000, 0x000000070ca00000, 0x000000070cc00000|  0%| F|  |TAMS 0x000000070ca00000| PB 0x000000070ca00000| Untracked 
| 102|0x000000070cc00000, 0x000000070cc00000, 0x000000070ce00000|  0%| F|  |TAMS 0x000000070cc00000| PB 0x000000070cc00000| Untracked 
| 103|0x000000070ce00000, 0x000000070ce00000, 0x000000070d000000|  0%| F|  |TAMS 0x000000070ce00000| PB 0x000000070ce00000| Untracked 
| 104|0x000000070d000000, 0x000000070d000000, 0x000000070d200000|  0%| F|  |TAMS 0x000000070d000000| PB 0x000000070d000000| Untracked 
| 105|0x000000070d200000, 0x000000070d200000, 0x000000070d400000|  0%| F|  |TAMS 0x000000070d200000| PB 0x000000070d200000| Untracked 
| 106|0x000000070d400000, 0x000000070d400000, 0x000000070d600000|  0%| F|  |TAMS 0x000000070d400000| PB 0x000000070d400000| Untracked 
| 107|0x000000070d600000, 0x000000070d600000, 0x000000070d800000|  0%| F|  |TAMS 0x000000070d600000| PB 0x000000070d600000| Untracked 
| 108|0x000000070d800000, 0x000000070d800000, 0x000000070da00000|  0%| F|  |TAMS 0x000000070d800000| PB 0x000000070d800000| Untracked 
| 109|0x000000070da00000, 0x000000070da00000, 0x000000070dc00000|  0%| F|  |TAMS 0x000000070da00000| PB 0x000000070da00000| Untracked 
| 110|0x000000070dc00000, 0x000000070dc00000, 0x000000070de00000|  0%| F|  |TAMS 0x000000070dc00000| PB 0x000000070dc00000| Untracked 
| 111|0x000000070de00000, 0x000000070de00000, 0x000000070e000000|  0%| F|  |TAMS 0x000000070de00000| PB 0x000000070de00000| Untracked 
| 112|0x000000070e000000, 0x000000070e000000, 0x000000070e200000|  0%| F|  |TAMS 0x000000070e000000| PB 0x000000070e000000| Untracked 
| 113|0x000000070e200000, 0x000000070e200000, 0x000000070e400000|  0%| F|  |TAMS 0x000000070e200000| PB 0x000000070e200000| Untracked 
| 114|0x000000070e400000, 0x000000070e400000, 0x000000070e600000|  0%| F|  |TAMS 0x000000070e400000| PB 0x000000070e400000| Untracked 
| 115|0x000000070e600000, 0x000000070e600000, 0x000000070e800000|  0%| F|  |TAMS 0x000000070e600000| PB 0x000000070e600000| Untracked 
| 116|0x000000070e800000, 0x000000070e800000, 0x000000070ea00000|  0%| F|  |TAMS 0x000000070e800000| PB 0x000000070e800000| Untracked 
| 117|0x000000070ea00000, 0x000000070ea00000, 0x000000070ec00000|  0%| F|  |TAMS 0x000000070ea00000| PB 0x000000070ea00000| Untracked 
| 118|0x000000070ec00000, 0x000000070ec00000, 0x000000070ee00000|  0%| F|  |TAMS 0x000000070ec00000| PB 0x000000070ec00000| Untracked 
| 119|0x000000070ee00000, 0x000000070ee00000, 0x000000070f000000|  0%| F|  |TAMS 0x000000070ee00000| PB 0x000000070ee00000| Untracked 
| 120|0x000000070f000000, 0x000000070f000000, 0x000000070f200000|  0%| F|  |TAMS 0x000000070f000000| PB 0x000000070f000000| Untracked 
| 121|0x000000070f200000, 0x000000070f200000, 0x000000070f400000|  0%| F|  |TAMS 0x000000070f200000| PB 0x000000070f200000| Untracked 
| 122|0x000000070f400000, 0x000000070f400000, 0x000000070f600000|  0%| F|  |TAMS 0x000000070f400000| PB 0x000000070f400000| Untracked 
| 123|0x000000070f600000, 0x000000070f600000, 0x000000070f800000|  0%| F|  |TAMS 0x000000070f600000| PB 0x000000070f600000| Untracked 
| 124|0x000000070f800000, 0x000000070f800000, 0x000000070fa00000|  0%| F|  |TAMS 0x000000070f800000| PB 0x000000070f800000| Untracked 
| 125|0x000000070fa00000, 0x000000070fa00000, 0x000000070fc00000|  0%| F|  |TAMS 0x000000070fa00000| PB 0x000000070fa00000| Untracked 
| 126|0x000000070fc00000, 0x000000070fc00000, 0x000000070fe00000|  0%| F|  |TAMS 0x000000070fc00000| PB 0x000000070fc00000| Untracked 
| 127|0x000000070fe00000, 0x000000070fe00000, 0x0000000710000000|  0%| F|  |TAMS 0x000000070fe00000| PB 0x000000070fe00000| Untracked 
| 128|0x0000000710000000, 0x0000000710000000, 0x0000000710200000|  0%| F|  |TAMS 0x0000000710000000| PB 0x0000000710000000| Untracked 
| 129|0x0000000710200000, 0x0000000710200000, 0x0000000710400000|  0%| F|  |TAMS 0x0000000710200000| PB 0x0000000710200000| Untracked 
| 130|0x0000000710400000, 0x0000000710400000, 0x0000000710600000|  0%| F|  |TAMS 0x0000000710400000| PB 0x0000000710400000| Untracked 
| 131|0x0000000710600000, 0x0000000710600000, 0x0000000710800000|  0%| F|  |TAMS 0x0000000710600000| PB 0x0000000710600000| Untracked 
| 132|0x0000000710800000, 0x0000000710800000, 0x0000000710a00000|  0%| F|  |TAMS 0x0000000710800000| PB 0x0000000710800000| Untracked 
| 133|0x0000000710a00000, 0x0000000710a00000, 0x0000000710c00000|  0%| F|  |TAMS 0x0000000710a00000| PB 0x0000000710a00000| Untracked 
| 134|0x0000000710c00000, 0x0000000710c00000, 0x0000000710e00000|  0%| F|  |TAMS 0x0000000710c00000| PB 0x0000000710c00000| Untracked 
| 135|0x0000000710e00000, 0x0000000710e00000, 0x0000000711000000|  0%| F|  |TAMS 0x0000000710e00000| PB 0x0000000710e00000| Untracked 
| 136|0x0000000711000000, 0x0000000711000000, 0x0000000711200000|  0%| F|  |TAMS 0x0000000711000000| PB 0x0000000711000000| Untracked 
| 137|0x0000000711200000, 0x0000000711200000, 0x0000000711400000|  0%| F|  |TAMS 0x0000000711200000| PB 0x0000000711200000| Untracked 
| 138|0x0000000711400000, 0x0000000711400000, 0x0000000711600000|  0%| F|  |TAMS 0x0000000711400000| PB 0x0000000711400000| Untracked 
| 139|0x0000000711600000, 0x0000000711600000, 0x0000000711800000|  0%| F|  |TAMS 0x0000000711600000| PB 0x0000000711600000| Untracked 
| 140|0x0000000711800000, 0x0000000711800000, 0x0000000711a00000|  0%| F|  |TAMS 0x0000000711800000| PB 0x0000000711800000| Untracked 
| 141|0x0000000711a00000, 0x0000000711a00000, 0x0000000711c00000|  0%| F|  |TAMS 0x0000000711a00000| PB 0x0000000711a00000| Untracked 
| 142|0x0000000711c00000, 0x0000000711c00000, 0x0000000711e00000|  0%| F|  |TAMS 0x0000000711c00000| PB 0x0000000711c00000| Untracked 
| 143|0x0000000711e00000, 0x0000000711e00000, 0x0000000712000000|  0%| F|  |TAMS 0x0000000711e00000| PB 0x0000000711e00000| Untracked 
| 144|0x0000000712000000, 0x0000000712000000, 0x0000000712200000|  0%| F|  |TAMS 0x0000000712000000| PB 0x0000000712000000| Untracked 
| 145|0x0000000712200000, 0x0000000712200000, 0x0000000712400000|  0%| F|  |TAMS 0x0000000712200000| PB 0x0000000712200000| Untracked 
| 146|0x0000000712400000, 0x0000000712400000, 0x0000000712600000|  0%| F|  |TAMS 0x0000000712400000| PB 0x0000000712400000| Untracked 
| 147|0x0000000712600000, 0x0000000712600000, 0x0000000712800000|  0%| F|  |TAMS 0x0000000712600000| PB 0x0000000712600000| Untracked 
| 148|0x0000000712800000, 0x0000000712800000, 0x0000000712a00000|  0%| F|  |TAMS 0x0000000712800000| PB 0x0000000712800000| Untracked 
| 149|0x0000000712a00000, 0x0000000712a00000, 0x0000000712c00000|  0%| F|  |TAMS 0x0000000712a00000| PB 0x0000000712a00000| Untracked 
| 150|0x0000000712c00000, 0x0000000712c00000, 0x0000000712e00000|  0%| F|  |TAMS 0x0000000712c00000| PB 0x0000000712c00000| Untracked 
| 151|0x0000000712e00000, 0x0000000712e00000, 0x0000000713000000|  0%| F|  |TAMS 0x0000000712e00000| PB 0x0000000712e00000| Untracked 
| 152|0x0000000713000000, 0x0000000713000000, 0x0000000713200000|  0%| F|  |TAMS 0x0000000713000000| PB 0x0000000713000000| Untracked 
| 153|0x0000000713200000, 0x0000000713200000, 0x0000000713400000|  0%| F|  |TAMS 0x0000000713200000| PB 0x0000000713200000| Untracked 
| 154|0x0000000713400000, 0x0000000713400000, 0x0000000713600000|  0%| F|  |TAMS 0x0000000713400000| PB 0x0000000713400000| Untracked 
| 155|0x0000000713600000, 0x0000000713600000, 0x0000000713800000|  0%| F|  |TAMS 0x0000000713600000| PB 0x0000000713600000| Untracked 
| 156|0x0000000713800000, 0x0000000713800000, 0x0000000713a00000|  0%| F|  |TAMS 0x0000000713800000| PB 0x0000000713800000| Untracked 
| 157|0x0000000713a00000, 0x0000000713a00000, 0x0000000713c00000|  0%| F|  |TAMS 0x0000000713a00000| PB 0x0000000713a00000| Untracked 
| 158|0x0000000713c00000, 0x0000000713c00000, 0x0000000713e00000|  0%| F|  |TAMS 0x0000000713c00000| PB 0x0000000713c00000| Untracked 
| 159|0x0000000713e00000, 0x0000000713e00000, 0x0000000714000000|  0%| F|  |TAMS 0x0000000713e00000| PB 0x0000000713e00000| Untracked 
| 160|0x0000000714000000, 0x0000000714000000, 0x0000000714200000|  0%| F|  |TAMS 0x0000000714000000| PB 0x0000000714000000| Untracked 
| 161|0x0000000714200000, 0x0000000714200000, 0x0000000714400000|  0%| F|  |TAMS 0x0000000714200000| PB 0x0000000714200000| Untracked 
| 162|0x0000000714400000, 0x0000000714400000, 0x0000000714600000|  0%| F|  |TAMS 0x0000000714400000| PB 0x0000000714400000| Untracked 
| 163|0x0000000714600000, 0x0000000714600000, 0x0000000714800000|  0%| F|  |TAMS 0x0000000714600000| PB 0x0000000714600000| Untracked 
| 164|0x0000000714800000, 0x0000000714800000, 0x0000000714a00000|  0%| F|  |TAMS 0x0000000714800000| PB 0x0000000714800000| Untracked 
| 165|0x0000000714a00000, 0x0000000714a00000, 0x0000000714c00000|  0%| F|  |TAMS 0x0000000714a00000| PB 0x0000000714a00000| Untracked 
| 166|0x0000000714c00000, 0x0000000714c00000, 0x0000000714e00000|  0%| F|  |TAMS 0x0000000714c00000| PB 0x0000000714c00000| Untracked 
| 167|0x0000000714e00000, 0x0000000714e00000, 0x0000000715000000|  0%| F|  |TAMS 0x0000000714e00000| PB 0x0000000714e00000| Untracked 
| 168|0x0000000715000000, 0x0000000715000000, 0x0000000715200000|  0%| F|  |TAMS 0x0000000715000000| PB 0x0000000715000000| Untracked 
| 169|0x0000000715200000, 0x0000000715200000, 0x0000000715400000|  0%| F|  |TAMS 0x0000000715200000| PB 0x0000000715200000| Untracked 
| 170|0x0000000715400000, 0x0000000715400000, 0x0000000715600000|  0%| F|  |TAMS 0x0000000715400000| PB 0x0000000715400000| Untracked 
| 171|0x0000000715600000, 0x0000000715600000, 0x0000000715800000|  0%| F|  |TAMS 0x0000000715600000| PB 0x0000000715600000| Untracked 
| 172|0x0000000715800000, 0x0000000715800000, 0x0000000715a00000|  0%| F|  |TAMS 0x0000000715800000| PB 0x0000000715800000| Untracked 
| 173|0x0000000715a00000, 0x0000000715a00000, 0x0000000715c00000|  0%| F|  |TAMS 0x0000000715a00000| PB 0x0000000715a00000| Untracked 
| 174|0x0000000715c00000, 0x0000000715c00000, 0x0000000715e00000|  0%| F|  |TAMS 0x0000000715c00000| PB 0x0000000715c00000| Untracked 
| 175|0x0000000715e00000, 0x0000000715e00000, 0x0000000716000000|  0%| F|  |TAMS 0x0000000715e00000| PB 0x0000000715e00000| Untracked 
| 176|0x0000000716000000, 0x0000000716000000, 0x0000000716200000|  0%| F|  |TAMS 0x0000000716000000| PB 0x0000000716000000| Untracked 
| 177|0x0000000716200000, 0x0000000716200000, 0x0000000716400000|  0%| F|  |TAMS 0x0000000716200000| PB 0x0000000716200000| Untracked 
| 178|0x0000000716400000, 0x0000000716400000, 0x0000000716600000|  0%| F|  |TAMS 0x0000000716400000| PB 0x0000000716400000| Untracked 
| 179|0x0000000716600000, 0x0000000716600000, 0x0000000716800000|  0%| F|  |TAMS 0x0000000716600000| PB 0x0000000716600000| Untracked 
| 180|0x0000000716800000, 0x0000000716800000, 0x0000000716a00000|  0%| F|  |TAMS 0x0000000716800000| PB 0x0000000716800000| Untracked 
| 181|0x0000000716a00000, 0x0000000716a00000, 0x0000000716c00000|  0%| F|  |TAMS 0x0000000716a00000| PB 0x0000000716a00000| Untracked 
| 182|0x0000000716c00000, 0x0000000716c00000, 0x0000000716e00000|  0%| F|  |TAMS 0x0000000716c00000| PB 0x0000000716c00000| Untracked 
| 183|0x0000000716e00000, 0x0000000716e00000, 0x0000000717000000|  0%| F|  |TAMS 0x0000000716e00000| PB 0x0000000716e00000| Untracked 
| 184|0x0000000717000000, 0x0000000717000000, 0x0000000717200000|  0%| F|  |TAMS 0x0000000717000000| PB 0x0000000717000000| Untracked 
| 185|0x0000000717200000, 0x0000000717200000, 0x0000000717400000|  0%| F|  |TAMS 0x0000000717200000| PB 0x0000000717200000| Untracked 
| 186|0x0000000717400000, 0x0000000717400000, 0x0000000717600000|  0%| F|  |TAMS 0x0000000717400000| PB 0x0000000717400000| Untracked 
| 187|0x0000000717600000, 0x0000000717600000, 0x0000000717800000|  0%| F|  |TAMS 0x0000000717600000| PB 0x0000000717600000| Untracked 
| 188|0x0000000717800000, 0x0000000717800000, 0x0000000717a00000|  0%| F|  |TAMS 0x0000000717800000| PB 0x0000000717800000| Untracked 
| 189|0x0000000717a00000, 0x0000000717a00000, 0x0000000717c00000|  0%| F|  |TAMS 0x0000000717a00000| PB 0x0000000717a00000| Untracked 
| 190|0x0000000717c00000, 0x0000000717c00000, 0x0000000717e00000|  0%| F|  |TAMS 0x0000000717c00000| PB 0x0000000717c00000| Untracked 
| 191|0x0000000717e00000, 0x0000000717e00000, 0x0000000718000000|  0%| F|  |TAMS 0x0000000717e00000| PB 0x0000000717e00000| Untracked 
| 192|0x0000000718000000, 0x0000000718000000, 0x0000000718200000|  0%| F|  |TAMS 0x0000000718000000| PB 0x0000000718000000| Untracked 
| 193|0x0000000718200000, 0x0000000718200000, 0x0000000718400000|  0%| F|  |TAMS 0x0000000718200000| PB 0x0000000718200000| Untracked 
| 194|0x0000000718400000, 0x0000000718400000, 0x0000000718600000|  0%| F|  |TAMS 0x0000000718400000| PB 0x0000000718400000| Untracked 
| 195|0x0000000718600000, 0x0000000718600000, 0x0000000718800000|  0%| F|  |TAMS 0x0000000718600000| PB 0x0000000718600000| Untracked 
| 196|0x0000000718800000, 0x0000000718800000, 0x0000000718a00000|  0%| F|  |TAMS 0x0000000718800000| PB 0x0000000718800000| Untracked 
| 197|0x0000000718a00000, 0x0000000718a00000, 0x0000000718c00000|  0%| F|  |TAMS 0x0000000718a00000| PB 0x0000000718a00000| Untracked 
| 198|0x0000000718c00000, 0x0000000718c00000, 0x0000000718e00000|  0%| F|  |TAMS 0x0000000718c00000| PB 0x0000000718c00000| Untracked 
| 199|0x0000000718e00000, 0x0000000718e00000, 0x0000000719000000|  0%| F|  |TAMS 0x0000000718e00000| PB 0x0000000718e00000| Untracked 
| 200|0x0000000719000000, 0x0000000719000000, 0x0000000719200000|  0%| F|  |TAMS 0x0000000719000000| PB 0x0000000719000000| Untracked 
| 201|0x0000000719200000, 0x0000000719200000, 0x0000000719400000|  0%| F|  |TAMS 0x0000000719200000| PB 0x0000000719200000| Untracked 
| 202|0x0000000719400000, 0x0000000719400000, 0x0000000719600000|  0%| F|  |TAMS 0x0000000719400000| PB 0x0000000719400000| Untracked 
| 203|0x0000000719600000, 0x0000000719600000, 0x0000000719800000|  0%| F|  |TAMS 0x0000000719600000| PB 0x0000000719600000| Untracked 
| 204|0x0000000719800000, 0x0000000719800000, 0x0000000719a00000|  0%| F|  |TAMS 0x0000000719800000| PB 0x0000000719800000| Untracked 
| 205|0x0000000719a00000, 0x0000000719a00000, 0x0000000719c00000|  0%| F|  |TAMS 0x0000000719a00000| PB 0x0000000719a00000| Untracked 
| 206|0x0000000719c00000, 0x0000000719c00000, 0x0000000719e00000|  0%| F|  |TAMS 0x0000000719c00000| PB 0x0000000719c00000| Untracked 
| 207|0x0000000719e00000, 0x0000000719e00000, 0x000000071a000000|  0%| F|  |TAMS 0x0000000719e00000| PB 0x0000000719e00000| Untracked 
|2047|0x00000007ffe00000, 0x0000000800000000, 0x0000000800000000|100%| O|  |TAMS 0x00000007ffe00000| PB 0x00000007ffe00000| Untracked 

Card table byte_map: [0x000001d57b410000,0x000001d57bc10000] _byte_map_base: 0x000001d577c10000

Marking Bits: (CMBitMap*) 0x000001d5687f3b70
 Bits: [0x000001d57bc10000, 0x000001d57fc10000)

Polling page: 0x000001d5665f0000

Metaspace:

Usage:
  Non-class:     50.79 MB used.
      Class:      8.29 MB used.
       Both:     59.08 MB used.

Virtual space:
  Non-class space:       64.00 MB reserved,      51.69 MB ( 81%) committed,  1 nodes.
      Class space:      416.00 MB reserved,       9.06 MB (  2%) committed,  1 nodes.
             Both:      480.00 MB reserved,      60.75 MB ( 13%) committed. 

Chunk freelists:
   Non-Class:  11.84 MB
       Class:  6.95 MB
        Both:  18.80 MB

MaxMetaspaceSize: 512.00 MB
CompressedClassSpaceSize: 416.00 MB
Initial GC threshold: 21.00 MB
Current GC threshold: 101.06 MB
CDS: off
 - commit_granule_bytes: 65536.
 - commit_granule_words: 8192.
 - virtual_space_node_default_size: 8388608.
 - enlarge_chunks_in_place: 1.
 - use_allocation_guard: 0.


Internal statistics:

num_allocs_failed_limit: 6.
num_arena_births: 3230.
num_arena_deaths: 0.
num_vsnodes_births: 2.
num_vsnodes_deaths: 0.
num_space_committed: 972.
num_space_uncommitted: 0.
num_chunks_returned_to_freelist: 6.
num_chunks_taken_from_freelist: 5741.
num_chunk_merges: 3.
num_chunk_splits: 3711.
num_chunks_enlarged: 2243.
num_inconsistent_stats: 0.

CodeHeap 'non-profiled nmethods': size=120000Kb used=4739Kb max_used=4739Kb free=115260Kb
 bounds [0x000001d5733b0000, 0x000001d573860000, 0x000001d57a8e0000]
CodeHeap 'profiled nmethods': size=120000Kb used=11000Kb max_used=11417Kb free=108999Kb
 bounds [0x000001d56b8e0000, 0x000001d56c450000, 0x000001d572e10000]
CodeHeap 'non-nmethods': size=5760Kb used=2038Kb max_used=2118Kb free=3721Kb
 bounds [0x000001d572e10000, 0x000001d573080000, 0x000001d5733b0000]
CodeCache: size=245760Kb, used=17777Kb, max_used=18274Kb, free=227980Kb
 total_blobs=6699, nmethods=5951, adapters=652, full_count=0
Compilation: enabled, stopped_count=0, restarted_count=0

Compilation events (20 events):
Event: 305.194 Thread 0x000001d502912510 nmethod 7510 0x000001d573849f10 code [0x000001d57384a0c0, 0x000001d57384a6f8]
Event: 305.194 Thread 0x000001d502912510 7512       4       jdk.internal.misc.Unsafe::checkPrimitivePointer (19 bytes)
Event: 305.216 Thread 0x000001d502912510 nmethod 7512 0x000001d57384a990 code [0x000001d57384ab20, 0x000001d57384ac80]
Event: 305.216 Thread 0x000001d502912510 7513       4       java.io.OutputStream::write (9 bytes)
Event: 305.270 Thread 0x000001d502912510 nmethod 7513 0x000001d57384ae10 code [0x000001d57384afe0, 0x000001d57384b2b0]
Event: 305.275 Thread 0x000001d502912510 7514       4       java.io.OutputStream::write (9 bytes)
Event: 305.387 Thread 0x000001d502912510 nmethod 7514 0x000001d57384b610 code [0x000001d57384b800, 0x000001d57384c000]
Event: 305.387 Thread 0x000001d502912510 7515       4       org.apache.commons.compress.archivers.zip.NioZipEncoding::encode (286 bytes)
Event: 305.690 Thread 0x000001d502912510 nmethod 7515 0x000001d57384c510 code [0x000001d57384c800, 0x000001d57384d5b0]
Event: 305.692 Thread 0x000001d502912510 7516       4       java.util.LinkedList$ListItr::next (56 bytes)
Event: 305.748 Thread 0x000001d502912510 nmethod 7516 0x000001d57384e410 code [0x000001d57384e5a0, 0x000001d57384e8b8]
Event: 305.748 Thread 0x000001d502912510 7517       4       org.apache.commons.compress.archivers.zip.ZipArchiveOutputStream::createCentralFileHeader (140 bytes)
Event: 305.987 Thread 0x000001d502912510 nmethod 7517 0x000001d57384ea10 code [0x000001d57384ece0, 0x000001d57384fa20]
Event: 305.988 Thread 0x000001d502912510 7521       4       java.util.LinkedList$ListItr::hasNext (20 bytes)
Event: 305.997 Thread 0x000001d502912510 nmethod 7521 0x000001d573850690 code [0x000001d573850820, 0x000001d5738508d8]
Event: 305.997 Thread 0x000001d502912510 7519       4       org.apache.commons.compress.archivers.zip.ExtraFieldUtils::mergeCentralDirectoryData (232 bytes)
Event: 306.018 Thread 0x000001d502912510 nmethod 7519 0x000001d573850990 code [0x000001d573850b20, 0x000001d573850d00]
Event: 306.018 Thread 0x000001d502912510 7520       4       org.apache.commons.compress.archivers.zip.ZipArchiveOutputStream::createCentralFileHeader (647 bytes)
Event: 306.434 Thread 0x000001d5029163e0 7522       3       java.io.BufferedOutputStream::implWrite (71 bytes)
Event: 306.447 Thread 0x000001d5029163e0 nmethod 7522 0x000001d56c33d290 code [0x000001d56c33d4a0, 0x000001d56c33db68]

GC Heap History (20 events):
Event: 252.839 GC heap after
{Heap after GC invocations=66 (full 0):
 garbage-first heap   total 294912K, used 86154K [0x0000000700000000, 0x0000000800000000)
  region size 2048K, 6 young (12288K), 6 survivors (12288K)
 Metaspace       used 60415K, committed 62080K, reserved 491520K
  class space    used 8485K, committed 9280K, reserved 425984K
}
Event: 255.959 GC heap before
{Heap before GC invocations=66 (full 0):
 garbage-first heap   total 294912K, used 249994K [0x0000000700000000, 0x0000000800000000)
  region size 2048K, 86 young (176128K), 6 survivors (12288K)
 Metaspace       used 60415K, committed 62080K, reserved 491520K
  class space    used 8485K, committed 9280K, reserved 425984K
}
Event: 256.062 GC heap after
{Heap after GC invocations=67 (full 0):
 garbage-first heap   total 354304K, used 86480K [0x0000000700000000, 0x0000000800000000)
  region size 2048K, 6 young (12288K), 6 survivors (12288K)
 Metaspace       used 60415K, committed 62080K, reserved 491520K
  class space    used 8485K, committed 9280K, reserved 425984K
}
Event: 260.197 GC heap before
{Heap before GC invocations=67 (full 0):
 garbage-first heap   total 354304K, used 285136K [0x0000000700000000, 0x0000000800000000)
  region size 2048K, 103 young (210944K), 6 survivors (12288K)
 Metaspace       used 60416K, committed 62080K, reserved 491520K
  class space    used 8485K, committed 9280K, reserved 425984K
}
Event: 260.274 GC heap after
{Heap after GC invocations=68 (full 0):
 garbage-first heap   total 354304K, used 87925K [0x0000000700000000, 0x0000000800000000)
  region size 2048K, 6 young (12288K), 6 survivors (12288K)
 Metaspace       used 60416K, committed 62080K, reserved 491520K
  class space    used 8485K, committed 9280K, reserved 425984K
}
Event: 264.095 GC heap before
{Heap before GC invocations=68 (full 0):
 garbage-first heap   total 354304K, used 286581K [0x0000000700000000, 0x0000000800000000)
  region size 2048K, 103 young (210944K), 6 survivors (12288K)
 Metaspace       used 60416K, committed 62080K, reserved 491520K
  class space    used 8485K, committed 9280K, reserved 425984K
}
Event: 264.186 GC heap after
{Heap after GC invocations=69 (full 0):
 garbage-first heap   total 354304K, used 88992K [0x0000000700000000, 0x0000000800000000)
  region size 2048K, 6 young (12288K), 6 survivors (12288K)
 Metaspace       used 60416K, committed 62080K, reserved 491520K
  class space    used 8485K, committed 9280K, reserved 425984K
}
Event: 268.609 GC heap before
{Heap before GC invocations=69 (full 0):
 garbage-first heap   total 354304K, used 287648K [0x0000000700000000, 0x0000000800000000)
  region size 2048K, 103 young (210944K), 6 survivors (12288K)
 Metaspace       used 60422K, committed 62080K, reserved 491520K
  class space    used 8485K, committed 9280K, reserved 425984K
}
Event: 268.803 GC heap after
{Heap after GC invocations=70 (full 0):
 garbage-first heap   total 354304K, used 90574K [0x0000000700000000, 0x0000000800000000)
  region size 2048K, 7 young (14336K), 7 survivors (14336K)
 Metaspace       used 60422K, committed 62080K, reserved 491520K
  class space    used 8485K, committed 9280K, reserved 425984K
}
Event: 275.428 GC heap before
{Heap before GC invocations=70 (full 0):
 garbage-first heap   total 354304K, used 285134K [0x0000000700000000, 0x0000000800000000)
  region size 2048K, 103 young (210944K), 7 survivors (14336K)
 Metaspace       used 60441K, committed 62080K, reserved 491520K
  class space    used 8485K, committed 9280K, reserved 425984K
}
Event: 275.641 GC heap after
{Heap after GC invocations=71 (full 0):
 garbage-first heap   total 428032K, used 91417K [0x0000000700000000, 0x0000000800000000)
  region size 2048K, 7 young (14336K), 7 survivors (14336K)
 Metaspace       used 60441K, committed 62080K, reserved 491520K
  class space    used 8485K, committed 9280K, reserved 425984K
}
Event: 283.599 GC heap before
{Heap before GC invocations=71 (full 0):
 garbage-first heap   total 428032K, used 333081K [0x0000000700000000, 0x0000000800000000)
  region size 2048K, 125 young (256000K), 7 survivors (14336K)
 Metaspace       used 60447K, committed 62080K, reserved 491520K
  class space    used 8485K, committed 9280K, reserved 425984K
}
Event: 283.707 GC heap after
{Heap after GC invocations=72 (full 0):
 garbage-first heap   total 428032K, used 92907K [0x0000000700000000, 0x0000000800000000)
  region size 2048K, 7 young (14336K), 7 survivors (14336K)
 Metaspace       used 60447K, committed 62080K, reserved 491520K
  class space    used 8485K, committed 9280K, reserved 425984K
}
Event: 289.256 GC heap before
{Heap before GC invocations=72 (full 0):
 garbage-first heap   total 428032K, used 334571K [0x0000000700000000, 0x0000000800000000)
  region size 2048K, 125 young (256000K), 7 survivors (14336K)
 Metaspace       used 60466K, committed 62144K, reserved 491520K
  class space    used 8486K, committed 9280K, reserved 425984K
}
Event: 289.368 GC heap after
{Heap after GC invocations=73 (full 0):
 garbage-first heap   total 428032K, used 93841K [0x0000000700000000, 0x0000000800000000)
  region size 2048K, 7 young (14336K), 7 survivors (14336K)
 Metaspace       used 60466K, committed 62144K, reserved 491520K
  class space    used 8486K, committed 9280K, reserved 425984K
}
Event: 294.056 GC heap before
{Heap before GC invocations=73 (full 0):
 garbage-first heap   total 428032K, used 335505K [0x0000000700000000, 0x0000000800000000)
  region size 2048K, 125 young (256000K), 7 survivors (14336K)
 Metaspace       used 60477K, committed 62208K, reserved 491520K
  class space    used 8486K, committed 9280K, reserved 425984K
}
Event: 294.137 GC heap after
{Heap after GC invocations=74 (full 0):
 garbage-first heap   total 428032K, used 96088K [0x0000000700000000, 0x0000000800000000)
  region size 2048K, 8 young (16384K), 8 survivors (16384K)
 Metaspace       used 60477K, committed 62208K, reserved 491520K
  class space    used 8486K, committed 9280K, reserved 425984K
}
Event: 299.477 GC heap before
{Heap before GC invocations=74 (full 0):
 garbage-first heap   total 428032K, used 333656K [0x0000000700000000, 0x0000000800000000)
  region size 2048K, 125 young (256000K), 8 survivors (16384K)
 Metaspace       used 60483K, committed 62208K, reserved 491520K
  class space    used 8486K, committed 9280K, reserved 425984K
}
Event: 299.581 GC heap after
{Heap after GC invocations=75 (full 0):
 garbage-first heap   total 428032K, used 96625K [0x0000000700000000, 0x0000000800000000)
  region size 2048K, 8 young (16384K), 8 survivors (16384K)
 Metaspace       used 60483K, committed 62208K, reserved 491520K
  class space    used 8486K, committed 9280K, reserved 425984K
}
Event: 306.615 GC heap before
{Heap before GC invocations=75 (full 0):
 garbage-first heap   total 428032K, used 336241K [0x0000000700000000, 0x0000000800000000)
  region size 2048K, 125 young (256000K), 8 survivors (16384K)
 Metaspace       used 60494K, committed 62208K, reserved 491520K
  class space    used 8486K, committed 9280K, reserved 425984K
}

Dll operation events (3 events):
Event: 0.379 Loaded shared library C:\Program Files\Android\Android Studio\jbr\bin\java.dll
Event: 0.620 Loaded shared library C:\Program Files\Android\Android Studio\jbr\bin\zip.dll
Event: 14.850 Loaded shared library C:\Program Files\Android\Android Studio\jbr\bin\verify.dll

Deoptimization events (20 events):
Event: 305.260 Thread 0x000001d508667b70 Uncommon trap: trap_request=0xffffff45 fr.pc=0x000001d573659d0c relative=0x00000000000000cc
Event: 305.260 Thread 0x000001d508667b70 Uncommon trap: reason=unstable_if action=reinterpret pc=0x000001d573659d0c method=java.io.BufferedOutputStream.flushBuffer()V @ 4 c2
Event: 305.260 Thread 0x000001d508667b70 DEOPT PACKING pc=0x000001d573659d0c sp=0x00000030111f7020
Event: 305.261 Thread 0x000001d508667b70 DEOPT UNPACKING pc=0x000001d572e67ba2 sp=0x00000030111f6fc0 mode 2
Event: 305.271 Thread 0x000001d508667b70 Uncommon trap: trap_request=0xffffffde fr.pc=0x000001d57384b110 relative=0x0000000000000130
Event: 305.271 Thread 0x000001d508667b70 Uncommon trap: reason=class_check action=maybe_recompile pc=0x000001d57384b110 method=java.io.OutputStream.write([B)V @ 5 c2
Event: 305.271 Thread 0x000001d508667b70 DEOPT PACKING pc=0x000001d57384b110 sp=0x00000030111f7110
Event: 305.271 Thread 0x000001d508667b70 DEOPT UNPACKING pc=0x000001d572e67ba2 sp=0x00000030111f70a8 mode 2
Event: 305.271 Thread 0x000001d508667b70 Uncommon trap: trap_request=0xffffffde fr.pc=0x000001d57384b110 relative=0x0000000000000130
Event: 305.271 Thread 0x000001d508667b70 Uncommon trap: reason=class_check action=maybe_recompile pc=0x000001d57384b110 method=java.io.OutputStream.write([B)V @ 5 c2
Event: 305.271 Thread 0x000001d508667b70 DEOPT PACKING pc=0x000001d57384b110 sp=0x00000030111f7110
Event: 305.272 Thread 0x000001d508667b70 DEOPT UNPACKING pc=0x000001d572e67ba2 sp=0x00000030111f70a8 mode 2
Event: 305.272 Thread 0x000001d508667b70 Uncommon trap: trap_request=0xffffffde fr.pc=0x000001d57384b110 relative=0x0000000000000130
Event: 305.272 Thread 0x000001d508667b70 Uncommon trap: reason=class_check action=maybe_recompile pc=0x000001d57384b110 method=java.io.OutputStream.write([B)V @ 5 c2
Event: 305.272 Thread 0x000001d508667b70 DEOPT PACKING pc=0x000001d57384b110 sp=0x00000030111f7110
Event: 305.272 Thread 0x000001d508667b70 DEOPT UNPACKING pc=0x000001d572e67ba2 sp=0x00000030111f70a8 mode 2
Event: 305.272 Thread 0x000001d508667b70 Uncommon trap: trap_request=0xffffffde fr.pc=0x000001d57384b110 relative=0x0000000000000130
Event: 305.272 Thread 0x000001d508667b70 Uncommon trap: reason=class_check action=maybe_recompile pc=0x000001d57384b110 method=java.io.OutputStream.write([B)V @ 5 c2
Event: 305.272 Thread 0x000001d508667b70 DEOPT PACKING pc=0x000001d57384b110 sp=0x00000030111f7110
Event: 305.272 Thread 0x000001d508667b70 DEOPT UNPACKING pc=0x000001d572e67ba2 sp=0x00000030111f70a8 mode 2

Classes loaded (20 events):
Event: 116.342 Loading class java/util/Collections$SynchronizedList done
Event: 116.342 Loading class java/util/Collections$SynchronizedRandomAccessList done
Event: 117.324 Loading class java/nio/file/FileSystemLoopException
Event: 117.326 Loading class java/nio/file/FileSystemLoopException done
Event: 118.072 Loading class java/util/zip/ZipException
Event: 118.074 Loading class java/util/zip/ZipException done
Event: 118.128 Loading class java/nio/charset/UnsupportedCharsetException
Event: 118.131 Loading class java/nio/charset/UnsupportedCharsetException done
Event: 118.155 Loading class java/util/Collections$UnmodifiableSortedMap
Event: 118.157 Loading class java/util/Collections$UnmodifiableSortedMap done
Event: 118.167 Loading class java/util/zip/Deflater
Event: 118.171 Loading class java/util/zip/Deflater done
Event: 118.204 Loading class java/util/zip/Deflater$DeflaterZStreamRef
Event: 118.205 Loading class java/util/zip/Deflater$DeflaterZStreamRef done
Event: 118.283 Loading class java/util/zip/ZipFile$ZipEntryIterator
Event: 118.284 Loading class java/util/zip/ZipFile$ZipEntryIterator done
Event: 118.628 Loading class java/nio/StringCharBuffer
Event: 118.632 Loading class java/nio/StringCharBuffer done
Event: 121.829 Loading class java/util/regex/Pattern$Caret
Event: 121.833 Loading class java/util/regex/Pattern$Caret done

Classes unloaded (0 events):
No events

Classes redefined (0 events):
No events

Internal exceptions (20 events):
Event: 124.233 Thread 0x000001d50832a4b0 Exception <a 'sun/nio/fs/WindowsException'{0x00000007061d4838}> (0x00000007061d4838) 
thrown [s\src\hotspot\share\prims\jni.cpp, line 537]
Event: 134.273 Thread 0x000001d50832a4b0 Exception <a 'sun/nio/fs/WindowsException'{0x00000007069059c8}> (0x00000007069059c8) 
thrown [s\src\hotspot\share\prims\jni.cpp, line 537]
Event: 144.270 Thread 0x000001d50832a4b0 Exception <a 'sun/nio/fs/WindowsException'{0x0000000708704e70}> (0x0000000708704e70) 
thrown [s\src\hotspot\share\prims\jni.cpp, line 537]
Event: 154.242 Thread 0x000001d50832a4b0 Exception <a 'sun/nio/fs/WindowsException'{0x0000000707e06770}> (0x0000000707e06770) 
thrown [s\src\hotspot\share\prims\jni.cpp, line 537]
Event: 164.232 Thread 0x000001d50832a4b0 Exception <a 'sun/nio/fs/WindowsException'{0x0000000705e04a38}> (0x0000000705e04a38) 
thrown [s\src\hotspot\share\prims\jni.cpp, line 537]
Event: 174.286 Thread 0x000001d50832a4b0 Exception <a 'sun/nio/fs/WindowsException'{0x0000000708f06bd8}> (0x0000000708f06bd8) 
thrown [s\src\hotspot\share\prims\jni.cpp, line 537]
Event: 184.228 Thread 0x000001d50832a4b0 Exception <a 'sun/nio/fs/WindowsException'{0x0000000707c06bd8}> (0x0000000707c06bd8) 
thrown [s\src\hotspot\share\prims\jni.cpp, line 537]
Event: 194.252 Thread 0x000001d50832a4b0 Exception <a 'sun/nio/fs/WindowsException'{0x0000000705b06bd8}> (0x0000000705b06bd8) 
thrown [s\src\hotspot\share\prims\jni.cpp, line 537]
Event: 200.863 Thread 0x000001d508667b70 Implicit null exception at 0x000001d57365a8b7 to 0x000001d57365ba40
Event: 204.259 Thread 0x000001d50832a4b0 Exception <a 'sun/nio/fs/WindowsException'{0x0000000706b06bd8}> (0x0000000706b06bd8) 
thrown [s\src\hotspot\share\prims\jni.cpp, line 537]
Event: 214.281 Thread 0x000001d50832a4b0 Exception <a 'sun/nio/fs/WindowsException'{0x0000000705c06bd8}> (0x0000000705c06bd8) 
thrown [s\src\hotspot\share\prims\jni.cpp, line 537]
Event: 224.228 Thread 0x000001d50832a4b0 Exception <a 'sun/nio/fs/WindowsException'{0x0000000706106bd8}> (0x0000000706106bd8) 
thrown [s\src\hotspot\share\prims\jni.cpp, line 537]
Event: 234.250 Thread 0x000001d50832a4b0 Exception <a 'sun/nio/fs/WindowsException'{0x000000070ea00380}> (0x000000070ea00380) 
thrown [s\src\hotspot\share\prims\jni.cpp, line 537]
Event: 244.334 Thread 0x000001d50832a4b0 Exception <a 'sun/nio/fs/WindowsException'{0x000000070a306178}> (0x000000070a306178) 
thrown [s\src\hotspot\share\prims\jni.cpp, line 537]
Event: 254.224 Thread 0x000001d50832a4b0 Exception <a 'sun/nio/fs/WindowsException'{0x000000070dd06bd8}> (0x000000070dd06bd8) 
thrown [s\src\hotspot\share\prims\jni.cpp, line 537]
Event: 264.228 Thread 0x000001d50832a4b0 Exception <a 'sun/nio/fs/WindowsException'{0x0000000715405708}> (0x0000000715405708) 
thrown [s\src\hotspot\share\prims\jni.cpp, line 537]
Event: 274.232 Thread 0x000001d50832a4b0 Exception <a 'sun/nio/fs/WindowsException'{0x000000070a806bd8}> (0x000000070a806bd8) 
thrown [s\src\hotspot\share\prims\jni.cpp, line 537]
Event: 284.258 Thread 0x000001d50832a4b0 Exception <a 'sun/nio/fs/WindowsException'{0x0000000718400e00}> (0x0000000718400e00) 
thrown [s\src\hotspot\share\prims\jni.cpp, line 537]
Event: 294.229 Thread 0x000001d50832a4b0 Exception <a 'sun/nio/fs/WindowsException'{0x0000000719805708}> (0x0000000719805708) 
thrown [s\src\hotspot\share\prims\jni.cpp, line 537]
Event: 304.221 Thread 0x000001d50832a4b0 Exception <a 'sun/nio/fs/WindowsException'{0x000000070ee06bd8}> (0x000000070ee06bd8) 
thrown [s\src\hotspot\share\prims\jni.cpp, line 537]

ZGC Phase Switch (0 events):
No events

VM Operations (20 events):
Event: 289.368 Executing safepoint VM operation: G1CollectForAllocation (G1 Evacuation Pause) done
Event: 293.400 Executing safepoint VM operation: Cleanup
Event: 293.401 Executing safepoint VM operation: Cleanup done
Event: 294.056 Executing safepoint VM operation: G1CollectForAllocation (G1 Evacuation Pause)
Event: 294.137 Executing safepoint VM operation: G1CollectForAllocation (G1 Evacuation Pause) done
Event: 299.176 Executing safepoint VM operation: Cleanup
Event: 299.176 Executing safepoint VM operation: Cleanup done
Event: 299.477 Executing safepoint VM operation: G1CollectForAllocation (G1 Evacuation Pause)
Event: 299.582 Executing safepoint VM operation: G1CollectForAllocation (G1 Evacuation Pause) done
Event: 300.588 Executing safepoint VM operation: Cleanup
Event: 300.589 Executing safepoint VM operation: Cleanup done
Event: 301.601 Executing safepoint VM operation: Cleanup
Event: 301.602 Executing safepoint VM operation: Cleanup done
Event: 303.605 Executing safepoint VM operation: Cleanup
Event: 303.605 Executing safepoint VM operation: Cleanup done
Event: 304.619 Executing safepoint VM operation: Cleanup
Event: 304.619 Executing safepoint VM operation: Cleanup done
Event: 305.634 Executing safepoint VM operation: Cleanup
Event: 305.649 Executing safepoint VM operation: Cleanup done
Event: 306.614 Executing safepoint VM operation: G1CollectForAllocation (G1 Evacuation Pause)

Memory protections (0 events):
No events

Nmethod flushes (20 events):
Event: 225.075 Thread 0x000001d50273e1e0 flushing  nmethod 0x000001d56ba2f410
Event: 225.075 Thread 0x000001d50273e1e0 flushing  nmethod 0x000001d56c083390
Event: 225.075 Thread 0x000001d50273e1e0 flushing  nmethod 0x000001d56c111190
Event: 225.075 Thread 0x000001d50273e1e0 flushing  nmethod 0x000001d56c112a10
Event: 225.076 Thread 0x000001d50273e1e0 flushing  nmethod 0x000001d56c116e90
Event: 225.076 Thread 0x000001d50273e1e0 flushing  nmethod 0x000001d56c369590
Event: 225.077 Thread 0x000001d50273e1e0 flushing  nmethod 0x000001d56b9d0090
Event: 225.077 Thread 0x000001d50273e1e0 flushing  nmethod 0x000001d56ba7ca10
Event: 225.077 Thread 0x000001d50273e1e0 flushing  nmethod 0x000001d56bacd590
Event: 225.077 Thread 0x000001d50273e1e0 flushing  nmethod 0x000001d56bdbef90
Event: 225.078 Thread 0x000001d50273e1e0 flushing  nmethod 0x000001d56bdbf490
Event: 225.078 Thread 0x000001d50273e1e0 flushing  nmethod 0x000001d56c2ca690
Event: 225.078 Thread 0x000001d50273e1e0 flushing  nmethod 0x000001d56b943310
Event: 225.079 Thread 0x000001d50273e1e0 flushing  nmethod 0x000001d56bd38490
Event: 225.079 Thread 0x000001d50273e1e0 flushing  nmethod 0x000001d56bd39b10
Event: 225.079 Thread 0x000001d50273e1e0 flushing  nmethod 0x000001d56bdac690
Event: 225.079 Thread 0x000001d50273e1e0 flushing  nmethod 0x000001d56bdacd90
Event: 225.079 Thread 0x000001d50273e1e0 flushing  nmethod 0x000001d56be4f290
Event: 225.079 Thread 0x000001d50273e1e0 flushing  nmethod 0x000001d56be6ab10
Event: 225.079 Thread 0x000001d50273e1e0 flushing  nmethod 0x000001d56c36e090

Events (20 events):
Event: 76.349 Thread 0x000001d508667b70 Thread added: 0x000001d5072689a0
Event: 76.351 Thread 0x000001d508667b70 Thread added: 0x000001d50726a3e0
Event: 76.353 Thread 0x000001d508667b70 Thread added: 0x000001d50a0b5600
Event: 76.355 Thread 0x000001d508667b70 Thread added: 0x000001d50a0b4f70
Event: 76.361 Thread 0x000001d508667b70 Thread added: 0x000001d50a0b7040
Event: 76.362 Thread 0x000001d508667b70 Thread added: 0x000001d50a0b5c90
Event: 82.622 Thread 0x000001d508667b70 Thread added: 0x000001d50a0b69b0
Event: 83.571 Thread 0x000001d508667b70 Thread added: 0x000001d50a0b3bc0
Event: 86.885 Thread 0x000001d508667b70 Thread added: 0x000001d50a0b76d0
Event: 87.484 Thread 0x000001d508667b70 Thread added: 0x000001d50a0b4250
Event: 107.617 Thread 0x000001d508667b70 Thread added: 0x000001d50a0b9e30
Event: 107.632 Thread 0x000001d508667b70 Thread added: 0x000001d50a0ba4c0
Event: 108.246 Thread 0x000001d508667b70 Thread added: 0x000001d50a0bab50
Event: 108.263 Thread 0x000001d508667b70 Thread added: 0x000001d50a0bb1e0
Event: 110.760 Thread 0x000001d508667b70 Thread added: 0x000001d5082baed0
Event: 110.767 Thread 0x000001d508667b70 Thread added: 0x000001d50a3f3bd0
Event: 110.776 Thread 0x000001d508667b70 Thread added: 0x000001d50a3f2190
Event: 110.787 Thread 0x000001d508667b70 Thread added: 0x000001d50a3f2820
Event: 179.516 Thread 0x000001d502912510 Thread added: 0x000001d509b02ed0
Event: 217.275 Thread 0x000001d509b02ed0 Thread exited: 0x000001d509b02ed0


Dynamic libraries:
0x00007ff66d460000 - 0x00007ff66d46a000 	C:\Program Files\Android\Android Studio\jbr\bin\java.exe
0x00007ffe31ca0000 - 0x00007ffe31f06000 	C:\WINDOWS\SYSTEM32\ntdll.dll
0x00007ffe30f60000 - 0x00007ffe31029000 	C:\WINDOWS\System32\KERNEL32.DLL
0x00007ffe2f3b0000 - 0x00007ffe2f7b0000 	C:\WINDOWS\System32\KERNELBASE.dll
0x00007ffe2b920000 - 0x00007ffe2b9c0000 	C:\WINDOWS\SYSTEM32\apphelp.dll
0x00007ffe2f7c0000 - 0x00007ffe2f90c000 	C:\WINDOWS\System32\ucrtbase.dll
0x00007ffe17cb0000 - 0x00007ffe17cc8000 	C:\Program Files\Android\Android Studio\jbr\bin\jli.dll
0x00007ffe317e0000 - 0x00007ffe319a7000 	C:\WINDOWS\System32\USER32.dll
0x00007ffe2eec0000 - 0x00007ffe2eee7000 	C:\WINDOWS\System32\win32u.dll
0x00007ffe319b0000 - 0x00007ffe319db000 	C:\WINDOWS\System32\GDI32.dll
0x00007ffe2eef0000 - 0x00007ffe2f019000 	C:\WINDOWS\System32\gdi32full.dll
0x00007ffe2f920000 - 0x00007ffe2f9c3000 	C:\WINDOWS\System32\msvcp_win.dll
0x00007ffe19f80000 - 0x00007ffe1a212000 	C:\WINDOWS\WinSxS\amd64_microsoft.windows.common-controls_6595b64144ccf1df_6.0.26100.8737_none_3e092eaee333b772\COMCTL32.dll
0x00007ffe31730000 - 0x00007ffe317d9000 	C:\WINDOWS\System32\msvcrt.dll
0x00007ffe14410000 - 0x00007ffe1442b000 	C:\Program Files\Android\Android Studio\jbr\bin\VCRUNTIME140.dll
0x00007ffe30bf0000 - 0x00007ffe30c22000 	C:\WINDOWS\System32\IMM32.DLL
0x00007ffe297a0000 - 0x00007ffe297ac000 	C:\Program Files\Android\Android Studio\jbr\bin\vcruntime140_1.dll
0x00007ffdf22f0000 - 0x00007ffdf237d000 	C:\Program Files\Android\Android Studio\jbr\bin\msvcp140.dll
0x00007ffd96d30000 - 0x00007ffd979c6000 	C:\Program Files\Android\Android Studio\jbr\bin\server\jvm.dll
0x00007ffe30ea0000 - 0x00007ffe30f57000 	C:\WINDOWS\System32\ADVAPI32.dll
0x00007ffe314f0000 - 0x00007ffe3159a000 	C:\WINDOWS\System32\sechost.dll
0x00007ffe313d0000 - 0x00007ffe314e8000 	C:\WINDOWS\System32\RPCRT4.dll
0x00007ffe316a0000 - 0x00007ffe31720000 	C:\WINDOWS\System32\WS2_32.dll
0x00007ffe2ed20000 - 0x00007ffe2ed7e000 	C:\WINDOWS\SYSTEM32\POWRPROF.dll
0x00007ffe25d10000 - 0x00007ffe25d46000 	C:\WINDOWS\SYSTEM32\WINMM.dll
0x00007ffe20890000 - 0x00007ffe2089b000 	C:\WINDOWS\SYSTEM32\VERSION.dll
0x00007ffe2ed00000 - 0x00007ffe2ed14000 	C:\WINDOWS\SYSTEM32\UMPDC.dll
0x00007ffe2dba0000 - 0x00007ffe2dbbb000 	C:\WINDOWS\SYSTEM32\kernel.appcore.dll
0x00007ffe17e40000 - 0x00007ffe17e4a000 	C:\Program Files\Android\Android Studio\jbr\bin\jimage.dll
0x00007ffe2c3b0000 - 0x00007ffe2c5f2000 	C:\WINDOWS\SYSTEM32\DBGHELP.DLL
0x00007ffe30810000 - 0x00007ffe30b93000 	C:\WINDOWS\System32\combase.dll
0x00007ffe31030000 - 0x00007ffe31109000 	C:\WINDOWS\System32\OLEAUT32.dll
0x00007ffe15610000 - 0x00007ffe1564b000 	C:\WINDOWS\SYSTEM32\dbgcore.DLL
0x00007ffe2f0e0000 - 0x00007ffe2f18c000 	C:\WINDOWS\System32\bcryptPrimitives.dll
0x00007ffe2b700000 - 0x00007ffe2b70e000 	C:\Program Files\Android\Android Studio\jbr\bin\instrument.dll
0x00007ffe05b50000 - 0x00007ffe05b70000 	C:\Program Files\Android\Android Studio\jbr\bin\java.dll
0x00007ffdf4d50000 - 0x00007ffdf4d68000 	C:\Program Files\Android\Android Studio\jbr\bin\zip.dll
0x00007ffe30070000 - 0x00007ffe30802000 	C:\WINDOWS\System32\SHELL32.dll
0x00007ffe2c980000 - 0x00007ffe2d212000 	C:\WINDOWS\SYSTEM32\windows.storage.dll
0x00007ffe30c30000 - 0x00007ffe30d27000 	C:\WINDOWS\System32\SHCORE.dll
0x00007ffe31bf0000 - 0x00007ffe31c57000 	C:\WINDOWS\System32\shlwapi.dll
0x00007ffe2ede0000 - 0x00007ffe2ee09000 	C:\WINDOWS\SYSTEM32\profapi.dll
0x00007ffe17dd0000 - 0x00007ffe17de0000 	C:\Program Files\Android\Android Studio\jbr\bin\net.dll
0x00007ffe259f0000 - 0x00007ffe25b19000 	C:\WINDOWS\SYSTEM32\WINHTTP.dll
0x00007ffe2e150000 - 0x00007ffe2e1bc000 	C:\WINDOWS\system32\mswsock.dll
0x00007ffe17db0000 - 0x00007ffe17dc6000 	C:\Program Files\Android\Android Studio\jbr\bin\nio.dll
0x00007ffe144a0000 - 0x00007ffe144b0000 	C:\Program Files\Android\Android Studio\jbr\bin\verify.dll
0x00007ffdf7e20000 - 0x00007ffdf7e47000 	C:\Users\lenovo\.gradle\native\660c5614fbf4a5f2a75b1949f50a0caf5cd603558e7d8a26e50b933a0cfb79d1\windows-amd64\native-platform.dll
0x00007ffdf2030000 - 0x00007ffdf20a7000 	C:\Users\lenovo\.gradle\native\0.2.8\x86_64-windows-gnu\gradle-fileevents.dll
0x00007ffe14400000 - 0x00007ffe14409000 	C:\Program Files\Android\Android Studio\jbr\bin\management.dll
0x00007ffe00e60000 - 0x00007ffe00e6b000 	C:\Program Files\Android\Android Studio\jbr\bin\management_ext.dll
0x00007ffe2f9f0000 - 0x00007ffe2f9f8000 	C:\WINDOWS\System32\PSAPI.DLL
0x00007ffe2d620000 - 0x00007ffe2d653000 	C:\WINDOWS\SYSTEM32\IPHLPAPI.DLL
0x00007ffe31be0000 - 0x00007ffe31bea000 	C:\WINDOWS\System32\NSI.dll
0x00007ffe146d0000 - 0x00007ffe146d9000 	C:\Program Files\Android\Android Studio\jbr\bin\extnet.dll
0x00007ffe2e450000 - 0x00007ffe2e46b000 	C:\WINDOWS\SYSTEM32\CRYPTSP.dll
0x00007ffe2db00000 - 0x00007ffe2db39000 	C:\WINDOWS\system32\rsaenh.dll
0x00007ffe2e210000 - 0x00007ffe2e242000 	C:\WINDOWS\SYSTEM32\USERENV.dll
0x00007ffe2edb0000 - 0x00007ffe2edda000 	C:\WINDOWS\SYSTEM32\bcrypt.dll
0x00007ffe2e470000 - 0x00007ffe2e47c000 	C:\WINDOWS\SYSTEM32\CRYPTBASE.dll
0x00007ffe28930000 - 0x00007ffe28938000 	C:\WINDOWS\system32\wshunix.dll

JVMTI agents:
C:\Users\lenovo\.gradle\wrapper\dists\gradle-9.4.1-bin\arn2x92ynaizyzdaamcbpbhtj\gradle-9.4.1\lib\agents\gradle-instrumentation-agent-9.4.1.jar path:C:\Program Files\Android\Android Studio\jbr\bin\instrument.dll, loaded, initialized, instrumentlib options:none

dbghelp: loaded successfully - version: 4.0.5 - missing functions: none
symbol engine: initialized successfully - sym options: 0x614 - pdb path: .;C:\Program Files\Android\Android Studio\jbr\bin;C:\WINDOWS\SYSTEM32;C:\WINDOWS\WinSxS\amd64_microsoft.windows.common-controls_6595b64144ccf1df_6.0.26100.8737_none_3e092eaee333b772;C:\Program Files\Android\Android Studio\jbr\bin\server;C:\Users\lenovo\.gradle\native\660c5614fbf4a5f2a75b1949f50a0caf5cd603558e7d8a26e50b933a0cfb79d1\windows-amd64;C:\Users\lenovo\.gradle\native\0.2.8\x86_64-windows-gnu

VM Arguments:
jvm_args: --add-opens=java.base/java.lang=ALL-UNNAMED --add-opens=java.base/java.lang.invoke=ALL-UNNAMED --add-opens=java.base/java.util=ALL-UNNAMED --add-opens=java.prefs/java.util.prefs=ALL-UNNAMED --add-exports=jdk.compiler/com.sun.tools.javac.api=ALL-UNNAMED --add-exports=jdk.compiler/com.sun.tools.javac.util=ALL-UNNAMED --add-opens=java.base/java.util=ALL-UNNAMED --add-opens=java.prefs/java.util.prefs=ALL-UNNAMED --add-opens=java.base/java.nio.charset=ALL-UNNAMED --add-opens=java.base/java.net=ALL-UNNAMED --add-opens=java.base/java.util.concurrent=ALL-UNNAMED --add-opens=java.base/java.util.concurrent.atomic=ALL-UNNAMED --add-opens=java.xml/javax.xml.namespace=ALL-UNNAMED --add-opens=java.base/java.time=ALL-UNNAMED -XX:MaxMetaspaceSize=512m -XX:+HeapDumpOnOutOfMemoryError -Xmx4096m -Dfile.encoding=UTF-8 -Duser.country=US -Duser.language=en -Duser.variant -javaagent:C:\Users\lenovo\.gradle\wrapper\dists\gradle-9.4.1-bin\arn2x92ynaizyzdaamcbpbhtj\gradle-9.4.1\lib\agents\gradle-instrumentation-agent-9.4.1.jar 
java_command: org.gradle.launcher.daemon.bootstrap.GradleDaemon 9.4.1
java_class_path (initial): C:\Users\lenovo\.gradle\wrapper\dists\gradle-9.4.1-bin\arn2x92ynaizyzdaamcbpbhtj\gradle-9.4.1\lib\gradle-daemon-main-9.4.1.jar
Launcher Type: SUN_STANDARD

[Global flags]
     intx CICompilerCount                          = 4                                         {product} {ergonomic}
   size_t CompressedClassSpaceSize                 = 436207616                                 {product} {ergonomic}
     uint ConcGCThreads                            = 2                                         {product} {ergonomic}
     uint G1ConcRefinementThreads                  = 8                                         {product} {ergonomic}
   size_t G1HeapRegionSize                         = 2097152                                   {product} {ergonomic}
    uintx GCDrainStackTargetSize                   = 64                                        {product} {ergonomic}
     bool HeapDumpOnOutOfMemoryError               = true                                   {manageable} {command line}
   size_t InitialHeapSize                          = 65011712                                  {product} {ergonomic}
   size_t MarkStackSize                            = 4194304                                   {product} {ergonomic}
   size_t MaxHeapSize                              = 4294967296                                {product} {command line}
   size_t MaxMetaspaceSize                         = 536870912                                 {product} {command line}
   size_t MaxNewSize                               = 2575302656                                {product} {ergonomic}
   size_t MinHeapDeltaBytes                        = 2097152                                   {product} {ergonomic}
   size_t MinHeapSize                              = 8388608                                   {product} {ergonomic}
    uintx NonNMethodCodeHeapSize                   = 5839372                                {pd product} {ergonomic}
    uintx NonProfiledCodeHeapSize                  = 122909434                              {pd product} {ergonomic}
    uintx ProfiledCodeHeapSize                     = 122909434                              {pd product} {ergonomic}
    uintx ReservedCodeCacheSize                    = 251658240                              {pd product} {ergonomic}
     bool SegmentedCodeCache                       = true                                      {product} {ergonomic}
   size_t SoftMaxHeapSize                          = 4294967296                             {manageable} {ergonomic}
     bool UseCompressedOops                        = true                           {product lp64_product} {ergonomic}
     bool UseG1GC                                  = true                                      {product} {ergonomic}
     bool UseLargePagesIndividualAllocation        = false                                  {pd product} {ergonomic}

Logging:
Log output configuration:
 #0: stdout all=warning uptime,level,tags foldmultilines=false
 #1: stderr all=off uptime,level,tags foldmultilines=false

Release file:
JAVA_VERSION="21.0.10" 
MODULES="java.base java.compiler java.datatransfer java.xml java.prefs java.desktop java.instrument java.logging java.management java.security.sasl java.naming java.rmi java.management.rmi java.net.http java.scripting java.security.jgss java.transaction.xa java.sql java.sql.rowset java.xml.crypto java.se java.smartcardio jdk.accessibility jdk.internal.jvmstat jdk.attach jdk.charsets jdk.internal.opt jdk.zipfs jdk.compiler jdk.crypto.ec jdk.crypto.cryptoki jdk.dynalink jdk.hotspot.agent jdk.httpserver jdk.internal.ed jdk.internal.le jdk.internal.vm.ci jdk.jartool jdk.javadoc jdk.jcmd jdk.jdeps jdk.jdwp.agent jdk.jdi jdk.jfr jdk.jlink jdk.jsobject jdk.localedata jdk.management jdk.management.agent jdk.management.jfr jdk.naming.dns jdk.naming.rmi jdk.net jdk.sctp jdk.security.auth jdk.security.jgss jdk.unsupported jdk.unsupported.desktop jdk.xml.dom" 
IMPLEMENTOR="JetBrains s.r.o." 
JAVA_RUNTIME_VERSION="21.0.10+-14961533-b1163.108" 
LIBC="default" 
OS_ARCH="x86_64" 
OS_NAME="Windows" 
SOURCE=".:git:1351622c2ff2" 

Environment Variables:
PATH=C:\Program Files\Common Files\Oracle\Java\javapath;C:\Python314\Scripts\;C:\Python314\;C:\WINDOWS\system32;C:\WINDOWS;C:\WINDOWS\System32\Wbem;C:\WINDOWS\System32\WindowsPowerShell\v1.0\;C:\WINDOWS\System32\OpenSSH\;C:\Program Files\Git\cmd;C:\Program Files\nodejs\;C:\ProgramData\chocolatey\bin;C:\Program Files\Microsoft SQL Server\170\Tools\Binn\;C:\Program Files\Microsoft SQL Server\Client SDK\ODBC\170\Tools\Binn\;C:\Program Files (x86)\IncrediBuild;C:\Program Files (x86)\Windows Kits\10\Windows Performance Toolkit\;C:\Program Files\tre-command\bin\;C:\Program Files (x86)\Google\Cloud SDK\google-cloud-sdk\bin;C:\Program Files\dotnet\;C:\Program Files\Go\bin;C:\Users\lenovo\AppData\Local\Programs\Python\Python312\Scripts\;C:\Users\lenovo\AppData\Local\Programs\Python\Python312\;C:\Users\lenovo\AppData\Local\Microsoft\WindowsApps;C:\Users\lenovo\AppData\Roaming\npm;C:\Users\lenovo\AppData\Local\Programs\Microsoft VS Code\bin;C:\Users\lenovo\AppData\Local\Programs\Microsoft VS Code Insiders\bin;C:\Users\lenovo\AppData\Local\Python\bin;C:\Users\lenovo\AppData\Local\Programs\Antigravity\bin;C:\Users\lenovo\.dotnet\tools;C:\Users\lenovo\go\bin
USERNAME=lenovo
OS=Windows_NT
PROCESSOR_IDENTIFIER=Intel64 Family 6 Model 140 Stepping 1, GenuineIntel
TMP=C:\Users\lenovo\AppData\Local\Temp
TEMP=C:\Users\lenovo\AppData\Local\Temp




Periodic native trim disabled

JNI global refs:
JNI global refs: 27, weak refs: 1

JNI global refs memory usage: 835, weak refs: 833

Process memory usage:
Resident Set Size: 356568K (8% of 3988792K total physical memory with 250312K free physical memory)

OOME stack traces (most recent first):
Classloader memory used:
Loader org.gradle.internal.classloader.VisitableURLClassLoader                         : 29803K
Loader bootstrap                                                                       : 22006K
Loader org.gradle.initialization.MixInLegacyTypesClassLoader                           : 6744K
Loader org.gradle.internal.classloader.VisitableURLClassLoader                         : 749K
Loader org.gradle.internal.classloader.VisitableURLClassLoader$InstrumentingVisitableURLClassLoader: 587K
Loader jdk.internal.reflect.DelegatingClassLoader                                      : 192K
Loader jdk.internal.loader.ClassLoaders$AppClassLoader                                 : 189K
Loader jdk.internal.loader.ClassLoaders$PlatformClassLoader                            : 130K
Loader org.gradle.groovy.scripts.internal.DefaultScriptCompilationHandler$ScriptClassLoader: 92224B

Classes loaded by more than one classloader:
Class org.gradle.internal.IoActions                                                   : loaded 3 times (x 71B)
Class org.gradle.api.Action                                                           : loaded 3 times (x 70B)
Class org.gradle.api.GradleException                                                  : loaded 3 times (x 82B)
Class com.google.common.collect.UnmodifiableListIterator                              : loaded 2 times (x 95B)
Class org.gradle.internal.operations.MultipleBuildOperationFailures                   : loaded 2 times (x 95B)
Class org.gradle.internal.classloader.DefaultClassLoaderFactory                       : loaded 2 times (x 82B)
Class kotlin.collections.AbstractList$Companion                                       : loaded 2 times (x 71B)
Class org.gradle.api.internal.DefaultClassPathProvider                                : loaded 2 times (x 76B)
Class [Lorg.gradle.api.internal.ClassPathProvider;                                    : loaded 2 times (x 69B)
Class org.gradle.api.internal.ClassPathProvider                                       : loaded 2 times (x 70B)
Class sync_studio_tooling277_999wyzt4scozk4sqpsbdkl4th                                : loaded 2 times (x 171B)
Class org.gradle.internal.service.UnknownServiceException                             : loaded 2 times (x 83B)
Class ijInit1_97caycaw9ryb8rcjt5oo4ipv2                                               : loaded 2 times (x 171B)
Class org.gradle.internal.classpath.TransformedClassPath                              : loaded 2 times (x 96B)
Class org.gradle.internal.classloader.InstrumentingClassLoader                        : loaded 2 times (x 70B)
Class com.google.common.collect.Iterators$ArrayItr                                    : loaded 2 times (x 97B)
Class kotlin.enums.EnumEntriesList                                                    : loaded 2 times (x 223B)
Class com.google.common.collect.UnmodifiableIterator                                  : loaded 2 times (x 80B)
Class org.gradle.internal.service.ServiceLocator                                      : loaded 2 times (x 70B)
Class com.google.common.collect.Iterators$SingletonIterator                           : loaded 2 times (x 81B)
Class com.google.common.collect.Iterators                                             : loaded 2 times (x 71B)
Class com.google.common.collect.Lists$StringAsImmutableList                           : loaded 2 times (x 207B)
Class org.gradle.internal.time.DefaultTimer                                           : loaded 2 times (x 80B)
Class org.gradle.api.internal.classpath.DefaultModuleRegistry$DefaultModule           : loaded 2 times (x 82B)
Class com.google.common.collect.AbstractIterator                                      : loaded 2 times (x 82B)
Class com.google.common.collect.AbstractIndexedListIterator                           : loaded 2 times (x 96B)
Class org.gradle.internal.time.DefaultCountdownTimer                                  : loaded 2 times (x 88B)
Class org.gradle.api.internal.classpath.Module                                        : loaded 2 times (x 70B)
Class org.gradle.api.internal.classpath.UnknownModuleException                        : loaded 2 times (x 82B)
Class org.gradle.api.internal.DefaultClassPathRegistry                                : loaded 2 times (x 76B)
Class org.gradle.internal.classpath.DefaultClassPath$ImmutableUniqueList              : loaded 2 times (x 199B)
Class org.gradle.api.internal.ClassPathRegistry                                       : loaded 2 times (x 70B)
Class org.gradle.internal.classpath.ClassPath                                         : loaded 2 times (x 70B)
Class org.gradle.api.internal.classpath.DefaultModuleRegistry$DefaultModuleAlias      : loaded 2 times (x 80B)
Class com.google.common.collect.Iterators$1                                           : loaded 2 times (x 81B)
Class org.gradle.internal.classloader.ClassLoaderHierarchy                            : loaded 2 times (x 70B)
Class kotlin.UninitializedPropertyAccessException                                     : loaded 2 times (x 82B)
Class com.google.common.collect.Iterators$4                                           : loaded 2 times (x 82B)
Class org.gradle.api.internal.classpath.ModuleRegistry                                : loaded 2 times (x 70B)
Class org.gradle.internal.installation.GradleInstallation$1                           : loaded 2 times (x 75B)
Class com.google.common.collect.Iterators$5                                           : loaded 2 times (x 82B)
Class sync_studio_tooling277_999wyzt4scozk4sqpsbdkl4th$_run_closure1                  : loaded 2 times (x 139B)
Class com.google.common.collect.ImmutableCollection                                   : loaded 2 times (x 125B)
Class org.gradle.api.internal.classpath.DefaultModuleRegistry                         : loaded 2 times (x 84B)
Class com.google.common.collect.Lists                                                 : loaded 2 times (x 71B)
Class com.google.common.collect.Iterators$9                                           : loaded 2 times (x 81B)
Class org.gradle.internal.time.MonotonicClock                                         : loaded 2 times (x 77B)
Class org.gradle.internal.service.ServiceLookupException                              : loaded 2 times (x 82B)
Class org.gradle.internal.classloader.ClassLoaderFactory                              : loaded 2 times (x 70B)
Class org.gradle.internal.service.CachingServiceLocator                               : loaded 2 times (x 82B)
Class org.gradle.internal.time.TimeSource                                             : loaded 2 times (x 70B)
Class kotlin.enums.EnumEntries                                                        : loaded 2 times (x 70B)
Class org.gradle.internal.exceptions.ResolutionProvider                               : loaded 2 times (x 70B)
Class org.gradle.internal.classloader.ClasspathUtil                                   : loaded 2 times (x 71B)
Class org.gradle.internal.time.TimeSource$1                                           : loaded 2 times (x 77B)
Class kotlin.jvm.internal.DefaultConstructorMarker                                    : loaded 2 times (x 71B)
Class org.gradle.api.specs.Spec                                                       : loaded 2 times (x 70B)
Class org.gradle.internal.time.Clock                                                  : loaded 2 times (x 70B)
Class kotlin.collections.AbstractList                                                 : loaded 2 times (x 197B)
Class kotlin.collections.AbstractCollection                                           : loaded 2 times (x 117B)
Class org.gradle.internal.classloader.VisitableURLClassLoader$InstrumentingVisitableURLClassLoader: loaded 2 times (x 123B)
Class org.gradle.internal.classloader.VisitableURLClassLoader$Spec                    : loaded 2 times (x 74B)
Class org.gradle.internal.classpath.DefaultClassPath                                  : loaded 2 times (x 90B)
Class org.gradle.util.internal.DefaultGradleVersion                                   : loaded 2 times (x 82B)
Class org.gradle.internal.classloader.ClassLoaderSpec                                 : loaded 2 times (x 71B)
Class org.gradle.api.internal.classpath.Module$ModuleAlias                            : loaded 2 times (x 70B)
Class org.gradle.internal.classloader.VisitableURLClassLoader                         : loaded 2 times (x 117B)
Class org.gradle.internal.classloader.FilteringClassLoader                            : loaded 2 times (x 105B)
Class org.gradle.internal.Cast                                                        : loaded 2 times (x 71B)
Class org.gradle.internal.classpath.DefaultClassPath$ImmutableUniqueList$Builder      : loaded 2 times (x 75B)
Class org.gradle.tooling.model.Model                                                  : loaded 2 times (x 70B)
Class org.gradle.internal.exceptions.NonGradleCauseExceptionsHolder                   : loaded 2 times (x 70B)
Class ijInit1_97caycaw9ryb8rcjt5oo4ipv2$_run_closure1                                 : loaded 2 times (x 140B)
Class kotlin.NotImplementedError                                                      : loaded 2 times (x 82B)
Class kotlin.enums.EnumEntriesKt                                                      : loaded 2 times (x 71B)
Class org.gradle.internal.exceptions.MultiCauseException                              : loaded 2 times (x 70B)
Class org.gradle.internal.time.CountdownTimer                                         : loaded 2 times (x 70B)
Class kotlin.jvm.internal.Intrinsics                                                  : loaded 2 times (x 71B)
Class org.gradle.tooling.model.ProjectModel                                           : loaded 2 times (x 70B)
Class kotlin.KotlinNullPointerException                                               : loaded 2 times (x 83B)
Class org.gradle.internal.exceptions.DefaultMultiCauseException                       : loaded 2 times (x 95B)
Class com.google.common.base.Preconditions                                            : loaded 2 times (x 71B)
Class com.google.common.collect.PeekingIterator                                       : loaded 2 times (x 70B)
Class org.gradle.internal.time.Time                                                   : loaded 2 times (x 71B)
Class kotlin.NoWhenBranchMatchedException                                             : loaded 2 times (x 82B)
Class org.gradle.internal.time.Timer                                                  : loaded 2 times (x 70B)
Class kotlin.jvm.internal.markers.KMappedMarker                                       : loaded 2 times (x 70B)
Class org.gradle.internal.installation.CurrentGradleInstallationLocator               : loaded 2 times (x 71B)
Class com.google.common.collect.ImmutableList                                         : loaded 2 times (x 206B)
Class org.gradle.internal.service.DefaultServiceLocator                               : loaded 2 times (x 83B)
Class org.gradle.util.GradleVersion                                                   : loaded 2 times (x 81B)
Class org.gradle.internal.installation.CurrentGradleInstallation                      : loaded 2 times (x 73B)
Class org.gradle.util.internal.GUtil                                                  : loaded 2 times (x 71B)
Class com.google.common.collect.Iterators$MergingIterator                             : loaded 2 times (x 81B)
Class org.gradle.internal.installation.GradleInstallation                             : loaded 2 times (x 75B)

---------------  S Y S T E M  ---------------

OS:
 Windows 11 , 64 bit Build 26100 (10.0.26100.8737)
OS uptime: 0 days 21:27 hours

CPU: total 8 (initial active 8) (4 cores per cpu, 2 threads per core) family 6 model 140 stepping 1 microcode 0x8a, cx8, cmov, fxsr, ht, mmx, 3dnowpref, sse, sse2, sse3, ssse3, sse4.1, sse4.2, popcnt, lzcnt, tsc, tscinvbit, avx, avx2, aes, erms, clmul, bmi1, bmi2, adx, avx512f, avx512dq, avx512cd, avx512bw, avx512vl, sha, fma, vzeroupper, avx512_vpopcntdq, avx512_vpclmulqdq, avx512_vaes, avx512_vnni, clflush, clflushopt, clwb, avx512_vbmi2, avx512_vbmi, rdtscp, rdpid, fsrm, gfni, avx512_bitalg, f16c, pku, cet_ibt, cet_ss, avx512_ifma
Processor Information for the first 8 processors :
  Max Mhz: 2419, Current Mhz: 2419, Mhz Limit: 2419

Memory: 4k page, system-wide physical 3895M (246M free)
TotalPageFile size 15671M (AvailPageFile size 40M)
current process WorkingSet (physical memory assigned to process): 310M, peak: 360M
current process commit charge ("private bytes"): 650M, peak: 735M

vm_info: OpenJDK 64-Bit Server VM (21.0.10+-14961533-b1163.108) for windows-amd64 JRE (21.0.10+-14961533-b1163.108), built on 2026-03-02T19:58:50Z by "builder" with MS VC++ 16.10 / 16.11 (VS2019)

END.
