#
# There is insufficient memory for the Java Runtime Environment to continue.
# Native memory allocation (malloc) failed to allocate 30869848 bytes. Error detail: Chunk::new
# Possible reasons:
#   The system is out of physical RAM or swap space
#   This process is running with CompressedOops enabled, and the Java Heap may be blocking the growth of the native heap
# Possible solutions:
#   Reduce memory load on the system
#   Increase physical memory or swap space
#   Check if swap backing store is full
#   Decrease Java heap size (-Xmx/-Xms)
#   Decrease number of Java threads
#   Decrease Java thread stack sizes (-Xss)
#   Set larger code cache with -XX:ReservedCodeCacheSize=
#   JVM is running with Zero Based Compressed Oops mode in which the Java heap is
#     placed in the first 32GB address space. The Java Heap base address is the
#     maximum limit for the native heap growth. Please use -XX:HeapBaseMinAddress
#     to set the Java Heap base and to place the Java Heap above 32GB virtual address.
# This output file may be truncated or incomplete.
#
#  Out of Memory Error (arena.cpp:193), pid=8156, tid=16272
#
# JRE version: Java(TM) SE Runtime Environment (26.0.1+8) (build 26.0.1+8-34)
# Java VM: Java HotSpot(TM) 64-Bit Server VM (26.0.1+8-34, mixed mode, sharing, tiered, compressed oops, compressed class ptrs, g1 gc, windows-amd64)
# No core dump will be written. Minidumps are not enabled by default on client versions of Windows
#

---------------  S U M M A R Y ------------

Command Line: --add-opens=java.base/java.lang=ALL-UNNAMED --add-opens=java.base/java.lang.invoke=ALL-UNNAMED --add-opens=java.base/java.util=ALL-UNNAMED --add-opens=java.prefs/java.util.prefs=ALL-UNNAMED --add-exports=jdk.compiler/com.sun.tools.javac.api=ALL-UNNAMED --add-exports=jdk.compiler/com.sun.tools.javac.util=ALL-UNNAMED --add-opens=java.base/java.util=ALL-UNNAMED --add-opens=java.prefs/java.util.prefs=ALL-UNNAMED --add-opens=java.base/java.nio.charset=ALL-UNNAMED --add-opens=java.base/java.net=ALL-UNNAMED --add-opens=java.base/java.util.concurrent=ALL-UNNAMED --add-opens=java.base/java.util.concurrent.atomic=ALL-UNNAMED --add-opens=java.xml/javax.xml.namespace=ALL-UNNAMED --add-opens=java.base/java.time=ALL-UNNAMED --enable-native-access=ALL-UNNAMED -XX:MaxMetaspaceSize=512m -XX:+HeapDumpOnOutOfMemoryError -Xmx4096m -Dfile.encoding=UTF-8 -Duser.country=US -Duser.language=en -Duser.variant -javaagent:C:\Users\lenovo\.gradle\wrapper\dists\gradle-9.4.1-bin\arn2x92ynaizyzdaamcbpbhtj\gradle-9.4.1\lib\agents\gradle-instrumentation-agent-9.4.1.jar org.gradle.launcher.daemon.bootstrap.GradleDaemon 9.4.1

Host: 11th Gen Intel(R) Core(TM) i5-1135G7 @ 2.40GHz, 8 cores, 3G,  Windows 11 , 64 bit Build 26100 (10.0.26100.8737)
Time: Tue Jul 14 12:29:07 2026 E. Africa Standard Time elapsed time: 113.101185 seconds (0d 0h 1m 53s)

---------------  T H R E A D  ---------------

Current thread (0x0000020d634046a0):  JavaThread "C2 CompilerThread0" daemon [_thread_in_native, id=16272, stack(0x0000004360800000,0x0000004360900000) (1024K)]


Current CompileTask:
C2:113106 5063       4       org.objectweb.asm.ClassReader::readCode (5117 bytes)

Stack: [0x0000004360800000,0x0000004360900000]
Native frames: (J=compiled Java code, j=interpreted, Vv=VM code, C=native code)
V  [jvm.dll+0x7d5879]  (no source info available)
V  [jvm.dll+0x7a37dd]  (no source info available)
V  [jvm.dll+0x9b0c10]  (no source info available)
V  [jvm.dll+0x9b3061]  (no source info available)
V  [jvm.dll+0x9b3773]  (no source info available)
V  [jvm.dll+0x30df76]  (no source info available)
V  [jvm.dll+0x11d8a6]  (no source info available)
V  [jvm.dll+0x11dbce]  (no source info available)
V  [jvm.dll+0x1afbe6]  (no source info available)
V  [jvm.dll+0x3ca822]  (no source info available)
V  [jvm.dll+0x7de462]  (no source info available)
V  [jvm.dll+0x2d1647]  (no source info available)
V  [jvm.dll+0x2d05bf]  (no source info available)
V  [jvm.dll+0x246820]  (no source info available)
V  [jvm.dll+0x2e06dc]  (no source info available)
V  [jvm.dll+0x2de8bd]  (no source info available)
V  [jvm.dll+0x4a3ff1]  (no source info available)
V  [jvm.dll+0x94f649]  (no source info available)
V  [jvm.dll+0x7d7358]  (no source info available)
C  [ucrtbase.dll+0x2cd30]  (no source info available)
C  [KERNEL32.DLL+0x2e957]  (no source info available)
C  [ntdll.dll+0xaad6c]  (no source info available)

Lock stack of current Java thread (top to bottom):


---------------  P R O C E S S  ---------------

Threads class SMR info:
_java_thread_list=0x0000020d68c31db0, length=34, elements={
0x0000020d43128530, 0x0000020d633e9710, 0x0000020d633ea010, 0x0000020d633ed0d0,
0x0000020d633f0df0, 0x0000020d633fb3a0, 0x0000020d633ff7a0, 0x0000020d634046a0,
0x0000020d63406eb0, 0x0000020d63624470, 0x0000020d636962e0, 0x0000020d68c55b00,
0x0000020d69fde370, 0x0000020d69dede50, 0x0000020d6a16c3e0, 0x0000020d68d72a20,
0x0000020d6a50cfc0, 0x0000020d6a50d790, 0x0000020d6a511de0, 0x0000020d6a511610,
0x0000020d6a513550, 0x0000020d6a58f780, 0x0000020d6a58efb0, 0x0000020d6a58d840,
0x0000020d6a5916c0, 0x0000020d6a5945a0, 0x0000020d6a592e30, 0x0000020d6ad51690,
0x0000020d6ad50ec0, 0x0000020d6ad535d0, 0x0000020d6ad52e00, 0x0000020d63716e90,
0x0000020d637137e0, 0x0000020d6b626510
}

Java Threads: ( => current thread )
  0x0000020d43128530 JavaThread "main"                              [_thread_blocked, id=14184, stack(0x000000435f900000,0x000000435fa00000) (1024K)]
  0x0000020d633e9710 JavaThread "Reference Handler"          daemon [_thread_blocked, id=5164, stack(0x0000004360200000,0x0000004360300000) (1024K)]
  0x0000020d633ea010 JavaThread "Finalizer"                  daemon [_thread_blocked, id=15792, stack(0x0000004360300000,0x0000004360400000) (1024K)]
  0x0000020d633ed0d0 JavaThread "Signal Dispatcher"          daemon [_thread_blocked, id=1668, stack(0x0000004360400000,0x0000004360500000) (1024K)]
  0x0000020d633f0df0 JavaThread "Attach Listener"            daemon [_thread_blocked, id=15644, stack(0x0000004360500000,0x0000004360600000) (1024K)]
  0x0000020d633fb3a0 JavaThread "Service Thread"             daemon [_thread_blocked, id=15892, stack(0x0000004360600000,0x0000004360700000) (1024K)]
  0x0000020d633ff7a0 JavaThread "Monitor Deflation Thread"   daemon [_thread_blocked, id=5772, stack(0x0000004360700000,0x0000004360800000) (1024K)]
=>0x0000020d634046a0 JavaThread "C2 CompilerThread0"         daemon [_thread_in_native, id=16272, stack(0x0000004360800000,0x0000004360900000) (1024K)]
  0x0000020d63406eb0 JavaThread "C1 CompilerThread0"         daemon [_thread_blocked, id=7264, stack(0x0000004360900000,0x0000004360a00000) (1024K)]
  0x0000020d63624470 JavaThread "Common-Cleaner"             daemon [_thread_blocked, id=5080, stack(0x0000004360a00000,0x0000004360b00000) (1024K)]
  0x0000020d636962e0 JavaThread "Notification Thread"        daemon [_thread_blocked, id=13896, stack(0x0000004360b00000,0x0000004360c00000) (1024K)]
  0x0000020d68c55b00 JavaThread "Daemon health stats"               [_thread_blocked, id=15924, stack(0x0000004360e00000,0x0000004360f00000) (1024K)]
  0x0000020d69fde370 JavaThread "Incoming local TCP Connector on port 51580"        [_thread_in_native, id=13836, stack(0x0000004360f00000,0x0000004361000000) (1024K)]
  0x0000020d69dede50 JavaThread "Daemon periodic checks"            [_thread_blocked, id=2916, stack(0x0000004361000000,0x0000004361100000) (1024K)]
  0x0000020d6a16c3e0 JavaThread "InnocuousThread-1"          daemon [_thread_blocked, id=15400, stack(0x0000004361100000,0x0000004361200000) (1024K)]
  0x0000020d68d72a20 JavaThread "Daemon"                            [_thread_blocked, id=9628, stack(0x0000004361800000,0x0000004361900000) (1024K)]
  0x0000020d6a50cfc0 JavaThread "Handler for socket connection from /127.0.0.1:51580 to /127.0.0.1:51581"        [_thread_in_native, id=8576, stack(0x0000004361900000,0x0000004361a00000) (1024K)]
  0x0000020d6a50d790 JavaThread "Cancel handler"                    [_thread_blocked, id=1364, stack(0x0000004361a00000,0x0000004361b00000) (1024K)]
  0x0000020d6a511de0 JavaThread "Daemon worker"                     [_thread_in_Java, id=10884, stack(0x0000004361b00000,0x0000004361c00000) (1024K)]
  0x0000020d6a511610 JavaThread "Asynchronous log dispatcher for DefaultDaemonConnection: socket connection from /127.0.0.1:51580 to /127.0.0.1:51581"        [_thread_blocked, id=14584, stack(0x0000004361c00000,0x0000004361d00000) (1024K)]
  0x0000020d6a513550 JavaThread "Stdin handler"                     [_thread_blocked, id=11888, stack(0x0000004361d00000,0x0000004361e00000) (1024K)]
  0x0000020d6a58f780 JavaThread "Daemon client event forwarder"        [_thread_blocked, id=16188, stack(0x0000004361e00000,0x0000004361f00000) (1024K)]
  0x0000020d6a58efb0 JavaThread "Cache worker for journal cache (C:\Users\lenovo\.gradle\caches\journal-1)"        [_thread_blocked, id=4304, stack(0x0000004361f00000,0x0000004362000000) (1024K)]
  0x0000020d6a58d840 JavaThread "File lock request listener"        [_thread_in_native, id=14296, stack(0x0000004362000000,0x0000004362100000) (1024K)]
  0x0000020d6a5916c0 JavaThread "Cache worker for file hash cache (C:\Users\lenovo\.gradle\caches\9.4.1\fileHashes)"        [_thread_blocked, id=1740, stack(0x0000004362100000,0x0000004362200000) (1024K)]
  0x0000020d6a5945a0 JavaThread "Cache worker for file hash cache (C:\Users\lenovo\Projects\Transport simulation\TransportsimAndroid\.gradle\9.4.1\fileHashes)"        [_thread_blocked, id=872, stack(0x0000004362200000,0x0000004362300000) (1024K)]
  0x0000020d6a592e30 JavaThread "Cache worker for Build Output Cleanup Cache (C:\Users\lenovo\Projects\Transport simulation\TransportsimAndroid\.gradle\buildOutputCleanup)"        [_thread_blocked, id=6840, stack(0x0000004362300000,0x0000004362400000) (1024K)]
  0x0000020d6ad51690 JavaThread "File watcher server"        daemon [_thread_in_native, id=3248, stack(0x0000004362400000,0x0000004362500000) (1024K)]
  0x0000020d6ad50ec0 JavaThread "File watcher consumer"      daemon [_thread_blocked, id=15888, stack(0x0000004362500000,0x0000004362600000) (1024K)]
  0x0000020d6ad535d0 JavaThread "Cache worker for file content cache (C:\Users\lenovo\.gradle\caches\9.4.1\fileContent)"        [_thread_blocked, id=16128, stack(0x0000004362600000,0x0000004362700000) (1024K)]
  0x0000020d6ad52e00 JavaThread "Cache worker for checksums cache (C:\Users\lenovo\Projects\Transport simulation\TransportsimAndroid\.gradle\9.4.1\checksums)"        [_thread_blocked, id=16216, stack(0x0000004362800000,0x0000004362900000) (1024K)]
  0x0000020d63716e90 JavaThread "Cache worker for cache directory md-supplier (C:\Users\lenovo\.gradle\caches\9.4.1\md-supplier)"        [_thread_blocked, id=10100, stack(0x0000004362700000,0x0000004362800000) (1024K)]
  0x0000020d637137e0 JavaThread "Cache worker for cache directory md-rule (C:\Users\lenovo\.gradle\caches\9.4.1\md-rule)"        [_thread_blocked, id=8768, stack(0x0000004362900000,0x0000004362a00000) (1024K)]
  0x0000020d6b626510 JavaThread "C2 CompilerThread1"         daemon [_thread_in_native, id=15860, stack(0x000000435f600000,0x000000435f700000) (1024K)]
Total: 34

Other Threads:
  0x0000020d633d57a0 VMThread "VM Thread"                           [id=4116, stack(0x0000004360100000,0x0000004360200000) (1024K)]
  0x0000020d633c6080 WatcherThread "VM Periodic Task Thread"        [id=14676, stack(0x0000004360000000,0x0000004360100000) (1024K)]
  0x0000020d43176e00 WorkerThread "GC Thread#0"                     [id=13444, stack(0x000000435fa00000,0x000000435fb00000) (1024K)]
  0x0000020d636e9620 WorkerThread "GC Thread#1"                     [id=9520, stack(0x0000004360c00000,0x0000004360d00000) (1024K)]
  0x0000020d6381b320 WorkerThread "GC Thread#2"                     [id=8744, stack(0x0000004361200000,0x0000004361300000) (1024K)]
  0x0000020d6381c010 WorkerThread "GC Thread#3"                     [id=6092, stack(0x0000004361300000,0x0000004361400000) (1024K)]
  0x0000020d6381c460 WorkerThread "GC Thread#4"                     [id=13624, stack(0x0000004361400000,0x0000004361500000) (1024K)]
  0x0000020d6381c8b0 WorkerThread "GC Thread#5"                     [id=3848, stack(0x0000004361500000,0x0000004361600000) (1024K)]
  0x0000020d638194f0 WorkerThread "GC Thread#6"                     [id=13324, stack(0x0000004361600000,0x0000004361700000) (1024K)]
  0x0000020d63819940 WorkerThread "GC Thread#7"                     [id=14228, stack(0x0000004361700000,0x0000004361800000) (1024K)]
  0x0000020d40dedfa0 ConcurrentGCThread "G1 Main Marker"            [id=7384, stack(0x000000435fb00000,0x000000435fc00000) (1024K)]
  0x0000020d40deeb20 WorkerThread "G1 Conc#0"                       [id=14304, stack(0x000000435fc00000,0x000000435fd00000) (1024K)]
  0x0000020d6381b770 WorkerThread "G1 Conc#1"                       [id=13892, stack(0x0000004360d00000,0x0000004360e00000) (1024K)]
  0x0000020d431d0010 WorkerThread "G1 Refinement Workers#0"         [id=5460, stack(0x000000435fe00000,0x000000435ff00000) (1024K)]
  0x0000020d431cb530 ConcurrentGCThread "G1 Refine Control"         [id=16036, stack(0x000000435fd00000,0x000000435fe00000) (1024K)]
  0x0000020d431d2500 ConcurrentGCThread "G1 Service"                [id=11080, stack(0x000000435ff00000,0x0000004360000000) (1024K)]
Total: 16

Threads with active compile tasks:
C2 CompilerThread0  114970 5063       4       org.objectweb.asm.ClassReader::readCode (5117 bytes)
C2 CompilerThread1  114971 5155       4       org.objectweb.asm.ClassReader::readMethod (1070 bytes)
Total: 2

VM state: not at safepoint (normal execution)

VM Mutex/Monitor currently owned by a thread: None

Heap address: 0x0000000700000000, size: 4096 MB, Compressed Oops mode: Zero based, Oop shift amount: 3

CDS archive(s) mapped at: [0x0000000090000000-0x0000000090de0000-0x0000000090de0000), size 14548992, SharedBaseAddress: 0x0000000090000000, ArchiveRelocationMode: 1.
Compressed class space mapped at: 0x0000000091000000-0x00000000ab000000, reserved size: 436207616
UseCompressedClassPointers 1, UseCompactObjectHeaders 0
Narrow klass pointer bits 32, Max shift 3
Narrow klass base: 0x0000000090000000, Narrow klass shift: 0
Encoding Range: [0x0000000090000000 - 0x0000000190000000), (4294967296 bytes)
Klass Range:    [0x0000000090000000 - 0x00000000ab000000), (452984832 bytes)
Klass ID Range:  [8 - 452984825) (452984817)
Protection zone: [0x0000000090000000 - 0x0000000090010000), (65536 bytes)

GC Precious Log:
 CardTable entry size: 512
 Card Set container configuration: InlinePtr #cards 4 size 8 Array Of Cards #cards 16 size 48 Howl #buckets 8 coarsen threshold 3686 Howl Bitmap #cards 512 size 80 coarsen threshold 460 Card regions per heap region 1 cards per card region 4096
 CPUs: 8 total, 8 available
 Memory: 3895M
 Large Page Support: Disabled
 NUMA Support: Disabled
 Compressed Oops: Enabled (Zero based)
 Heap Region Size: 2M
 Heap Min Capacity: 8M
 Heap Initial Capacity: 8M
 Heap Max Capacity: 4G
 Pre-touch: Disabled
 Parallel Workers: 8
 Concurrent Workers: 2
 Concurrent Refinement Workers: 8
 Periodic GC: Disabled

Heap:
 garbage-first heap   total reserved 4194304K, committed 276480K, used 187160K [0x0000000700000000, 0x0000000800000000)
  region size 2M, 75 eden (150M), 4 survivor (8M), 12 old (24M), 2 humongous (4M), 42 free (84M)

Heap Regions: E=young(eden), S=young(survivor), O=old, HS=humongous(starts), HC=humongous(continues), CS=collection set, F=free, TAMS=top-at-mark-start, PB=parsable bottom
|    0|0x0000000700000000, 0x0000000700200000, 0x0000000700200000|100%| O|  |TAMS 0x0000000700000000| PB 0x0000000700000000| Untracked |  0
|    1|0x0000000700200000, 0x0000000700400000, 0x0000000700400000|100%| O|  |TAMS 0x0000000700200000| PB 0x0000000700200000| Untracked |  0
|    2|0x0000000700400000, 0x0000000700600000, 0x0000000700600000|100%|HS|  |TAMS 0x0000000700400000| PB 0x0000000700400000| Complete  |  0
|    3|0x0000000700600000, 0x0000000700800000, 0x0000000700800000|100%|HC|  |TAMS 0x0000000700600000| PB 0x0000000700600000| Complete  |  0
|    4|0x0000000700800000, 0x0000000700a00000, 0x0000000700a00000|100%| O|  |TAMS 0x0000000700800000| PB 0x0000000700800000| Untracked |  0
|    5|0x0000000700a00000, 0x0000000700c00000, 0x0000000700c00000|100%| O|  |TAMS 0x0000000700a00000| PB 0x0000000700a00000| Untracked |  0
|    6|0x0000000700c00000, 0x0000000700e00000, 0x0000000700e00000|100%| O|  |TAMS 0x0000000700c00000| PB 0x0000000700c00000| Untracked |  0
|    7|0x0000000700e00000, 0x0000000701000000, 0x0000000701000000|100%| O|  |TAMS 0x0000000700e00000| PB 0x0000000700e00000| Untracked |  0
|    8|0x0000000701000000, 0x0000000701200000, 0x0000000701200000|100%| O|  |TAMS 0x0000000701000000| PB 0x0000000701000000| Untracked |  0
|    9|0x0000000701200000, 0x0000000701400000, 0x0000000701400000|100%| O|  |TAMS 0x0000000701200000| PB 0x0000000701200000| Untracked |  0
|   10|0x0000000701400000, 0x0000000701600000, 0x0000000701600000|100%| O|  |TAMS 0x0000000701400000| PB 0x0000000701400000| Untracked |  0
|   11|0x0000000701600000, 0x0000000701800000, 0x0000000701800000|100%| O|  |TAMS 0x0000000701600000| PB 0x0000000701600000| Untracked |  0
|   12|0x0000000701800000, 0x0000000701a00000, 0x0000000701a00000|100%| O|  |TAMS 0x0000000701800000| PB 0x0000000701800000| Untracked |  0
|   13|0x0000000701a00000, 0x0000000701bc5628, 0x0000000701c00000| 88%| O|  |TAMS 0x0000000701a00000| PB 0x0000000701a00000| Untracked |  0
|   14|0x0000000701c00000, 0x0000000701c00000, 0x0000000701e00000|  0%| F|  |TAMS 0x0000000701c00000| PB 0x0000000701c00000| Untracked |  0
|   15|0x0000000701e00000, 0x0000000701e00000, 0x0000000702000000|  0%| F|  |TAMS 0x0000000701e00000| PB 0x0000000701e00000| Untracked |  0
|   16|0x0000000702000000, 0x0000000702000000, 0x0000000702200000|  0%| F|  |TAMS 0x0000000702000000| PB 0x0000000702000000| Untracked |  0
|   17|0x0000000702200000, 0x0000000702200000, 0x0000000702400000|  0%| F|  |TAMS 0x0000000702200000| PB 0x0000000702200000| Untracked |  0
|   18|0x0000000702400000, 0x0000000702400000, 0x0000000702600000|  0%| F|  |TAMS 0x0000000702400000| PB 0x0000000702400000| Untracked |  0
|   19|0x0000000702600000, 0x0000000702600000, 0x0000000702800000|  0%| F|  |TAMS 0x0000000702600000| PB 0x0000000702600000| Untracked |  0
|   20|0x0000000702800000, 0x0000000702800000, 0x0000000702a00000|  0%| F|  |TAMS 0x0000000702800000| PB 0x0000000702800000| Untracked |  0
|   21|0x0000000702a00000, 0x0000000702a00000, 0x0000000702c00000|  0%| F|  |TAMS 0x0000000702a00000| PB 0x0000000702a00000| Untracked |  0
|   22|0x0000000702c00000, 0x0000000702c00000, 0x0000000702e00000|  0%| F|  |TAMS 0x0000000702c00000| PB 0x0000000702c00000| Untracked |  0
|   23|0x0000000702e00000, 0x0000000702e00000, 0x0000000703000000|  0%| F|  |TAMS 0x0000000702e00000| PB 0x0000000702e00000| Untracked |  0
|   24|0x0000000703000000, 0x0000000703000000, 0x0000000703200000|  0%| F|  |TAMS 0x0000000703000000| PB 0x0000000703000000| Untracked |  0
|   25|0x0000000703200000, 0x0000000703200000, 0x0000000703400000|  0%| F|  |TAMS 0x0000000703200000| PB 0x0000000703200000| Untracked |  0
|   26|0x0000000703400000, 0x0000000703400000, 0x0000000703600000|  0%| F|  |TAMS 0x0000000703400000| PB 0x0000000703400000| Untracked |  0
|   27|0x0000000703600000, 0x0000000703600000, 0x0000000703800000|  0%| F|  |TAMS 0x0000000703600000| PB 0x0000000703600000| Untracked |  0
|   28|0x0000000703800000, 0x0000000703800000, 0x0000000703a00000|  0%| F|  |TAMS 0x0000000703800000| PB 0x0000000703800000| Untracked |  0
|   29|0x0000000703a00000, 0x0000000703a00000, 0x0000000703c00000|  0%| F|  |TAMS 0x0000000703a00000| PB 0x0000000703a00000| Untracked |  0
|   30|0x0000000703c00000, 0x0000000703c00000, 0x0000000703e00000|  0%| F|  |TAMS 0x0000000703c00000| PB 0x0000000703c00000| Untracked |  0
|   31|0x0000000703e00000, 0x0000000703e00000, 0x0000000704000000|  0%| F|  |TAMS 0x0000000703e00000| PB 0x0000000703e00000| Untracked |  0
|   32|0x0000000704000000, 0x0000000704000000, 0x0000000704200000|  0%| F|  |TAMS 0x0000000704000000| PB 0x0000000704000000| Untracked |  0
|   33|0x0000000704200000, 0x0000000704200000, 0x0000000704400000|  0%| F|  |TAMS 0x0000000704200000| PB 0x0000000704200000| Untracked |  0
|   34|0x0000000704400000, 0x0000000704400000, 0x0000000704600000|  0%| F|  |TAMS 0x0000000704400000| PB 0x0000000704400000| Untracked |  0
|   35|0x0000000704600000, 0x0000000704600000, 0x0000000704800000|  0%| F|  |TAMS 0x0000000704600000| PB 0x0000000704600000| Untracked |  0
|   36|0x0000000704800000, 0x0000000704800000, 0x0000000704a00000|  0%| F|  |TAMS 0x0000000704800000| PB 0x0000000704800000| Untracked |  0
|   37|0x0000000704a00000, 0x0000000704a00000, 0x0000000704c00000|  0%| F|  |TAMS 0x0000000704a00000| PB 0x0000000704a00000| Untracked |  0
|   38|0x0000000704c00000, 0x0000000704c00000, 0x0000000704e00000|  0%| F|  |TAMS 0x0000000704c00000| PB 0x0000000704c00000| Untracked |  0
|   39|0x0000000704e00000, 0x0000000704e00000, 0x0000000705000000|  0%| F|  |TAMS 0x0000000704e00000| PB 0x0000000704e00000| Untracked |  0
|   40|0x0000000705000000, 0x0000000705000000, 0x0000000705200000|  0%| F|  |TAMS 0x0000000705000000| PB 0x0000000705000000| Untracked |  0
|   41|0x0000000705200000, 0x0000000705200000, 0x0000000705400000|  0%| F|  |TAMS 0x0000000705200000| PB 0x0000000705200000| Untracked |  0
|   42|0x0000000705400000, 0x0000000705400000, 0x0000000705600000|  0%| F|  |TAMS 0x0000000705400000| PB 0x0000000705400000| Untracked |  0
|   43|0x0000000705600000, 0x0000000705600000, 0x0000000705800000|  0%| F|  |TAMS 0x0000000705600000| PB 0x0000000705600000| Untracked |  0
|   44|0x0000000705800000, 0x0000000705800000, 0x0000000705a00000|  0%| F|  |TAMS 0x0000000705800000| PB 0x0000000705800000| Untracked |  0
|   45|0x0000000705a00000, 0x0000000705a00000, 0x0000000705c00000|  0%| F|  |TAMS 0x0000000705a00000| PB 0x0000000705a00000| Untracked |  0
|   46|0x0000000705c00000, 0x0000000705c00000, 0x0000000705e00000|  0%| F|  |TAMS 0x0000000705c00000| PB 0x0000000705c00000| Untracked |  0
|   47|0x0000000705e00000, 0x0000000705e00000, 0x0000000706000000|  0%| F|  |TAMS 0x0000000705e00000| PB 0x0000000705e00000| Untracked |  0
|   48|0x0000000706000000, 0x0000000706000000, 0x0000000706200000|  0%| F|  |TAMS 0x0000000706000000| PB 0x0000000706000000| Untracked |  0
|   49|0x0000000706200000, 0x0000000706200000, 0x0000000706400000|  0%| F|  |TAMS 0x0000000706200000| PB 0x0000000706200000| Untracked |  0
|   50|0x0000000706400000, 0x0000000706500c40, 0x0000000706600000| 50%| S|CS|TAMS 0x0000000706400000| PB 0x0000000706400000| Complete  |  0
|   51|0x0000000706600000, 0x0000000706600000, 0x0000000706800000|  0%| F|  |TAMS 0x0000000706600000| PB 0x0000000706600000| Untracked |  0
|   52|0x0000000706800000, 0x0000000706800000, 0x0000000706a00000|  0%| F|  |TAMS 0x0000000706800000| PB 0x0000000706800000| Untracked |  0
|   53|0x0000000706a00000, 0x0000000706a00000, 0x0000000706c00000|  0%| F|  |TAMS 0x0000000706a00000| PB 0x0000000706a00000| Untracked |  0
|   54|0x0000000706c00000, 0x0000000706e00000, 0x0000000706e00000|100%| S|CS|TAMS 0x0000000706c00000| PB 0x0000000706c00000| Complete  |  0
|   55|0x0000000706e00000, 0x0000000707000000, 0x0000000707000000|100%| S|CS|TAMS 0x0000000706e00000| PB 0x0000000706e00000| Complete  |  0
|   56|0x0000000707000000, 0x0000000707200000, 0x0000000707200000|100%| S|CS|TAMS 0x0000000707000000| PB 0x0000000707000000| Complete  |  0
|   57|0x0000000707200000, 0x0000000707200000, 0x0000000707400000|  0%| F|  |TAMS 0x0000000707200000| PB 0x0000000707200000| Untracked |  0
|   58|0x0000000707400000, 0x0000000707400000, 0x0000000707600000|  0%| F|  |TAMS 0x0000000707400000| PB 0x0000000707400000| Untracked |  0
|   59|0x0000000707600000, 0x0000000707600000, 0x0000000707800000|  0%| F|  |TAMS 0x0000000707600000| PB 0x0000000707600000| Untracked |  0
|   60|0x0000000707800000, 0x0000000707a00000, 0x0000000707a00000|100%| E|CS|TAMS 0x0000000707800000| PB 0x0000000707800000| Complete  |  1
|   61|0x0000000707a00000, 0x0000000707c00000, 0x0000000707c00000|100%| E|CS|TAMS 0x0000000707a00000| PB 0x0000000707a00000| Complete  |  0
|   62|0x0000000707c00000, 0x0000000707e00000, 0x0000000707e00000|100%| E|CS|TAMS 0x0000000707c00000| PB 0x0000000707c00000| Complete  |  0
|   63|0x0000000707e00000, 0x0000000708000000, 0x0000000708000000|100%| E|CS|TAMS 0x0000000707e00000| PB 0x0000000707e00000| Complete  |  0
|   64|0x0000000708000000, 0x0000000708200000, 0x0000000708200000|100%| E|CS|TAMS 0x0000000708000000| PB 0x0000000708000000| Complete  |  0
|   65|0x0000000708200000, 0x0000000708400000, 0x0000000708400000|100%| E|CS|TAMS 0x0000000708200000| PB 0x0000000708200000| Complete  |  0
|   66|0x0000000708400000, 0x0000000708600000, 0x0000000708600000|100%| E|CS|TAMS 0x0000000708400000| PB 0x0000000708400000| Complete  |  0
|   67|0x0000000708600000, 0x0000000708800000, 0x0000000708800000|100%| E|CS|TAMS 0x0000000708600000| PB 0x0000000708600000| Complete  |  0
|   68|0x0000000708800000, 0x0000000708a00000, 0x0000000708a00000|100%| E|CS|TAMS 0x0000000708800000| PB 0x0000000708800000| Complete  |  0
|   69|0x0000000708a00000, 0x0000000708c00000, 0x0000000708c00000|100%| E|CS|TAMS 0x0000000708a00000| PB 0x0000000708a00000| Complete  |  0
|   70|0x0000000708c00000, 0x0000000708e00000, 0x0000000708e00000|100%| E|CS|TAMS 0x0000000708c00000| PB 0x0000000708c00000| Complete  |  0
|   71|0x0000000708e00000, 0x0000000709000000, 0x0000000709000000|100%| E|CS|TAMS 0x0000000708e00000| PB 0x0000000708e00000| Complete  |  0
|   72|0x0000000709000000, 0x0000000709200000, 0x0000000709200000|100%| E|CS|TAMS 0x0000000709000000| PB 0x0000000709000000| Complete  |  0
|   73|0x0000000709200000, 0x0000000709400000, 0x0000000709400000|100%| E|CS|TAMS 0x0000000709200000| PB 0x0000000709200000| Complete  |  0
|   74|0x0000000709400000, 0x0000000709600000, 0x0000000709600000|100%| E|CS|TAMS 0x0000000709400000| PB 0x0000000709400000| Complete  |  0
|   75|0x0000000709600000, 0x0000000709800000, 0x0000000709800000|100%| E|CS|TAMS 0x0000000709600000| PB 0x0000000709600000| Complete  |  0
|   76|0x0000000709800000, 0x0000000709a00000, 0x0000000709a00000|100%| E|CS|TAMS 0x0000000709800000| PB 0x0000000709800000| Complete  |  0
|   77|0x0000000709a00000, 0x0000000709c00000, 0x0000000709c00000|100%| E|CS|TAMS 0x0000000709a00000| PB 0x0000000709a00000| Complete  |  0
|   78|0x0000000709c00000, 0x0000000709e00000, 0x0000000709e00000|100%| E|CS|TAMS 0x0000000709c00000| PB 0x0000000709c00000| Complete  |  0
|   79|0x0000000709e00000, 0x000000070a000000, 0x000000070a000000|100%| E|CS|TAMS 0x0000000709e00000| PB 0x0000000709e00000| Complete  |  0
|   80|0x000000070a000000, 0x000000070a200000, 0x000000070a200000|100%| E|CS|TAMS 0x000000070a000000| PB 0x000000070a000000| Complete  |  0
|   81|0x000000070a200000, 0x000000070a400000, 0x000000070a400000|100%| E|CS|TAMS 0x000000070a200000| PB 0x000000070a200000| Complete  |  0
|   82|0x000000070a400000, 0x000000070a600000, 0x000000070a600000|100%| E|CS|TAMS 0x000000070a400000| PB 0x000000070a400000| Complete  |  0
|   83|0x000000070a600000, 0x000000070a800000, 0x000000070a800000|100%| E|CS|TAMS 0x000000070a600000| PB 0x000000070a600000| Complete  |  0
|   84|0x000000070a800000, 0x000000070aa00000, 0x000000070aa00000|100%| E|CS|TAMS 0x000000070a800000| PB 0x000000070a800000| Complete  |  0
|   85|0x000000070aa00000, 0x000000070ac00000, 0x000000070ac00000|100%| E|CS|TAMS 0x000000070aa00000| PB 0x000000070aa00000| Complete  |  0
|   86|0x000000070ac00000, 0x000000070ae00000, 0x000000070ae00000|100%| E|CS|TAMS 0x000000070ac00000| PB 0x000000070ac00000| Complete  |  0
|   87|0x000000070ae00000, 0x000000070b000000, 0x000000070b000000|100%| E|CS|TAMS 0x000000070ae00000| PB 0x000000070ae00000| Complete  |  0
|   88|0x000000070b000000, 0x000000070b200000, 0x000000070b200000|100%| E|CS|TAMS 0x000000070b000000| PB 0x000000070b000000| Complete  |  0
|   89|0x000000070b200000, 0x000000070b400000, 0x000000070b400000|100%| E|CS|TAMS 0x000000070b200000| PB 0x000000070b200000| Complete  |  0
|   90|0x000000070b400000, 0x000000070b600000, 0x000000070b600000|100%| E|CS|TAMS 0x000000070b400000| PB 0x000000070b400000| Complete  |  0
|   91|0x000000070b600000, 0x000000070b800000, 0x000000070b800000|100%| E|CS|TAMS 0x000000070b600000| PB 0x000000070b600000| Complete  |  0
|   92|0x000000070b800000, 0x000000070ba00000, 0x000000070ba00000|100%| E|CS|TAMS 0x000000070b800000| PB 0x000000070b800000| Complete  |  0
|   93|0x000000070ba00000, 0x000000070bc00000, 0x000000070bc00000|100%| E|CS|TAMS 0x000000070ba00000| PB 0x000000070ba00000| Complete  |  0
|   94|0x000000070bc00000, 0x000000070be00000, 0x000000070be00000|100%| E|CS|TAMS 0x000000070bc00000| PB 0x000000070bc00000| Complete  |  0
|   95|0x000000070be00000, 0x000000070c000000, 0x000000070c000000|100%| E|CS|TAMS 0x000000070be00000| PB 0x000000070be00000| Complete  |  0
|   96|0x000000070c000000, 0x000000070c200000, 0x000000070c200000|100%| E|CS|TAMS 0x000000070c000000| PB 0x000000070c000000| Complete  |  0
|   97|0x000000070c200000, 0x000000070c400000, 0x000000070c400000|100%| E|CS|TAMS 0x000000070c200000| PB 0x000000070c200000| Complete  |  0
|   98|0x000000070c400000, 0x000000070c600000, 0x000000070c600000|100%| E|CS|TAMS 0x000000070c400000| PB 0x000000070c400000| Complete  |  0
|   99|0x000000070c600000, 0x000000070c800000, 0x000000070c800000|100%| E|CS|TAMS 0x000000070c600000| PB 0x000000070c600000| Complete  |  0
|  100|0x000000070c800000, 0x000000070ca00000, 0x000000070ca00000|100%| E|CS|TAMS 0x000000070c800000| PB 0x000000070c800000| Complete  |  0
|  101|0x000000070ca00000, 0x000000070cc00000, 0x000000070cc00000|100%| E|CS|TAMS 0x000000070ca00000| PB 0x000000070ca00000| Complete  |  0
|  102|0x000000070cc00000, 0x000000070ce00000, 0x000000070ce00000|100%| E|CS|TAMS 0x000000070cc00000| PB 0x000000070cc00000| Complete  |  0
|  103|0x000000070ce00000, 0x000000070d000000, 0x000000070d000000|100%| E|CS|TAMS 0x000000070ce00000| PB 0x000000070ce00000| Complete  |  0
|  104|0x000000070d000000, 0x000000070d200000, 0x000000070d200000|100%| E|CS|TAMS 0x000000070d000000| PB 0x000000070d000000| Complete  |  0
|  105|0x000000070d200000, 0x000000070d400000, 0x000000070d400000|100%| E|CS|TAMS 0x000000070d200000| PB 0x000000070d200000| Complete  |  0
|  106|0x000000070d400000, 0x000000070d600000, 0x000000070d600000|100%| E|CS|TAMS 0x000000070d400000| PB 0x000000070d400000| Complete  |  0
|  107|0x000000070d600000, 0x000000070d800000, 0x000000070d800000|100%| E|CS|TAMS 0x000000070d600000| PB 0x000000070d600000| Complete  |  0
|  108|0x000000070d800000, 0x000000070da00000, 0x000000070da00000|100%| E|CS|TAMS 0x000000070d800000| PB 0x000000070d800000| Complete  |  0
|  109|0x000000070da00000, 0x000000070dc00000, 0x000000070dc00000|100%| E|CS|TAMS 0x000000070da00000| PB 0x000000070da00000| Complete  |  0
|  110|0x000000070dc00000, 0x000000070de00000, 0x000000070de00000|100%| E|CS|TAMS 0x000000070dc00000| PB 0x000000070dc00000| Complete  |  0
|  111|0x000000070de00000, 0x000000070e000000, 0x000000070e000000|100%| E|CS|TAMS 0x000000070de00000| PB 0x000000070de00000| Complete  |  0
|  112|0x000000070e000000, 0x000000070e200000, 0x000000070e200000|100%| E|CS|TAMS 0x000000070e000000| PB 0x000000070e000000| Complete  |  0
|  113|0x000000070e200000, 0x000000070e400000, 0x000000070e400000|100%| E|CS|TAMS 0x000000070e200000| PB 0x000000070e200000| Complete  |  0
|  114|0x000000070e400000, 0x000000070e600000, 0x000000070e600000|100%| E|CS|TAMS 0x000000070e400000| PB 0x000000070e400000| Complete  |  0
|  115|0x000000070e600000, 0x000000070e800000, 0x000000070e800000|100%| E|CS|TAMS 0x000000070e600000| PB 0x000000070e600000| Complete  |  0
|  116|0x000000070e800000, 0x000000070ea00000, 0x000000070ea00000|100%| E|CS|TAMS 0x000000070e800000| PB 0x000000070e800000| Complete  |  0
|  117|0x000000070ea00000, 0x000000070ec00000, 0x000000070ec00000|100%| E|CS|TAMS 0x000000070ea00000| PB 0x000000070ea00000| Complete  |  0
|  118|0x000000070ec00000, 0x000000070ee00000, 0x000000070ee00000|100%| E|CS|TAMS 0x000000070ec00000| PB 0x000000070ec00000| Complete  |  0
|  119|0x000000070ee00000, 0x000000070f000000, 0x000000070f000000|100%| E|CS|TAMS 0x000000070ee00000| PB 0x000000070ee00000| Complete  |  0
|  120|0x000000070f000000, 0x000000070f200000, 0x000000070f200000|100%| E|CS|TAMS 0x000000070f000000| PB 0x000000070f000000| Complete  |  0
|  121|0x000000070f200000, 0x000000070f400000, 0x000000070f400000|100%| E|CS|TAMS 0x000000070f200000| PB 0x000000070f200000| Complete  |  0
|  122|0x000000070f400000, 0x000000070f600000, 0x000000070f600000|100%| E|CS|TAMS 0x000000070f400000| PB 0x000000070f400000| Complete  |  0
|  123|0x000000070f600000, 0x000000070f800000, 0x000000070f800000|100%| E|CS|TAMS 0x000000070f600000| PB 0x000000070f600000| Complete  |  0
|  124|0x000000070f800000, 0x000000070fa00000, 0x000000070fa00000|100%| E|CS|TAMS 0x000000070f800000| PB 0x000000070f800000| Complete  |  0
|  125|0x000000070fa00000, 0x000000070fc00000, 0x000000070fc00000|100%| E|CS|TAMS 0x000000070fa00000| PB 0x000000070fa00000| Complete  |  0
|  126|0x000000070fc00000, 0x000000070fe00000, 0x000000070fe00000|100%| E|CS|TAMS 0x000000070fc00000| PB 0x000000070fc00000| Complete  |  0
|  127|0x000000070fe00000, 0x0000000710000000, 0x0000000710000000|100%| E|CS|TAMS 0x000000070fe00000| PB 0x000000070fe00000| Complete  |  0
|  128|0x0000000710000000, 0x0000000710200000, 0x0000000710200000|100%| E|CS|TAMS 0x0000000710000000| PB 0x0000000710000000| Complete  |  0
|  129|0x0000000710200000, 0x0000000710400000, 0x0000000710400000|100%| E|CS|TAMS 0x0000000710200000| PB 0x0000000710200000| Complete  |  0
|  130|0x0000000710400000, 0x0000000710600000, 0x0000000710600000|100%| E|CS|TAMS 0x0000000710400000| PB 0x0000000710400000| Complete  |  0
|  131|0x0000000710600000, 0x0000000710800000, 0x0000000710800000|100%| E|CS|TAMS 0x0000000710600000| PB 0x0000000710600000| Complete  |  0
|  132|0x0000000710800000, 0x0000000710a00000, 0x0000000710a00000|100%| E|CS|TAMS 0x0000000710800000| PB 0x0000000710800000| Complete  |  0
|  133|0x0000000710a00000, 0x0000000710c00000, 0x0000000710c00000|100%| E|CS|TAMS 0x0000000710a00000| PB 0x0000000710a00000| Complete  |  0
| 2047|0x00000007ffe00000, 0x0000000800000000, 0x0000000800000000|100%| E|CS|TAMS 0x00000007ffe00000| PB 0x00000007ffe00000| Complete  |  0

Card table byte_map: [0x0000020d5c220000,0x0000020d5ca20000] _byte_map_base: 0x0000020d58a20000
Refinement table byte_map: [0x0000020d5ba20000,0x0000020d5c220000] _byte_map_base: 0x0000020d58220000

Marking Bits: (CMBitMap*) 0x0000020d43177580
 Bits: [0x0000020d5ca20000, 0x0000020d60a20000)

Polling page: 0x0000020d40f60000

Metaspace:
Metaspace        used 36748K, committed 38080K, reserved 491520K
 class space     used 5351K, committed 6016K, reserved 425984K

Usage:
  Non-class:     30.66 MB used.
      Class:      5.23 MB used.
       Both:     35.89 MB used.

Virtual space:
  Non-class space:       64.00 MB reserved,      31.31 MB ( 49%) committed,  1 nodes.
      Class space:      416.00 MB reserved,       5.88 MB (  1%) committed,  1 nodes.
             Both:      480.00 MB reserved,      37.19 MB (  8%) committed. 

Chunk freelists:
   Non-Class:  256.00 KB
       Class:  10.17 MB
        Both:  10.42 MB

MaxMetaspaceSize: 512.00 MB
CompressedClassSpaceSize: 416.00 MB
Initial GC threshold: 21.00 MB
Current GC threshold: 59.00 MB
CDS: on
 - commit_granule_bytes: 65536.
 - commit_granule_words: 8192.
 - virtual_space_node_default_size: 8388608.
 - enlarge_chunks_in_place: 1.
UseCompressedClassPointers 1, UseCompactObjectHeaders 0
Narrow klass pointer bits 32, Max shift 3
Narrow klass base: 0x0000000090000000, Narrow klass shift: 0
Encoding Range: [0x0000000090000000 - 0x0000000190000000), (4294967296 bytes)
Klass Range:    [0x0000000090000000 - 0x00000000ab000000), (452984832 bytes)
Klass ID Range:  [8 - 452984825) (452984817)
Protection zone: [0x0000000090000000 - 0x0000000090010000), (65536 bytes)


Internal statistics:

num_allocs_failed_limit: 6.
num_arena_births: 2404.
num_arena_deaths: 0.
num_vsnodes_births: 2.
num_vsnodes_deaths: 0.
num_space_committed: 595.
num_space_uncommitted: 0.
num_chunks_returned_to_freelist: 6.
num_chunks_taken_from_freelist: 4106.
num_chunk_merges: 6.
num_chunk_splits: 2674.
num_chunks_enlarged: 1658.
num_inconsistent_stats: 0.

CodeHeap 'non-profiled nmethods': size=120064Kb used=1836Kb max_used=1836Kb free=118227Kb
 bounds [0x0000020d538a0000, 0x0000020d53b10000, 0x0000020d5ade0000]
CodeHeap 'profiled nmethods': size=120064Kb used=7569Kb max_used=7569Kb free=112494Kb
 bounds [0x0000020d4bdc0000, 0x0000020d4c530000, 0x0000020d53300000]
CodeHeap 'non-nmethods': size=5760Kb used=2074Kb max_used=2286Kb free=3685Kb
 bounds [0x0000020d53300000, 0x0000020d53570000, 0x0000020d538a0000]
CodeCache: size=245888Kb, used=11479Kb, max_used=11691Kb, free=234406Kb
 total_blobs=5419, nmethods=4685, adapters=636, full_count=0
Compilation: enabled, stopped_count=0, restarted_count=0

Compilation events (20 events):
Event: 109.829 Thread 0x0000020d63406eb0 5170       2       java.io.DataInputStream::readUnsignedByte (22 bytes)
Event: 109.832 Thread 0x0000020d63406eb0 nmethod 5170 0x0000020d4c51ea08 code [0x0000020d4c51eb00, 0x0000020d4c51ecf8]
Event: 109.862 Thread 0x0000020d63406eb0 5171       2       org.objectweb.asm.commons.SignatureRemapper::visitInterfaceBound (10 bytes)
Event: 109.864 Thread 0x0000020d63406eb0 nmethod 5171 0x0000020d4c51ed08 code [0x0000020d4c51ee00, 0x0000020d4c51ef38]
Event: 109.864 Thread 0x0000020d63406eb0 5172       2       org.objectweb.asm.signature.SignatureWriter::visitInterfaceBound (12 bytes)
Event: 109.868 Thread 0x0000020d63406eb0 nmethod 5172 0x0000020d4c51f008 code [0x0000020d4c51f100, 0x0000020d4c51f248]
Event: 110.171 Thread 0x0000020d63406eb0 5173       2       java.util.regex.Pattern::compile (537 bytes)
Event: 110.199 Thread 0x0000020d63406eb0 nmethod 5173 0x0000020d4c51f308 code [0x0000020d4c51f400, 0x0000020d4c5209a8]
Event: 111.272 Thread 0x0000020d63406eb0 5176       3       org.objectweb.asm.ClassReader::readUtf (44 bytes)
Event: 111.276 Thread 0x0000020d63406eb0 nmethod 5176 0x0000020d4c520a08 code [0x0000020d4c520b00, 0x0000020d4c520ec0]
Event: 111.285 Thread 0x0000020d63406eb0 5177       3       org.objectweb.asm.SymbolTable::addConstantUtf8 (98 bytes)
Event: 111.292 Thread 0x0000020d63406eb0 nmethod 5177 0x0000020d4c520f08 code [0x0000020d4c521000, 0x0000020d4c5216b8]
Event: 111.308 Thread 0x0000020d63406eb0 5178       3       org.objectweb.asm.SymbolTable::addConstantUtf8Reference (101 bytes)
Event: 111.316 Thread 0x0000020d63406eb0 nmethod 5178 0x0000020d4c521708 code [0x0000020d4c521800, 0x0000020d4c521fb8]
Event: 111.316 Thread 0x0000020d63406eb0 5179       3       java.lang.String::replace (42 bytes)
Event: 111.320 Thread 0x0000020d63406eb0 nmethod 5179 0x0000020d4c522008 code [0x0000020d4c522100, 0x0000020d4c522470]
Event: 111.533 Thread 0x0000020d63406eb0 5180       2       java.lang.StringUTF16::coderFromArrayLen (9 bytes)
Event: 111.535 Thread 0x0000020d63406eb0 nmethod 5180 0x0000020d4c522488 code [0x0000020d4c522580, 0x0000020d4c522670]
Event: 112.508 Thread 0x0000020d63406eb0 5182       2       com.esotericsoftware.kryo.io.Output::require (209 bytes)
Event: 112.542 Thread 0x0000020d63406eb0 nmethod 5182 0x0000020d4c522788 code [0x0000020d4c522880, 0x0000020d4c523240]

GC Heap Usage History (20 events):
Event: 41.442 {heap Before GC invocations=14 (full 0):
 garbage-first heap   total reserved 4194304K, committed 92160K, used 52542K [0x0000000700000000, 0x0000000800000000)
  region size 2M, 16 eden (32M), 1 survivor (2M), 8 old (16M), 2 humongous (4M), 18 free (36M)
}
Event: 41.511 {heap After GC invocations=15 (full 0):
 garbage-first heap   total reserved 4194304K, committed 92160K, used 23669K [0x0000000700000000, 0x0000000800000000)
  region size 2M, 0 eden (0M), 2 survivor (4M), 8 old (16M), 2 humongous (4M), 33 free (66M)
}
Event: 46.946 {heap Before GC invocations=15 (full 0):
 garbage-first heap   total reserved 4194304K, committed 92160K, used 35957K [0x0000000700000000, 0x0000000800000000)
  region size 2M, 8 eden (16M), 2 survivor (4M), 8 old (16M), 2 humongous (4M), 25 free (50M)
}
Event: 46.992 {heap After GC invocations=16 (full 0):
 garbage-first heap   total reserved 4194304K, committed 92160K, used 24245K [0x0000000700000000, 0x0000000800000000)
  region size 2M, 0 eden (0M), 2 survivor (4M), 8 old (16M), 2 humongous (4M), 33 free (66M)
}
Event: 55.036 {heap Before GC invocations=17 (full 0):
 garbage-first heap   total reserved 4194304K, committed 92160K, used 65205K [0x0000000700000000, 0x0000000800000000)
  region size 2M, 20 eden (40M), 2 survivor (4M), 8 old (16M), 2 humongous (4M), 13 free (26M)
}
Event: 55.125 {heap After GC invocations=18 (full 0):
 garbage-first heap   total reserved 4194304K, committed 92160K, used 26642K [0x0000000700000000, 0x0000000800000000)
  region size 2M, 0 eden (0M), 3 survivor (6M), 9 old (18M), 2 humongous (4M), 31 free (62M)
}
Event: 63.086 {heap Before GC invocations=18 (full 0):
 garbage-first heap   total reserved 4194304K, committed 92160K, used 67602K [0x0000000700000000, 0x0000000800000000)
  region size 2M, 21 eden (42M), 3 survivor (6M), 9 old (18M), 2 humongous (4M), 10 free (20M)
}
Event: 63.175 {heap After GC invocations=19 (full 0):
 garbage-first heap   total reserved 4194304K, committed 92160K, used 28502K [0x0000000700000000, 0x0000000800000000)
  region size 2M, 0 eden (0M), 3 survivor (6M), 10 old (20M), 2 humongous (4M), 30 free (60M)
}
Event: 68.264 {heap Before GC invocations=19 (full 0):
 garbage-first heap   total reserved 4194304K, committed 92160K, used 55126K [0x0000000700000000, 0x0000000800000000)
  region size 2M, 15 eden (30M), 3 survivor (6M), 10 old (20M), 2 humongous (4M), 15 free (30M)
}
Event: 68.366 {heap After GC invocations=20 (full 0):
 garbage-first heap   total reserved 4194304K, committed 92160K, used 31085K [0x0000000700000000, 0x0000000800000000)
  region size 2M, 0 eden (0M), 4 survivor (8M), 10 old (20M), 2 humongous (4M), 29 free (58M)
}
Event: 72.895 {heap Before GC invocations=21 (full 0):
 garbage-first heap   total reserved 4194304K, committed 92160K, used 76141K [0x0000000700000000, 0x0000000800000000)
  region size 2M, 22 eden (44M), 4 survivor (8M), 10 old (20M), 2 humongous (4M), 7 free (14M)
}
Event: 73.000 {heap After GC invocations=22 (full 0):
 garbage-first heap   total reserved 4194304K, committed 92160K, used 32430K [0x0000000700000000, 0x0000000800000000)
  region size 2M, 0 eden (0M), 2 survivor (4M), 12 old (24M), 2 humongous (4M), 29 free (58M)
}
Event: 75.112 {heap Before GC invocations=22 (full 0):
 garbage-first heap   total reserved 4194304K, committed 92160K, used 79534K [0x0000000700000000, 0x0000000800000000)
  region size 2M, 23 eden (46M), 2 survivor (4M), 12 old (24M), 2 humongous (4M), 6 free (12M)
}
Event: 75.191 {heap After GC invocations=23 (full 0):
 garbage-first heap   total reserved 4194304K, committed 276480K, used 32635K [0x0000000700000000, 0x0000000800000000)
  region size 2M, 0 eden (0M), 3 survivor (6M), 12 old (24M), 2 humongous (4M), 118 free (236M)
}
Event: 83.583 {heap Before GC invocations=23 (full 0):
 garbage-first heap   total reserved 4194304K, committed 276480K, used 192379K [0x0000000700000000, 0x0000000800000000)
  region size 2M, 78 eden (156M), 3 survivor (6M), 12 old (24M), 2 humongous (4M), 40 free (80M)
}
Event: 83.699 {heap After GC invocations=24 (full 0):
 garbage-first heap   total reserved 4194304K, committed 276480K, used 33386K [0x0000000700000000, 0x0000000800000000)
  region size 2M, 0 eden (0M), 3 survivor (6M), 12 old (24M), 2 humongous (4M), 118 free (236M)
}
Event: 96.758 {heap Before GC invocations=24 (full 0):
 garbage-first heap   total reserved 4194304K, committed 276480K, used 193130K [0x0000000700000000, 0x0000000800000000)
  region size 2M, 78 eden (156M), 3 survivor (6M), 12 old (24M), 2 humongous (4M), 40 free (80M)
}
Event: 96.834 {heap After GC invocations=25 (full 0):
 garbage-first heap   total reserved 4194304K, committed 276480K, used 34360K [0x0000000700000000, 0x0000000800000000)
  region size 2M, 0 eden (0M), 3 survivor (6M), 12 old (24M), 2 humongous (4M), 118 free (236M)
}
Event: 105.215 {heap Before GC invocations=25 (full 0):
 garbage-first heap   total reserved 4194304K, committed 276480K, used 194104K [0x0000000700000000, 0x0000000800000000)
  region size 2M, 78 eden (156M), 3 survivor (6M), 12 old (24M), 2 humongous (4M), 40 free (80M)
}
Event: 105.291 {heap After GC invocations=26 (full 0):
 garbage-first heap   total reserved 4194304K, committed 276480K, used 35608K [0x0000000700000000, 0x0000000800000000)
  region size 2M, 0 eden (0M), 4 survivor (8M), 12 old (24M), 2 humongous (4M), 117 free (234M)
}

Metaspace Usage History (20 events):
Event: 41.443 {metaspace Before GC invocations=14 (full 0):
 Metaspace       used 18384K, committed 18880K, reserved 491520K
  class space    used 2650K, committed 2880K, reserved 425984K
}
Event: 41.511 {metaspace After GC invocations=15 (full 0):
 Metaspace       used 18384K, committed 18880K, reserved 491520K
  class space    used 2650K, committed 2880K, reserved 425984K
}
Event: 46.946 {metaspace Before GC invocations=15 (full 0):
 Metaspace       used 20838K, committed 21504K, reserved 491520K
  class space    used 2932K, committed 3264K, reserved 425984K
}
Event: 46.992 {metaspace After GC invocations=16 (full 0):
 Metaspace       used 20838K, committed 21504K, reserved 491520K
  class space    used 2932K, committed 3264K, reserved 425984K
}
Event: 55.037 {metaspace Before GC invocations=17 (full 0):
 Metaspace       used 25580K, committed 26560K, reserved 491520K
  class space    used 3741K, committed 4224K, reserved 425984K
}
Event: 55.125 {metaspace After GC invocations=18 (full 0):
 Metaspace       used 25580K, committed 26560K, reserved 491520K
  class space    used 3741K, committed 4224K, reserved 425984K
}
Event: 63.086 {metaspace Before GC invocations=18 (full 0):
 Metaspace       used 30273K, committed 31424K, reserved 491520K
  class space    used 4554K, committed 5120K, reserved 425984K
}
Event: 63.175 {metaspace After GC invocations=19 (full 0):
 Metaspace       used 30273K, committed 31424K, reserved 491520K
  class space    used 4554K, committed 5120K, reserved 425984K
}
Event: 68.265 {metaspace Before GC invocations=19 (full 0):
 Metaspace       used 34727K, committed 35968K, reserved 491520K
  class space    used 5100K, committed 5696K, reserved 425984K
}
Event: 68.366 {metaspace After GC invocations=20 (full 0):
 Metaspace       used 34727K, committed 35968K, reserved 491520K
  class space    used 5100K, committed 5696K, reserved 425984K
}
Event: 72.895 {metaspace Before GC invocations=21 (full 0):
 Metaspace       used 36513K, committed 37888K, reserved 491520K
  class space    used 5344K, committed 5952K, reserved 425984K
}
Event: 73.000 {metaspace After GC invocations=22 (full 0):
 Metaspace       used 36513K, committed 37888K, reserved 491520K
  class space    used 5344K, committed 5952K, reserved 425984K
}
Event: 75.112 {metaspace Before GC invocations=22 (full 0):
 Metaspace       used 36637K, committed 38016K, reserved 491520K
  class space    used 5351K, committed 6016K, reserved 425984K
}
Event: 75.191 {metaspace After GC invocations=23 (full 0):
 Metaspace       used 36637K, committed 38016K, reserved 491520K
  class space    used 5351K, committed 6016K, reserved 425984K
}
Event: 83.583 {metaspace Before GC invocations=23 (full 0):
 Metaspace       used 36654K, committed 38016K, reserved 491520K
  class space    used 5351K, committed 6016K, reserved 425984K
}
Event: 83.700 {metaspace After GC invocations=24 (full 0):
 Metaspace       used 36654K, committed 38016K, reserved 491520K
  class space    used 5351K, committed 6016K, reserved 425984K
}
Event: 96.759 {metaspace Before GC invocations=24 (full 0):
 Metaspace       used 36679K, committed 38016K, reserved 491520K
  class space    used 5351K, committed 6016K, reserved 425984K
}
Event: 96.834 {metaspace After GC invocations=25 (full 0):
 Metaspace       used 36679K, committed 38016K, reserved 491520K
  class space    used 5351K, committed 6016K, reserved 425984K
}
Event: 105.215 {metaspace Before GC invocations=25 (full 0):
 Metaspace       used 36711K, committed 38080K, reserved 491520K
  class space    used 5351K, committed 6016K, reserved 425984K
}
Event: 105.291 {metaspace After GC invocations=26 (full 0):
 Metaspace       used 36711K, committed 38080K, reserved 491520K
  class space    used 5351K, committed 6016K, reserved 425984K
}

Dll operation events (20 events):
Event: 1.730 Attempting to load shared library C:\Program Files\Java\jdk-26.0.1\bin\nio.dll
Event: 1.768 Loaded shared library C:\Program Files\Java\jdk-26.0.1\bin\nio.dll
Event: 1.837 Attempting to load shared library C:\Program Files\Java\jdk-26.0.1\bin\zip.dll
Event: 1.837 Loaded shared library C:\Program Files\Java\jdk-26.0.1\bin\zip.dll
Event: 8.566 Attempting to load shared library C:\Program Files\Java\jdk-26.0.1\bin\jimage.dll
Event: 8.567 Loaded shared library C:\Program Files\Java\jdk-26.0.1\bin\jimage.dll
Event: 12.137 Attempting to load shared library C:\Program Files\Java\jdk-26.0.1\bin\verify.dll
Event: 12.149 Loaded shared library C:\Program Files\Java\jdk-26.0.1\bin\verify.dll
Event: 12.514 Attempting to load shared library C:\Users\lenovo\.gradle\native\660c5614fbf4a5f2a75b1949f50a0caf5cd603558e7d8a26e50b933a0cfb79d1\windows-amd64\native-platform.dll
Event: 12.530 Loaded shared library C:\Users\lenovo\.gradle\native\660c5614fbf4a5f2a75b1949f50a0caf5cd603558e7d8a26e50b933a0cfb79d1\windows-amd64\native-platform.dll
Event: 12.664 Attempting to load shared library C:\Users\lenovo\.gradle\native\0.2.8\x86_64-windows-gnu\gradle-fileevents.dll
Event: 12.682 Loaded shared library C:\Users\lenovo\.gradle\native\0.2.8\x86_64-windows-gnu\gradle-fileevents.dll
Event: 25.096 Attempting to load shared library C:\Program Files\Java\jdk-26.0.1\bin\management.dll
Event: 25.112 Loaded shared library C:\Program Files\Java\jdk-26.0.1\bin\management.dll
Event: 25.140 Attempting to load shared library C:\Program Files\Java\jdk-26.0.1\bin\management_ext.dll
Event: 25.148 Loaded shared library C:\Program Files\Java\jdk-26.0.1\bin\management_ext.dll
Event: 27.529 Attempting to load shared library C:\Program Files\Java\jdk-26.0.1\bin\extnet.dll
Event: 27.538 Loaded shared library C:\Program Files\Java\jdk-26.0.1\bin\extnet.dll
Event: 30.346 Attempting to load shared library C:\Program Files\Java\jdk-26.0.1\bin\sunmscapi.dll
Event: 30.370 Loaded shared library C:\Program Files\Java\jdk-26.0.1\bin\sunmscapi.dll

Deoptimization events (20 events):
Event: 111.260 Thread 0x0000020d6a511de0 Uncommon trap: trap_request=0xffffff45 fr.pc=0x0000020d5393da38 relative=0x00000000000002b8
Event: 111.260 Thread 0x0000020d6a511de0 Uncommon trap: reason=unstable_if action=reinterpret pc=0x0000020d5393da38 method=java.lang.StringUTF16.compress([CII)[B @ 17 c2
Event: 111.260 Thread 0x0000020d6a511de0 DEOPT PACKING pc=0x0000020d5393da38 sp=0x0000004361bf7a50
Event: 111.260 Thread 0x0000020d6a511de0 DEOPT UNPACKING pc=0x0000020d53430f02 sp=0x0000004361bf7960 mode 2
Event: 111.261 Thread 0x0000020d6a511de0 Uncommon trap: trap_request=0xffffff45 fr.pc=0x0000020d53924600 relative=0x0000000000000600
Event: 111.261 Thread 0x0000020d6a511de0 Uncommon trap: reason=unstable_if action=reinterpret pc=0x0000020d53924600 method=java.lang.String.replace(CC)Ljava/lang/String; @ 9 c2
Event: 111.261 Thread 0x0000020d6a511de0 DEOPT PACKING pc=0x0000020d53924600 sp=0x0000004361bf7ce0
Event: 111.262 Thread 0x0000020d6a511de0 DEOPT UNPACKING pc=0x0000020d53430f02 sp=0x0000004361bf7c80 mode 2
Event: 111.262 Thread 0x0000020d6a511de0 Uncommon trap: trap_request=0xffffff45 fr.pc=0x0000020d53a51d1c relative=0x0000000000001b1c
Event: 111.262 Thread 0x0000020d6a511de0 Uncommon trap: reason=unstable_if action=reinterpret pc=0x0000020d53a51d1c method=java.lang.String.hashCode()I @ 20 c2
Event: 111.262 Thread 0x0000020d6a511de0 DEOPT PACKING pc=0x0000020d53a51d1c sp=0x0000004361bf79c0
Event: 111.262 Thread 0x0000020d6a511de0 DEOPT UNPACKING pc=0x0000020d53430f02 sp=0x0000004361bf78b8 mode 2
Event: 111.263 Thread 0x0000020d6a511de0 Uncommon trap: trap_request=0xffffff45 fr.pc=0x0000020d538c6088 relative=0x0000000000000188
Event: 111.264 Thread 0x0000020d6a511de0 Uncommon trap: reason=unstable_if action=reinterpret pc=0x0000020d538c6088 method=jdk.internal.util.ArraysSupport.vectorizedHashCode(Ljava/lang/Object;IIII)I @ 2 c2
Event: 111.264 Thread 0x0000020d6a511de0 DEOPT PACKING pc=0x0000020d538c6088 sp=0x0000004361bf77b0
Event: 111.264 Thread 0x0000020d6a511de0 DEOPT UNPACKING pc=0x0000020d53430f02 sp=0x0000004361bf7760 mode 2
Event: 111.267 Thread 0x0000020d6a511de0 Uncommon trap: trap_request=0xffffff45 fr.pc=0x0000020d53a59684 relative=0x0000000000000c04
Event: 111.267 Thread 0x0000020d6a511de0 Uncommon trap: reason=unstable_if action=reinterpret pc=0x0000020d53a59684 method=org.objectweb.asm.ByteVector.putUTF8(Ljava/lang/String;)Lorg/objectweb/asm/ByteVector; @ 100 c2
Event: 111.267 Thread 0x0000020d6a511de0 DEOPT PACKING pc=0x0000020d53a59684 sp=0x0000004361bf7940
Event: 111.268 Thread 0x0000020d6a511de0 DEOPT UNPACKING pc=0x0000020d53430f02 sp=0x0000004361bf7878 mode 2

Classes loaded (20 events):
Event: 68.910 Loading class java/util/Collections$SynchronizedList done
Event: 68.910 Loading class java/util/Collections$SynchronizedRandomAccessList done
Event: 69.654 Loading class java/nio/file/FileSystemLoopException
Event: 69.656 Loading class java/nio/file/FileSystemLoopException done
Event: 70.210 Loading class java/util/zip/ZipException
Event: 70.211 Loading class java/util/zip/ZipException done
Event: 70.241 Loading class java/nio/charset/UnsupportedCharsetException
Event: 70.242 Loading class java/nio/charset/UnsupportedCharsetException done
Event: 70.256 Loading class java/util/Collections$UnmodifiableSortedMap
Event: 70.258 Loading class java/util/Collections$UnmodifiableSortedMap done
Event: 70.265 Loading class java/util/zip/Deflater
Event: 70.268 Loading class java/util/zip/Deflater done
Event: 70.277 Loading class java/util/zip/Deflater$DeflaterZStreamRef
Event: 70.277 Loading class java/util/zip/Deflater$DeflaterZStreamRef done
Event: 70.339 Loading class java/util/zip/ZipFile$ZipEntryIterator
Event: 70.342 Loading class java/util/zip/ZipFile$ZipEntryIterator done
Event: 73.024 Loading class java/util/regex/Pattern$Caret
Event: 73.026 Loading class java/util/regex/Pattern$Caret done
Event: 112.004 Loading class java/lang/foreign/MemorySegment
Event: 112.338 Loading class java/lang/foreign/MemorySegment done

Classes unloaded (0 events):
No events

Classes redefined (0 events):
No events

Internal exceptions (20 events):
Event: 67.941 Thread 0x0000020d6a511de0 Exception <a 'java/lang/ClassNotFoundException'{0x0000000703c11c90}: java/lang/ObjectCustomizer> (0x0000000703c11c90) 
thrown [s\open\src\hotspot\share\classfile\systemDictionary.cpp, line 329]
Event: 67.980 Thread 0x0000020d6a511de0 Exception <a 'java/lang/IncompatibleClassChangeError'{0x0000000703c29458}: Found class java.lang.Object, but interface was expected> (0x0000000703c29458) 
thrown [s\open\src\hotspot\share\interpreter\linkResolver.cpp, line 871]
Event: 68.026 Thread 0x0000020d6a511de0 Exception <a 'java/lang/ClassNotFoundException'{0x0000000703c6a700}: groovy/lang/MetaClassImplCustomizer> (0x0000000703c6a700) 
thrown [s\open\src\hotspot\share\classfile\systemDictionary.cpp, line 329]
Event: 68.066 Thread 0x0000020d6a511de0 Exception <a 'java/lang/ClassNotFoundException'{0x0000000703c94a98}: groovy/lang/ExpandoMetaClassCustomizer> (0x0000000703c94a98) 
thrown [s\open\src\hotspot\share\classfile\systemDictionary.cpp, line 329]
Event: 68.226 Thread 0x0000020d6a511de0 Exception <a 'java/lang/ClassNotFoundException'{0x0000000703d6b730}: org/gradle/internal/extensibility/DefaultExtraPropertiesExtensionBeanInfo> (0x0000000703d6b730) 
thrown [s\open\src\hotspot\share\classfile\systemDictionary.cpp, line 329]
Event: 68.229 Thread 0x0000020d6a511de0 Exception <a 'java/lang/ClassNotFoundException'{0x0000000703d731f8}: groovy/lang/GroovyObjectSupportBeanInfo> (0x0000000703d731f8) 
thrown [s\open\src\hotspot\share\classfile\systemDictionary.cpp, line 329]
Event: 68.231 Thread 0x0000020d6a511de0 Exception <a 'java/lang/ClassNotFoundException'{0x0000000703d7afd8}: groovy/lang/GroovyObjectSupportCustomizer> (0x0000000703d7afd8) 
thrown [s\open\src\hotspot\share\classfile\systemDictionary.cpp, line 329]
Event: 68.252 Thread 0x0000020d6a511de0 Exception <a 'java/lang/ClassNotFoundException'{0x0000000703d97950}: org/gradle/internal/extensibility/DefaultExtraPropertiesExtensionCustomizer> (0x0000000703d97950) 
thrown [s\open\src\hotspot\share\classfile\systemDictionary.cpp, line 329]
Event: 68.387 Thread 0x0000020d6a511de0 Exception <a 'java/lang/IncompatibleClassChangeError'{0x00000007ffe0b0a0}: Found class java.lang.Object, but interface was expected> (0x00000007ffe0b0a0) 
thrown [s\open\src\hotspot\share\interpreter\linkResolver.cpp, line 871]
Event: 68.630 Thread 0x0000020d6a511de0 Exception <a 'sun/nio/fs/WindowsException'{0x00000007fff091f0}> (0x00000007fff091f0) 
thrown [s\open\src\hotspot\share\prims\jni.cpp, line 514]
Event: 68.687 Thread 0x0000020d6a511de0 Exception <a 'sun/nio/fs/WindowsException'{0x00000007fff0b040}> (0x00000007fff0b040) 
thrown [s\open\src\hotspot\share\prims\jni.cpp, line 514]
Event: 68.694 Thread 0x0000020d6a511de0 Exception <a 'sun/nio/fs/WindowsException'{0x00000007fff0c508}> (0x00000007fff0c508) 
thrown [s\open\src\hotspot\share\prims\jni.cpp, line 514]
Event: 68.705 Thread 0x0000020d6a511de0 Exception <a 'sun/nio/fs/WindowsException'{0x00000007fff0d9e8}> (0x00000007fff0d9e8) 
thrown [s\open\src\hotspot\share\prims\jni.cpp, line 514]
Event: 68.848 Thread 0x0000020d6a511de0 Exception <a 'java/lang/NoSuchMethodError'{0x0000000705631c88}: 'java.lang.Object java.lang.invoke.Invokers$Holder.invoker(java.lang.Object, java.lang.Object, java.lang.Object, java.lang.Object, java.lang.Object, java.lang.Object)'> (0x0000000705631c88) 
thrown [s\open\src\hotspot\share\interpreter\linkResolver.cpp, line 804]
Event: 68.999 Thread 0x0000020d6a511de0 Exception <a 'java/lang/NoSuchMethodError'{0x000000070575cc68}: 'java.lang.Object java.lang.invoke.Invokers$Holder.invoker(java.lang.Object, java.lang.Object, java.lang.Object, java.lang.Object, java.lang.Object, java.lang.Object, java.lang.Object, java.lang.Object, java.lang.Object, java.lang.Object, java.lang.Object, java.lang.Object, java.lang.Object, java.lang.Object, java.lang.Object, java.lang.Object, java.lang.Object, java.lang.Object, java.lang.Object, java.lang.Object, java.lang.Object, java.lang.
Event: 69.001 Thread 0x0000020d6a511de0 Exception <a 'java/lang/NoSuchMethodError'{0x0000000705767e60}: 'java.lang.Object java.lang.invoke.DelegatingMethodHandle$Holder.delegate(java.lang.Object, java.lang.Object, java.lang.Object, java.lang.Object, java.lang.Object, java.lang.Object, java.lang.Object, java.lang.Object, java.lang.Object, java.lang.Object, java.lang.Object, java.lang.Object, java.lang.Object, java.lang.Object, java.lang.Object, java.lang.Object, java.lang.Object, java.lang.Object, java.lang.Object, java.lang.Object, java.lang.Obj
Event: 69.359 Thread 0x0000020d6a511de0 Exception <a 'java/lang/NoSuchMethodError'{0x0000000705262a58}: 'java.lang.Object java.lang.invoke.DirectMethodHandle$Holder.newInvokeSpecial(java.lang.Object, java.lang.Object, java.lang.Object, java.lang.Object, java.lang.Object, java.lang.Object, int)'> (0x0000000705262a58) 
thrown [s\open\src\hotspot\share\interpreter\linkResolver.cpp, line 804]
Event: 69.362 Thread 0x0000020d6a511de0 Exception <a 'java/lang/NoSuchMethodError'{0x000000070526c130}: 'java.lang.Object java.lang.invoke.DirectMethodHandle$Holder.invokeSpecial(java.lang.Object, java.lang.Object, java.lang.Object, java.lang.Object, java.lang.Object, java.lang.Object, java.lang.Object, int)'> (0x000000070526c130) 
thrown [s\open\src\hotspot\share\interpreter\linkResolver.cpp, line 804]
Event: 70.163 Thread 0x0000020d6a511de0 Exception <a 'sun/nio/fs/WindowsException'{0x00000007046df310}> (0x00000007046df310) 
thrown [s\open\src\hotspot\share\prims\jni.cpp, line 514]
Event: 70.167 Thread 0x0000020d6a511de0 Exception <a 'sun/nio/fs/WindowsException'{0x00000007046e0900}> (0x00000007046e0900) 
thrown [s\open\src\hotspot\share\prims\jni.cpp, line 514]

VM Operations (20 events):
Event: 68.632 Executing safepoint VM operation: G1PauseRemark
Event: 68.671 Executing safepoint VM operation: G1PauseRemark done
Event: 68.672 Executing non-safepoint VM operation: HandshakeAllThreads (Deoptimize)
Event: 68.672 Executing non-safepoint VM operation: HandshakeAllThreads (Deoptimize) done
Event: 68.738 Executing safepoint VM operation: G1PauseCleanup
Event: 68.739 Executing safepoint VM operation: G1PauseCleanup done
Event: 70.600 Executing non-safepoint VM operation: HandshakeAllThreads (Deoptimize)
Event: 70.601 Executing non-safepoint VM operation: HandshakeAllThreads (Deoptimize) done
Event: 70.753 Executing non-safepoint VM operation: HandshakeAllThreads (Deoptimize)
Event: 70.754 Executing non-safepoint VM operation: HandshakeAllThreads (Deoptimize) done
Event: 72.895 Executing safepoint VM operation: G1CollectForAllocation (G1 Evacuation Pause)
Event: 73.000 Executing safepoint VM operation: G1CollectForAllocation (G1 Evacuation Pause) done
Event: 75.112 Executing safepoint VM operation: G1CollectForAllocation (G1 Evacuation Pause)
Event: 75.191 Executing safepoint VM operation: G1CollectForAllocation (G1 Evacuation Pause) done
Event: 83.582 Executing safepoint VM operation: G1CollectForAllocation (G1 Evacuation Pause)
Event: 83.700 Executing safepoint VM operation: G1CollectForAllocation (G1 Evacuation Pause) done
Event: 96.758 Executing safepoint VM operation: G1CollectForAllocation (G1 Evacuation Pause)
Event: 96.835 Executing safepoint VM operation: G1CollectForAllocation (G1 Evacuation Pause) done
Event: 105.213 Executing safepoint VM operation: G1CollectForAllocation (G1 Evacuation Pause)
Event: 105.292 Executing safepoint VM operation: G1CollectForAllocation (G1 Evacuation Pause) done

Memory protections (0 events):
No events

Nmethod flushes (20 events):
Event: 68.665 Thread 0x0000020d633d57a0 flushing  nmethod 0x0000020d4bdee188
Event: 68.665 Thread 0x0000020d633d57a0 flushing  nmethod 0x0000020d4bdeea88
Event: 68.665 Thread 0x0000020d633d57a0 flushing  nmethod 0x0000020d4be31508
Event: 68.665 Thread 0x0000020d633d57a0 flushing  nmethod 0x0000020d4be31f88
Event: 68.665 Thread 0x0000020d633d57a0 flushing  nmethod 0x0000020d4be32688
Event: 68.665 Thread 0x0000020d633d57a0 flushing  nmethod 0x0000020d4be33d88
Event: 68.665 Thread 0x0000020d633d57a0 flushing  nmethod 0x0000020d4be5cf08
Event: 68.665 Thread 0x0000020d633d57a0 flushing  nmethod 0x0000020d4be5e888
Event: 68.665 Thread 0x0000020d633d57a0 flushing  nmethod 0x0000020d4be8fe88
Event: 68.665 Thread 0x0000020d633d57a0 flushing  nmethod 0x0000020d4be90488
Event: 68.665 Thread 0x0000020d633d57a0 flushing  nmethod 0x0000020d4be92308
Event: 68.665 Thread 0x0000020d633d57a0 flushing  nmethod 0x0000020d4be92708
Event: 68.665 Thread 0x0000020d633d57a0 flushing  nmethod 0x0000020d4be92e88
Event: 68.665 Thread 0x0000020d633d57a0 flushing  nmethod 0x0000020d4bf5e208
Event: 68.665 Thread 0x0000020d633d57a0 flushing  nmethod 0x0000020d4bfe9e88
Event: 68.665 Thread 0x0000020d633d57a0 flushing  nmethod 0x0000020d4c015e08
Event: 68.665 Thread 0x0000020d633d57a0 flushing  nmethod 0x0000020d4c0a5188
Event: 68.665 Thread 0x0000020d633d57a0 flushing  nmethod 0x0000020d4c0abb88
Event: 68.665 Thread 0x0000020d633d57a0 flushing  nmethod 0x0000020d4c19c308
Event: 68.665 Thread 0x0000020d633d57a0 flushing  nmethod 0x0000020d4c1b7108

Events (20 events):
Event: 31.153 Thread 0x0000020d68d72a20 Thread added: 0x0000020d6a511de0
Event: 31.313 Thread 0x0000020d6a511de0 Thread added: 0x0000020d6a511610
Event: 31.619 Thread 0x0000020d6a511de0 Thread added: 0x0000020d6a513550
Event: 31.698 Thread 0x0000020d6a511de0 Thread added: 0x0000020d6a58f780
Event: 36.428 Thread 0x0000020d6a511de0 Thread added: 0x0000020d6a58efb0
Event: 36.512 Thread 0x0000020d6a511de0 Thread added: 0x0000020d6a58d840
Event: 37.169 Thread 0x0000020d6a511de0 Thread added: 0x0000020d6a5916c0
Event: 52.324 Thread 0x0000020d6a511de0 Thread added: 0x0000020d6a5945a0
Event: 52.485 Thread 0x0000020d6a511de0 Thread added: 0x0000020d6a592e30
Event: 56.146 Thread 0x0000020d6a511de0 Thread added: 0x0000020d6ad51690
Event: 56.234 Thread 0x0000020d6a511de0 Thread added: 0x0000020d6ad50ec0
Event: 58.017 Thread 0x0000020d6a511de0 Thread added: 0x0000020d6ad535d0
Event: 58.997 Thread 0x0000020d634046a0 Thread added: 0x0000020d6b060980
Event: 59.340 Thread 0x0000020d6a511de0 Thread added: 0x0000020d6ad52e00
Event: 59.790 Thread 0x0000020d6b060980 Thread exited: 0x0000020d6b060980
Event: 60.009 Thread 0x0000020d634046a0 Thread added: 0x0000020d6b060980
Event: 62.987 Thread 0x0000020d6a511de0 Thread added: 0x0000020d63716e90
Event: 63.740 Thread 0x0000020d6a511de0 Thread added: 0x0000020d637137e0
Event: 68.028 Thread 0x0000020d6b060980 Thread exited: 0x0000020d6b060980
Event: 105.811 Thread 0x0000020d63406eb0 Thread added: 0x0000020d6b626510


Dynamic libraries:
0x00007ff602560000 - 0x00007ff602570000 	C:\Program Files\Java\jdk-26.0.1\bin\java.exe
0x00007ffe31ca0000 - 0x00007ffe31f06000 	C:\WINDOWS\SYSTEM32\ntdll.dll
0x00007ffe30f60000 - 0x00007ffe31029000 	C:\WINDOWS\System32\KERNEL32.DLL
0x00007ffe2f3b0000 - 0x00007ffe2f7b0000 	C:\WINDOWS\System32\KERNELBASE.dll
0x00007ffe2f7c0000 - 0x00007ffe2f90c000 	C:\WINDOWS\System32\ucrtbase.dll
0x00007ffe29760000 - 0x00007ffe2977e000 	C:\Program Files\Java\jdk-26.0.1\bin\VCRUNTIME140.dll
0x00007ffe17e50000 - 0x00007ffe17e67000 	C:\Program Files\Java\jdk-26.0.1\bin\jli.dll
0x00007ffe317e0000 - 0x00007ffe319a7000 	C:\WINDOWS\System32\USER32.dll
0x00007ffe2eec0000 - 0x00007ffe2eee7000 	C:\WINDOWS\System32\win32u.dll
0x00007ffe19f80000 - 0x00007ffe1a212000 	C:\WINDOWS\WinSxS\amd64_microsoft.windows.common-controls_6595b64144ccf1df_6.0.26100.8737_none_3e092eaee333b772\COMCTL32.dll
0x00007ffe319b0000 - 0x00007ffe319db000 	C:\WINDOWS\System32\GDI32.dll
0x00007ffe31730000 - 0x00007ffe317d9000 	C:\WINDOWS\System32\msvcrt.dll
0x00007ffe2eef0000 - 0x00007ffe2f019000 	C:\WINDOWS\System32\gdi32full.dll
0x00007ffe2f920000 - 0x00007ffe2f9c3000 	C:\WINDOWS\System32\msvcp_win.dll
0x00007ffe30bf0000 - 0x00007ffe30c22000 	C:\WINDOWS\System32\IMM32.DLL
0x00007ffe2b710000 - 0x00007ffe2b71c000 	C:\Program Files\Java\jdk-26.0.1\bin\vcruntime140_1.dll
0x00007ffde17d0000 - 0x00007ffde185d000 	C:\Program Files\Java\jdk-26.0.1\bin\msvcp140.dll
0x00007ffd95e60000 - 0x00007ffd96d2e000 	C:\Program Files\Java\jdk-26.0.1\bin\server\jvm.dll
0x00007ffe30ea0000 - 0x00007ffe30f57000 	C:\WINDOWS\System32\ADVAPI32.dll
0x00007ffe314f0000 - 0x00007ffe3159a000 	C:\WINDOWS\System32\sechost.dll
0x00007ffe313d0000 - 0x00007ffe314e8000 	C:\WINDOWS\System32\RPCRT4.dll
0x00007ffe316a0000 - 0x00007ffe31720000 	C:\WINDOWS\System32\WS2_32.dll
0x00007ffe25d10000 - 0x00007ffe25d46000 	C:\WINDOWS\SYSTEM32\WINMM.dll
0x00007ffe2ed20000 - 0x00007ffe2ed7e000 	C:\WINDOWS\SYSTEM32\POWRPROF.dll
0x00007ffe20890000 - 0x00007ffe2089b000 	C:\WINDOWS\SYSTEM32\VERSION.dll
0x00007ffe2ed00000 - 0x00007ffe2ed14000 	C:\WINDOWS\SYSTEM32\UMPDC.dll
0x00007ffe2dba0000 - 0x00007ffe2dbbb000 	C:\WINDOWS\SYSTEM32\kernel.appcore.dll
0x00007ffe1eab0000 - 0x00007ffe1eaba000 	C:\Program Files\Java\jdk-26.0.1\bin\jimage.dll
0x00007ffe2c3b0000 - 0x00007ffe2c5f2000 	C:\WINDOWS\SYSTEM32\DBGHELP.DLL
0x00007ffe30810000 - 0x00007ffe30b93000 	C:\WINDOWS\System32\combase.dll
0x00007ffe31030000 - 0x00007ffe31109000 	C:\WINDOWS\System32\OLEAUT32.dll
0x00007ffe15610000 - 0x00007ffe1564b000 	C:\WINDOWS\SYSTEM32\dbgcore.DLL
0x00007ffe2f0e0000 - 0x00007ffe2f18c000 	C:\WINDOWS\System32\bcryptPrimitives.dll
0x00007ffe03200000 - 0x00007ffe03210000 	C:\Program Files\Java\jdk-26.0.1\bin\instrument.dll
0x00007ffe143e0000 - 0x00007ffe143ff000 	C:\Program Files\Java\jdk-26.0.1\bin\java.dll
0x00007ffe319e0000 - 0x00007ffe31b79000 	C:\WINDOWS\System32\ole32.dll
0x00007ffe30070000 - 0x00007ffe30802000 	C:\WINDOWS\System32\SHELL32.dll
0x00007ffe2c980000 - 0x00007ffe2d212000 	C:\WINDOWS\SYSTEM32\windows.storage.dll
0x00007ffe30c30000 - 0x00007ffe30d27000 	C:\WINDOWS\System32\SHCORE.dll
0x00007ffe31bf0000 - 0x00007ffe31c57000 	C:\WINDOWS\System32\shlwapi.dll
0x00007ffe2ede0000 - 0x00007ffe2ee09000 	C:\WINDOWS\SYSTEM32\profapi.dll
0x00007ffe03340000 - 0x00007ffe03357000 	C:\Program Files\Java\jdk-26.0.1\bin\zip.dll
0x00007ffe143c0000 - 0x00007ffe143d2000 	C:\Program Files\Java\jdk-26.0.1\bin\net.dll
0x00007ffe2e150000 - 0x00007ffe2e1bc000 	C:\WINDOWS\system32\mswsock.dll
0x00007ffe0b350000 - 0x00007ffe0b366000 	C:\Program Files\Java\jdk-26.0.1\bin\nio.dll
0x00007ffe17d90000 - 0x00007ffe17da0000 	C:\Program Files\Java\jdk-26.0.1\bin\verify.dll
0x00007ffdf7e20000 - 0x00007ffdf7e47000 	C:\Users\lenovo\.gradle\native\660c5614fbf4a5f2a75b1949f50a0caf5cd603558e7d8a26e50b933a0cfb79d1\windows-amd64\native-platform.dll
0x00007ffdf2030000 - 0x00007ffdf20a7000 	C:\Users\lenovo\.gradle\native\0.2.8\x86_64-windows-gnu\gradle-fileevents.dll
0x00007ffe05b70000 - 0x00007ffe05b7a000 	C:\Program Files\Java\jdk-26.0.1\bin\management.dll
0x00007ffe03330000 - 0x00007ffe0333c000 	C:\Program Files\Java\jdk-26.0.1\bin\management_ext.dll
0x00007ffe2f9f0000 - 0x00007ffe2f9f8000 	C:\WINDOWS\System32\PSAPI.DLL
0x00007ffe2d620000 - 0x00007ffe2d653000 	C:\WINDOWS\SYSTEM32\IPHLPAPI.DLL
0x00007ffe31be0000 - 0x00007ffe31bea000 	C:\WINDOWS\System32\NSI.dll
0x00007ffe03210000 - 0x00007ffe03219000 	C:\Program Files\Java\jdk-26.0.1\bin\extnet.dll
0x00007ffe2e450000 - 0x00007ffe2e46b000 	C:\WINDOWS\SYSTEM32\CRYPTSP.dll
0x00007ffe2db00000 - 0x00007ffe2db39000 	C:\WINDOWS\system32\rsaenh.dll
0x00007ffe2e210000 - 0x00007ffe2e242000 	C:\WINDOWS\SYSTEM32\USERENV.dll
0x00007ffe2edb0000 - 0x00007ffe2edda000 	C:\WINDOWS\SYSTEM32\bcrypt.dll
0x00007ffe2e470000 - 0x00007ffe2e47c000 	C:\WINDOWS\SYSTEM32\CRYPTBASE.dll
0x00007ffe02f20000 - 0x00007ffe02f2e000 	C:\Program Files\Java\jdk-26.0.1\bin\sunmscapi.dll
0x00007ffe2f230000 - 0x00007ffe2f3a8000 	C:\WINDOWS\System32\CRYPT32.dll
0x00007ffe2e690000 - 0x00007ffe2e6c0000 	C:\WINDOWS\SYSTEM32\ncrypt.dll
0x00007ffe2e640000 - 0x00007ffe2e67f000 	C:\WINDOWS\SYSTEM32\NTASN1.dll
0x00007ffe28930000 - 0x00007ffe28938000 	C:\WINDOWS\system32\wshunix.dll

JVMTI agents:
C:\Users\lenovo\.gradle\wrapper\dists\gradle-9.4.1-bin\arn2x92ynaizyzdaamcbpbhtj\gradle-9.4.1\lib\agents\gradle-instrumentation-agent-9.4.1.jar path:C:\Program Files\Java\jdk-26.0.1\bin\instrument.dll, loaded, initialized, instrumentlib options:none

dbghelp: loaded successfully - version: 4.0.5 - missing functions: none
symbol engine: initialized successfully - sym options: 0x614 - pdb path: .;C:\Program Files\Java\jdk-26.0.1\bin;C:\WINDOWS\SYSTEM32;C:\WINDOWS\WinSxS\amd64_microsoft.windows.common-controls_6595b64144ccf1df_6.0.26100.8737_none_3e092eaee333b772;C:\Program Files\Java\jdk-26.0.1\bin\server;C:\Users\lenovo\.gradle\native\660c5614fbf4a5f2a75b1949f50a0caf5cd603558e7d8a26e50b933a0cfb79d1\windows-amd64;C:\Users\lenovo\.gradle\native\0.2.8\x86_64-windows-gnu

VM Arguments:
jvm_args: --add-opens=java.base/java.lang=ALL-UNNAMED --add-opens=java.base/java.lang.invoke=ALL-UNNAMED --add-opens=java.base/java.util=ALL-UNNAMED --add-opens=java.prefs/java.util.prefs=ALL-UNNAMED --add-exports=jdk.compiler/com.sun.tools.javac.api=ALL-UNNAMED --add-exports=jdk.compiler/com.sun.tools.javac.util=ALL-UNNAMED --add-opens=java.base/java.util=ALL-UNNAMED --add-opens=java.prefs/java.util.prefs=ALL-UNNAMED --add-opens=java.base/java.nio.charset=ALL-UNNAMED --add-opens=java.base/java.net=ALL-UNNAMED --add-opens=java.base/java.util.concurrent=ALL-UNNAMED --add-opens=java.base/java.util.concurrent.atomic=ALL-UNNAMED --add-opens=java.xml/javax.xml.namespace=ALL-UNNAMED --add-opens=java.base/java.time=ALL-UNNAMED --enable-native-access=ALL-UNNAMED -XX:MaxMetaspaceSize=512m -XX:+HeapDumpOnOutOfMemoryError -Xmx4096m -Dfile.encoding=UTF-8 -Duser.country=US -Duser.language=en -Duser.variant -javaagent:C:\Users\lenovo\.gradle\wrapper\dists\gradle-9.4.1-bin\arn2x92ynaizyzdaamcbpbhtj\gradle-9.4.1\lib\agents\gradle-instrumentation-agent-9.4.1.jar 
java_command: org.gradle.launcher.daemon.bootstrap.GradleDaemon 9.4.1
java_class_path (initial): C:\Users\lenovo\.gradle\wrapper\dists\gradle-9.4.1-bin\arn2x92ynaizyzdaamcbpbhtj\gradle-9.4.1\lib\gradle-daemon-main-9.4.1.jar
Launcher Type: SUN_STANDARD

[Global flags]
     bool AOTAdapterCaching                        = false                                  {diagnostic} {ergonomic}
     bool AOTInvokeDynamicLinking                  = false                                  {diagnostic} {ergonomic}
     bool AOTRecordTraining                        = false                                  {diagnostic} {ergonomic}
     bool AOTReplayTraining                        = false                                  {diagnostic} {ergonomic}
     bool AOTStubCaching                           = false                                  {diagnostic} {ergonomic}
     intx CICompilerCount                          = 4                                         {product} {ergonomic}
   size_t CompressedClassSpaceSize                 = 436207616                                 {product} {ergonomic}
     uint ConcGCThreads                            = 2                                         {product} {ergonomic}
     uint G1ConcRefinementThreads                  = 8                                         {product} {ergonomic}
     uint G1EagerReclaimRemSetThreshold            = 16                                   {experimental} {ergonomic}
   size_t G1HeapRegionSize                         = 2097152                                   {product} {ergonomic}
     uint G1RemSetArrayOfCardsEntries              = 16                                   {experimental} {ergonomic}
     uint G1RemSetHowlMaxNumBuckets                = 8                                    {experimental} {ergonomic}
     uint G1RemSetHowlNumBuckets                   = 8                                    {experimental} {ergonomic}
     bool HeapDumpOnOutOfMemoryError               = true                                   {manageable} {command line}
   size_t InitialHeapSize                          = 8388608                                   {product} {ergonomic}
     bool IntelJccErratumMitigation                = false                             {ARCH diagnostic} {ergonomic}
   size_t MarkStackSize                            = 4194304                                   {product} {ergonomic}
   size_t MarkStackSizeMax                         = 536870912                                 {product} {ergonomic}
   size_t MaxHeapSize                              = 4294967296                                {product} {command line}
   size_t MaxMetaspaceSize                         = 536870912                                 {product} {command line}
   size_t MaxNewSize                               = 2575302656                                {product} {ergonomic}
 uint64_t MaxRAM                                   = 4084523008                                {product} {ergonomic}
   size_t MinHeapDeltaBytes                        = 2097152                                   {product} {ergonomic}
   size_t MinHeapSize                              = 8388608                                   {product} {ergonomic}
   size_t NonNMethodCodeHeapSize                   = 5898240                                {pd product} {ergonomic}
   size_t NonProfiledCodeHeapSize                  = 122945536                              {pd product} {ergonomic}
   size_t ProfiledCodeHeapSize                     = 122945536                              {pd product} {ergonomic}
   size_t ReservedCodeCacheSize                    = 251789312                              {pd product} {ergonomic}
     bool SegmentedCodeCache                       = true                                      {product} {ergonomic}
   size_t SoftMaxHeapSize                          = 4294967296                             {manageable} {ergonomic}
     bool UseCompressedOops                        = true                           {product lp64_product} {ergonomic}
     bool UseCondCardMark                          = true                                      {product} {ergonomic}
     bool UseFastUnorderedTimeStamps               = true                                 {experimental} {ergonomic}
     bool UseG1GC                                  = true                                      {product} {ergonomic}
     bool UseLargePagesIndividualAllocation        = false                                  {pd product} {ergonomic}
      int X86ICacheSync                            = 3                                 {ARCH diagnostic} {ergonomic}

Logging:
Log output configuration:
 #0: stdout all=warning uptime,level,tags foldmultilines=false
 #1: stderr all=off uptime,level,tags foldmultilines=false

Release file:
IMPLEMENTOR="Oracle Corporation" 
JAVA_RUNTIME_VERSION="26.0.1+8-34" 
JAVA_VERSION="26.0.1" 
JAVA_VERSION_DATE="2026-04-21" 
LIBC="default" 
MODULES="java.base java.compiler java.datatransfer java.xml java.prefs java.desktop java.instrument java.logging java.management java.security.sasl java.naming java.rmi java.management.rmi java.net.http java.scripting java.security.jgss java.transaction.xa java.sql java.sql.rowset java.xml.crypto java.se java.smartcardio jdk.accessibility jdk.internal.jvmstat jdk.attach jdk.charsets jdk.internal.opt jdk.zipfs jdk.compiler jdk.crypto.cryptoki jdk.crypto.ec jdk.crypto.mscapi jdk.dynalink jdk.internal.ed jdk.editpad jdk.internal.vm.ci jdk.graal.compiler jdk.graal.compiler.management jdk.hotspot.agent jdk.httpserver jdk.incubator.vector jdk.internal.le jdk.internal.md jdk.jartool jdk.javadoc jdk.jcmd jdk.management jdk.management.agent jdk.jconsole jdk.jdeps jdk.jdwp.agent jdk.jdi jdk.jfr jdk.jlink jdk.jpackage jdk.jshell jdk.jstatd jdk.localedata jdk.management.jfr jdk.naming.dns jdk.naming.rmi jdk.net jdk.nio.mapmode jdk.sctp jdk.security.auth jdk.security.jgss jdk.unsupported jdk.unsupported.desktop jdk.xml.dom" 
OS_ARCH="x86_64" 
OS_NAME="Windows" 
SOURCE=".:git:8fcde8268d22 open:git:fcc00fc4aee7" 

Environment Variables:
PATH=C:\Program Files\Common Files\Oracle\Java\javapath;C:\Python314\Scripts\;C:\Python314\;C:\WINDOWS\system32;C:\WINDOWS;C:\WINDOWS\System32\Wbem;C:\WINDOWS\System32\WindowsPowerShell\v1.0\;C:\WINDOWS\System32\OpenSSH\;C:\Program Files\Git\cmd;C:\Program Files\nodejs\;C:\ProgramData\chocolatey\bin;C:\Program Files\Microsoft SQL Server\170\Tools\Binn\;C:\Program Files\Microsoft SQL Server\Client SDK\ODBC\170\Tools\Binn\;C:\Program Files (x86)\IncrediBuild;C:\Program Files (x86)\Windows Kits\10\Windows Performance Toolkit\;C:\Program Files\tre-command\bin\;C:\Program Files (x86)\Google\Cloud SDK\google-cloud-sdk\bin;C:\Program Files\dotnet\;C:\Program Files\Go\bin;C:\Users\lenovo\AppData\Local\Programs\Python\Python312\Scripts\;C:\Users\lenovo\AppData\Local\Programs\Python\Python312\;C:\Users\lenovo\AppData\Local\Microsoft\WindowsApps;C:\Users\lenovo\AppData\Roaming\npm;C:\Users\lenovo\AppData\Local\Programs\Microsoft VS Code\bin;C:\Users\lenovo\AppData\Local\Programs\Microsoft VS Code Insiders\bin;C:\Users\lenovo\AppData\Local\Python\bin;C:\Users\lenovo\AppData\Local\Programs\Antigravity\bin;C:\Users\lenovo\.dotnet\tools;C:\Users\lenovo\go\bin
USERNAME=lenovo
OS=Windows_NT
PROCESSOR_IDENTIFIER=Intel64 Family 6 Model 140 Stepping 1, GenuineIntel
TMP=C:\Users\lenovo\AppData\Local\Temp
TEMP=C:\Users\lenovo\AppData\Local\Temp




Compilation memory statistics disabled.

Periodic native trim disabled

---------------  S Y S T E M  ---------------

OS:
 Windows 11 , 64 bit Build 26100 (10.0.26100.8737)
OS uptime: 0 days 21:03 hours

CPU: total 8 (initial active 8) (4 cores per cpu, 2 threads per core) family 6 model 140 stepping 1 microcode 0x8a, cx8, cmov, fxsr, ht, mmx, 3dnowpref, sse, sse2, sse3, ssse3, sse4.1, sse4.2, popcnt, lzcnt, tsc, tscinvbit, avx, avx2, aes, erms, clmul, bmi1, bmi2, adx, avx512f, avx512dq, avx512cd, avx512bw, avx512vl, sha, fma, vzeroupper, avx512_vpopcntdq, avx512_vpclmulqdq, avx512_vaes, avx512_vnni, clflush, clflushopt, clwb, avx512_vbmi2, avx512_vbmi, rdtscp, rdpid, fsrm, gfni, avx512_bitalg, f16c, pku, cet_ibt, cet_ss, avx512_ifma
Processor Information for processor 0
  Max Mhz: 2419, Current Mhz: 2419, Mhz Limit: 2419
Processor Information for processor 1
  Max Mhz: 2419, Current Mhz: 2419, Mhz Limit: 2419
Processor Information for processor 2
  Max Mhz: 2419, Current Mhz: 2419, Mhz Limit: 2419
Processor Information for processor 3
  Max Mhz: 2419, Current Mhz: 2419, Mhz Limit: 2419
Processor Information for processor 4
  Max Mhz: 2419, Current Mhz: 2419, Mhz Limit: 2419
Processor Information for processor 5
  Max Mhz: 2419, Current Mhz: 2419, Mhz Limit: 2419
Processor Information for processor 6
  Max Mhz: 2419, Current Mhz: 2419, Mhz Limit: 2419
Processor Information for processor 7
  Max Mhz: 2419, Current Mhz: 1209, Mhz Limit: 2419

Memory: 4k page, system-wide physical 3895M (445M free)
TotalPageFile size 15671M (AvailPageFile size 18M)
current process WorkingSet (physical memory assigned to process): 275M, peak: 300M
current process commit charge ("private bytes"): 497M, peak: 530M

vm_info: Java HotSpot(TM) 64-Bit Server VM (26.0.1+8-34) for windows-amd64 JRE (26.0.1+8-34), built on 2026-03-10T17:24:10Z with MS VC++ 17.13 (VS2022)

END.
