#
# There is insufficient memory for the Java Runtime Environment to continue.
# Native memory allocation (malloc) failed to allocate 3292312 bytes. Error detail: Chunk::new
# Possible reasons:
#   The system is out of physical RAM or swap space
#   This process is running with CompressedOops enabled, and the Java Heap may be blocking the growth of the native heap
# Possible solutions:
#   Reduce memory load on the system
#   Increase physical memory or swap space
#   Check if swap backing store is full
#   Decrease Java heap size (-Xmx/-Xms)
#   Decrease number of Java threads
#   Decrease Java thread stack sizes (-Xss)
#   Set larger code cache with -XX:ReservedCodeCacheSize=
#   JVM is running with Zero Based Compressed Oops mode in which the Java heap is
#     placed in the first 32GB address space. The Java Heap base address is the
#     maximum limit for the native heap growth. Please use -XX:HeapBaseMinAddress
#     to set the Java Heap base and to place the Java Heap above 32GB virtual address.
# This output file may be truncated or incomplete.
#
#  Out of Memory Error (arena.cpp:193), pid=15856, tid=17040
#
# JRE version: Java(TM) SE Runtime Environment (26.0.1+8) (build 26.0.1+8-34)
# Java VM: Java HotSpot(TM) 64-Bit Server VM (26.0.1+8-34, mixed mode, sharing, tiered, compressed oops, compressed class ptrs, g1 gc, windows-amd64)
# No core dump will be written. Minidumps are not enabled by default on client versions of Windows
#

---------------  S U M M A R Y ------------

Command Line: --add-opens=java.base/java.lang=ALL-UNNAMED --add-opens=java.base/java.lang.invoke=ALL-UNNAMED --add-opens=java.base/java.util=ALL-UNNAMED --add-opens=java.prefs/java.util.prefs=ALL-UNNAMED --add-exports=jdk.compiler/com.sun.tools.javac.api=ALL-UNNAMED --add-exports=jdk.compiler/com.sun.tools.javac.util=ALL-UNNAMED --add-opens=java.base/java.util=ALL-UNNAMED --add-opens=java.prefs/java.util.prefs=ALL-UNNAMED --add-opens=java.base/java.nio.charset=ALL-UNNAMED --add-opens=java.base/java.net=ALL-UNNAMED --add-opens=java.base/java.util.concurrent=ALL-UNNAMED --add-opens=java.base/java.util.concurrent.atomic=ALL-UNNAMED --add-opens=java.xml/javax.xml.namespace=ALL-UNNAMED --add-opens=java.base/java.time=ALL-UNNAMED --enable-native-access=ALL-UNNAMED -XX:MaxMetaspaceSize=512m -XX:+HeapDumpOnOutOfMemoryError -Xmx4096m -Dfile.encoding=UTF-8 -Duser.country=US -Duser.language=en -Duser.variant -javaagent:C:\Users\lenovo\.gradle\wrapper\dists\gradle-9.4.1-bin\arn2x92ynaizyzdaamcbpbhtj\gradle-9.4.1\lib\agents\gradle-instrumentation-agent-9.4.1.jar org.gradle.launcher.daemon.bootstrap.GradleDaemon 9.4.1

Host: 11th Gen Intel(R) Core(TM) i5-1135G7 @ 2.40GHz, 8 cores, 3G,  Windows 11 , 64 bit Build 26100 (10.0.26100.8737)
Time: Tue Jul 14 23:39:13 2026 E. Africa Standard Time elapsed time: 507.701111 seconds (0d 0h 8m 27s)

---------------  T H R E A D  ---------------

Current thread (0x000002667f240300):  JavaThread "C2 CompilerThread0" daemon [_thread_in_native, id=17040, stack(0x000000b30c000000,0x000000b30c100000) (1024K)]


Current CompileTask:
C2:507706 6738       4       java.util.jar.JarFile::getVersionedEntry (114 bytes)

Stack: [0x000000b30c000000,0x000000b30c100000]
Native frames: (J=compiled Java code, j=interpreted, Vv=VM code, C=native code)
V  [jvm.dll+0x7d5879]  (no source info available)
V  [jvm.dll+0x7a37dd]  (no source info available)
V  [jvm.dll+0x9b0c10]  (no source info available)
V  [jvm.dll+0x9b3061]  (no source info available)
V  [jvm.dll+0x9b3773]  (no source info available)
V  [jvm.dll+0x30df76]  (no source info available)
V  [jvm.dll+0x11d8a6]  (no source info available)
V  [jvm.dll+0x11dbce]  (no source info available)
V  [jvm.dll+0x1afbe6]  (no source info available)
V  [jvm.dll+0x3ca822]  (no source info available)
V  [jvm.dll+0x7de462]  (no source info available)
V  [jvm.dll+0x2d1647]  (no source info available)
V  [jvm.dll+0x2d05bf]  (no source info available)
V  [jvm.dll+0x246820]  (no source info available)
V  [jvm.dll+0x2e06dc]  (no source info available)
V  [jvm.dll+0x2de8bd]  (no source info available)
V  [jvm.dll+0x4a3ff1]  (no source info available)
V  [jvm.dll+0x94f649]  (no source info available)
V  [jvm.dll+0x7d7358]  (no source info available)
C  [ucrtbase.dll+0x2cd30]  (no source info available)
C  [KERNEL32.DLL+0x2e957]  (no source info available)
C  [ntdll.dll+0xaad6c]  (no source info available)

Lock stack of current Java thread (top to bottom):


---------------  P R O C E S S  ---------------

Threads class SMR info:
_java_thread_list=0x0000026615d7a400, length=49, elements={
0x000002666bb81050, 0x000002667f22cfe0, 0x000002667f22e450, 0x000002667f2340d0,
0x000002667f235c90, 0x000002667f236840, 0x000002667f2373f0, 0x000002667f240300,
0x000002667f270340, 0x000002660f1ca2f0, 0x000002660f21a780, 0x00000266149132a0,
0x000002660f9ab660, 0x000002660f440fd0, 0x000002660fbbd870, 0x000002660f319ff0,
0x000002661412fad0, 0x0000026614131a10, 0x000002661412eb30, 0x0000026614133180,
0x0000026614134120, 0x00000266141350c0, 0x00000266152b6f00, 0x00000266152b76d0,
0x00000266152b47f0, 0x00000266152b8e40, 0x00000266163c2a10, 0x00000266163bfb30,
0x00000266163c1a70, 0x00000266163c31e0, 0x00000266163c0300, 0x00000266163c4180,
0x00000266163c5120, 0x00000266163c7060, 0x0000026616063fb0, 0x0000026616065720,
0x0000026616065ef0, 0x00000266160666c0, 0x00000266160637e0, 0x0000026616067e30,
0x0000026616067660, 0x0000026615d0f4b0, 0x0000026615d10450, 0x0000026615d0ece0,
0x0000026615d0fc80, 0x0000026615d13330, 0x0000026615d10c20, 0x0000026615d11bc0,
0x0000026615d12390
}

Java Threads: ( => current thread )
  0x000002666bb81050 JavaThread "main"                              [_thread_blocked, id=5712, stack(0x000000b30b100000,0x000000b30b200000) (1024K)]
  0x000002667f22cfe0 JavaThread "Reference Handler"          daemon [_thread_blocked, id=14480, stack(0x000000b30ba00000,0x000000b30bb00000) (1024K)]
  0x000002667f22e450 JavaThread "Finalizer"                  daemon [_thread_blocked, id=14324, stack(0x000000b30bb00000,0x000000b30bc00000) (1024K)]
  0x000002667f2340d0 JavaThread "Signal Dispatcher"          daemon [_thread_blocked, id=16152, stack(0x000000b30bc00000,0x000000b30bd00000) (1024K)]
  0x000002667f235c90 JavaThread "Attach Listener"            daemon [_thread_blocked, id=5024, stack(0x000000b30bd00000,0x000000b30be00000) (1024K)]
  0x000002667f236840 JavaThread "Service Thread"             daemon [_thread_blocked, id=14780, stack(0x000000b30be00000,0x000000b30bf00000) (1024K)]
  0x000002667f2373f0 JavaThread "Monitor Deflation Thread"   daemon [_thread_blocked, id=12300, stack(0x000000b30bf00000,0x000000b30c000000) (1024K)]
=>0x000002667f240300 JavaThread "C2 CompilerThread0"         daemon [_thread_in_native, id=17040, stack(0x000000b30c000000,0x000000b30c100000) (1024K)]
  0x000002667f270340 JavaThread "C1 CompilerThread0"         daemon [_thread_blocked, id=13492, stack(0x000000b30c100000,0x000000b30c200000) (1024K)]
  0x000002660f1ca2f0 JavaThread "Common-Cleaner"             daemon [_thread_blocked, id=12424, stack(0x000000b30c200000,0x000000b30c300000) (1024K)]
  0x000002660f21a780 JavaThread "Notification Thread"        daemon [_thread_blocked, id=6508, stack(0x000000b30c300000,0x000000b30c400000) (1024K)]
  0x00000266149132a0 JavaThread "Daemon health stats"               [_thread_blocked, id=10656, stack(0x000000b30c600000,0x000000b30c700000) (1024K)]
  0x000002660f9ab660 JavaThread "Incoming local TCP Connector on port 59171"        [_thread_in_native, id=5460, stack(0x000000b30c700000,0x000000b30c800000) (1024K)]
  0x000002660f440fd0 JavaThread "Daemon periodic checks"            [_thread_blocked, id=13136, stack(0x000000b30c800000,0x000000b30c900000) (1024K)]
  0x000002660fbbd870 JavaThread "InnocuousThread-1"          daemon [_thread_blocked, id=9000, stack(0x000000b30c900000,0x000000b30ca00000) (1024K)]
  0x000002660f319ff0 JavaThread "Daemon"                            [_thread_blocked, id=10504, stack(0x000000b30cb00000,0x000000b30cc00000) (1024K)]
  0x000002661412fad0 JavaThread "Handler for socket connection from /127.0.0.1:59171 to /127.0.0.1:59172"        [_thread_in_native, id=9972, stack(0x000000b30cc00000,0x000000b30cd00000) (1024K)]
  0x0000026614131a10 JavaThread "Cancel handler"                    [_thread_blocked, id=10636, stack(0x000000b30cd00000,0x000000b30ce00000) (1024K)]
  0x000002661412eb30 JavaThread "Daemon worker"                     [_thread_in_native, id=8556, stack(0x000000b30ce00000,0x000000b30cf00000) (1024K)]
  0x0000026614133180 JavaThread "Asynchronous log dispatcher for DefaultDaemonConnection: socket connection from /127.0.0.1:59171 to /127.0.0.1:59172"        [_thread_blocked, id=2664, stack(0x000000b30cf00000,0x000000b30d000000) (1024K)]
  0x0000026614134120 JavaThread "Stdin handler"                     [_thread_blocked, id=16032, stack(0x000000b30d000000,0x000000b30d100000) (1024K)]
  0x00000266141350c0 JavaThread "Daemon client event forwarder"        [_thread_blocked, id=4032, stack(0x000000b30d100000,0x000000b30d200000) (1024K)]
  0x00000266152b6f00 JavaThread "Cache worker for journal cache (C:\Users\lenovo\.gradle\caches\journal-1)"        [_thread_blocked, id=5564, stack(0x000000b30d600000,0x000000b30d700000) (1024K)]
  0x00000266152b76d0 JavaThread "File lock request listener"        [_thread_in_native, id=17004, stack(0x000000b30d700000,0x000000b30d800000) (1024K)]
  0x00000266152b47f0 JavaThread "Cache worker for file hash cache (C:\Users\lenovo\.gradle\caches\9.4.1\fileHashes)"        [_thread_blocked, id=1236, stack(0x000000b30b000000,0x000000b30b100000) (1024K)]
  0x00000266152b8e40 JavaThread "Cache worker for file hash cache (C:\Users\lenovo\Projects\Transport simulation\TransportsimAndroid\.gradle\9.4.1\fileHashes)"        [_thread_blocked, id=16284, stack(0x000000b30ca00000,0x000000b30cb00000) (1024K)]
  0x00000266163c2a10 JavaThread "Cache worker for Build Output Cleanup Cache (C:\Users\lenovo\Projects\Transport simulation\TransportsimAndroid\.gradle\buildOutputCleanup)"        [_thread_blocked, id=17336, stack(0x000000b30d800000,0x000000b30d900000) (1024K)]
  0x00000266163bfb30 JavaThread "File watcher server"        daemon [_thread_in_native, id=4020, stack(0x000000b30d900000,0x000000b30da00000) (1024K)]
  0x00000266163c1a70 JavaThread "File watcher consumer"      daemon [_thread_blocked, id=15388, stack(0x000000b30da00000,0x000000b30db00000) (1024K)]
  0x00000266163c31e0 JavaThread "Cache worker for file content cache (C:\Users\lenovo\.gradle\caches\9.4.1\fileContent)"        [_thread_blocked, id=2940, stack(0x000000b30db00000,0x000000b30dc00000) (1024K)]
  0x00000266163c0300 JavaThread "Cache worker for checksums cache (C:\Users\lenovo\Projects\Transport simulation\TransportsimAndroid\.gradle\9.4.1\checksums)"        [_thread_blocked, id=7904, stack(0x000000b30dc00000,0x000000b30dd00000) (1024K)]
  0x00000266163c4180 JavaThread "Cache worker for cache directory md-supplier (C:\Users\lenovo\.gradle\caches\9.4.1\md-supplier)"        [_thread_blocked, id=9428, stack(0x000000b30dd00000,0x000000b30de00000) (1024K)]
  0x00000266163c5120 JavaThread "Cache worker for cache directory md-rule (C:\Users\lenovo\.gradle\caches\9.4.1\md-rule)"        [_thread_blocked, id=10252, stack(0x000000b30de00000,0x000000b30df00000) (1024K)]
  0x00000266163c7060 JavaThread "jar transforms"                    [_thread_blocked, id=3832, stack(0x000000b30df00000,0x000000b30e000000) (1024K)]
  0x0000026616063fb0 JavaThread "jar transforms Thread 2"           [_thread_blocked, id=3820, stack(0x000000b30e000000,0x000000b30e100000) (1024K)]
  0x0000026616065720 JavaThread "jar transforms Thread 3"           [_thread_blocked, id=15472, stack(0x000000b30e100000,0x000000b30e200000) (1024K)]
  0x0000026616065ef0 JavaThread "Build operations"                  [_thread_blocked, id=17116, stack(0x000000b30e300000,0x000000b30e400000) (1024K)]
  0x00000266160666c0 JavaThread "Build operations Thread 2"         [_thread_blocked, id=13556, stack(0x000000b30e400000,0x000000b30e500000) (1024K)]
  0x00000266160637e0 JavaThread "Build operations Thread 3"         [_thread_blocked, id=13940, stack(0x000000b30e500000,0x000000b30e600000) (1024K)]
  0x0000026616067e30 JavaThread "Build operations Thread 4"         [_thread_blocked, id=17096, stack(0x000000b30e600000,0x000000b30e700000) (1024K)]
  0x0000026616067660 JavaThread "Build operations Thread 5"         [_thread_blocked, id=12576, stack(0x000000b30e700000,0x000000b30e800000) (1024K)]
  0x0000026615d0f4b0 JavaThread "Build operations Thread 6"         [_thread_blocked, id=16304, stack(0x000000b30e800000,0x000000b30e900000) (1024K)]
  0x0000026615d10450 JavaThread "Build operations Thread 7"         [_thread_blocked, id=11716, stack(0x000000b30e900000,0x000000b30ea00000) (1024K)]
  0x0000026615d0ece0 JavaThread "Build operations Thread 8"         [_thread_blocked, id=10096, stack(0x000000b30ea00000,0x000000b30eb00000) (1024K)]
  0x0000026615d0fc80 JavaThread "jar transforms Thread 4"           [_thread_blocked, id=4352, stack(0x000000b30eb00000,0x000000b30ec00000) (1024K)]
  0x0000026615d13330 JavaThread "jar transforms Thread 5"           [_thread_blocked, id=8708, stack(0x000000b30ec00000,0x000000b30ed00000) (1024K)]
  0x0000026615d10c20 JavaThread "jar transforms Thread 6"           [_thread_blocked, id=15352, stack(0x000000b30ed00000,0x000000b30ee00000) (1024K)]
  0x0000026615d11bc0 JavaThread "jar transforms Thread 7"           [_thread_blocked, id=10204, stack(0x000000b30ee00000,0x000000b30ef00000) (1024K)]
  0x0000026615d12390 JavaThread "jar transforms Thread 8"           [_thread_blocked, id=16684, stack(0x000000b30ef00000,0x000000b30f000000) (1024K)]
Total: 49

Other Threads:
  0x000002667f21a2e0 VMThread "VM Thread"                           [id=11584, stack(0x000000b30b900000,0x000000b30ba00000) (1024K)]
  0x000002667f206ce0 WatcherThread "VM Periodic Task Thread"        [id=17188, stack(0x000000b30b800000,0x000000b30b900000) (1024K)]
  0x000002666dfdc4e0 WorkerThread "GC Thread#0"                     [id=9020, stack(0x000000b30b200000,0x000000b30b300000) (1024K)]
  0x000002660f0b1c20 WorkerThread "GC Thread#1"                     [id=16652, stack(0x000000b30c400000,0x000000b30c500000) (1024K)]
  0x000002660f45d720 WorkerThread "GC Thread#2"                     [id=13960, stack(0x000000b30af00000,0x000000b30b000000) (1024K)]
  0x000002660f45e860 WorkerThread "GC Thread#3"                     [id=9288, stack(0x000000b30c500000,0x000000b30c600000) (1024K)]
  0x000002660f45dfc0 WorkerThread "GC Thread#4"                     [id=15524, stack(0x000000b30d200000,0x000000b30d300000) (1024K)]
  0x000002660f45ca30 WorkerThread "GC Thread#5"                     [id=14556, stack(0x000000b30d300000,0x000000b30d400000) (1024K)]
  0x000002660f45e410 WorkerThread "GC Thread#6"                     [id=11080, stack(0x000000b30d400000,0x000000b30d500000) (1024K)]
  0x000002660f45ecb0 WorkerThread "GC Thread#7"                     [id=12368, stack(0x000000b30d500000,0x000000b30d600000) (1024K)]
  0x000002666dff55a0 ConcurrentGCThread "G1 Main Marker"            [id=4052, stack(0x000000b30b300000,0x000000b30b400000) (1024K)]
  0x000002666dff9f40 WorkerThread "G1 Conc#0"                       [id=10352, stack(0x000000b30b400000,0x000000b30b500000) (1024K)]
  0x000002660f45fdf0 WorkerThread "G1 Conc#1"                       [id=15484, stack(0x000000b30ae00000,0x000000b30af00000) (1024K)]
  0x000002666e036f20 WorkerThread "G1 Refinement Workers#0"         [id=13764, stack(0x000000b30b600000,0x000000b30b700000) (1024K)]
  0x000002666e033110 ConcurrentGCThread "G1 Refine Control"         [id=11064, stack(0x000000b30b500000,0x000000b30b600000) (1024K)]
  0x000002666e037890 ConcurrentGCThread "G1 Service"                [id=16612, stack(0x000000b30b700000,0x000000b30b800000) (1024K)]
Total: 16

Threads with active compile tasks:
C2 CompilerThread0  510572 6738       4       java.util.jar.JarFile::getVersionedEntry (114 bytes)
Total: 1

VM state: not at safepoint (normal execution)

VM Mutex/Monitor currently owned by a thread: None

Heap address: 0x0000000700000000, size: 4096 MB, Compressed Oops mode: Zero based, Oop shift amount: 3

CDS archive(s) mapped at: [0x0000000062000000-0x0000000062de0000-0x0000000062de0000), size 14548992, SharedBaseAddress: 0x0000000062000000, ArchiveRelocationMode: 1.
Compressed class space mapped at: 0x0000000063000000-0x000000007d000000, reserved size: 436207616
UseCompressedClassPointers 1, UseCompactObjectHeaders 0
Narrow klass pointer bits 32, Max shift 3
Narrow klass base: 0x0000000062000000, Narrow klass shift: 0
Encoding Range: [0x0000000062000000 - 0x0000000162000000), (4294967296 bytes)
Klass Range:    [0x0000000062000000 - 0x000000007d000000), (452984832 bytes)
Klass ID Range:  [8 - 452984825) (452984817)
Protection zone: [0x0000000062000000 - 0x0000000062010000), (65536 bytes)

GC Precious Log:
 CardTable entry size: 512
 Card Set container configuration: InlinePtr #cards 4 size 8 Array Of Cards #cards 16 size 48 Howl #buckets 8 coarsen threshold 3686 Howl Bitmap #cards 512 size 80 coarsen threshold 460 Card regions per heap region 1 cards per card region 4096
 CPUs: 8 total, 8 available
 Memory: 3895M
 Large Page Support: Disabled
 NUMA Support: Disabled
 Compressed Oops: Enabled (Zero based)
 Heap Region Size: 2M
 Heap Min Capacity: 8M
 Heap Initial Capacity: 8M
 Heap Max Capacity: 4G
 Pre-touch: Disabled
 Parallel Workers: 8
 Concurrent Workers: 2
 Concurrent Refinement Workers: 8
 Periodic GC: Disabled

Heap:
 garbage-first heap   total reserved 4194304K, committed 276480K, used 52236K [0x0000000700000000, 0x0000000800000000)
  region size 2M, 4 eden (8M), 2 survivor (4M), 18 old (36M), 3 humongous (6M), 108 free (216M)

Heap Regions: E=young(eden), S=young(survivor), O=old, HS=humongous(starts), HC=humongous(continues), CS=collection set, F=free, TAMS=top-at-mark-start, PB=parsable bottom
|    0|0x0000000700000000, 0x0000000700200000, 0x0000000700200000|100%| O|  |TAMS 0x0000000700000000| PB 0x0000000700000000| Untracked |  0
|    1|0x0000000700200000, 0x0000000700400000, 0x0000000700400000|100%| O|  |TAMS 0x0000000700200000| PB 0x0000000700200000| Untracked |  0
|    2|0x0000000700400000, 0x0000000700600000, 0x0000000700600000|100%|HS|  |TAMS 0x0000000700400000| PB 0x0000000700400000| Complete  |  0
|    3|0x0000000700600000, 0x0000000700800000, 0x0000000700800000|100%|HC|  |TAMS 0x0000000700600000| PB 0x0000000700600000| Complete  |  0
|    4|0x0000000700800000, 0x0000000700a00000, 0x0000000700a00000|100%| O|  |TAMS 0x0000000700800000| PB 0x0000000700800000| Untracked |  0
|    5|0x0000000700a00000, 0x0000000700c00000, 0x0000000700c00000|100%| O|  |TAMS 0x0000000700a00000| PB 0x0000000700a00000| Untracked |  0
|    6|0x0000000700c00000, 0x0000000700e00000, 0x0000000700e00000|100%| O|  |TAMS 0x0000000700c00000| PB 0x0000000700c00000| Untracked |  0
|    7|0x0000000700e00000, 0x0000000701000000, 0x0000000701000000|100%| O|  |TAMS 0x0000000700e00000| PB 0x0000000700e00000| Untracked |  0
|    8|0x0000000701000000, 0x0000000701200000, 0x0000000701200000|100%| O|  |TAMS 0x0000000701000000| PB 0x0000000701000000| Untracked |  0
|    9|0x0000000701200000, 0x0000000701400000, 0x0000000701400000|100%| O|  |TAMS 0x0000000701200000| PB 0x0000000701200000| Untracked |  0
|   10|0x0000000701400000, 0x0000000701600000, 0x0000000701600000|100%| O|  |TAMS 0x0000000701400000| PB 0x0000000701400000| Untracked |  0
|   11|0x0000000701600000, 0x0000000701800000, 0x0000000701800000|100%| O|  |TAMS 0x0000000701600000| PB 0x0000000701600000| Untracked |  0
|   12|0x0000000701800000, 0x0000000701a00000, 0x0000000701a00000|100%| O|  |TAMS 0x0000000701800000| PB 0x0000000701800000| Untracked |  0
|   13|0x0000000701a00000, 0x0000000701c00000, 0x0000000701c00000|100%| O|  |TAMS 0x0000000701a00000| PB 0x0000000701a00000| Untracked |  0
|   14|0x0000000701c00000, 0x0000000701e00000, 0x0000000701e00000|100%| O|Cm|TAMS 0x0000000701c00000| PB 0x0000000701c00000| Complete  |  0
|   15|0x0000000701e00000, 0x0000000702000000, 0x0000000702000000|100%| O|  |TAMS 0x0000000701e00000| PB 0x0000000701e00000| Untracked |  0
|   16|0x0000000702000000, 0x0000000702200000, 0x0000000702200000|100%| O|  |TAMS 0x0000000702000000| PB 0x0000000702000000| Untracked |  0
|   17|0x0000000702200000, 0x0000000702400000, 0x0000000702400000|100%|HS|  |TAMS 0x0000000702200000| PB 0x0000000702200000| Complete  |  0
|   18|0x0000000702400000, 0x0000000702600000, 0x0000000702600000|100%| O|  |TAMS 0x0000000702400000| PB 0x0000000702400000| Untracked |  0
|   19|0x0000000702600000, 0x00000007027bb9a0, 0x0000000702800000| 86%| O|  |TAMS 0x0000000702600000| PB 0x0000000702600000| Untracked |  0
|   20|0x0000000702800000, 0x0000000702a00000, 0x0000000702a00000|100%| O|  |TAMS 0x0000000702800000| PB 0x0000000702800000| Untracked |  0
|   21|0x0000000702a00000, 0x0000000702a00000, 0x0000000702c00000|  0%| F|  |TAMS 0x0000000702a00000| PB 0x0000000702a00000| Untracked |  0
|   22|0x0000000702c00000, 0x0000000702c00000, 0x0000000702e00000|  0%| F|  |TAMS 0x0000000702c00000| PB 0x0000000702c00000| Untracked |  0
|   23|0x0000000702e00000, 0x0000000702e00000, 0x0000000703000000|  0%| F|  |TAMS 0x0000000702e00000| PB 0x0000000702e00000| Untracked |  0
|   24|0x0000000703000000, 0x0000000703000000, 0x0000000703200000|  0%| F|  |TAMS 0x0000000703000000| PB 0x0000000703000000| Untracked |  0
|   25|0x0000000703200000, 0x0000000703200000, 0x0000000703400000|  0%| F|  |TAMS 0x0000000703200000| PB 0x0000000703200000| Untracked |  0
|   26|0x0000000703400000, 0x0000000703400000, 0x0000000703600000|  0%| F|  |TAMS 0x0000000703400000| PB 0x0000000703400000| Untracked |  0
|   27|0x0000000703600000, 0x0000000703600000, 0x0000000703800000|  0%| F|  |TAMS 0x0000000703600000| PB 0x0000000703600000| Untracked |  0
|   28|0x0000000703800000, 0x0000000703800000, 0x0000000703a00000|  0%| F|  |TAMS 0x0000000703800000| PB 0x0000000703800000| Untracked |  0
|   29|0x0000000703a00000, 0x0000000703a00000, 0x0000000703c00000|  0%| F|  |TAMS 0x0000000703a00000| PB 0x0000000703a00000| Untracked |  0
|   30|0x0000000703c00000, 0x0000000703c00000, 0x0000000703e00000|  0%| F|  |TAMS 0x0000000703c00000| PB 0x0000000703c00000| Untracked |  0
|   31|0x0000000703e00000, 0x0000000703e00000, 0x0000000704000000|  0%| F|  |TAMS 0x0000000703e00000| PB 0x0000000703e00000| Untracked |  0
|   32|0x0000000704000000, 0x0000000704000000, 0x0000000704200000|  0%| F|  |TAMS 0x0000000704000000| PB 0x0000000704000000| Untracked |  0
|   33|0x0000000704200000, 0x0000000704200000, 0x0000000704400000|  0%| F|  |TAMS 0x0000000704200000| PB 0x0000000704200000| Untracked |  0
|   34|0x0000000704400000, 0x0000000704400000, 0x0000000704600000|  0%| F|  |TAMS 0x0000000704400000| PB 0x0000000704400000| Untracked |  0
|   35|0x0000000704600000, 0x0000000704600000, 0x0000000704800000|  0%| F|  |TAMS 0x0000000704600000| PB 0x0000000704600000| Untracked |  0
|   36|0x0000000704800000, 0x0000000704800000, 0x0000000704a00000|  0%| F|  |TAMS 0x0000000704800000| PB 0x0000000704800000| Untracked |  0
|   37|0x0000000704a00000, 0x0000000704a00000, 0x0000000704c00000|  0%| F|  |TAMS 0x0000000704a00000| PB 0x0000000704a00000| Untracked |  0
|   38|0x0000000704c00000, 0x0000000704c00000, 0x0000000704e00000|  0%| F|  |TAMS 0x0000000704c00000| PB 0x0000000704c00000| Untracked |  0
|   39|0x0000000704e00000, 0x0000000704e00000, 0x0000000705000000|  0%| F|  |TAMS 0x0000000704e00000| PB 0x0000000704e00000| Untracked |  0
|   40|0x0000000705000000, 0x0000000705000000, 0x0000000705200000|  0%| F|  |TAMS 0x0000000705000000| PB 0x0000000705000000| Untracked |  0
|   41|0x0000000705200000, 0x0000000705200000, 0x0000000705400000|  0%| F|  |TAMS 0x0000000705200000| PB 0x0000000705200000| Untracked |  0
|   42|0x0000000705400000, 0x0000000705400000, 0x0000000705600000|  0%| F|  |TAMS 0x0000000705400000| PB 0x0000000705400000| Untracked |  0
|   43|0x0000000705600000, 0x0000000705600000, 0x0000000705800000|  0%| F|  |TAMS 0x0000000705600000| PB 0x0000000705600000| Untracked |  0
|   44|0x0000000705800000, 0x0000000705800000, 0x0000000705a00000|  0%| F|  |TAMS 0x0000000705800000| PB 0x0000000705800000| Untracked |  0
|   45|0x0000000705a00000, 0x0000000705a00000, 0x0000000705c00000|  0%| F|  |TAMS 0x0000000705a00000| PB 0x0000000705a00000| Untracked |  0
|   46|0x0000000705c00000, 0x0000000705c00000, 0x0000000705e00000|  0%| F|  |TAMS 0x0000000705c00000| PB 0x0000000705c00000| Untracked |  0
|   47|0x0000000705e00000, 0x0000000705e00000, 0x0000000706000000|  0%| F|  |TAMS 0x0000000705e00000| PB 0x0000000705e00000| Untracked |  0
|   48|0x0000000706000000, 0x0000000706000000, 0x0000000706200000|  0%| F|  |TAMS 0x0000000706000000| PB 0x0000000706000000| Untracked |  0
|   49|0x0000000706200000, 0x0000000706200000, 0x0000000706400000|  0%| F|  |TAMS 0x0000000706200000| PB 0x0000000706200000| Untracked |  0
|   50|0x0000000706400000, 0x0000000706400000, 0x0000000706600000|  0%| F|  |TAMS 0x0000000706400000| PB 0x0000000706400000| Untracked |  0
|   51|0x0000000706600000, 0x0000000706600000, 0x0000000706800000|  0%| F|  |TAMS 0x0000000706600000| PB 0x0000000706600000| Untracked |  0
|   52|0x0000000706800000, 0x0000000706800000, 0x0000000706a00000|  0%| F|  |TAMS 0x0000000706800000| PB 0x0000000706800000| Untracked |  0
|   53|0x0000000706a00000, 0x0000000706a00000, 0x0000000706c00000|  0%| F|  |TAMS 0x0000000706a00000| PB 0x0000000706a00000| Untracked |  0
|   54|0x0000000706c00000, 0x0000000706c00000, 0x0000000706e00000|  0%| F|  |TAMS 0x0000000706c00000| PB 0x0000000706c00000| Untracked |  0
|   55|0x0000000706e00000, 0x0000000706e00000, 0x0000000707000000|  0%| F|  |TAMS 0x0000000706e00000| PB 0x0000000706e00000| Untracked |  0
|   56|0x0000000707000000, 0x0000000707000000, 0x0000000707200000|  0%| F|  |TAMS 0x0000000707000000| PB 0x0000000707000000| Untracked |  0
|   57|0x0000000707200000, 0x0000000707200000, 0x0000000707400000|  0%| F|  |TAMS 0x0000000707200000| PB 0x0000000707200000| Untracked |  0
|   58|0x0000000707400000, 0x0000000707400000, 0x0000000707600000|  0%| F|  |TAMS 0x0000000707400000| PB 0x0000000707400000| Untracked |  0
|   59|0x0000000707600000, 0x0000000707600000, 0x0000000707800000|  0%| F|  |TAMS 0x0000000707600000| PB 0x0000000707600000| Untracked |  0
|   60|0x0000000707800000, 0x0000000707800000, 0x0000000707a00000|  0%| F|  |TAMS 0x0000000707800000| PB 0x0000000707800000| Untracked |  0
|   61|0x0000000707a00000, 0x0000000707a00000, 0x0000000707c00000|  0%| F|  |TAMS 0x0000000707a00000| PB 0x0000000707a00000| Untracked |  0
|   62|0x0000000707c00000, 0x0000000707c00000, 0x0000000707e00000|  0%| F|  |TAMS 0x0000000707c00000| PB 0x0000000707c00000| Untracked |  0
|   63|0x0000000707e00000, 0x0000000707e00000, 0x0000000708000000|  0%| F|  |TAMS 0x0000000707e00000| PB 0x0000000707e00000| Untracked |  0
|   64|0x0000000708000000, 0x0000000708000000, 0x0000000708200000|  0%| F|  |TAMS 0x0000000708000000| PB 0x0000000708000000| Untracked |  0
|   65|0x0000000708200000, 0x0000000708200000, 0x0000000708400000|  0%| F|  |TAMS 0x0000000708200000| PB 0x0000000708200000| Untracked |  0
|   66|0x0000000708400000, 0x0000000708400000, 0x0000000708600000|  0%| F|  |TAMS 0x0000000708400000| PB 0x0000000708400000| Untracked |  0
|   67|0x0000000708600000, 0x0000000708600000, 0x0000000708800000|  0%| F|  |TAMS 0x0000000708600000| PB 0x0000000708600000| Untracked |  0
|   68|0x0000000708800000, 0x0000000708800000, 0x0000000708a00000|  0%| F|  |TAMS 0x0000000708800000| PB 0x0000000708800000| Untracked |  0
|   69|0x0000000708a00000, 0x0000000708a00000, 0x0000000708c00000|  0%| F|  |TAMS 0x0000000708a00000| PB 0x0000000708a00000| Untracked |  0
|   70|0x0000000708c00000, 0x0000000708c00000, 0x0000000708e00000|  0%| F|  |TAMS 0x0000000708c00000| PB 0x0000000708c00000| Untracked |  0
|   71|0x0000000708e00000, 0x0000000708e00000, 0x0000000709000000|  0%| F|  |TAMS 0x0000000708e00000| PB 0x0000000708e00000| Untracked |  0
|   72|0x0000000709000000, 0x0000000709000000, 0x0000000709200000|  0%| F|  |TAMS 0x0000000709000000| PB 0x0000000709000000| Untracked |  0
|   73|0x0000000709200000, 0x0000000709200000, 0x0000000709400000|  0%| F|  |TAMS 0x0000000709200000| PB 0x0000000709200000| Untracked |  0
|   74|0x0000000709400000, 0x0000000709400000, 0x0000000709600000|  0%| F|  |TAMS 0x0000000709400000| PB 0x0000000709400000| Untracked |  0
|   75|0x0000000709600000, 0x0000000709600000, 0x0000000709800000|  0%| F|  |TAMS 0x0000000709600000| PB 0x0000000709600000| Untracked |  0
|   76|0x0000000709800000, 0x0000000709800000, 0x0000000709a00000|  0%| F|  |TAMS 0x0000000709800000| PB 0x0000000709800000| Untracked |  0
|   77|0x0000000709a00000, 0x0000000709a00000, 0x0000000709c00000|  0%| F|  |TAMS 0x0000000709a00000| PB 0x0000000709a00000| Untracked |  0
|   78|0x0000000709c00000, 0x0000000709c00000, 0x0000000709e00000|  0%| F|  |TAMS 0x0000000709c00000| PB 0x0000000709c00000| Untracked |  0
|   79|0x0000000709e00000, 0x0000000709e00000, 0x000000070a000000|  0%| F|  |TAMS 0x0000000709e00000| PB 0x0000000709e00000| Untracked |  0
|   80|0x000000070a000000, 0x000000070a000000, 0x000000070a200000|  0%| F|  |TAMS 0x000000070a000000| PB 0x000000070a000000| Untracked |  0
|   81|0x000000070a200000, 0x000000070a200000, 0x000000070a400000|  0%| F|  |TAMS 0x000000070a200000| PB 0x000000070a200000| Untracked |  0
|   82|0x000000070a400000, 0x000000070a400000, 0x000000070a600000|  0%| F|  |TAMS 0x000000070a400000| PB 0x000000070a400000| Untracked |  0
|   83|0x000000070a600000, 0x000000070a600000, 0x000000070a800000|  0%| F|  |TAMS 0x000000070a600000| PB 0x000000070a600000| Untracked |  0
|   84|0x000000070a800000, 0x000000070a800000, 0x000000070aa00000|  0%| F|  |TAMS 0x000000070a800000| PB 0x000000070a800000| Untracked |  0
|   85|0x000000070aa00000, 0x000000070aa00000, 0x000000070ac00000|  0%| F|  |TAMS 0x000000070aa00000| PB 0x000000070aa00000| Untracked |  0
|   86|0x000000070ac00000, 0x000000070ac00000, 0x000000070ae00000|  0%| F|  |TAMS 0x000000070ac00000| PB 0x000000070ac00000| Untracked |  0
|   87|0x000000070ae00000, 0x000000070ae00000, 0x000000070b000000|  0%| F|  |TAMS 0x000000070ae00000| PB 0x000000070ae00000| Untracked |  0
|   88|0x000000070b000000, 0x000000070b000000, 0x000000070b200000|  0%| F|  |TAMS 0x000000070b000000| PB 0x000000070b000000| Untracked |  0
|   89|0x000000070b200000, 0x000000070b200000, 0x000000070b400000|  0%| F|  |TAMS 0x000000070b200000| PB 0x000000070b200000| Untracked |  0
|   90|0x000000070b400000, 0x000000070b400000, 0x000000070b600000|  0%| F|  |TAMS 0x000000070b400000| PB 0x000000070b400000| Untracked |  0
|   91|0x000000070b600000, 0x000000070b600000, 0x000000070b800000|  0%| F|  |TAMS 0x000000070b600000| PB 0x000000070b600000| Untracked |  0
|   92|0x000000070b800000, 0x000000070b800000, 0x000000070ba00000|  0%| F|  |TAMS 0x000000070b800000| PB 0x000000070b800000| Untracked |  0
|   93|0x000000070ba00000, 0x000000070ba00000, 0x000000070bc00000|  0%| F|  |TAMS 0x000000070ba00000| PB 0x000000070ba00000| Untracked |  0
|   94|0x000000070bc00000, 0x000000070bc00000, 0x000000070be00000|  0%| F|  |TAMS 0x000000070bc00000| PB 0x000000070bc00000| Untracked |  0
|   95|0x000000070be00000, 0x000000070be00000, 0x000000070c000000|  0%| F|  |TAMS 0x000000070be00000| PB 0x000000070be00000| Untracked |  0
|   96|0x000000070c000000, 0x000000070c000000, 0x000000070c200000|  0%| F|  |TAMS 0x000000070c000000| PB 0x000000070c000000| Untracked |  0
|   97|0x000000070c200000, 0x000000070c200000, 0x000000070c400000|  0%| F|  |TAMS 0x000000070c200000| PB 0x000000070c200000| Untracked |  0
|   98|0x000000070c400000, 0x000000070c400000, 0x000000070c600000|  0%| F|  |TAMS 0x000000070c400000| PB 0x000000070c400000| Untracked |  0
|   99|0x000000070c600000, 0x000000070c600000, 0x000000070c800000|  0%| F|  |TAMS 0x000000070c600000| PB 0x000000070c600000| Untracked |  0
|  100|0x000000070c800000, 0x000000070c800000, 0x000000070ca00000|  0%| F|  |TAMS 0x000000070c800000| PB 0x000000070c800000| Untracked |  0
|  101|0x000000070ca00000, 0x000000070ca00000, 0x000000070cc00000|  0%| F|  |TAMS 0x000000070ca00000| PB 0x000000070ca00000| Untracked |  0
|  102|0x000000070cc00000, 0x000000070cc00000, 0x000000070ce00000|  0%| F|  |TAMS 0x000000070cc00000| PB 0x000000070cc00000| Untracked |  0
|  103|0x000000070ce00000, 0x000000070ce00000, 0x000000070d000000|  0%| F|  |TAMS 0x000000070ce00000| PB 0x000000070ce00000| Untracked |  0
|  104|0x000000070d000000, 0x000000070d000000, 0x000000070d200000|  0%| F|  |TAMS 0x000000070d000000| PB 0x000000070d000000| Untracked |  0
|  105|0x000000070d200000, 0x000000070d200000, 0x000000070d400000|  0%| F|  |TAMS 0x000000070d200000| PB 0x000000070d200000| Untracked |  0
|  106|0x000000070d400000, 0x000000070d400000, 0x000000070d600000|  0%| F|  |TAMS 0x000000070d400000| PB 0x000000070d400000| Untracked |  0
|  107|0x000000070d600000, 0x000000070d600000, 0x000000070d800000|  0%| F|  |TAMS 0x000000070d600000| PB 0x000000070d600000| Untracked |  0
|  108|0x000000070d800000, 0x000000070d800000, 0x000000070da00000|  0%| F|  |TAMS 0x000000070d800000| PB 0x000000070d800000| Untracked |  0
|  109|0x000000070da00000, 0x000000070da00000, 0x000000070dc00000|  0%| F|  |TAMS 0x000000070da00000| PB 0x000000070da00000| Untracked |  0
|  110|0x000000070dc00000, 0x000000070dc00000, 0x000000070de00000|  0%| F|  |TAMS 0x000000070dc00000| PB 0x000000070dc00000| Untracked |  0
|  111|0x000000070de00000, 0x000000070de00000, 0x000000070e000000|  0%| F|  |TAMS 0x000000070de00000| PB 0x000000070de00000| Untracked |  0
|  112|0x000000070e000000, 0x000000070e000000, 0x000000070e200000|  0%| F|  |TAMS 0x000000070e000000| PB 0x000000070e000000| Untracked |  0
|  113|0x000000070e200000, 0x000000070e200000, 0x000000070e400000|  0%| F|  |TAMS 0x000000070e200000| PB 0x000000070e200000| Untracked |  0
|  114|0x000000070e400000, 0x000000070e400000, 0x000000070e600000|  0%| F|  |TAMS 0x000000070e400000| PB 0x000000070e400000| Untracked |  0
|  115|0x000000070e600000, 0x000000070e7477b0, 0x000000070e800000| 63%| S|CS|TAMS 0x000000070e600000| PB 0x000000070e600000| Complete  |  0
|  116|0x000000070e800000, 0x000000070ea00000, 0x000000070ea00000|100%| S|CS|TAMS 0x000000070e800000| PB 0x000000070e800000| Complete  |  0
|  117|0x000000070ea00000, 0x000000070ea00000, 0x000000070ec00000|  0%| F|  |TAMS 0x000000070ea00000| PB 0x000000070ea00000| Untracked |  0
|  118|0x000000070ec00000, 0x000000070ec00000, 0x000000070ee00000|  0%| F|  |TAMS 0x000000070ec00000| PB 0x000000070ec00000| Untracked |  0
|  119|0x000000070ee00000, 0x000000070ee00000, 0x000000070f000000|  0%| F|  |TAMS 0x000000070ee00000| PB 0x000000070ee00000| Untracked |  0
|  120|0x000000070f000000, 0x000000070f000000, 0x000000070f200000|  0%| F|  |TAMS 0x000000070f000000| PB 0x000000070f000000| Untracked |  0
|  121|0x000000070f200000, 0x000000070f200000, 0x000000070f400000|  0%| F|  |TAMS 0x000000070f200000| PB 0x000000070f200000| Untracked |  0
|  122|0x000000070f400000, 0x000000070f400000, 0x000000070f600000|  0%| F|  |TAMS 0x000000070f400000| PB 0x000000070f400000| Untracked |  0
|  123|0x000000070f600000, 0x000000070f600000, 0x000000070f800000|  0%| F|  |TAMS 0x000000070f600000| PB 0x000000070f600000| Untracked |  0
|  124|0x000000070f800000, 0x000000070f800000, 0x000000070fa00000|  0%| F|  |TAMS 0x000000070f800000| PB 0x000000070f800000| Untracked |  0
|  125|0x000000070fa00000, 0x000000070fa00000, 0x000000070fc00000|  0%| F|  |TAMS 0x000000070fa00000| PB 0x000000070fa00000| Untracked |  0
|  126|0x000000070fc00000, 0x000000070fc00000, 0x000000070fe00000|  0%| F|  |TAMS 0x000000070fc00000| PB 0x000000070fc00000| Untracked |  0
|  127|0x000000070fe00000, 0x000000070fe00000, 0x0000000710000000|  0%| F|  |TAMS 0x000000070fe00000| PB 0x000000070fe00000| Untracked |  0
|  128|0x0000000710000000, 0x0000000710000000, 0x0000000710200000|  0%| F|  |TAMS 0x0000000710000000| PB 0x0000000710000000| Untracked |  0
|  129|0x0000000710200000, 0x0000000710200000, 0x0000000710400000|  0%| F|  |TAMS 0x0000000710200000| PB 0x0000000710200000| Untracked |  0
|  130|0x0000000710400000, 0x0000000710400000, 0x0000000710600000|  0%| F|  |TAMS 0x0000000710400000| PB 0x0000000710400000| Untracked |  0
|  131|0x0000000710600000, 0x0000000710800000, 0x0000000710800000|100%| E|CS|TAMS 0x0000000710600000| PB 0x0000000710600000| Complete  |  0
|  132|0x0000000710800000, 0x0000000710a00000, 0x0000000710a00000|100%| E|CS|TAMS 0x0000000710800000| PB 0x0000000710800000| Complete  |  0
|  133|0x0000000710a00000, 0x0000000710c00000, 0x0000000710c00000|100%| E|CS|TAMS 0x0000000710a00000| PB 0x0000000710a00000| Complete  |  0
| 2047|0x00000007ffe00000, 0x0000000800000000, 0x0000000800000000|100%| E|CS|TAMS 0x00000007ffe00000| PB 0x00000007ffe00000| Complete  |  0

Card table byte_map: [0x0000026678060000,0x0000026678860000] _byte_map_base: 0x0000026674860000
Refinement table byte_map: [0x0000026677860000,0x0000026678060000] _byte_map_base: 0x0000026674060000

Marking Bits: (CMBitMap*) 0x000002666dfdcc60
 Bits: [0x0000026678860000, 0x000002667c860000)

Polling page: 0x000002666bd50000

Metaspace:
Metaspace        used 60222K, committed 62016K, reserved 491520K
 class space     used 9272K, committed 10112K, reserved 425984K

Usage:
  Non-class:     49.76 MB used.
      Class:      9.06 MB used.
       Both:     58.81 MB used.

Virtual space:
  Non-class space:       64.00 MB reserved,      50.69 MB ( 79%) committed,  1 nodes.
      Class space:      416.00 MB reserved,       9.88 MB (  2%) committed,  1 nodes.
             Both:      480.00 MB reserved,      60.56 MB ( 13%) committed. 

Chunk freelists:
   Non-Class:  12.78 MB
       Class:  6.07 MB
        Both:  18.85 MB

MaxMetaspaceSize: 512.00 MB
CompressedClassSpaceSize: 416.00 MB
Initial GC threshold: 21.00 MB
Current GC threshold: 100.44 MB
CDS: on
 - commit_granule_bytes: 65536.
 - commit_granule_words: 8192.
 - virtual_space_node_default_size: 8388608.
 - enlarge_chunks_in_place: 1.
UseCompressedClassPointers 1, UseCompactObjectHeaders 0
Narrow klass pointer bits 32, Max shift 3
Narrow klass base: 0x0000000062000000, Narrow klass shift: 0
Encoding Range: [0x0000000062000000 - 0x0000000162000000), (4294967296 bytes)
Klass Range:    [0x0000000062000000 - 0x000000007d000000), (452984832 bytes)
Klass ID Range:  [8 - 452984825) (452984817)
Protection zone: [0x0000000062000000 - 0x0000000062010000), (65536 bytes)


Internal statistics:

num_allocs_failed_limit: 15.
num_arena_births: 3178.
num_arena_deaths: 0.
num_vsnodes_births: 2.
num_vsnodes_deaths: 0.
num_space_committed: 969.
num_space_uncommitted: 0.
num_chunks_returned_to_freelist: 15.
num_chunks_taken_from_freelist: 5847.
num_chunk_merges: 12.
num_chunk_splits: 3950.
num_chunks_enlarged: 2615.
num_inconsistent_stats: 0.

CodeHeap 'non-profiled nmethods': size=120064Kb used=2405Kb max_used=2571Kb free=117658Kb
 bounds [0x0000026607ae0000, 0x0000026607d70000, 0x000002660f020000]
CodeHeap 'profiled nmethods': size=120064Kb used=8697Kb max_used=9305Kb free=111366Kb
 bounds [0x0000026600000000, 0x0000026600920000, 0x0000026607540000]
CodeHeap 'non-nmethods': size=5760Kb used=2177Kb max_used=2195Kb free=3583Kb
 bounds [0x0000026607540000, 0x00000266077b0000, 0x0000026607ae0000]
CodeCache: size=245888Kb, used=13279Kb, max_used=14071Kb, free=232607Kb
 total_blobs=6794, nmethods=5973, adapters=723, full_count=0
Compilation: enabled, stopped_count=0, restarted_count=0

Compilation events (20 events):
Event: 503.390 Thread 0x000002667f270340 6729       1       kotlin.sequences.TransformingSequence::access$getTransformer$p (5 bytes)
Event: 503.390 Thread 0x000002667f270340 nmethod 6729 0x0000026607d60508 code [0x0000026607d60600, 0x0000026607d606a0]
Event: 503.391 Thread 0x000002667f270340 6732       1       kotlin.sequences.FilteringSequence::access$getSendWhen$p (5 bytes)
Event: 503.391 Thread 0x000002667f270340 nmethod 6732 0x0000026607d60808 code [0x0000026607d60900, 0x0000026607d609a0]
Event: 503.448 Thread 0x000002667f240300 nmethod 6714 0x0000026607d60b08 code [0x0000026607d60c00, 0x0000026607d612b0]
Event: 503.448 Thread 0x000002667f240300 6711       4       org.jetbrains.kotlin.cli.jvm.modules.CoreJrtVirtualFile::getName (39 bytes)
Event: 503.469 Thread 0x000002667f240300 nmethod 6711 0x0000026607d61308 code [0x0000026607d61400, 0x0000026607d615b8]
Event: 503.469 Thread 0x000002667f240300 6727       4       org.jetbrains.org.objectweb.asm.ClassReader::readInt (52 bytes)
Event: 503.488 Thread 0x000002667f240300 nmethod 6727 0x0000026607d61608 code [0x0000026607d61700, 0x0000026607d61808]
Event: 503.556 Thread 0x000002667f240300 6734       4       java.lang.String::<init> (22 bytes)
Event: 503.580 Thread 0x000002667f240300 nmethod 6734 0x0000026607d61908 code [0x0000026607d61a00, 0x0000026607d61b60]
Event: 504.789 Thread 0x000002667f240300 6735       4       java.lang.invoke.MethodHandles$Lookup::checkAccess (200 bytes)
Event: 504.871 Thread 0x000002667f240300 nmethod 6735 0x0000026607d61c08 code [0x0000026607d61d00, 0x0000026607d620c8]
Event: 506.076 Thread 0x000002667f240300 6736       4       java.util.zip.ZipFile$1::getMetaInfVersions (6 bytes)
Event: 506.338 Thread 0x000002667f240300 nmethod 6736 0x0000026607d62108 code [0x0000026607d62200, 0x0000026607d62c40]
Event: 506.338 Thread 0x000002667f240300 6738       4       java.util.jar.JarFile::getVersionedEntry (114 bytes)
Event: 506.429 Thread 0x000002667f270340 6739       3       org.jetbrains.kotlin.lexer._JetLexer::advance (2433 bytes)
Event: 506.516 Thread 0x000002667f270340 nmethod 6739 0x000002660090e988 code [0x000002660090ea80, 0x0000026600916098]
Event: 506.517 Thread 0x000002667f270340 6740       3       org.jetbrains.kotlin.com.intellij.lexer.FlexAdapter::advance (10 bytes)
Event: 506.519 Thread 0x000002667f270340 nmethod 6740 0x0000026600916108 code [0x0000026600916200, 0x00000266009163f0]

GC Heap Usage History (20 events):
Event: 221.617 {heap Before GC invocations=21 (full 0):
 garbage-first heap   total reserved 4194304K, committed 92160K, used 76561K [0x0000000700000000, 0x0000000800000000)
  region size 2M, 26 eden (52M), 1 survivor (2M), 10 old (20M), 2 humongous (4M), 6 free (12M)
}
Event: 221.977 {heap After GC invocations=22 (full 0):
 garbage-first heap   total reserved 4194304K, committed 92160K, used 27648K [0x0000000700000000, 0x0000000800000000)
  region size 2M, 0 eden (0M), 2 survivor (4M), 10 old (20M), 2 humongous (4M), 31 free (62M)
}
Event: 232.755 {heap Before GC invocations=22 (full 0):
 garbage-first heap   total reserved 4194304K, committed 92160K, used 35840K [0x0000000700000000, 0x0000000800000000)
  region size 2M, 4 eden (8M), 2 survivor (4M), 10 old (20M), 2 humongous (4M), 27 free (54M)
}
Event: 232.964 {heap After GC invocations=23 (full 0):
 garbage-first heap   total reserved 4194304K, committed 92160K, used 28242K [0x0000000700000000, 0x0000000800000000)
  region size 2M, 0 eden (0M), 1 survivor (2M), 12 old (24M), 2 humongous (4M), 30 free (60M)
}
Event: 253.087 {heap Before GC invocations=23 (full 0):
 garbage-first heap   total reserved 4194304K, committed 92160K, used 65106K [0x0000000700000000, 0x0000000800000000)
  region size 2M, 19 eden (38M), 1 survivor (2M), 12 old (24M), 2 humongous (4M), 11 free (22M)
}
Event: 253.490 {heap After GC invocations=24 (full 0):
 garbage-first heap   total reserved 4194304K, committed 92160K, used 30150K [0x0000000700000000, 0x0000000800000000)
  region size 2M, 0 eden (0M), 2 survivor (4M), 12 old (24M), 2 humongous (4M), 29 free (58M)
}
Event: 258.970 {heap Before GC invocations=24 (full 0):
 garbage-first heap   total reserved 4194304K, committed 92160K, used 32198K [0x0000000700000000, 0x0000000800000000)
  region size 2M, 2 eden (4M), 2 survivor (4M), 12 old (24M), 2 humongous (4M), 27 free (54M)
}
Event: 259.097 {heap After GC invocations=25 (full 0):
 garbage-first heap   total reserved 4194304K, committed 92160K, used 30515K [0x0000000700000000, 0x0000000800000000)
  region size 2M, 0 eden (0M), 1 survivor (2M), 13 old (26M), 2 humongous (4M), 29 free (58M)
}
Event: 287.122 {heap Before GC invocations=26 (full 0):
 garbage-first heap   total reserved 4194304K, committed 92160K, used 79667K [0x0000000700000000, 0x0000000800000000)
  region size 2M, 24 eden (48M), 1 survivor (2M), 13 old (26M), 2 humongous (4M), 5 free (10M)
}
Event: 287.248 {heap After GC invocations=27 (full 0):
 garbage-first heap   total reserved 4194304K, committed 276480K, used 35214K [0x0000000700000000, 0x0000000800000000)
  region size 2M, 0 eden (0M), 3 survivor (6M), 13 old (26M), 2 humongous (4M), 117 free (234M)
}
Event: 293.001 {heap Before GC invocations=27 (full 0):
 garbage-first heap   total reserved 4194304K, committed 276480K, used 41358K [0x0000000700000000, 0x0000000800000000)
  region size 2M, 3 eden (6M), 3 survivor (6M), 13 old (26M), 2 humongous (4M), 114 free (228M)
}
Event: 293.110 {heap After GC invocations=28 (full 0):
 garbage-first heap   total reserved 4194304K, committed 276480K, used 35771K [0x0000000700000000, 0x0000000800000000)
  region size 2M, 0 eden (0M), 1 survivor (2M), 16 old (32M), 2 humongous (4M), 116 free (232M)
}
Event: 432.877 {heap Before GC invocations=28 (full 0):
 garbage-first heap   total reserved 4194304K, committed 276480K, used 89019K [0x0000000700000000, 0x0000000800000000)
  region size 2M, 26 eden (52M), 1 survivor (2M), 16 old (32M), 3 humongous (6M), 89 free (178M)
}
Event: 433.165 {heap After GC invocations=29 (full 0):
 garbage-first heap   total reserved 4194304K, committed 276480K, used 42652K [0x0000000700000000, 0x0000000800000000)
  region size 2M, 0 eden (0M), 3 survivor (6M), 16 old (32M), 3 humongous (6M), 113 free (226M)
}
Event: 446.961 {heap Before GC invocations=29 (full 0):
 garbage-first heap   total reserved 4194304K, committed 276480K, used 54940K [0x0000000700000000, 0x0000000800000000)
  region size 2M, 6 eden (12M), 3 survivor (6M), 16 old (32M), 3 humongous (6M), 107 free (214M)
}
Event: 447.117 {heap After GC invocations=30 (full 0):
 garbage-first heap   total reserved 4194304K, committed 276480K, used 43882K [0x0000000700000000, 0x0000000800000000)
  region size 2M, 0 eden (0M), 1 survivor (2M), 18 old (36M), 3 humongous (6M), 113 free (226M)
}
Event: 489.282 {heap Before GC invocations=30 (full 0):
 garbage-first heap   total reserved 4194304K, committed 276480K, used 86890K [0x0000000700000000, 0x0000000800000000)
  region size 2M, 21 eden (42M), 1 survivor (2M), 18 old (36M), 3 humongous (6M), 92 free (184M)
}
Event: 489.407 {heap After GC invocations=31 (full 0):
 garbage-first heap   total reserved 4194304K, committed 276480K, used 44921K [0x0000000700000000, 0x0000000800000000)
  region size 2M, 0 eden (0M), 2 survivor (4M), 18 old (36M), 3 humongous (6M), 112 free (224M)
}
Event: 504.405 {heap Before GC invocations=31 (full 0):
 garbage-first heap   total reserved 4194304K, committed 276480K, used 79737K [0x0000000700000000, 0x0000000800000000)
  region size 2M, 18 eden (36M), 2 survivor (4M), 18 old (36M), 3 humongous (6M), 94 free (188M)
}
Event: 504.548 {heap After GC invocations=32 (full 0):
 garbage-first heap   total reserved 4194304K, committed 276480K, used 46092K [0x0000000700000000, 0x0000000800000000)
  region size 2M, 0 eden (0M), 2 survivor (4M), 18 old (36M), 3 humongous (6M), 112 free (224M)
}

Metaspace Usage History (20 events):
Event: 221.618 {metaspace Before GC invocations=21 (full 0):
 Metaspace       used 28860K, committed 29952K, reserved 491520K
  class space    used 4321K, committed 4864K, reserved 425984K
}
Event: 221.977 {metaspace After GC invocations=22 (full 0):
 Metaspace       used 28860K, committed 29952K, reserved 491520K
  class space    used 4321K, committed 4864K, reserved 425984K
}
Event: 232.755 {metaspace Before GC invocations=22 (full 0):
 Metaspace       used 29840K, committed 30976K, reserved 491520K
  class space    used 4490K, committed 5056K, reserved 425984K
}
Event: 232.964 {metaspace After GC invocations=23 (full 0):
 Metaspace       used 29840K, committed 30976K, reserved 491520K
  class space    used 4490K, committed 5056K, reserved 425984K
}
Event: 253.088 {metaspace Before GC invocations=23 (full 0):
 Metaspace       used 34172K, committed 35520K, reserved 491520K
  class space    used 5225K, committed 5888K, reserved 425984K
}
Event: 253.490 {metaspace After GC invocations=24 (full 0):
 Metaspace       used 34172K, committed 35520K, reserved 491520K
  class space    used 5225K, committed 5888K, reserved 425984K
}
Event: 258.971 {metaspace Before GC invocations=24 (full 0):
 Metaspace       used 34988K, committed 36288K, reserved 491520K
  class space    used 5275K, committed 5888K, reserved 425984K
}
Event: 259.097 {metaspace After GC invocations=25 (full 0):
 Metaspace       used 34988K, committed 36288K, reserved 491520K
  class space    used 5275K, committed 5888K, reserved 425984K
}
Event: 287.123 {metaspace Before GC invocations=26 (full 0):
 Metaspace       used 40556K, committed 42176K, reserved 491520K
  class space    used 6122K, committed 6912K, reserved 425984K
}
Event: 287.249 {metaspace After GC invocations=27 (full 0):
 Metaspace       used 40556K, committed 42176K, reserved 491520K
  class space    used 6122K, committed 6912K, reserved 425984K
}
Event: 293.002 {metaspace Before GC invocations=27 (full 0):
 Metaspace       used 41187K, committed 42816K, reserved 491520K
  class space    used 6233K, committed 7040K, reserved 425984K
}
Event: 293.110 {metaspace After GC invocations=28 (full 0):
 Metaspace       used 41187K, committed 42816K, reserved 491520K
  class space    used 6233K, committed 7040K, reserved 425984K
}
Event: 432.878 {metaspace Before GC invocations=28 (full 0):
 Metaspace       used 44248K, committed 45952K, reserved 491520K
  class space    used 6700K, committed 7488K, reserved 425984K
}
Event: 433.169 {metaspace After GC invocations=29 (full 0):
 Metaspace       used 44248K, committed 45952K, reserved 491520K
  class space    used 6700K, committed 7488K, reserved 425984K
}
Event: 446.961 {metaspace Before GC invocations=29 (full 0):
 Metaspace       used 45986K, committed 47680K, reserved 491520K
  class space    used 6965K, committed 7744K, reserved 425984K
}
Event: 447.118 {metaspace After GC invocations=30 (full 0):
 Metaspace       used 45986K, committed 47680K, reserved 491520K
  class space    used 6965K, committed 7744K, reserved 425984K
}
Event: 489.283 {metaspace Before GC invocations=30 (full 0):
 Metaspace       used 53625K, committed 55488K, reserved 491520K
  class space    used 8418K, committed 9280K, reserved 425984K
}
Event: 489.412 {metaspace After GC invocations=31 (full 0):
 Metaspace       used 53625K, committed 55488K, reserved 491520K
  class space    used 8418K, committed 9280K, reserved 425984K
}
Event: 504.406 {metaspace Before GC invocations=31 (full 0):
 Metaspace       used 59038K, committed 60800K, reserved 491520K
  class space    used 9076K, committed 9920K, reserved 425984K
}
Event: 504.548 {metaspace After GC invocations=32 (full 0):
 Metaspace       used 59038K, committed 60800K, reserved 491520K
  class space    used 9076K, committed 9920K, reserved 425984K
}

Dll operation events (20 events):
Event: 11.337 Attempting to load shared library C:\Program Files\Java\jdk-26.0.1\bin\nio.dll
Event: 11.488 Loaded shared library C:\Program Files\Java\jdk-26.0.1\bin\nio.dll
Event: 11.821 Attempting to load shared library C:\Program Files\Java\jdk-26.0.1\bin\zip.dll
Event: 11.821 Loaded shared library C:\Program Files\Java\jdk-26.0.1\bin\zip.dll
Event: 26.607 Attempting to load shared library C:\Program Files\Java\jdk-26.0.1\bin\jimage.dll
Event: 26.607 Loaded shared library C:\Program Files\Java\jdk-26.0.1\bin\jimage.dll
Event: 32.857 Attempting to load shared library C:\Program Files\Java\jdk-26.0.1\bin\verify.dll
Event: 32.971 Loaded shared library C:\Program Files\Java\jdk-26.0.1\bin\verify.dll
Event: 35.543 Attempting to load shared library C:\Users\lenovo\.gradle\native\660c5614fbf4a5f2a75b1949f50a0caf5cd603558e7d8a26e50b933a0cfb79d1\windows-amd64\native-platform.dll
Event: 35.604 Loaded shared library C:\Users\lenovo\.gradle\native\660c5614fbf4a5f2a75b1949f50a0caf5cd603558e7d8a26e50b933a0cfb79d1\windows-amd64\native-platform.dll
Event: 36.109 Attempting to load shared library C:\Users\lenovo\.gradle\native\0.2.8\x86_64-windows-gnu\gradle-fileevents.dll
Event: 36.167 Loaded shared library C:\Users\lenovo\.gradle\native\0.2.8\x86_64-windows-gnu\gradle-fileevents.dll
Event: 69.114 Attempting to load shared library C:\Program Files\Java\jdk-26.0.1\bin\management.dll
Event: 69.144 Loaded shared library C:\Program Files\Java\jdk-26.0.1\bin\management.dll
Event: 69.177 Attempting to load shared library C:\Program Files\Java\jdk-26.0.1\bin\management_ext.dll
Event: 69.218 Loaded shared library C:\Program Files\Java\jdk-26.0.1\bin\management_ext.dll
Event: 73.060 Attempting to load shared library C:\Program Files\Java\jdk-26.0.1\bin\extnet.dll
Event: 73.100 Loaded shared library C:\Program Files\Java\jdk-26.0.1\bin\extnet.dll
Event: 96.627 Attempting to load shared library C:\Program Files\Java\jdk-26.0.1\bin\sunmscapi.dll
Event: 97.244 Loaded shared library C:\Program Files\Java\jdk-26.0.1\bin\sunmscapi.dll

Deoptimization events (20 events):
Event: 460.134 Thread 0x000002661412eb30 Uncommon trap: trap_request=0xffffff66 fr.pc=0x0000026607b0d4f8 relative=0x0000000000000178
Event: 460.134 Thread 0x000002661412eb30 Uncommon trap: reason=loop_limit_check action=maybe_recompile pc=0x0000026607b0d4f8 method=java.lang.StringLatin1.lastIndexOf([BII)I @ 19 c2
Event: 460.135 Thread 0x000002661412eb30 DEOPT PACKING pc=0x0000026607b0d4f8 sp=0x000000b30cef4c50
Event: 460.135 Thread 0x000002661412eb30 DEOPT UNPACKING pc=0x0000026607671882 sp=0x000000b30cef4bd0 mode 2
Event: 486.601 Thread 0x000002661412eb30 Uncommon trap: trap_request=0xffffff45 fr.pc=0x0000026607c81adc relative=0x00000000000003dc
Event: 486.601 Thread 0x000002661412eb30 Uncommon trap: reason=unstable_if action=reinterpret pc=0x0000026607c81adc method=java.util.zip.ZipFile.getZipEntry(Ljava/lang/String;I)Ljava/util/zip/ZipEntry; @ 19 c2
Event: 486.601 Thread 0x000002661412eb30 DEOPT PACKING pc=0x0000026607c81adc sp=0x000000b30cef6320
Event: 486.601 Thread 0x000002661412eb30 DEOPT UNPACKING pc=0x0000026607671882 sp=0x000000b30cef62a0 mode 2
Event: 499.934 Thread 0x000002661412eb30 Uncommon trap: trap_request=0xffffff45 fr.pc=0x0000026607b08554 relative=0x0000000000000054
Event: 499.935 Thread 0x000002661412eb30 Uncommon trap: reason=unstable_if action=reinterpret pc=0x0000026607b08554 method=java.net.URI.match(CJJ)Z @ 19 c2
Event: 499.935 Thread 0x000002661412eb30 DEOPT PACKING pc=0x0000026607b08554 sp=0x000000b30cef5630
Event: 499.935 Thread 0x000002661412eb30 DEOPT UNPACKING pc=0x0000026607671882 sp=0x000000b30cef55c0 mode 2
Event: 499.946 Thread 0x000002661412eb30 Uncommon trap: trap_request=0xffffff45 fr.pc=0x0000026607ccc890 relative=0x0000000000000790
Event: 499.946 Thread 0x000002661412eb30 Uncommon trap: reason=unstable_if action=reinterpret pc=0x0000026607ccc890 method=java.net.URLStreamHandler.setURL(Ljava/net/URL;Ljava/lang/String;Ljava/lang/String;ILjava/lang/String;Ljava/lang/String;Ljava/lang/String;Ljava/lang/String;Ljava/lang/String
Event: 499.946 Thread 0x000002661412eb30 DEOPT PACKING pc=0x0000026607ccc890 sp=0x000000b30cef5640
Event: 499.947 Thread 0x000002661412eb30 DEOPT UNPACKING pc=0x0000026607671882 sp=0x000000b30cef55b8 mode 2
Event: 504.146 Thread 0x000002661412eb30 Uncommon trap: trap_request=0xffffff45 fr.pc=0x0000026607bb3fcc relative=0x000000000000024c
Event: 504.146 Thread 0x000002661412eb30 Uncommon trap: reason=unstable_if action=reinterpret pc=0x0000026607bb3fcc method=java.lang.String.startsWith(Ljava/lang/String;I)Z @ 50 c2
Event: 504.147 Thread 0x000002661412eb30 DEOPT PACKING pc=0x0000026607bb3fcc sp=0x000000b30cef58a0
Event: 504.147 Thread 0x000002661412eb30 DEOPT UNPACKING pc=0x0000026607671882 sp=0x000000b30cef5828 mode 2

Classes loaded (20 events):
Event: 500.760 Loading class java/nio/file/ClosedDirectoryStreamException
Event: 500.770 Loading class java/nio/file/ClosedDirectoryStreamException done
Event: 500.785 Loading class jdk/internal/jrtfs/JrtFileSystem
Event: 500.792 Loading class jdk/internal/jrtfs/JrtFileSystem done
Event: 500.793 Loading class jdk/internal/jrtfs/JrtPath
Event: 500.802 Loading class jdk/internal/jrtfs/JrtPath done
Event: 500.843 Loading class java/util/function/BooleanSupplier
Event: 500.846 Loading class java/util/function/BooleanSupplier done
Event: 501.078 Loading class java/nio/ByteBufferAsIntBufferL
Event: 501.084 Loading class java/nio/ByteBufferAsIntBufferL done
Event: 501.340 Loading class java/nio/channels/Channels$ReadableByteChannelImpl
Event: 501.343 Loading class java/nio/channels/Channels$ReadableByteChannelImpl done
Event: 501.348 Loading class java/nio/channels/NonWritableChannelException
Event: 501.352 Loading class java/nio/channels/NonWritableChannelException done
Event: 504.175 Loading class java/nio/charset/IllegalCharsetNameException
Event: 504.178 Loading class java/nio/charset/IllegalCharsetNameException done
Event: 504.179 Loading class java/nio/charset/UnsupportedCharsetException
Event: 504.179 Loading class java/nio/charset/UnsupportedCharsetException done
Event: 504.189 Loading class sun/nio/cs/MS1251
Event: 504.193 Loading class sun/nio/cs/MS1251 done

Classes unloaded (0 events):
No events

Classes redefined (0 events):
No events

Internal exceptions (20 events):
Event: 459.607 Thread 0x000002661412eb30 Exception <a 'sun/nio/fs/WindowsException'{0x000000070fbbc690}> (0x000000070fbbc690) 
thrown [s\open\src\hotspot\share\prims\jni.cpp, line 514]
Event: 464.238 Thread 0x000002661412eb30 Exception <a 'sun/nio/fs/WindowsException'{0x000000070f4dfbd0}> (0x000000070f4dfbd0) 
thrown [s\open\src\hotspot\share\prims\jni.cpp, line 514]
Event: 466.847 Thread 0x000002661412eb30 Exception <a 'java/lang/NoSuchMethodError'{0x000000070f04c700}: 'long java.lang.invoke.DirectMethodHandle$Holder.invokeStatic(java.lang.Object)'> (0x000000070f04c700) 
thrown [s\open\src\hotspot\share\interpreter\linkResolver.cpp, line 804]
Event: 466.855 Thread 0x000002661412eb30 Exception <a 'java/lang/NoSuchMethodError'{0x000000070f055e60}: 'long java.lang.invoke.DirectMethodHandle$Holder.invokeStaticInit(java.lang.Object)'> (0x000000070f055e60) 
thrown [s\open\src\hotspot\share\interpreter\linkResolver.cpp, line 804]
Event: 477.386 Thread 0x000002661412eb30 Exception <a 'java/lang/NoSuchMethodError'{0x000000070ec1cec8}: 'void java.lang.invoke.DirectMethodHandle$Holder.invokeStaticInit(java.lang.Object)'> (0x000000070ec1cec8) 
thrown [s\open\src\hotspot\share\interpreter\linkResolver.cpp, line 804]
Event: 477.741 Thread 0x000002661412eb30 Exception <a 'java/lang/NoSuchMethodError'{0x000000070ecf44d0}: 'void java.lang.invoke.DelegatingMethodHandle$Holder.reinvoke_L(java.lang.Object, java.lang.Object, java.lang.Object, long, java.lang.Object)'> (0x000000070ecf44d0) 
thrown [s\open\src\hotspot\share\interpreter\linkResolver.cpp, line 804]
Event: 477.757 Thread 0x000002661412eb30 Exception <a 'java/lang/NoSuchMethodError'{0x000000070ed06a98}: 'java.lang.Object java.lang.invoke.DirectMethodHandle$Holder.invokeSpecial(java.lang.Object, java.lang.Object, java.lang.Object, java.lang.Object, long)'> (0x000000070ed06a98) 
thrown [s\open\src\hotspot\share\interpreter\linkResolver.cpp, line 804]
Event: 477.781 Thread 0x000002661412eb30 Exception <a 'java/lang/NoSuchMethodError'{0x000000070ed28de0}: 'int java.lang.invoke.DelegatingMethodHandle$Holder.reinvoke_L(java.lang.Object, java.lang.Object, java.lang.Object, long, java.lang.Object, java.lang.Object)'> (0x000000070ed28de0) 
thrown [s\open\src\hotspot\share\interpreter\linkResolver.cpp, line 804]
Event: 477.818 Thread 0x000002661412eb30 Exception <a 'java/lang/NoSuchMethodError'{0x000000070ed4ba48}: 'int java.lang.invoke.DelegatingMethodHandle$Holder.reinvoke_L(java.lang.Object, java.lang.Object, java.lang.Object, long, int, int)'> (0x000000070ed4ba48) 
thrown [s\open\src\hotspot\share\interpreter\linkResolver.cpp, line 804]
Event: 477.865 Thread 0x000002661412eb30 Exception <a 'java/lang/NoSuchMethodError'{0x000000070ed6d800}: 'int java.lang.invoke.DelegatingMethodHandle$Holder.reinvoke_L(java.lang.Object, java.lang.Object, java.lang.Object, long, long, long)'> (0x000000070ed6d800) 
thrown [s\open\src\hotspot\share\interpreter\linkResolver.cpp, line 804]
Event: 477.962 Thread 0x000002661412eb30 Exception <a 'java/lang/NoSuchMethodError'{0x000000070ed923d0}: 'int java.lang.invoke.DelegatingMethodHandle$Holder.reinvoke_L(java.lang.Object, java.lang.Object, java.lang.Object, long, int)'> (0x000000070ed923d0) 
thrown [s\open\src\hotspot\share\interpreter\linkResolver.cpp, line 804]
Event: 478.024 Thread 0x000002661412eb30 Exception <a 'java/lang/NoSuchMethodError'{0x000000070edb39d0}: 'long java.lang.invoke.DelegatingMethodHandle$Holder.reinvoke_L(java.lang.Object, java.lang.Object, java.lang.Object)'> (0x000000070edb39d0) 
thrown [s\open\src\hotspot\share\interpreter\linkResolver.cpp, line 804]
Event: 478.112 Thread 0x000002661412eb30 Exception <a 'java/lang/NoSuchMethodError'{0x000000070edd5d60}: 'void java.lang.invoke.DelegatingMethodHandle$Holder.reinvoke_L(java.lang.Object, java.lang.Object, java.lang.Object, long, java.lang.Object, long, long)'> (0x000000070edd5d60) 
thrown [s\open\src\hotspot\share\interpreter\linkResolver.cpp, line 804]
Event: 478.141 Thread 0x000002661412eb30 Exception <a 'java/lang/NoSuchMethodError'{0x000000070ede8880}: 'long java.lang.invoke.Invokers$Holder.invokeExact_MT(java.lang.Object, java.lang.Object, java.lang.Object)'> (0x000000070ede8880) 
thrown [s\open\src\hotspot\share\interpreter\linkResolver.cpp, line 804]
Event: 478.401 Thread 0x000002661412eb30 Exception <a 'java/lang/NoSuchMethodError'{0x000000070ea18320}: 'int java.lang.invoke.Invokers$Holder.invokeExact_MT(java.lang.Object, java.lang.Object, java.lang.Object)'> (0x000000070ea18320) 
thrown [s\open\src\hotspot\share\interpreter\linkResolver.cpp, line 804]
Event: 482.256 Thread 0x000002661412eb30 Exception <a 'java/lang/NoSuchMethodError'{0x000000070e8eadd8}: 'java.lang.Object java.lang.invoke.DirectMethodHandle$Holder.invokeStatic(java.lang.Object, java.lang.Object, int, java.lang.Object, int)'> (0x000000070e8eadd8) 
thrown [s\open\src\hotspot\share\interpreter\linkResolver.cpp, line 804]
Event: 499.244 Thread 0x000002661412eb30 Exception <a 'java/lang/NoSuchMethodError'{0x000000070f71b258}: 'java.lang.Object java.lang.invoke.DirectMethodHandle$Holder.invokeStatic(java.lang.Object, java.lang.Object, java.lang.Object, java.lang.Object, int, java.lang.Object)'> (0x000000070f71b258) 
thrown [s\open\src\hotspot\share\interpreter\linkResolver.cpp, line 804]
Event: 500.417 Thread 0x000002661412eb30 Exception <a 'java/lang/NoSuchMethodError'{0x000000070f44fb30}: 'long java.lang.invoke.DirectMethodHandle$Holder.invokeStatic(java.lang.Object, java.lang.Object, int)'> (0x000000070f44fb30) 
thrown [s\open\src\hotspot\share\interpreter\linkResolver.cpp, line 804]
Event: 500.428 Thread 0x000002661412eb30 Exception <a 'java/lang/NoSuchMethodError'{0x000000070f461598}: 'long java.lang.invoke.DelegatingMethodHandle$Holder.reinvoke_L(java.lang.Object, java.lang.Object, int)'> (0x000000070f461598) 
thrown [s\open\src\hotspot\share\interpreter\linkResolver.cpp, line 804]
Event: 500.449 Thread 0x000002661412eb30 Exception <a 'java/lang/NoSuchMethodError'{0x000000070f47b090}: 'java.lang.Object java.lang.invoke.DelegatingMethodHandle$Holder.reinvoke_L(java.lang.Object, int, long, java.lang.Object, java.lang.Object, int, java.lang.Object)'> (0x000000070f47b090) 
thrown [s\open\src\hotspot\share\interpreter\linkResolver.cpp, line 804]

VM Operations (20 events):
Event: 500.142 Executing non-safepoint VM operation: HandshakeAllThreads (Deoptimize) done
Event: 500.175 Executing non-safepoint VM operation: HandshakeAllThreads (Deoptimize)
Event: 500.177 Executing non-safepoint VM operation: HandshakeAllThreads (Deoptimize) done
Event: 500.756 Executing non-safepoint VM operation: HandshakeAllThreads (Deoptimize)
Event: 500.758 Executing non-safepoint VM operation: HandshakeAllThreads (Deoptimize) done
Event: 501.109 Executing non-safepoint VM operation: HandshakeAllThreads (Deoptimize)
Event: 501.111 Executing non-safepoint VM operation: HandshakeAllThreads (Deoptimize) done
Event: 503.048 Executing non-safepoint VM operation: HandshakeAllThreads (Deoptimize)
Event: 503.050 Executing non-safepoint VM operation: HandshakeAllThreads (Deoptimize) done
Event: 504.137 Executing non-safepoint VM operation: HandshakeAllThreads (Deoptimize)
Event: 504.141 Executing non-safepoint VM operation: HandshakeAllThreads (Deoptimize) done
Event: 504.405 Executing safepoint VM operation: CollectForMetadataAllocation (Metadata GC Threshold)
Event: 504.550 Executing safepoint VM operation: CollectForMetadataAllocation (Metadata GC Threshold) done
Event: 505.346 Executing safepoint VM operation: CollectForMetadataAllocation (Metadata GC Threshold)
Event: 505.348 Executing safepoint VM operation: CollectForMetadataAllocation (Metadata GC Threshold) done
Event: 506.062 Executing non-safepoint VM operation: HandshakeAllThreads (Deoptimize)
Event: 506.063 Executing non-safepoint VM operation: HandshakeAllThreads (Deoptimize) done
Event: 506.261 Executing safepoint VM operation: CollectForMetadataAllocation (Metadata GC Threshold)
Event: 506.279 Executing safepoint VM operation: CollectForMetadataAllocation (Metadata GC Threshold) done
Event: 506.877 Executing safepoint VM operation: G1PauseRemark

Memory protections (0 events):
No events

Nmethod flushes (20 events):
Event: 260.781 Thread 0x000002667f21a2e0 flushing  nmethod 0x00000266000d5808
Event: 260.781 Thread 0x000002667f21a2e0 flushing  nmethod 0x00000266000d7a88
Event: 260.781 Thread 0x000002667f21a2e0 flushing  nmethod 0x00000266000f7588
Event: 260.781 Thread 0x000002667f21a2e0 flushing  nmethod 0x0000026600113308
Event: 260.781 Thread 0x000002667f21a2e0 flushing  nmethod 0x0000026600114c88
Event: 260.781 Thread 0x000002667f21a2e0 flushing  nmethod 0x0000026600115a08
Event: 260.781 Thread 0x000002667f21a2e0 flushing  nmethod 0x0000026600115e08
Event: 260.781 Thread 0x000002667f21a2e0 flushing  nmethod 0x0000026600173588
Event: 260.781 Thread 0x000002667f21a2e0 flushing  nmethod 0x000002660018f488
Event: 260.781 Thread 0x000002667f21a2e0 flushing  nmethod 0x000002660020d188
Event: 507.061 Thread 0x000002667f21a2e0 flushing  nmethod 0x0000026607aef188
Event: 507.062 Thread 0x000002667f21a2e0 flushing  nmethod 0x0000026607b5e188
Event: 507.063 Thread 0x000002667f21a2e0 flushing  nmethod 0x0000026607bc8388
Event: 507.614 Thread 0x000002667f21a2e0 flushing  nmethod 0x0000026600158a08
Event: 507.614 Thread 0x000002667f21a2e0 flushing  nmethod 0x0000026600158d08
Event: 507.615 Thread 0x000002667f21a2e0 flushing  nmethod 0x000002660015c088
Event: 507.615 Thread 0x000002667f21a2e0 flushing  nmethod 0x0000026600165e88
Event: 507.615 Thread 0x000002667f21a2e0 flushing  nmethod 0x0000026600167888
Event: 507.615 Thread 0x000002667f21a2e0 flushing  nmethod 0x0000026600168488
Event: 507.615 Thread 0x000002667f21a2e0 flushing  nmethod 0x0000026600177c08

Events (20 events):
Event: 207.987 Thread 0x000002661412eb30 Thread added: 0x00000266163c31e0
Event: 214.944 Thread 0x000002661412eb30 Thread added: 0x00000266163c0300
Event: 239.564 Thread 0x000002661412eb30 Thread added: 0x00000266163c4180
Event: 241.771 Thread 0x000002661412eb30 Thread added: 0x00000266163c5120
Event: 249.026 Thread 0x000002661412eb30 Thread added: 0x00000266163c7060
Event: 250.225 Thread 0x000002661412eb30 Thread added: 0x0000026616063fb0
Event: 275.135 Thread 0x000002661412eb30 Thread added: 0x0000026616065720
Event: 326.115 Thread 0x000002661412eb30 Thread added: 0x0000026616065ef0
Event: 326.267 Thread 0x000002661412eb30 Thread added: 0x00000266160666c0
Event: 326.341 Thread 0x000002661412eb30 Thread added: 0x00000266160637e0
Event: 326.507 Thread 0x000002661412eb30 Thread added: 0x0000026616067e30
Event: 326.536 Thread 0x000002661412eb30 Thread added: 0x0000026616067660
Event: 330.965 Thread 0x000002661412eb30 Thread added: 0x0000026615d0f4b0
Event: 331.053 Thread 0x000002661412eb30 Thread added: 0x0000026615d10450
Event: 361.657 Thread 0x000002661412eb30 Thread added: 0x0000026615d0ece0
Event: 396.632 Thread 0x000002661412eb30 Thread added: 0x0000026615d0fc80
Event: 411.505 Thread 0x000002661412eb30 Thread added: 0x0000026615d13330
Event: 421.293 Thread 0x000002661412eb30 Thread added: 0x0000026615d10c20
Event: 422.351 Thread 0x000002661412eb30 Thread added: 0x0000026615d11bc0
Event: 422.594 Thread 0x000002661412eb30 Thread added: 0x0000026615d12390


Dynamic libraries:
0x00007ff65db30000 - 0x00007ff65db40000 	C:\Program Files\Java\jdk-26.0.1\bin\java.exe
0x00007ffe31ca0000 - 0x00007ffe31f06000 	C:\WINDOWS\SYSTEM32\ntdll.dll
0x00007ffe30f60000 - 0x00007ffe31029000 	C:\WINDOWS\System32\KERNEL32.DLL
0x00007ffe2f3b0000 - 0x00007ffe2f7b0000 	C:\WINDOWS\System32\KERNELBASE.dll
0x00007ffe2b920000 - 0x00007ffe2b9c0000 	C:\WINDOWS\SYSTEM32\apphelp.dll
0x00007ffe2f7c0000 - 0x00007ffe2f90c000 	C:\WINDOWS\System32\ucrtbase.dll
0x00007ffe29800000 - 0x00007ffe29817000 	C:\Program Files\Java\jdk-26.0.1\bin\jli.dll
0x00007ffe317e0000 - 0x00007ffe319a7000 	C:\WINDOWS\System32\USER32.dll
0x00007ffe2eec0000 - 0x00007ffe2eee7000 	C:\WINDOWS\System32\win32u.dll
0x00007ffe19f80000 - 0x00007ffe1a212000 	C:\WINDOWS\WinSxS\amd64_microsoft.windows.common-controls_6595b64144ccf1df_6.0.26100.8737_none_3e092eaee333b772\COMCTL32.dll
0x00007ffe319b0000 - 0x00007ffe319db000 	C:\WINDOWS\System32\GDI32.dll
0x00007ffe2eef0000 - 0x00007ffe2f019000 	C:\WINDOWS\System32\gdi32full.dll
0x00007ffe2f920000 - 0x00007ffe2f9c3000 	C:\WINDOWS\System32\msvcp_win.dll
0x00007ffe143e0000 - 0x00007ffe143fe000 	C:\Program Files\Java\jdk-26.0.1\bin\VCRUNTIME140.dll
0x00007ffe31730000 - 0x00007ffe317d9000 	C:\WINDOWS\System32\msvcrt.dll
0x00007ffe30bf0000 - 0x00007ffe30c22000 	C:\WINDOWS\System32\IMM32.DLL
0x00007ffe29770000 - 0x00007ffe2977c000 	C:\Program Files\Java\jdk-26.0.1\bin\vcruntime140_1.dll
0x00007ffdffff0000 - 0x00007ffe0007d000 	C:\Program Files\Java\jdk-26.0.1\bin\msvcp140.dll
0x00007ffd991c0000 - 0x00007ffd9a08e000 	C:\Program Files\Java\jdk-26.0.1\bin\server\jvm.dll
0x00007ffe30ea0000 - 0x00007ffe30f57000 	C:\WINDOWS\System32\ADVAPI32.dll
0x00007ffe314f0000 - 0x00007ffe3159a000 	C:\WINDOWS\System32\sechost.dll
0x00007ffe313d0000 - 0x00007ffe314e8000 	C:\WINDOWS\System32\RPCRT4.dll
0x00007ffe316a0000 - 0x00007ffe31720000 	C:\WINDOWS\System32\WS2_32.dll
0x00007ffe25d10000 - 0x00007ffe25d46000 	C:\WINDOWS\SYSTEM32\WINMM.dll
0x00007ffe2ed20000 - 0x00007ffe2ed7e000 	C:\WINDOWS\SYSTEM32\POWRPROF.dll
0x00007ffe20890000 - 0x00007ffe2089b000 	C:\WINDOWS\SYSTEM32\VERSION.dll
0x00007ffe2ed00000 - 0x00007ffe2ed14000 	C:\WINDOWS\SYSTEM32\UMPDC.dll
0x00007ffe2dba0000 - 0x00007ffe2dbbb000 	C:\WINDOWS\SYSTEM32\kernel.appcore.dll
0x00007ffe1eab0000 - 0x00007ffe1eaba000 	C:\Program Files\Java\jdk-26.0.1\bin\jimage.dll
0x00007ffe2c3b0000 - 0x00007ffe2c5f2000 	C:\WINDOWS\SYSTEM32\DBGHELP.DLL
0x00007ffe30810000 - 0x00007ffe30b93000 	C:\WINDOWS\System32\combase.dll
0x00007ffe31030000 - 0x00007ffe31109000 	C:\WINDOWS\System32\OLEAUT32.dll
0x00007ffe15610000 - 0x00007ffe1564b000 	C:\WINDOWS\SYSTEM32\dbgcore.DLL
0x00007ffe2f0e0000 - 0x00007ffe2f18c000 	C:\WINDOWS\System32\bcryptPrimitives.dll
0x00007ffe17d90000 - 0x00007ffe17da0000 	C:\Program Files\Java\jdk-26.0.1\bin\instrument.dll
0x00007ffe143c0000 - 0x00007ffe143df000 	C:\Program Files\Java\jdk-26.0.1\bin\java.dll
0x00007ffe319e0000 - 0x00007ffe31b79000 	C:\WINDOWS\System32\ole32.dll
0x00007ffe30070000 - 0x00007ffe30802000 	C:\WINDOWS\System32\SHELL32.dll
0x00007ffe2c980000 - 0x00007ffe2d212000 	C:\WINDOWS\SYSTEM32\windows.storage.dll
0x00007ffe30c30000 - 0x00007ffe30d27000 	C:\WINDOWS\System32\SHCORE.dll
0x00007ffe31bf0000 - 0x00007ffe31c57000 	C:\WINDOWS\System32\shlwapi.dll
0x00007ffe2ede0000 - 0x00007ffe2ee09000 	C:\WINDOWS\SYSTEM32\profapi.dll
0x00007ffe0b350000 - 0x00007ffe0b367000 	C:\Program Files\Java\jdk-26.0.1\bin\zip.dll
0x00007ffe02f30000 - 0x00007ffe02f42000 	C:\Program Files\Java\jdk-26.0.1\bin\net.dll
0x00007ffe2e150000 - 0x00007ffe2e1bc000 	C:\WINDOWS\system32\mswsock.dll
0x00007ffdfffd0000 - 0x00007ffdfffe6000 	C:\Program Files\Java\jdk-26.0.1\bin\nio.dll
0x00007ffe05b70000 - 0x00007ffe05b80000 	C:\Program Files\Java\jdk-26.0.1\bin\verify.dll
0x00007ffdf7e20000 - 0x00007ffdf7e47000 	C:\Users\lenovo\.gradle\native\660c5614fbf4a5f2a75b1949f50a0caf5cd603558e7d8a26e50b933a0cfb79d1\windows-amd64\native-platform.dll
0x00007ffde17e0000 - 0x00007ffde1857000 	C:\Users\lenovo\.gradle\native\0.2.8\x86_64-windows-gnu\gradle-fileevents.dll
0x00007ffe03250000 - 0x00007ffe0325a000 	C:\Program Files\Java\jdk-26.0.1\bin\management.dll
0x00007ffe02f20000 - 0x00007ffe02f2c000 	C:\Program Files\Java\jdk-26.0.1\bin\management_ext.dll
0x00007ffe2f9f0000 - 0x00007ffe2f9f8000 	C:\WINDOWS\System32\PSAPI.DLL
0x00007ffe2d620000 - 0x00007ffe2d653000 	C:\WINDOWS\SYSTEM32\IPHLPAPI.DLL
0x00007ffe31be0000 - 0x00007ffe31bea000 	C:\WINDOWS\System32\NSI.dll
0x00007ffdf4d40000 - 0x00007ffdf4d49000 	C:\Program Files\Java\jdk-26.0.1\bin\extnet.dll
0x00007ffe2e450000 - 0x00007ffe2e46b000 	C:\WINDOWS\SYSTEM32\CRYPTSP.dll
0x00007ffe2db00000 - 0x00007ffe2db39000 	C:\WINDOWS\system32\rsaenh.dll
0x00007ffe2e210000 - 0x00007ffe2e242000 	C:\WINDOWS\SYSTEM32\USERENV.dll
0x00007ffe2edb0000 - 0x00007ffe2edda000 	C:\WINDOWS\SYSTEM32\bcrypt.dll
0x00007ffe2e470000 - 0x00007ffe2e47c000 	C:\WINDOWS\SYSTEM32\CRYPTBASE.dll
0x00007ffdfffc0000 - 0x00007ffdfffce000 	C:\Program Files\Java\jdk-26.0.1\bin\sunmscapi.dll
0x00007ffe2f230000 - 0x00007ffe2f3a8000 	C:\WINDOWS\System32\CRYPT32.dll
0x00007ffe2e690000 - 0x00007ffe2e6c0000 	C:\WINDOWS\SYSTEM32\ncrypt.dll
0x00007ffe2e640000 - 0x00007ffe2e67f000 	C:\WINDOWS\SYSTEM32\NTASN1.dll
0x00007ffe28930000 - 0x00007ffe28938000 	C:\WINDOWS\system32\wshunix.dll

JVMTI agents:
C:\Users\lenovo\.gradle\wrapper\dists\gradle-9.4.1-bin\arn2x92ynaizyzdaamcbpbhtj\gradle-9.4.1\lib\agents\gradle-instrumentation-agent-9.4.1.jar path:C:\Program Files\Java\jdk-26.0.1\bin\instrument.dll, loaded, initialized, instrumentlib options:none

dbghelp: loaded successfully - version: 4.0.5 - missing functions: none
symbol engine: initialized successfully - sym options: 0x614 - pdb path: .;C:\Program Files\Java\jdk-26.0.1\bin;C:\WINDOWS\SYSTEM32;C:\WINDOWS\WinSxS\amd64_microsoft.windows.common-controls_6595b64144ccf1df_6.0.26100.8737_none_3e092eaee333b772;C:\Program Files\Java\jdk-26.0.1\bin\server;C:\Users\lenovo\.gradle\native\660c5614fbf4a5f2a75b1949f50a0caf5cd603558e7d8a26e50b933a0cfb79d1\windows-amd64;C:\Users\lenovo\.gradle\native\0.2.8\x86_64-windows-gnu

VM Arguments:
jvm_args: --add-opens=java.base/java.lang=ALL-UNNAMED --add-opens=java.base/java.lang.invoke=ALL-UNNAMED --add-opens=java.base/java.util=ALL-UNNAMED --add-opens=java.prefs/java.util.prefs=ALL-UNNAMED --add-exports=jdk.compiler/com.sun.tools.javac.api=ALL-UNNAMED --add-exports=jdk.compiler/com.sun.tools.javac.util=ALL-UNNAMED --add-opens=java.base/java.util=ALL-UNNAMED --add-opens=java.prefs/java.util.prefs=ALL-UNNAMED --add-opens=java.base/java.nio.charset=ALL-UNNAMED --add-opens=java.base/java.net=ALL-UNNAMED --add-opens=java.base/java.util.concurrent=ALL-UNNAMED --add-opens=java.base/java.util.concurrent.atomic=ALL-UNNAMED --add-opens=java.xml/javax.xml.namespace=ALL-UNNAMED --add-opens=java.base/java.time=ALL-UNNAMED --enable-native-access=ALL-UNNAMED -XX:MaxMetaspaceSize=512m -XX:+HeapDumpOnOutOfMemoryError -Xmx4096m -Dfile.encoding=UTF-8 -Duser.country=US -Duser.language=en -Duser.variant -javaagent:C:\Users\lenovo\.gradle\wrapper\dists\gradle-9.4.1-bin\arn2x92ynaizyzdaamcbpbhtj\gradle-9.4.1\lib\agents\gradle-instrumentation-agent-9.4.1.jar 
java_command: org.gradle.launcher.daemon.bootstrap.GradleDaemon 9.4.1
java_class_path (initial): C:\Users\lenovo\.gradle\wrapper\dists\gradle-9.4.1-bin\arn2x92ynaizyzdaamcbpbhtj\gradle-9.4.1\lib\gradle-daemon-main-9.4.1.jar
Launcher Type: SUN_STANDARD

[Global flags]
     bool AOTAdapterCaching                        = false                                  {diagnostic} {ergonomic}
     bool AOTInvokeDynamicLinking                  = false                                  {diagnostic} {ergonomic}
     bool AOTRecordTraining                        = false                                  {diagnostic} {ergonomic}
     bool AOTReplayTraining                        = false                                  {diagnostic} {ergonomic}
     bool AOTStubCaching                           = false                                  {diagnostic} {ergonomic}
     intx CICompilerCount                          = 4                                         {product} {ergonomic}
   size_t CompressedClassSpaceSize                 = 436207616                                 {product} {ergonomic}
     uint ConcGCThreads                            = 2                                         {product} {ergonomic}
     uint G1ConcRefinementThreads                  = 8                                         {product} {ergonomic}
     uint G1EagerReclaimRemSetThreshold            = 16                                   {experimental} {ergonomic}
   size_t G1HeapRegionSize                         = 2097152                                   {product} {ergonomic}
     uint G1RemSetArrayOfCardsEntries              = 16                                   {experimental} {ergonomic}
     uint G1RemSetHowlMaxNumBuckets                = 8                                    {experimental} {ergonomic}
     uint G1RemSetHowlNumBuckets                   = 8                                    {experimental} {ergonomic}
     bool HeapDumpOnOutOfMemoryError               = true                                   {manageable} {command line}
   size_t InitialHeapSize                          = 8388608                                   {product} {ergonomic}
     bool IntelJccErratumMitigation                = false                             {ARCH diagnostic} {ergonomic}
   size_t MarkStackSize                            = 4194304                                   {product} {ergonomic}
   size_t MarkStackSizeMax                         = 536870912                                 {product} {ergonomic}
   size_t MaxHeapSize                              = 4294967296                                {product} {command line}
   size_t MaxMetaspaceSize                         = 536870912                                 {product} {command line}
   size_t MaxNewSize                               = 2575302656                                {product} {ergonomic}
 uint64_t MaxRAM                                   = 4084523008                                {product} {ergonomic}
   size_t MinHeapDeltaBytes                        = 2097152                                   {product} {ergonomic}
   size_t MinHeapSize                              = 8388608                                   {product} {ergonomic}
   size_t NonNMethodCodeHeapSize                   = 5898240                                {pd product} {ergonomic}
   size_t NonProfiledCodeHeapSize                  = 122945536                              {pd product} {ergonomic}
   size_t ProfiledCodeHeapSize                     = 122945536                              {pd product} {ergonomic}
   size_t ReservedCodeCacheSize                    = 251789312                              {pd product} {ergonomic}
     bool SegmentedCodeCache                       = true                                      {product} {ergonomic}
   size_t SoftMaxHeapSize                          = 4294967296                             {manageable} {ergonomic}
     bool UseCompressedOops                        = true                           {product lp64_product} {ergonomic}
     bool UseCondCardMark                          = true                                      {product} {ergonomic}
     bool UseFastUnorderedTimeStamps               = true                                 {experimental} {ergonomic}
     bool UseG1GC                                  = true                                      {product} {ergonomic}
     bool UseLargePagesIndividualAllocation        = false                                  {pd product} {ergonomic}
      int X86ICacheSync                            = 3                                 {ARCH diagnostic} {ergonomic}

Logging:
Log output configuration:
 #0: stdout all=warning uptime,level,tags foldmultilines=false
 #1: stderr all=off uptime,level,tags foldmultilines=false

Release file:
IMPLEMENTOR="Oracle Corporation" 
JAVA_RUNTIME_VERSION="26.0.1+8-34" 
JAVA_VERSION="26.0.1" 
JAVA_VERSION_DATE="2026-04-21" 
LIBC="default" 
MODULES="java.base java.compiler java.datatransfer java.xml java.prefs java.desktop java.instrument java.logging java.management java.security.sasl java.naming java.rmi java.management.rmi java.net.http java.scripting java.security.jgss java.transaction.xa java.sql java.sql.rowset java.xml.crypto java.se java.smartcardio jdk.accessibility jdk.internal.jvmstat jdk.attach jdk.charsets jdk.internal.opt jdk.zipfs jdk.compiler jdk.crypto.cryptoki jdk.crypto.ec jdk.crypto.mscapi jdk.dynalink jdk.internal.ed jdk.editpad jdk.internal.vm.ci jdk.graal.compiler jdk.graal.compiler.management jdk.hotspot.agent jdk.httpserver jdk.incubator.vector jdk.internal.le jdk.internal.md jdk.jartool jdk.javadoc jdk.jcmd jdk.management jdk.management.agent jdk.jconsole jdk.jdeps jdk.jdwp.agent jdk.jdi jdk.jfr jdk.jlink jdk.jpackage jdk.jshell jdk.jstatd jdk.localedata jdk.management.jfr jdk.naming.dns jdk.naming.rmi jdk.net jdk.nio.mapmode jdk.sctp jdk.security.auth jdk.security.jgss jdk.unsupported jdk.unsupported.desktop jdk.xml.dom" 
OS_ARCH="x86_64" 
OS_NAME="Windows" 
SOURCE=".:git:8fcde8268d22 open:git:fcc00fc4aee7" 

Environment Variables:
PATH=C:\Program Files\Common Files\Oracle\Java\javapath;C:\Python314\Scripts\;C:\Python314\;C:\WINDOWS\system32;C:\WINDOWS;C:\WINDOWS\System32\Wbem;C:\WINDOWS\System32\WindowsPowerShell\v1.0\;C:\WINDOWS\System32\OpenSSH\;C:\Program Files\Git\cmd;C:\Program Files\nodejs\;C:\ProgramData\chocolatey\bin;C:\Program Files\Microsoft SQL Server\170\Tools\Binn\;C:\Program Files\Microsoft SQL Server\Client SDK\ODBC\170\Tools\Binn\;C:\Program Files (x86)\IncrediBuild;C:\Program Files (x86)\Windows Kits\10\Windows Performance Toolkit\;C:\Program Files\tre-command\bin\;C:\Program Files (x86)\Google\Cloud SDK\google-cloud-sdk\bin;C:\Program Files\dotnet\;C:\Program Files\Go\bin;C:\Users\lenovo\AppData\Local\Programs\Python\Python312\Scripts\;C:\Users\lenovo\AppData\Local\Programs\Python\Python312\;C:\Users\lenovo\AppData\Local\Microsoft\WindowsApps;C:\Users\lenovo\AppData\Roaming\npm;C:\Users\lenovo\AppData\Local\Programs\Microsoft VS Code\bin;C:\Users\lenovo\AppData\Local\Programs\Microsoft VS Code Insiders\bin;C:\Users\lenovo\AppData\Local\Python\bin;C:\Users\lenovo\AppData\Local\Programs\Antigravity\bin;C:\Users\lenovo\.dotnet\tools;C:\Users\lenovo\go\bin
USERNAME=lenovo
OS=Windows_NT
PROCESSOR_IDENTIFIER=Intel64 Family 6 Model 140 Stepping 1, GenuineIntel
TMP=C:\Users\lenovo\AppData\Local\Temp
TEMP=C:\Users\lenovo\AppData\Local\Temp




Compilation memory statistics disabled.

Periodic native trim disabled

---------------  S Y S T E M  ---------------

OS:
 Windows 11 , 64 bit Build 26100 (10.0.26100.8737)
OS uptime: 1 days 8:13 hours

CPU: total 8 (initial active 8) (4 cores per cpu, 2 threads per core) family 6 model 140 stepping 1 microcode 0x8a, cx8, cmov, fxsr, ht, mmx, 3dnowpref, sse, sse2, sse3, ssse3, sse4.1, sse4.2, popcnt, lzcnt, tsc, tscinvbit, avx, avx2, aes, erms, clmul, bmi1, bmi2, adx, avx512f, avx512dq, avx512cd, avx512bw, avx512vl, sha, fma, vzeroupper, avx512_vpopcntdq, avx512_vpclmulqdq, avx512_vaes, avx512_vnni, clflush, clflushopt, clwb, avx512_vbmi2, avx512_vbmi, rdtscp, rdpid, fsrm, gfni, avx512_bitalg, f16c, pku, cet_ibt, cet_ss, avx512_ifma
Processor Information for processor 0
  Max Mhz: 2419, Current Mhz: 2419, Mhz Limit: 2419
Processor Information for processor 1
  Max Mhz: 2419, Current Mhz: 2419, Mhz Limit: 2419
Processor Information for processor 2
  Max Mhz: 2419, Current Mhz: 2419, Mhz Limit: 2419
Processor Information for processor 3
  Max Mhz: 2419, Current Mhz: 2419, Mhz Limit: 2419
Processor Information for processor 4
  Max Mhz: 2419, Current Mhz: 2419, Mhz Limit: 2419
Processor Information for processor 5
  Max Mhz: 2419, Current Mhz: 2419, Mhz Limit: 2419
Processor Information for processor 6
  Max Mhz: 2419, Current Mhz: 2419, Mhz Limit: 2419
Processor Information for processor 7
  Max Mhz: 2419, Current Mhz: 1209, Mhz Limit: 2419

Memory: 4k page, system-wide physical 3895M (16M free)
TotalPageFile size 15671M (AvailPageFile size 16M)
current process WorkingSet (physical memory assigned to process): 184M, peak: 184M
current process commit charge ("private bytes"): 485M, peak: 487M

vm_info: Java HotSpot(TM) 64-Bit Server VM (26.0.1+8-34) for windows-amd64 JRE (26.0.1+8-34), built on 2026-03-10T17:24:10Z with MS VC++ 17.13 (VS2022)

END.
